2026-02-07 19:35:03,511 - INFO: Starting self-supervised fine-tuning pipeline
2026-02-07 19:35:03,513 - INFO: Device: cuda:0
2026-02-07 19:35:03,516 - INFO: Saved arguments to runs/I love my family/exp_video/result/self_supervised/baseline_pcc/exp0/args.json
2026-02-07 19:35:03,517 - INFO: ====================
2026-02-07 19:35:03,517 - INFO: Initialization: Initial clustering with baseline method pcc
2026-02-07 19:35:03,517 - INFO: ====================
2026-02-07 20:09:17,045 - INFO: Saved initial clustering results to runs/I love my family/exp_video/result/self_supervised/baseline_pcc/exp0/initial
2026-02-07 20:09:17,045 - INFO: Initial: speaker_acc=0.7125
2026-02-07 20:09:17,045 - INFO: ====================
2026-02-07 20:09:17,045 - INFO: Round 0: Fine-tuning iteration
2026-02-07 20:09:17,045 - INFO: ====================
2026-02-07 20:09:17,101 - INFO: Round 0 Part 1: Fine-tuning embedding model
2026-02-07 20:09:17,103 - INFO: Using pseudo-label file: runs/I love my family/exp_video/result/self_supervised/baseline_pcc/exp0/initial/pseudo_label/pseudo_labels_audio_baseline_pcc.json
2026-02-07 20:09:19,576 - INFO: Speaker embedding dimension: 512
2026-02-07 20:09:19,907 - INFO: Saved speaker config_model to runs/I love my family/exp_video/result/self_supervised/baseline_pcc/exp0/round0/config_model_speaker.json
2026-02-07 20:10:10,913 - INFO: Extracting hidden features for all speaker samples, which are outputs of StatsPool layer...
2026-02-07 20:10:10,913 - INFO: args.unfrozen_layers_num=2 is not used when extracting hidden features.
2026-02-07 20:21:03,221 - INFO: Hidden features extracted for 19225 speaker samples
2026-02-07 20:21:03,392 - INFO: Warmup training speaker classifier for 2 epochs...
2026-02-07 20:21:03,972 - INFO: Epoch: [0][  0/301]	Time  0.576 ( 0.576)	Loss 3.3686e+00 (3.3686e+00)	Acc pseudo   0.00 (  0.00)	Lr 1.000e-03 (1.000e-03)
2026-02-07 20:21:04,105 - INFO: Epoch: [0][ 50/301]	Time  0.003 ( 0.014)	Loss 9.8637e-01 (1.9663e+00)	Acc pseudo  71.88 ( 58.92)	Lr 1.000e-03 (1.000e-03)
2026-02-07 20:21:04,233 - INFO: Epoch: [0][100/301]	Time  0.003 ( 0.008)	Loss 7.2806e-01 (1.3990e+00)	Acc pseudo  75.00 ( 69.72)	Lr 1.000e-03 (1.000e-03)
2026-02-07 20:21:04,359 - INFO: Epoch: [0][150/301]	Time  0.002 ( 0.006)	Loss 5.2352e-01 (1.1352e+00)	Acc pseudo  76.56 ( 74.33)	Lr 1.000e-03 (1.000e-03)
2026-02-07 20:21:04,484 - INFO: Epoch: [0][200/301]	Time  0.002 ( 0.005)	Loss 3.9160e-01 (9.9743e-01)	Acc pseudo  89.06 ( 76.76)	Lr 1.000e-03 (1.000e-03)
2026-02-07 20:21:04,608 - INFO: Epoch: [0][250/301]	Time  0.003 ( 0.005)	Loss 3.7902e-01 (9.0963e-01)	Acc pseudo  82.81 ( 78.39)	Lr 1.000e-03 (1.000e-03)
2026-02-07 20:21:04,729 - INFO: Epoch: [0][300/301]	Time  0.003 ( 0.004)	Loss 4.4037e-01 (8.5364e-01)	Acc pseudo  84.00 ( 79.64)	Lr 1.000e-03 (1.000e-03)
2026-02-07 20:21:04,790 - INFO: Round 0, Speaker Warmup Epoch 0: loss=0.8536, acc(pseudo)=79.64%
2026-02-07 20:21:05,011 - INFO: Epoch: [1][  0/301]	Time  0.217 ( 0.217)	Loss 3.9500e-01 (3.9500e-01)	Acc pseudo  81.25 ( 81.25)	Lr 1.000e-03 (1.000e-03)
2026-02-07 20:21:05,172 - INFO: Epoch: [1][ 50/301]	Time  0.002 ( 0.007)	Loss 4.2769e-01 (5.3093e-01)	Acc pseudo  84.38 ( 85.85)	Lr 1.000e-03 (1.000e-03)
2026-02-07 20:21:05,298 - INFO: Epoch: [1][100/301]	Time  0.002 ( 0.005)	Loss 3.1861e-01 (4.9673e-01)	Acc pseudo  92.19 ( 85.71)	Lr 1.000e-03 (1.000e-03)
2026-02-07 20:21:05,420 - INFO: Epoch: [1][150/301]	Time  0.003 ( 0.004)	Loss 4.1147e-01 (5.0335e-01)	Acc pseudo  81.25 ( 86.17)	Lr 1.000e-03 (1.000e-03)
2026-02-07 20:21:05,546 - INFO: Epoch: [1][200/301]	Time  0.003 ( 0.004)	Loss 2.7798e-01 (4.7967e-01)	Acc pseudo  87.50 ( 86.22)	Lr 1.000e-03 (1.000e-03)
2026-02-07 20:21:05,683 - INFO: Epoch: [1][250/301]	Time  0.003 ( 0.003)	Loss 3.7643e-01 (4.5919e-01)	Acc pseudo  89.06 ( 86.42)	Lr 1.000e-03 (1.000e-03)
2026-02-07 20:21:05,832 - INFO: Epoch: [1][300/301]	Time  0.003 ( 0.003)	Loss 2.4269e-01 (4.5370e-01)	Acc pseudo  96.00 ( 86.79)	Lr 1.000e-03 (1.000e-03)
2026-02-07 20:21:05,898 - INFO: Round 0, Speaker Warmup Epoch 1: loss=0.4537, acc(pseudo)=86.79%
2026-02-07 20:21:05,919 - INFO: Fine-tuning speaker embedding model for 20 epochs...
2026-02-07 20:21:06,214 - INFO: Epoch: [0][  0/301]	Time  0.288 ( 0.288)	Loss 2.8434e-01 (2.8434e-01)	Acc pseudo  87.50 ( 87.50)	Lr 1.000e-03 (1.000e-03)
2026-02-07 20:21:06,386 - INFO: Epoch: [0][ 50/301]	Time  0.003 ( 0.009)	Loss 8.0261e-01 (7.3685e-01)	Acc pseudo  81.25 ( 81.74)	Lr 1.000e-03 (1.000e-03)
2026-02-07 20:21:06,546 - INFO: Epoch: [0][100/301]	Time  0.003 ( 0.006)	Loss 6.1011e-01 (6.4015e-01)	Acc pseudo  81.25 ( 82.46)	Lr 1.000e-03 (1.000e-03)
2026-02-07 20:21:06,690 - INFO: Epoch: [0][150/301]	Time  0.003 ( 0.005)	Loss 3.3383e-01 (6.4431e-01)	Acc pseudo  85.94 ( 82.46)	Lr 1.000e-03 (1.000e-03)
2026-02-07 20:21:06,834 - INFO: Epoch: [0][200/301]	Time  0.003 ( 0.004)	Loss 4.5011e-01 (6.3087e-01)	Acc pseudo  84.38 ( 82.75)	Lr 1.000e-03 (1.000e-03)
2026-02-07 20:21:06,979 - INFO: Epoch: [0][250/301]	Time  0.003 ( 0.004)	Loss 4.4434e-01 (6.0079e-01)	Acc pseudo  81.25 ( 83.12)	Lr 1.000e-03 (1.000e-03)
2026-02-07 20:21:07,126 - INFO: Epoch: [0][300/301]	Time  0.003 ( 0.004)	Loss 7.1955e-01 (5.7577e-01)	Acc pseudo  72.00 ( 83.35)	Lr 1.000e-03 (1.000e-03)
2026-02-07 20:21:07,188 - INFO: Round 0, Fine-tune Epoch 0: loss=0.5758, acc(pseudo)=83.35%
2026-02-07 20:21:15,494 - INFO: Round 0, Fine-tune Epoch 0: acc(valid_pseudo): 0.6050, acc: 0.6050
2026-02-07 20:21:16,924 - INFO: Epoch: [1][  0/301]	Time  0.364 ( 0.364)	Loss 1.1571e-01 (1.1571e-01)	Acc pseudo  93.75 ( 93.75)	Lr 1.000e-03 (1.000e-03)
2026-02-07 20:21:17,085 - INFO: Epoch: [1][ 50/301]	Time  0.003 ( 0.010)	Loss 4.3959e-01 (4.6134e-01)	Acc pseudo  78.12 ( 86.49)	Lr 1.000e-03 (1.000e-03)
2026-02-07 20:21:17,247 - INFO: Epoch: [1][100/301]	Time  0.003 ( 0.007)	Loss 2.6044e-01 (4.0755e-01)	Acc pseudo  90.62 ( 86.45)	Lr 1.000e-03 (1.000e-03)
2026-02-07 20:21:17,399 - INFO: Epoch: [1][150/301]	Time  0.003 ( 0.005)	Loss 4.8899e-01 (4.5686e-01)	Acc pseudo  84.38 ( 86.40)	Lr 1.000e-03 (1.000e-03)
2026-02-07 20:21:17,545 - INFO: Epoch: [1][200/301]	Time  0.003 ( 0.005)	Loss 4.3201e-01 (4.8998e-01)	Acc pseudo  84.38 ( 85.88)	Lr 1.000e-03 (1.000e-03)
2026-02-07 20:21:17,704 - INFO: Epoch: [1][250/301]	Time  0.003 ( 0.004)	Loss 3.7655e-01 (5.3381e-01)	Acc pseudo  87.50 ( 85.50)	Lr 1.000e-03 (1.000e-03)
2026-02-07 20:21:17,843 - INFO: Epoch: [1][300/301]	Time  0.002 ( 0.004)	Loss 2.5014e-01 (5.2948e-01)	Acc pseudo  88.00 ( 85.14)	Lr 1.000e-03 (1.000e-03)
2026-02-07 20:21:17,905 - INFO: Round 0, Fine-tune Epoch 1: loss=0.5295, acc(pseudo)=85.14%
2026-02-07 20:21:24,926 - INFO: Round 0, Fine-tune Epoch 1: acc(valid_pseudo): 0.6895, acc: 0.6895
2026-02-07 20:21:25,780 - INFO: Epoch: [2][  0/301]	Time  0.230 ( 0.230)	Loss 4.1424e-01 (4.1424e-01)	Acc pseudo  85.94 ( 85.94)	Lr 1.000e-03 (1.000e-03)
2026-02-07 20:21:25,959 - INFO: Epoch: [2][ 50/301]	Time  0.003 ( 0.008)	Loss 5.3926e-01 (4.5033e-01)	Acc pseudo  87.50 ( 86.18)	Lr 1.000e-03 (1.000e-03)
2026-02-07 20:21:26,113 - INFO: Epoch: [2][100/301]	Time  0.003 ( 0.005)	Loss 3.5907e-01 (5.5567e-01)	Acc pseudo  87.50 ( 85.19)	Lr 1.000e-03 (1.000e-03)
2026-02-07 20:21:26,266 - INFO: Epoch: [2][150/301]	Time  0.003 ( 0.005)	Loss 3.8507e-01 (5.4274e-01)	Acc pseudo  85.94 ( 84.92)	Lr 1.000e-03 (1.000e-03)
2026-02-07 20:21:26,411 - INFO: Epoch: [2][200/301]	Time  0.003 ( 0.004)	Loss 9.7861e-01 (5.6814e-01)	Acc pseudo  78.12 ( 84.87)	Lr 1.000e-03 (1.000e-03)
2026-02-07 20:21:26,555 - INFO: Epoch: [2][250/301]	Time  0.003 ( 0.004)	Loss 4.4735e-01 (5.2903e-01)	Acc pseudo  85.94 ( 85.07)	Lr 1.000e-03 (1.000e-03)
2026-02-07 20:21:26,694 - INFO: Epoch: [2][300/301]	Time  0.002 ( 0.004)	Loss 3.0854e-01 (5.2031e-01)	Acc pseudo  84.00 ( 85.41)	Lr 1.000e-03 (1.000e-03)
2026-02-07 20:21:26,758 - INFO: Round 0, Fine-tune Epoch 2: loss=0.5203, acc(pseudo)=85.41%
2026-02-07 20:21:34,059 - INFO: Round 0, Fine-tune Epoch 2: acc(valid_pseudo): 0.3310, acc: 0.3310
2026-02-07 20:21:34,059 - INFO: Round 0, Speaker Fine-tune Epoch 2: No improvement in validation accuracy. Patience(epoch): 1/3
2026-02-07 20:21:34,413 - INFO: Epoch: [3][  0/301]	Time  0.346 ( 0.346)	Loss 5.6032e-01 (5.6032e-01)	Acc pseudo  79.69 ( 79.69)	Lr 1.000e-03 (1.000e-03)
2026-02-07 20:21:34,601 - INFO: Epoch: [3][ 50/301]	Time  0.004 ( 0.010)	Loss 3.1111e-01 (4.1440e-01)	Acc pseudo  87.50 ( 87.25)	Lr 1.000e-03 (1.000e-03)
2026-02-07 20:21:34,780 - INFO: Epoch: [3][100/301]	Time  0.004 ( 0.007)	Loss 2.8847e-01 (4.0352e-01)	Acc pseudo  92.19 ( 87.65)	Lr 1.000e-03 (1.000e-03)
2026-02-07 20:21:34,961 - INFO: Epoch: [3][150/301]	Time  0.003 ( 0.006)	Loss 2.5832e-01 (3.9826e-01)	Acc pseudo  84.38 ( 87.66)	Lr 1.000e-03 (1.000e-03)
2026-02-07 20:21:35,133 - INFO: Epoch: [3][200/301]	Time  0.003 ( 0.005)	Loss 2.1144e-01 (4.3590e-01)	Acc pseudo  93.75 ( 87.17)	Lr 1.000e-03 (1.000e-03)
2026-02-07 20:21:35,300 - INFO: Epoch: [3][250/301]	Time  0.003 ( 0.005)	Loss 3.9316e-01 (4.2552e-01)	Acc pseudo  87.50 ( 87.13)	Lr 1.000e-03 (1.000e-03)
2026-02-07 20:21:35,448 - INFO: Epoch: [3][300/301]	Time  0.002 ( 0.005)	Loss 2.8270e-01 (4.1919e-01)	Acc pseudo  88.00 ( 87.30)	Lr 1.000e-03 (1.000e-03)
2026-02-07 20:21:35,510 - INFO: Round 0, Fine-tune Epoch 3: loss=0.4192, acc(pseudo)=87.30%
2026-02-07 20:21:44,064 - INFO: Round 0, Fine-tune Epoch 3: acc(valid_pseudo): 0.6445, acc: 0.6445
2026-02-07 20:21:44,064 - INFO: Round 0, Speaker Fine-tune Epoch 3: No improvement in validation accuracy. Patience(epoch): 2/3
2026-02-07 20:21:44,313 - INFO: Epoch: [4][  0/301]	Time  0.244 ( 0.244)	Loss 4.5346e-01 (4.5346e-01)	Acc pseudo  82.81 ( 82.81)	Lr 1.000e-03 (1.000e-03)
2026-02-07 20:21:44,521 - INFO: Epoch: [4][ 50/301]	Time  0.004 ( 0.009)	Loss 3.7662e-01 (4.0262e-01)	Acc pseudo  89.06 ( 87.68)	Lr 1.000e-03 (1.000e-03)
2026-02-07 20:21:44,694 - INFO: Epoch: [4][100/301]	Time  0.003 ( 0.006)	Loss 2.8194e-01 (4.2443e-01)	Acc pseudo  90.62 ( 87.70)	Lr 1.000e-03 (1.000e-03)
2026-02-07 20:21:44,845 - INFO: Epoch: [4][150/301]	Time  0.003 ( 0.005)	Loss 2.8655e-01 (4.1231e-01)	Acc pseudo  85.94 ( 87.56)	Lr 1.000e-03 (1.000e-03)
2026-02-07 20:21:44,999 - INFO: Epoch: [4][200/301]	Time  0.003 ( 0.005)	Loss 3.4303e-01 (4.2357e-01)	Acc pseudo  84.38 ( 87.81)	Lr 1.000e-03 (1.000e-03)
2026-02-07 20:21:45,171 - INFO: Epoch: [4][250/301]	Time  0.003 ( 0.004)	Loss 1.9594e-01 (4.1804e-01)	Acc pseudo  92.19 ( 87.94)	Lr 1.000e-03 (1.000e-03)
2026-02-07 20:21:45,338 - INFO: Epoch: [4][300/301]	Time  0.003 ( 0.004)	Loss 5.8090e-01 (4.1697e-01)	Acc pseudo  88.00 ( 87.84)	Lr 1.000e-03 (1.000e-03)
2026-02-07 20:21:45,401 - INFO: Round 0, Fine-tune Epoch 4: loss=0.4170, acc(pseudo)=87.84%
2026-02-07 20:21:52,817 - INFO: Round 0, Fine-tune Epoch 4: acc(valid_pseudo): 0.6805, acc: 0.6805
2026-02-07 20:21:52,818 - INFO: Round 0, Speaker Fine-tune Epoch 4: No improvement in validation accuracy. Patience(epoch): 3/3
2026-02-07 20:21:52,818 - INFO: Early stopping at epoch 4 due to no improvement in validation accuracy for 3 epochs.
2026-02-07 20:21:52,819 - INFO: Round 0: Best speaker fine-tuned epoch=1, acc(valid_pseudo)=0.6895
2026-02-07 20:53:20,857 - INFO: Round 0: speaker_acc=0.4880
2026-02-07 20:53:20,860 - INFO: ====================
2026-02-07 20:53:20,861 - INFO: Round 1: Fine-tuning iteration
2026-02-07 20:53:20,861 - INFO: ====================
2026-02-07 20:53:20,921 - INFO: Round 1 Part 1: Fine-tuning embedding model
2026-02-07 20:53:20,922 - INFO: Using pseudo-label file: runs/I love my family/exp_video/result/self_supervised/baseline_pcc/exp0/round0/pseudo_label/pseudo_labels_audio_baseline_pcc.json
2026-02-07 20:53:20,976 - INFO: Fine-tuning speaker embedding model for 20 epochs...
2026-02-07 20:53:21,272 - INFO: Epoch: [0][  0/301]	Time  0.289 ( 0.289)	Loss 3.3303e+01 (3.3303e+01)	Acc pseudo   4.69 (  4.69)	Lr 1.000e-03 (1.000e-03)
2026-02-07 20:53:21,445 - INFO: Epoch: [0][ 50/301]	Time  0.003 ( 0.009)	Loss 4.6766e+00 (1.2729e+01)	Acc pseudo  14.06 (  8.85)	Lr 1.000e-03 (1.000e-03)
2026-02-07 20:53:21,604 - INFO: Epoch: [0][100/301]	Time  0.003 ( 0.006)	Loss 2.5867e+00 (8.2370e+00)	Acc pseudo  29.69 ( 14.94)	Lr 1.000e-03 (1.000e-03)
2026-02-07 20:53:21,766 - INFO: Epoch: [0][150/301]	Time  0.003 ( 0.005)	Loss 2.3735e+00 (6.4052e+00)	Acc pseudo  28.12 ( 20.79)	Lr 1.000e-03 (1.000e-03)
2026-02-07 20:53:21,922 - INFO: Epoch: [0][200/301]	Time  0.003 ( 0.005)	Loss 1.8499e+00 (5.3414e+00)	Acc pseudo  40.62 ( 26.01)	Lr 1.000e-03 (1.000e-03)
2026-02-07 20:53:22,077 - INFO: Epoch: [0][250/301]	Time  0.003 ( 0.004)	Loss 1.5897e+00 (4.6602e+00)	Acc pseudo  56.25 ( 30.27)	Lr 1.000e-03 (1.000e-03)
2026-02-07 20:53:22,223 - INFO: Epoch: [0][300/301]	Time  0.002 ( 0.004)	Loss 1.7772e+00 (4.1495e+00)	Acc pseudo  40.00 ( 34.17)	Lr 1.000e-03 (1.000e-03)
2026-02-07 20:53:22,285 - INFO: Round 1, Fine-tune Epoch 0: loss=4.1495, acc(pseudo)=34.17%
2026-02-07 20:53:36,275 - INFO: Round 1, Fine-tune Epoch 0: acc(valid_pseudo): 0.5070, acc: 0.5070
2026-02-07 20:53:39,234 - INFO: Epoch: [1][  0/301]	Time  1.615 ( 1.615)	Loss 1.4091e+00 (1.4091e+00)	Acc pseudo  51.56 ( 51.56)	Lr 1.000e-03 (1.000e-03)
2026-02-07 20:53:39,425 - INFO: Epoch: [1][ 50/301]	Time  0.003 ( 0.035)	Loss 1.1333e+00 (1.3698e+00)	Acc pseudo  56.25 ( 58.67)	Lr 1.000e-03 (1.000e-03)
2026-02-07 20:53:39,593 - INFO: Epoch: [1][100/301]	Time  0.004 ( 0.019)	Loss 8.5848e-01 (1.2700e+00)	Acc pseudo  67.19 ( 60.83)	Lr 1.000e-03 (1.000e-03)
2026-02-07 20:53:39,765 - INFO: Epoch: [1][150/301]	Time  0.003 ( 0.014)	Loss 1.3525e+00 (1.2045e+00)	Acc pseudo  53.12 ( 62.39)	Lr 1.000e-03 (1.000e-03)
2026-02-07 20:53:39,928 - INFO: Epoch: [1][200/301]	Time  0.004 ( 0.011)	Loss 8.4211e-01 (1.1852e+00)	Acc pseudo  76.56 ( 63.50)	Lr 1.000e-03 (1.000e-03)
2026-02-07 20:53:40,101 - INFO: Epoch: [1][250/301]	Time  0.003 ( 0.010)	Loss 1.1634e+00 (1.1375e+00)	Acc pseudo  65.62 ( 64.79)	Lr 1.000e-03 (1.000e-03)
2026-02-07 20:53:40,248 - INFO: Epoch: [1][300/301]	Time  0.002 ( 0.009)	Loss 8.9952e-01 (1.0886e+00)	Acc pseudo  76.00 ( 66.24)	Lr 1.000e-03 (1.000e-03)
2026-02-07 20:53:40,310 - INFO: Round 1, Fine-tune Epoch 1: loss=1.0886, acc(pseudo)=66.24%
2026-02-07 20:53:52,938 - INFO: Round 1, Fine-tune Epoch 1: acc(valid_pseudo): 0.4980, acc: 0.4980
2026-02-07 20:53:52,939 - INFO: Round 1, Speaker Fine-tune Epoch 1: No improvement in validation accuracy. Patience(epoch): 1/3
2026-02-07 20:53:53,313 - INFO: Epoch: [2][  0/301]	Time  0.369 ( 0.369)	Loss 1.1458e+00 (1.1458e+00)	Acc pseudo  67.19 ( 67.19)	Lr 1.000e-03 (1.000e-03)
2026-02-07 20:53:53,529 - INFO: Epoch: [2][ 50/301]	Time  0.003 ( 0.011)	Loss 8.1654e-01 (8.7788e-01)	Acc pseudo  68.75 ( 72.03)	Lr 1.000e-03 (1.000e-03)
2026-02-07 20:53:53,689 - INFO: Epoch: [2][100/301]	Time  0.002 ( 0.007)	Loss 6.9678e-01 (8.5500e-01)	Acc pseudo  73.44 ( 71.94)	Lr 1.000e-03 (1.000e-03)
2026-02-07 20:53:53,845 - INFO: Epoch: [2][150/301]	Time  0.003 ( 0.006)	Loss 6.5711e-01 (8.3471e-01)	Acc pseudo  73.44 ( 72.11)	Lr 1.000e-03 (1.000e-03)
2026-02-07 20:53:54,001 - INFO: Epoch: [2][200/301]	Time  0.003 ( 0.005)	Loss 8.4528e-01 (8.3225e-01)	Acc pseudo  65.62 ( 72.51)	Lr 1.000e-03 (1.000e-03)
2026-02-07 20:53:54,162 - INFO: Epoch: [2][250/301]	Time  0.003 ( 0.005)	Loss 7.4875e-01 (8.1798e-01)	Acc pseudo  70.31 ( 72.75)	Lr 1.000e-03 (1.000e-03)
2026-02-07 20:53:54,311 - INFO: Epoch: [2][300/301]	Time  0.002 ( 0.004)	Loss 1.0273e+00 (8.0792e-01)	Acc pseudo  72.00 ( 73.13)	Lr 1.000e-03 (1.000e-03)
2026-02-07 20:53:54,374 - INFO: Round 1, Fine-tune Epoch 2: loss=0.8079, acc(pseudo)=73.13%
2026-02-07 20:54:02,518 - INFO: Round 1, Fine-tune Epoch 2: acc(valid_pseudo): 0.4695, acc: 0.4695
2026-02-07 20:54:02,518 - INFO: Round 1, Speaker Fine-tune Epoch 2: No improvement in validation accuracy. Patience(epoch): 2/3
2026-02-07 20:54:02,763 - INFO: Epoch: [3][  0/301]	Time  0.239 ( 0.239)	Loss 5.2562e-01 (5.2562e-01)	Acc pseudo  79.69 ( 79.69)	Lr 1.000e-03 (1.000e-03)
2026-02-07 20:54:02,941 - INFO: Epoch: [3][ 50/301]	Time  0.003 ( 0.008)	Loss 6.8020e-01 (6.9424e-01)	Acc pseudo  75.00 ( 76.35)	Lr 1.000e-03 (1.000e-03)
2026-02-07 20:54:03,097 - INFO: Epoch: [3][100/301]	Time  0.003 ( 0.006)	Loss 6.4402e-01 (6.8994e-01)	Acc pseudo  79.69 ( 77.01)	Lr 1.000e-03 (1.000e-03)
2026-02-07 20:54:03,255 - INFO: Epoch: [3][150/301]	Time  0.003 ( 0.005)	Loss 5.3081e-01 (6.8903e-01)	Acc pseudo  79.69 ( 77.34)	Lr 1.000e-03 (1.000e-03)
2026-02-07 20:54:03,407 - INFO: Epoch: [3][200/301]	Time  0.003 ( 0.004)	Loss 7.4659e-01 (6.8001e-01)	Acc pseudo  70.31 ( 77.39)	Lr 1.000e-03 (1.000e-03)
2026-02-07 20:54:03,561 - INFO: Epoch: [3][250/301]	Time  0.003 ( 0.004)	Loss 6.9057e-01 (6.8749e-01)	Acc pseudo  70.31 ( 77.33)	Lr 1.000e-03 (1.000e-03)
2026-02-07 20:54:03,709 - INFO: Epoch: [3][300/301]	Time  0.002 ( 0.004)	Loss 4.3114e-01 (6.8655e-01)	Acc pseudo  84.00 ( 77.13)	Lr 1.000e-03 (1.000e-03)
2026-02-07 20:54:03,785 - INFO: Round 1, Fine-tune Epoch 3: loss=0.6865, acc(pseudo)=77.13%
2026-02-07 20:54:11,073 - INFO: Round 1, Fine-tune Epoch 3: acc(valid_pseudo): 0.4900, acc: 0.4900
2026-02-07 20:54:11,074 - INFO: Round 1, Speaker Fine-tune Epoch 3: No improvement in validation accuracy. Patience(epoch): 3/3
2026-02-07 20:54:11,074 - INFO: Early stopping at epoch 3 due to no improvement in validation accuracy for 3 epochs.
2026-02-07 20:54:11,075 - INFO: Round 1: Best speaker fine-tuned epoch=0, acc(valid_pseudo)=0.5070
2026-02-07 21:24:19,379 - INFO: Round 1: speaker_acc=0.4145
2026-02-07 21:24:19,382 - INFO: ====================
2026-02-07 21:24:19,382 - INFO: Round 2: Fine-tuning iteration
2026-02-07 21:24:19,382 - INFO: ====================
2026-02-07 21:24:19,466 - INFO: Round 2 Part 1: Fine-tuning embedding model
2026-02-07 21:24:19,467 - INFO: Using pseudo-label file: runs/I love my family/exp_video/result/self_supervised/baseline_pcc/exp0/round1/pseudo_label/pseudo_labels_audio_baseline_pcc.json
2026-02-07 21:24:19,509 - INFO: Fine-tuning speaker embedding model for 20 epochs...
2026-02-07 21:24:19,746 - INFO: Epoch: [0][  0/301]	Time  0.232 ( 0.232)	Loss 1.2161e+01 (1.2161e+01)	Acc pseudo   4.69 (  4.69)	Lr 1.000e-03 (1.000e-03)
2026-02-07 21:24:19,923 - INFO: Epoch: [0][ 50/301]	Time  0.003 ( 0.008)	Loss 1.6958e+00 (4.5707e+00)	Acc pseudo  56.25 ( 27.91)	Lr 1.000e-03 (1.000e-03)
2026-02-07 21:24:20,083 - INFO: Epoch: [0][100/301]	Time  0.003 ( 0.006)	Loss 1.4756e+00 (3.2251e+00)	Acc pseudo  51.56 ( 39.00)	Lr 1.000e-03 (1.000e-03)
2026-02-07 21:24:20,238 - INFO: Epoch: [0][150/301]	Time  0.003 ( 0.005)	Loss 4.1317e+00 (2.6904e+00)	Acc pseudo  56.25 ( 44.78)	Lr 1.000e-03 (1.000e-03)
2026-02-07 21:24:20,388 - INFO: Epoch: [0][200/301]	Time  0.003 ( 0.004)	Loss 1.2616e+00 (2.3598e+00)	Acc pseudo  70.31 ( 48.49)	Lr 1.000e-03 (1.000e-03)
2026-02-07 21:24:20,540 - INFO: Epoch: [0][250/301]	Time  0.003 ( 0.004)	Loss 7.4473e-01 (2.1347e+00)	Acc pseudo  78.12 ( 50.98)	Lr 1.000e-03 (1.000e-03)
2026-02-07 21:24:20,688 - INFO: Epoch: [0][300/301]	Time  0.002 ( 0.004)	Loss 9.6341e-01 (1.9732e+00)	Acc pseudo  60.00 ( 53.28)	Lr 1.000e-03 (1.000e-03)
2026-02-07 21:24:20,751 - INFO: Round 2, Fine-tune Epoch 0: loss=1.9732, acc(pseudo)=53.28%
2026-02-07 21:24:28,193 - INFO: Round 2, Fine-tune Epoch 0: acc(valid_pseudo): 0.4520, acc: 0.4520
2026-02-07 21:24:29,122 - INFO: Epoch: [1][  0/301]	Time  0.312 ( 0.312)	Loss 9.1657e-01 (9.1657e-01)	Acc pseudo  65.62 ( 65.62)	Lr 1.000e-03 (1.000e-03)
2026-02-07 21:24:29,309 - INFO: Epoch: [1][ 50/301]	Time  0.003 ( 0.010)	Loss 1.0142e+00 (1.0764e+00)	Acc pseudo  65.62 ( 66.97)	Lr 1.000e-03 (1.000e-03)
2026-02-07 21:24:29,473 - INFO: Epoch: [1][100/301]	Time  0.003 ( 0.006)	Loss 8.2371e-01 (1.0042e+00)	Acc pseudo  78.12 ( 68.70)	Lr 1.000e-03 (1.000e-03)
2026-02-07 21:24:29,632 - INFO: Epoch: [1][150/301]	Time  0.003 ( 0.005)	Loss 8.8769e-01 (9.7740e-01)	Acc pseudo  76.56 ( 68.99)	Lr 1.000e-03 (1.000e-03)
2026-02-07 21:24:29,787 - INFO: Epoch: [1][200/301]	Time  0.004 ( 0.005)	Loss 7.2761e-01 (9.5647e-01)	Acc pseudo  76.56 ( 69.39)	Lr 1.000e-03 (1.000e-03)
2026-02-07 21:24:29,941 - INFO: Epoch: [1][250/301]	Time  0.003 ( 0.004)	Loss 8.0312e-01 (9.3267e-01)	Acc pseudo  75.00 ( 69.83)	Lr 1.000e-03 (1.000e-03)
2026-02-07 21:24:30,116 - INFO: Epoch: [1][300/301]	Time  0.003 ( 0.004)	Loss 9.3919e-01 (9.1271e-01)	Acc pseudo  64.00 ( 70.23)	Lr 1.000e-03 (1.000e-03)
2026-02-07 21:24:30,185 - INFO: Round 2, Fine-tune Epoch 1: loss=0.9127, acc(pseudo)=70.23%
2026-02-07 21:24:37,980 - INFO: Round 2, Fine-tune Epoch 1: acc(valid_pseudo): 0.4295, acc: 0.4295
2026-02-07 21:24:37,981 - INFO: Round 2, Speaker Fine-tune Epoch 1: No improvement in validation accuracy. Patience(epoch): 1/3
2026-02-07 21:24:38,269 - INFO: Epoch: [2][  0/301]	Time  0.282 ( 0.282)	Loss 8.5201e-01 (8.5201e-01)	Acc pseudo  70.31 ( 70.31)	Lr 1.000e-03 (1.000e-03)
2026-02-07 21:24:38,443 - INFO: Epoch: [2][ 50/301]	Time  0.003 ( 0.009)	Loss 6.7148e-01 (7.6259e-01)	Acc pseudo  76.56 ( 73.59)	Lr 1.000e-03 (1.000e-03)
2026-02-07 21:24:38,613 - INFO: Epoch: [2][100/301]	Time  0.004 ( 0.006)	Loss 7.3818e-01 (7.4446e-01)	Acc pseudo  73.44 ( 74.18)	Lr 1.000e-03 (1.000e-03)
2026-02-07 21:24:38,789 - INFO: Epoch: [2][150/301]	Time  0.003 ( 0.005)	Loss 7.9273e-01 (7.4202e-01)	Acc pseudo  75.00 ( 74.51)	Lr 1.000e-03 (1.000e-03)
2026-02-07 21:24:38,950 - INFO: Epoch: [2][200/301]	Time  0.004 ( 0.005)	Loss 7.4743e-01 (7.4746e-01)	Acc pseudo  73.44 ( 74.55)	Lr 1.000e-03 (1.000e-03)
2026-02-07 21:24:39,168 - INFO: Epoch: [2][250/301]	Time  0.005 ( 0.005)	Loss 5.6956e-01 (7.5696e-01)	Acc pseudo  81.25 ( 74.34)	Lr 1.000e-03 (1.000e-03)
2026-02-07 21:24:39,365 - INFO: Epoch: [2][300/301]	Time  0.003 ( 0.004)	Loss 9.7665e-01 (7.5633e-01)	Acc pseudo  76.00 ( 74.41)	Lr 1.000e-03 (1.000e-03)
2026-02-07 21:24:39,431 - INFO: Round 2, Fine-tune Epoch 2: loss=0.7563, acc(pseudo)=74.41%
2026-02-07 21:24:47,176 - INFO: Round 2, Fine-tune Epoch 2: acc(valid_pseudo): 0.4360, acc: 0.4360
2026-02-07 21:24:47,176 - INFO: Round 2, Speaker Fine-tune Epoch 2: No improvement in validation accuracy. Patience(epoch): 2/3
2026-02-07 21:24:47,441 - INFO: Epoch: [3][  0/301]	Time  0.259 ( 0.259)	Loss 7.2832e-01 (7.2832e-01)	Acc pseudo  73.44 ( 73.44)	Lr 1.000e-03 (1.000e-03)
2026-02-07 21:24:47,627 - INFO: Epoch: [3][ 50/301]	Time  0.003 ( 0.009)	Loss 6.1388e-01 (6.3727e-01)	Acc pseudo  82.81 ( 77.39)	Lr 1.000e-03 (1.000e-03)
2026-02-07 21:24:47,789 - INFO: Epoch: [3][100/301]	Time  0.003 ( 0.006)	Loss 7.5727e-01 (6.4237e-01)	Acc pseudo  70.31 ( 77.35)	Lr 1.000e-03 (1.000e-03)
2026-02-07 21:24:48,024 - INFO: Epoch: [3][150/301]	Time  0.003 ( 0.005)	Loss 5.2495e-01 (6.3412e-01)	Acc pseudo  73.44 ( 77.75)	Lr 1.000e-03 (1.000e-03)
2026-02-07 21:24:48,187 - INFO: Epoch: [3][200/301]	Time  0.003 ( 0.005)	Loss 7.1714e-01 (6.4785e-01)	Acc pseudo  79.69 ( 77.50)	Lr 1.000e-03 (1.000e-03)
2026-02-07 21:24:48,360 - INFO: Epoch: [3][250/301]	Time  0.004 ( 0.005)	Loss 7.1960e-01 (6.6233e-01)	Acc pseudo  78.12 ( 77.30)	Lr 1.000e-03 (1.000e-03)
2026-02-07 21:24:48,535 - INFO: Epoch: [3][300/301]	Time  0.002 ( 0.004)	Loss 6.2269e-01 (6.6655e-01)	Acc pseudo  72.00 ( 77.22)	Lr 1.000e-03 (1.000e-03)
2026-02-07 21:24:48,602 - INFO: Round 2, Fine-tune Epoch 3: loss=0.6666, acc(pseudo)=77.22%
2026-02-07 21:24:56,845 - INFO: Round 2, Fine-tune Epoch 3: acc(valid_pseudo): 0.4285, acc: 0.4285
2026-02-07 21:24:56,845 - INFO: Round 2, Speaker Fine-tune Epoch 3: No improvement in validation accuracy. Patience(epoch): 3/3
2026-02-07 21:24:56,845 - INFO: Early stopping at epoch 3 due to no improvement in validation accuracy for 3 epochs.
2026-02-07 21:24:56,846 - INFO: Round 2: Best speaker fine-tuned epoch=0, acc(valid_pseudo)=0.4520
2026-02-07 21:55:38,644 - INFO: Round 2: speaker_acc=0.4320
2026-02-07 21:55:38,646 - INFO: ====================
2026-02-07 21:55:38,646 - INFO: Round 3: Fine-tuning iteration
2026-02-07 21:55:38,646 - INFO: ====================
2026-02-07 21:55:38,735 - INFO: Round 3 Part 1: Fine-tuning embedding model
2026-02-07 21:55:38,736 - INFO: Using pseudo-label file: runs/I love my family/exp_video/result/self_supervised/baseline_pcc/exp0/round2/pseudo_label/pseudo_labels_audio_baseline_pcc.json
2026-02-07 21:55:38,789 - INFO: Fine-tuning speaker embedding model for 20 epochs...
2026-02-07 21:55:39,171 - INFO: Epoch: [0][  0/301]	Time  0.374 ( 0.374)	Loss 1.8222e+01 (1.8222e+01)	Acc pseudo  12.50 ( 12.50)	Lr 1.000e-03 (1.000e-03)
2026-02-07 21:55:39,351 - INFO: Epoch: [0][ 50/301]	Time  0.003 ( 0.011)	Loss 2.5402e+00 (5.6940e+00)	Acc pseudo  32.81 ( 21.45)	Lr 1.000e-03 (1.000e-03)
2026-02-07 21:55:39,512 - INFO: Epoch: [0][100/301]	Time  0.003 ( 0.007)	Loss 1.6501e+00 (3.8460e+00)	Acc pseudo  53.12 ( 33.06)	Lr 1.000e-03 (1.000e-03)
2026-02-07 21:55:39,674 - INFO: Epoch: [0][150/301]	Time  0.003 ( 0.006)	Loss 2.7445e+00 (3.1033e+00)	Acc pseudo  53.12 ( 39.66)	Lr 1.000e-03 (1.000e-03)
2026-02-07 21:55:39,833 - INFO: Epoch: [0][200/301]	Time  0.003 ( 0.005)	Loss 1.3047e+00 (2.6821e+00)	Acc pseudo  54.69 ( 44.19)	Lr 1.000e-03 (1.000e-03)
2026-02-07 21:55:39,993 - INFO: Epoch: [0][250/301]	Time  0.003 ( 0.005)	Loss 1.1698e+00 (2.4053e+00)	Acc pseudo  64.06 ( 47.40)	Lr 1.000e-03 (1.000e-03)
2026-02-07 21:55:40,147 - INFO: Epoch: [0][300/301]	Time  0.002 ( 0.004)	Loss 6.1730e-01 (2.2016e+00)	Acc pseudo  88.00 ( 50.00)	Lr 1.000e-03 (1.000e-03)
2026-02-07 21:55:40,218 - INFO: Round 3, Fine-tune Epoch 0: loss=2.2016, acc(pseudo)=50.00%
2026-02-07 21:55:48,057 - INFO: Round 3, Fine-tune Epoch 0: acc(valid_pseudo): 0.4225, acc: 0.4225
2026-02-07 21:55:48,934 - INFO: Epoch: [1][  0/301]	Time  0.247 ( 0.247)	Loss 1.1373e+00 (1.1373e+00)	Acc pseudo  65.62 ( 65.62)	Lr 1.000e-03 (1.000e-03)
2026-02-07 21:55:49,128 - INFO: Epoch: [1][ 50/301]	Time  0.003 ( 0.009)	Loss 1.1970e+00 (1.0597e+00)	Acc pseudo  59.38 ( 67.49)	Lr 1.000e-03 (1.000e-03)
2026-02-07 21:55:49,291 - INFO: Epoch: [1][100/301]	Time  0.003 ( 0.006)	Loss 6.2295e-01 (1.0215e+00)	Acc pseudo  75.00 ( 67.28)	Lr 1.000e-03 (1.000e-03)
2026-02-07 21:55:49,453 - INFO: Epoch: [1][150/301]	Time  0.003 ( 0.005)	Loss 1.1116e+00 (9.9813e-01)	Acc pseudo  60.94 ( 68.18)	Lr 1.000e-03 (1.000e-03)
2026-02-07 21:55:49,610 - INFO: Epoch: [1][200/301]	Time  0.003 ( 0.005)	Loss 1.0454e+00 (9.7492e-01)	Acc pseudo  71.88 ( 68.91)	Lr 1.000e-03 (1.000e-03)
2026-02-07 21:55:49,773 - INFO: Epoch: [1][250/301]	Time  0.003 ( 0.004)	Loss 9.4493e-01 (9.5397e-01)	Acc pseudo  67.19 ( 69.55)	Lr 1.000e-03 (1.000e-03)
2026-02-07 21:55:49,917 - INFO: Epoch: [1][300/301]	Time  0.002 ( 0.004)	Loss 1.0729e+00 (9.4082e-01)	Acc pseudo  64.00 ( 69.67)	Lr 1.000e-03 (1.000e-03)
2026-02-07 21:55:49,992 - INFO: Round 3, Fine-tune Epoch 1: loss=0.9408, acc(pseudo)=69.67%
2026-02-07 21:55:57,292 - INFO: Round 3, Fine-tune Epoch 1: acc(valid_pseudo): 0.4365, acc: 0.4365
2026-02-07 21:55:58,287 - INFO: Epoch: [2][  0/301]	Time  0.268 ( 0.268)	Loss 1.1475e+00 (1.1475e+00)	Acc pseudo  67.19 ( 67.19)	Lr 1.000e-03 (1.000e-03)
2026-02-07 21:55:58,476 - INFO: Epoch: [2][ 50/301]	Time  0.003 ( 0.009)	Loss 6.6343e-01 (7.8001e-01)	Acc pseudo  81.25 ( 74.30)	Lr 1.000e-03 (1.000e-03)
2026-02-07 21:55:58,634 - INFO: Epoch: [2][100/301]	Time  0.003 ( 0.006)	Loss 9.0103e-01 (7.6414e-01)	Acc pseudo  65.62 ( 74.52)	Lr 1.000e-03 (1.000e-03)
2026-02-07 21:55:58,793 - INFO: Epoch: [2][150/301]	Time  0.003 ( 0.005)	Loss 7.0529e-01 (7.6749e-01)	Acc pseudo  76.56 ( 74.25)	Lr 1.000e-03 (1.000e-03)
2026-02-07 21:55:58,951 - INFO: Epoch: [2][200/301]	Time  0.003 ( 0.005)	Loss 4.6992e-01 (7.6331e-01)	Acc pseudo  79.69 ( 73.96)	Lr 1.000e-03 (1.000e-03)
2026-02-07 21:55:59,104 - INFO: Epoch: [2][250/301]	Time  0.003 ( 0.004)	Loss 4.8177e-01 (7.5931e-01)	Acc pseudo  84.38 ( 74.01)	Lr 1.000e-03 (1.000e-03)
2026-02-07 21:55:59,246 - INFO: Epoch: [2][300/301]	Time  0.002 ( 0.004)	Loss 5.0575e-01 (7.6318e-01)	Acc pseudo  84.00 ( 74.18)	Lr 1.000e-03 (1.000e-03)
2026-02-07 21:55:59,309 - INFO: Round 3, Fine-tune Epoch 2: loss=0.7632, acc(pseudo)=74.18%
2026-02-07 21:56:07,393 - INFO: Round 3, Fine-tune Epoch 2: acc(valid_pseudo): 0.4305, acc: 0.4305
2026-02-07 21:56:07,394 - INFO: Round 3, Speaker Fine-tune Epoch 2: No improvement in validation accuracy. Patience(epoch): 1/3
2026-02-07 21:56:07,631 - INFO: Epoch: [3][  0/301]	Time  0.232 ( 0.232)	Loss 7.0761e-01 (7.0761e-01)	Acc pseudo  78.12 ( 78.12)	Lr 1.000e-03 (1.000e-03)
2026-02-07 21:56:07,830 - INFO: Epoch: [3][ 50/301]	Time  0.004 ( 0.008)	Loss 7.6461e-01 (6.7490e-01)	Acc pseudo  73.44 ( 76.47)	Lr 1.000e-03 (1.000e-03)
2026-02-07 21:56:07,985 - INFO: Epoch: [3][100/301]	Time  0.003 ( 0.006)	Loss 8.6624e-01 (6.6556e-01)	Acc pseudo  73.44 ( 76.75)	Lr 1.000e-03 (1.000e-03)
2026-02-07 21:56:08,144 - INFO: Epoch: [3][150/301]	Time  0.003 ( 0.005)	Loss 6.1083e-01 (6.6487e-01)	Acc pseudo  79.69 ( 76.80)	Lr 1.000e-03 (1.000e-03)
2026-02-07 21:56:08,306 - INFO: Epoch: [3][200/301]	Time  0.003 ( 0.004)	Loss 6.1316e-01 (6.6524e-01)	Acc pseudo  75.00 ( 76.69)	Lr 1.000e-03 (1.000e-03)
2026-02-07 21:56:08,473 - INFO: Epoch: [3][250/301]	Time  0.003 ( 0.004)	Loss 5.5922e-01 (6.6951e-01)	Acc pseudo  79.69 ( 76.57)	Lr 1.000e-03 (1.000e-03)
2026-02-07 21:56:08,636 - INFO: Epoch: [3][300/301]	Time  0.002 ( 0.004)	Loss 7.3946e-01 (6.7154e-01)	Acc pseudo  68.00 ( 76.40)	Lr 1.000e-03 (1.000e-03)
2026-02-07 21:56:08,701 - INFO: Round 3, Fine-tune Epoch 3: loss=0.6715, acc(pseudo)=76.40%
2026-02-07 21:56:16,766 - INFO: Round 3, Fine-tune Epoch 3: acc(valid_pseudo): 0.4450, acc: 0.4450
2026-02-07 21:56:17,642 - INFO: Epoch: [4][  0/301]	Time  0.237 ( 0.237)	Loss 6.8298e-01 (6.8298e-01)	Acc pseudo  76.56 ( 76.56)	Lr 1.000e-03 (1.000e-03)
2026-02-07 21:56:17,819 - INFO: Epoch: [4][ 50/301]	Time  0.004 ( 0.008)	Loss 4.7359e-01 (6.2075e-01)	Acc pseudo  81.25 ( 77.79)	Lr 1.000e-03 (1.000e-03)
2026-02-07 21:56:17,979 - INFO: Epoch: [4][100/301]	Time  0.003 ( 0.006)	Loss 4.9926e-01 (6.3497e-01)	Acc pseudo  81.25 ( 78.59)	Lr 1.000e-03 (1.000e-03)
2026-02-07 21:56:18,141 - INFO: Epoch: [4][150/301]	Time  0.003 ( 0.005)	Loss 6.1656e-01 (6.4220e-01)	Acc pseudo  76.56 ( 78.10)	Lr 1.000e-03 (1.000e-03)
2026-02-07 21:56:18,294 - INFO: Epoch: [4][200/301]	Time  0.003 ( 0.004)	Loss 6.3919e-01 (6.4135e-01)	Acc pseudo  73.44 ( 77.83)	Lr 1.000e-03 (1.000e-03)
2026-02-07 21:56:18,472 - INFO: Epoch: [4][250/301]	Time  0.003 ( 0.004)	Loss 4.7466e-01 (6.3537e-01)	Acc pseudo  85.94 ( 78.10)	Lr 1.000e-03 (1.000e-03)
2026-02-07 21:56:18,614 - INFO: Epoch: [4][300/301]	Time  0.002 ( 0.004)	Loss 1.3197e+00 (6.3075e-01)	Acc pseudo  56.00 ( 78.07)	Lr 1.000e-03 (1.000e-03)
2026-02-07 21:56:18,684 - INFO: Round 3, Fine-tune Epoch 4: loss=0.6307, acc(pseudo)=78.07%
2026-02-07 21:56:26,100 - INFO: Round 3, Fine-tune Epoch 4: acc(valid_pseudo): 0.4245, acc: 0.4245
2026-02-07 21:56:26,100 - INFO: Round 3, Speaker Fine-tune Epoch 4: No improvement in validation accuracy. Patience(epoch): 1/3
2026-02-07 21:56:26,347 - INFO: Epoch: [5][  0/301]	Time  0.242 ( 0.242)	Loss 5.4284e-01 (5.4284e-01)	Acc pseudo  81.25 ( 81.25)	Lr 1.000e-03 (1.000e-03)
2026-02-07 21:56:26,528 - INFO: Epoch: [5][ 50/301]	Time  0.003 ( 0.008)	Loss 8.2865e-01 (5.6775e-01)	Acc pseudo  68.75 ( 79.96)	Lr 1.000e-03 (1.000e-03)
2026-02-07 21:56:26,684 - INFO: Epoch: [5][100/301]	Time  0.003 ( 0.006)	Loss 8.1097e-01 (5.9098e-01)	Acc pseudo  73.44 ( 79.52)	Lr 1.000e-03 (1.000e-03)
2026-02-07 21:56:26,848 - INFO: Epoch: [5][150/301]	Time  0.003 ( 0.005)	Loss 3.9582e-01 (5.8776e-01)	Acc pseudo  84.38 ( 79.40)	Lr 1.000e-03 (1.000e-03)
2026-02-07 21:56:26,999 - INFO: Epoch: [5][200/301]	Time  0.003 ( 0.004)	Loss 5.1153e-01 (5.8200e-01)	Acc pseudo  81.25 ( 79.26)	Lr 1.000e-03 (1.000e-03)
2026-02-07 21:56:27,155 - INFO: Epoch: [5][250/301]	Time  0.003 ( 0.004)	Loss 5.2978e-01 (5.8950e-01)	Acc pseudo  76.56 ( 78.98)	Lr 1.000e-03 (1.000e-03)
2026-02-07 21:56:27,304 - INFO: Epoch: [5][300/301]	Time  0.002 ( 0.004)	Loss 1.4575e+00 (6.0008e-01)	Acc pseudo  56.00 ( 78.99)	Lr 1.000e-03 (1.000e-03)
2026-02-07 21:56:27,367 - INFO: Round 3, Fine-tune Epoch 5: loss=0.6001, acc(pseudo)=78.99%
2026-02-07 21:56:34,579 - INFO: Round 3, Fine-tune Epoch 5: acc(valid_pseudo): 0.4370, acc: 0.4370
2026-02-07 21:56:34,579 - INFO: Round 3, Speaker Fine-tune Epoch 5: No improvement in validation accuracy. Patience(epoch): 2/3
2026-02-07 21:56:34,865 - INFO: Epoch: [6][  0/301]	Time  0.281 ( 0.281)	Loss 5.5643e-01 (5.5643e-01)	Acc pseudo  75.00 ( 75.00)	Lr 1.000e-03 (1.000e-03)
2026-02-07 21:56:35,050 - INFO: Epoch: [6][ 50/301]	Time  0.004 ( 0.009)	Loss 4.6794e-01 (5.3479e-01)	Acc pseudo  79.69 ( 80.36)	Lr 1.000e-03 (1.000e-03)
2026-02-07 21:56:35,205 - INFO: Epoch: [6][100/301]	Time  0.003 ( 0.006)	Loss 6.6424e-01 (5.5711e-01)	Acc pseudo  79.69 ( 80.34)	Lr 1.000e-03 (1.000e-03)
2026-02-07 21:56:35,374 - INFO: Epoch: [6][150/301]	Time  0.003 ( 0.005)	Loss 5.8685e-01 (5.5901e-01)	Acc pseudo  81.25 ( 79.93)	Lr 1.000e-03 (1.000e-03)
2026-02-07 21:56:35,528 - INFO: Epoch: [6][200/301]	Time  0.003 ( 0.005)	Loss 4.3001e-01 (5.4916e-01)	Acc pseudo  81.25 ( 80.13)	Lr 1.000e-03 (1.000e-03)
2026-02-07 21:56:35,696 - INFO: Epoch: [6][250/301]	Time  0.003 ( 0.004)	Loss 6.3922e-01 (5.5091e-01)	Acc pseudo  76.56 ( 80.07)	Lr 1.000e-03 (1.000e-03)
2026-02-07 21:56:35,841 - INFO: Epoch: [6][300/301]	Time  0.002 ( 0.004)	Loss 9.4624e-01 (5.5868e-01)	Acc pseudo  56.00 ( 79.84)	Lr 1.000e-03 (1.000e-03)
2026-02-07 21:56:35,907 - INFO: Round 3, Fine-tune Epoch 6: loss=0.5587, acc(pseudo)=79.84%
2026-02-07 21:56:43,431 - INFO: Round 3, Fine-tune Epoch 6: acc(valid_pseudo): 0.4385, acc: 0.4385
2026-02-07 21:56:43,431 - INFO: Round 3, Speaker Fine-tune Epoch 6: No improvement in validation accuracy. Patience(epoch): 3/3
2026-02-07 21:56:43,431 - INFO: Early stopping at epoch 6 due to no improvement in validation accuracy for 3 epochs.
2026-02-07 21:56:43,432 - INFO: Round 3: Best speaker fine-tuned epoch=3, acc(valid_pseudo)=0.4450
2026-02-07 22:27:37,787 - INFO: Round 3: speaker_acc=0.4200
2026-02-07 22:27:37,791 - INFO: ====================
2026-02-07 22:27:37,791 - INFO: Round 4: Fine-tuning iteration
2026-02-07 22:27:37,791 - INFO: ====================
2026-02-07 22:27:37,884 - INFO: Round 4 Part 1: Fine-tuning embedding model
2026-02-07 22:27:37,885 - INFO: Using pseudo-label file: runs/I love my family/exp_video/result/self_supervised/baseline_pcc/exp0/round3/pseudo_label/pseudo_labels_audio_baseline_pcc.json
2026-02-07 22:27:37,920 - INFO: Fine-tuning speaker embedding model for 20 epochs...
2026-02-07 22:27:38,358 - INFO: Epoch: [0][  0/301]	Time  0.434 ( 0.434)	Loss 2.1708e+01 (2.1708e+01)	Acc pseudo   9.38 (  9.38)	Lr 1.000e-03 (1.000e-03)
2026-02-07 22:27:38,533 - INFO: Epoch: [0][ 50/301]	Time  0.003 ( 0.012)	Loss 3.3311e+00 (7.2096e+00)	Acc pseudo  26.56 ( 15.29)	Lr 1.000e-03 (1.000e-03)
2026-02-07 22:27:38,695 - INFO: Epoch: [0][100/301]	Time  0.003 ( 0.008)	Loss 1.5355e+00 (4.6825e+00)	Acc pseudo  59.38 ( 28.30)	Lr 1.000e-03 (1.000e-03)
2026-02-07 22:27:38,849 - INFO: Epoch: [0][150/301]	Time  0.003 ( 0.006)	Loss 1.8594e+00 (3.7093e+00)	Acc pseudo  51.56 ( 35.39)	Lr 1.000e-03 (1.000e-03)
2026-02-07 22:27:39,003 - INFO: Epoch: [0][200/301]	Time  0.003 ( 0.005)	Loss 1.3182e+00 (3.1635e+00)	Acc pseudo  62.50 ( 39.79)	Lr 1.000e-03 (1.000e-03)
2026-02-07 22:27:39,161 - INFO: Epoch: [0][250/301]	Time  0.003 ( 0.005)	Loss 1.4199e+00 (2.8212e+00)	Acc pseudo  56.25 ( 42.91)	Lr 1.000e-03 (1.000e-03)
2026-02-07 22:27:39,306 - INFO: Epoch: [0][300/301]	Time  0.002 ( 0.005)	Loss 1.7166e+00 (2.5661e+00)	Acc pseudo  60.00 ( 45.83)	Lr 1.000e-03 (1.000e-03)
2026-02-07 22:27:39,375 - INFO: Round 4, Fine-tune Epoch 0: loss=2.5661, acc(pseudo)=45.83%
2026-02-07 22:27:47,102 - INFO: Round 4, Fine-tune Epoch 0: acc(valid_pseudo): 0.4185, acc: 0.4185
2026-02-07 22:27:48,046 - INFO: Epoch: [1][  0/301]	Time  0.251 ( 0.251)	Loss 1.3968e+00 (1.3968e+00)	Acc pseudo  54.69 ( 54.69)	Lr 1.000e-03 (1.000e-03)
2026-02-07 22:27:48,231 - INFO: Epoch: [1][ 50/301]	Time  0.003 ( 0.008)	Loss 1.1667e+00 (1.1062e+00)	Acc pseudo  57.81 ( 63.79)	Lr 1.000e-03 (1.000e-03)
2026-02-07 22:27:48,402 - INFO: Epoch: [1][100/301]	Time  0.003 ( 0.006)	Loss 8.3000e-01 (1.0558e+00)	Acc pseudo  73.44 ( 65.80)	Lr 1.000e-03 (1.000e-03)
2026-02-07 22:27:48,560 - INFO: Epoch: [1][150/301]	Time  0.003 ( 0.005)	Loss 1.0482e+00 (1.0222e+00)	Acc pseudo  64.06 ( 66.79)	Lr 1.000e-03 (1.000e-03)
2026-02-07 22:27:48,717 - INFO: Epoch: [1][200/301]	Time  0.003 ( 0.005)	Loss 1.0115e+00 (9.9142e-01)	Acc pseudo  75.00 ( 67.87)	Lr 1.000e-03 (1.000e-03)
2026-02-07 22:27:48,878 - INFO: Epoch: [1][250/301]	Time  0.003 ( 0.004)	Loss 8.2568e-01 (9.6927e-01)	Acc pseudo  71.88 ( 68.51)	Lr 1.000e-03 (1.000e-03)
2026-02-07 22:27:49,031 - INFO: Epoch: [1][300/301]	Time  0.002 ( 0.004)	Loss 9.9874e-01 (9.4690e-01)	Acc pseudo  76.00 ( 69.13)	Lr 1.000e-03 (1.000e-03)
2026-02-07 22:27:49,103 - INFO: Round 4, Fine-tune Epoch 1: loss=0.9469, acc(pseudo)=69.13%
2026-02-07 22:27:56,339 - INFO: Round 4, Fine-tune Epoch 1: acc(valid_pseudo): 0.4310, acc: 0.4310
2026-02-07 22:27:57,338 - INFO: Epoch: [2][  0/301]	Time  0.280 ( 0.280)	Loss 1.0104e+00 (1.0104e+00)	Acc pseudo  73.44 ( 73.44)	Lr 1.000e-03 (1.000e-03)
2026-02-07 22:27:57,528 - INFO: Epoch: [2][ 50/301]	Time  0.003 ( 0.009)	Loss 7.4804e-01 (7.8600e-01)	Acc pseudo  78.12 ( 73.25)	Lr 1.000e-03 (1.000e-03)
2026-02-07 22:27:57,685 - INFO: Epoch: [2][100/301]	Time  0.003 ( 0.006)	Loss 6.6950e-01 (7.7083e-01)	Acc pseudo  75.00 ( 74.13)	Lr 1.000e-03 (1.000e-03)
2026-02-07 22:27:57,846 - INFO: Epoch: [2][150/301]	Time  0.003 ( 0.005)	Loss 8.2691e-01 (7.6296e-01)	Acc pseudo  67.19 ( 74.11)	Lr 1.000e-03 (1.000e-03)
2026-02-07 22:27:58,003 - INFO: Epoch: [2][200/301]	Time  0.003 ( 0.005)	Loss 8.3561e-01 (7.6321e-01)	Acc pseudo  73.44 ( 74.14)	Lr 1.000e-03 (1.000e-03)
2026-02-07 22:27:58,159 - INFO: Epoch: [2][250/301]	Time  0.003 ( 0.004)	Loss 5.8345e-01 (7.6196e-01)	Acc pseudo  84.38 ( 74.36)	Lr 1.000e-03 (1.000e-03)
2026-02-07 22:27:58,307 - INFO: Epoch: [2][300/301]	Time  0.002 ( 0.004)	Loss 6.6457e-01 (7.5742e-01)	Acc pseudo  84.00 ( 74.48)	Lr 1.000e-03 (1.000e-03)
2026-02-07 22:27:58,372 - INFO: Round 4, Fine-tune Epoch 2: loss=0.7574, acc(pseudo)=74.48%
2026-02-07 22:28:05,876 - INFO: Round 4, Fine-tune Epoch 2: acc(valid_pseudo): 0.4270, acc: 0.4270
2026-02-07 22:28:05,876 - INFO: Round 4, Speaker Fine-tune Epoch 2: No improvement in validation accuracy. Patience(epoch): 1/3
2026-02-07 22:28:06,122 - INFO: Epoch: [3][  0/301]	Time  0.241 ( 0.241)	Loss 1.0378e+00 (1.0378e+00)	Acc pseudo  67.19 ( 67.19)	Lr 1.000e-03 (1.000e-03)
2026-02-07 22:28:06,315 - INFO: Epoch: [3][ 50/301]	Time  0.003 ( 0.008)	Loss 5.2213e-01 (6.9769e-01)	Acc pseudo  82.81 ( 76.53)	Lr 1.000e-03 (1.000e-03)
2026-02-07 22:28:06,488 - INFO: Epoch: [3][100/301]	Time  0.003 ( 0.006)	Loss 6.9290e-01 (6.7991e-01)	Acc pseudo  71.88 ( 76.79)	Lr 1.000e-03 (1.000e-03)
2026-02-07 22:28:06,651 - INFO: Epoch: [3][150/301]	Time  0.003 ( 0.005)	Loss 6.1142e-01 (6.5918e-01)	Acc pseudo  79.69 ( 77.50)	Lr 1.000e-03 (1.000e-03)
2026-02-07 22:28:06,807 - INFO: Epoch: [3][200/301]	Time  0.003 ( 0.005)	Loss 5.9906e-01 (6.5756e-01)	Acc pseudo  70.31 ( 77.29)	Lr 1.000e-03 (1.000e-03)
2026-02-07 22:28:06,960 - INFO: Epoch: [3][250/301]	Time  0.003 ( 0.004)	Loss 5.0957e-01 (6.5623e-01)	Acc pseudo  79.69 ( 77.29)	Lr 1.000e-03 (1.000e-03)
2026-02-07 22:28:07,113 - INFO: Epoch: [3][300/301]	Time  0.002 ( 0.004)	Loss 3.0319e-01 (6.5397e-01)	Acc pseudo  92.00 ( 77.36)	Lr 1.000e-03 (1.000e-03)
2026-02-07 22:28:07,179 - INFO: Round 4, Fine-tune Epoch 3: loss=0.6540, acc(pseudo)=77.36%
2026-02-07 22:28:16,345 - INFO: Round 4, Fine-tune Epoch 3: acc(valid_pseudo): 0.4215, acc: 0.4215
2026-02-07 22:28:16,346 - INFO: Round 4, Speaker Fine-tune Epoch 3: No improvement in validation accuracy. Patience(epoch): 2/3
2026-02-07 22:28:16,778 - INFO: Epoch: [4][  0/301]	Time  0.424 ( 0.424)	Loss 5.0798e-01 (5.0798e-01)	Acc pseudo  79.69 ( 79.69)	Lr 1.000e-03 (1.000e-03)
2026-02-07 22:28:17,008 - INFO: Epoch: [4][ 50/301]	Time  0.004 ( 0.013)	Loss 4.9590e-01 (5.5989e-01)	Acc pseudo  76.56 ( 80.24)	Lr 1.000e-03 (1.000e-03)
2026-02-07 22:28:17,210 - INFO: Epoch: [4][100/301]	Time  0.004 ( 0.008)	Loss 4.4855e-01 (5.6466e-01)	Acc pseudo  81.25 ( 80.46)	Lr 1.000e-03 (1.000e-03)
2026-02-07 22:28:17,408 - INFO: Epoch: [4][150/301]	Time  0.004 ( 0.007)	Loss 4.9313e-01 (5.7011e-01)	Acc pseudo  85.94 ( 80.07)	Lr 1.000e-03 (1.000e-03)
2026-02-07 22:28:17,595 - INFO: Epoch: [4][200/301]	Time  0.004 ( 0.006)	Loss 5.6536e-01 (5.7334e-01)	Acc pseudo  84.38 ( 79.87)	Lr 1.000e-03 (1.000e-03)
2026-02-07 22:28:17,798 - INFO: Epoch: [4][250/301]	Time  0.003 ( 0.006)	Loss 4.3359e-01 (5.7211e-01)	Acc pseudo  82.81 ( 79.90)	Lr 1.000e-03 (1.000e-03)
2026-02-07 22:28:17,967 - INFO: Epoch: [4][300/301]	Time  0.002 ( 0.005)	Loss 7.1637e-01 (5.7374e-01)	Acc pseudo  80.00 ( 79.70)	Lr 1.000e-03 (1.000e-03)
2026-02-07 22:28:18,038 - INFO: Round 4, Fine-tune Epoch 4: loss=0.5737, acc(pseudo)=79.70%
2026-02-07 22:28:25,752 - INFO: Round 4, Fine-tune Epoch 4: acc(valid_pseudo): 0.4145, acc: 0.4145
2026-02-07 22:28:25,752 - INFO: Round 4, Speaker Fine-tune Epoch 4: No improvement in validation accuracy. Patience(epoch): 3/3
2026-02-07 22:28:25,752 - INFO: Early stopping at epoch 4 due to no improvement in validation accuracy for 3 epochs.
2026-02-07 22:28:25,753 - INFO: Round 4: Best speaker fine-tuned epoch=1, acc(valid_pseudo)=0.4310
2026-02-07 22:59:06,346 - INFO: Round 4: speaker_acc=0.4160
2026-02-07 22:59:06,353 - INFO: ====================
2026-02-07 22:59:06,353 - INFO: Round 5: Fine-tuning iteration
2026-02-07 22:59:06,353 - INFO: ====================
2026-02-07 22:59:06,449 - INFO: Round 5 Part 1: Fine-tuning embedding model
2026-02-07 22:59:06,450 - INFO: Using pseudo-label file: runs/I love my family/exp_video/result/self_supervised/baseline_pcc/exp0/round4/pseudo_label/pseudo_labels_audio_baseline_pcc.json
2026-02-07 22:59:06,491 - INFO: Fine-tuning speaker embedding model for 20 epochs...
2026-02-07 22:59:06,785 - INFO: Epoch: [0][  0/301]	Time  0.290 ( 0.290)	Loss 1.2681e+01 (1.2681e+01)	Acc pseudo   4.69 (  4.69)	Lr 1.000e-03 (1.000e-03)
2026-02-07 22:59:06,967 - INFO: Epoch: [0][ 50/301]	Time  0.003 ( 0.009)	Loss 2.1855e+00 (5.0229e+00)	Acc pseudo  43.75 ( 24.26)	Lr 1.000e-03 (1.000e-03)
2026-02-07 22:59:07,132 - INFO: Epoch: [0][100/301]	Time  0.003 ( 0.006)	Loss 1.6454e+00 (3.3939e+00)	Acc pseudo  43.75 ( 36.60)	Lr 1.000e-03 (1.000e-03)
2026-02-07 22:59:07,296 - INFO: Epoch: [0][150/301]	Time  0.003 ( 0.005)	Loss 1.8431e+00 (2.7039e+00)	Acc pseudo  57.81 ( 44.33)	Lr 1.000e-03 (1.000e-03)
2026-02-07 22:59:07,459 - INFO: Epoch: [0][200/301]	Time  0.003 ( 0.005)	Loss 8.1835e-01 (2.3094e+00)	Acc pseudo  70.31 ( 49.40)	Lr 1.000e-03 (1.000e-03)
2026-02-07 22:59:07,619 - INFO: Epoch: [0][250/301]	Time  0.003 ( 0.004)	Loss 8.7762e-01 (2.0490e+00)	Acc pseudo  68.75 ( 52.96)	Lr 1.000e-03 (1.000e-03)
2026-02-07 22:59:07,772 - INFO: Epoch: [0][300/301]	Time  0.002 ( 0.004)	Loss 7.5747e-01 (1.8627e+00)	Acc pseudo  76.00 ( 55.82)	Lr 1.000e-03 (1.000e-03)
2026-02-07 22:59:07,848 - INFO: Round 5, Fine-tune Epoch 0: loss=1.8627, acc(pseudo)=55.82%
2026-02-07 22:59:15,546 - INFO: Round 5, Fine-tune Epoch 0: acc(valid_pseudo): 0.4365, acc: 0.4365
2026-02-07 22:59:16,547 - INFO: Epoch: [1][  0/301]	Time  0.275 ( 0.275)	Loss 9.5550e-01 (9.5550e-01)	Acc pseudo  62.50 ( 62.50)	Lr 1.000e-03 (1.000e-03)
2026-02-07 22:59:16,747 - INFO: Epoch: [1][ 50/301]	Time  0.004 ( 0.009)	Loss 7.1446e-01 (8.0939e-01)	Acc pseudo  71.88 ( 73.25)	Lr 1.000e-03 (1.000e-03)
2026-02-07 22:59:16,932 - INFO: Epoch: [1][100/301]	Time  0.003 ( 0.006)	Loss 5.7939e-01 (7.8506e-01)	Acc pseudo  78.12 ( 73.62)	Lr 1.000e-03 (1.000e-03)
2026-02-07 22:59:17,121 - INFO: Epoch: [1][150/301]	Time  0.004 ( 0.006)	Loss 1.0665e+00 (7.8519e-01)	Acc pseudo  57.81 ( 73.91)	Lr 1.000e-03 (1.000e-03)
2026-02-07 22:59:17,313 - INFO: Epoch: [1][200/301]	Time  0.003 ( 0.005)	Loss 4.6575e-01 (7.7649e-01)	Acc pseudo  85.94 ( 74.27)	Lr 1.000e-03 (1.000e-03)
2026-02-07 22:59:17,488 - INFO: Epoch: [1][250/301]	Time  0.003 ( 0.005)	Loss 4.1604e-01 (7.5385e-01)	Acc pseudo  84.38 ( 75.04)	Lr 1.000e-03 (1.000e-03)
2026-02-07 22:59:17,634 - INFO: Epoch: [1][300/301]	Time  0.002 ( 0.004)	Loss 8.1994e-01 (7.3947e-01)	Acc pseudo  80.00 ( 75.57)	Lr 1.000e-03 (1.000e-03)
2026-02-07 22:59:17,704 - INFO: Round 5, Fine-tune Epoch 1: loss=0.7395, acc(pseudo)=75.57%
2026-02-07 22:59:26,073 - INFO: Round 5, Fine-tune Epoch 1: acc(valid_pseudo): 0.4155, acc: 0.4155
2026-02-07 22:59:26,073 - INFO: Round 5, Speaker Fine-tune Epoch 1: No improvement in validation accuracy. Patience(epoch): 1/3
2026-02-07 22:59:26,321 - INFO: Epoch: [2][  0/301]	Time  0.243 ( 0.243)	Loss 6.4900e-01 (6.4900e-01)	Acc pseudo  78.12 ( 78.12)	Lr 1.000e-03 (1.000e-03)
2026-02-07 22:59:26,532 - INFO: Epoch: [2][ 50/301]	Time  0.004 ( 0.009)	Loss 5.6206e-01 (6.1262e-01)	Acc pseudo  79.69 ( 79.29)	Lr 1.000e-03 (1.000e-03)
2026-02-07 22:59:26,723 - INFO: Epoch: [2][100/301]	Time  0.004 ( 0.006)	Loss 4.3190e-01 (6.0611e-01)	Acc pseudo  85.94 ( 79.24)	Lr 1.000e-03 (1.000e-03)
2026-02-07 22:59:26,906 - INFO: Epoch: [2][150/301]	Time  0.004 ( 0.005)	Loss 7.9676e-01 (6.1780e-01)	Acc pseudo  73.44 ( 78.61)	Lr 1.000e-03 (1.000e-03)
2026-02-07 22:59:27,098 - INFO: Epoch: [2][200/301]	Time  0.004 ( 0.005)	Loss 6.7912e-01 (6.2114e-01)	Acc pseudo  76.56 ( 78.40)	Lr 1.000e-03 (1.000e-03)
2026-02-07 22:59:27,284 - INFO: Epoch: [2][250/301]	Time  0.003 ( 0.005)	Loss 4.9322e-01 (6.1367e-01)	Acc pseudo  75.00 ( 78.57)	Lr 1.000e-03 (1.000e-03)
2026-02-07 22:59:27,457 - INFO: Epoch: [2][300/301]	Time  0.002 ( 0.004)	Loss 6.4261e-01 (6.1940e-01)	Acc pseudo  80.00 ( 78.28)	Lr 1.000e-03 (1.000e-03)
2026-02-07 22:59:27,531 - INFO: Round 5, Fine-tune Epoch 2: loss=0.6194, acc(pseudo)=78.28%
2026-02-07 22:59:34,936 - INFO: Round 5, Fine-tune Epoch 2: acc(valid_pseudo): 0.4265, acc: 0.4265
2026-02-07 22:59:34,937 - INFO: Round 5, Speaker Fine-tune Epoch 2: No improvement in validation accuracy. Patience(epoch): 2/3
2026-02-07 22:59:35,214 - INFO: Epoch: [3][  0/301]	Time  0.272 ( 0.272)	Loss 4.9720e-01 (4.9720e-01)	Acc pseudo  84.38 ( 84.38)	Lr 1.000e-03 (1.000e-03)
2026-02-07 22:59:35,387 - INFO: Epoch: [3][ 50/301]	Time  0.003 ( 0.009)	Loss 7.9481e-01 (5.8344e-01)	Acc pseudo  76.56 ( 79.66)	Lr 1.000e-03 (1.000e-03)
2026-02-07 22:59:35,557 - INFO: Epoch: [3][100/301]	Time  0.003 ( 0.006)	Loss 5.6225e-01 (5.8184e-01)	Acc pseudo  76.56 ( 79.33)	Lr 1.000e-03 (1.000e-03)
2026-02-07 22:59:35,716 - INFO: Epoch: [3][150/301]	Time  0.003 ( 0.005)	Loss 4.6338e-01 (5.7200e-01)	Acc pseudo  81.25 ( 80.00)	Lr 1.000e-03 (1.000e-03)
2026-02-07 22:59:35,887 - INFO: Epoch: [3][200/301]	Time  0.003 ( 0.005)	Loss 5.5636e-01 (5.6938e-01)	Acc pseudo  78.12 ( 80.01)	Lr 1.000e-03 (1.000e-03)
2026-02-07 22:59:36,041 - INFO: Epoch: [3][250/301]	Time  0.003 ( 0.004)	Loss 4.4419e-01 (5.7879e-01)	Acc pseudo  82.81 ( 79.68)	Lr 1.000e-03 (1.000e-03)
2026-02-07 22:59:36,203 - INFO: Epoch: [3][300/301]	Time  0.003 ( 0.004)	Loss 2.4786e-01 (5.7418e-01)	Acc pseudo  92.00 ( 79.96)	Lr 1.000e-03 (1.000e-03)
2026-02-07 22:59:36,268 - INFO: Round 5, Fine-tune Epoch 3: loss=0.5742, acc(pseudo)=79.96%
2026-02-07 22:59:43,333 - INFO: Round 5, Fine-tune Epoch 3: acc(valid_pseudo): 0.4235, acc: 0.4235
2026-02-07 22:59:43,334 - INFO: Round 5, Speaker Fine-tune Epoch 3: No improvement in validation accuracy. Patience(epoch): 3/3
2026-02-07 22:59:43,334 - INFO: Early stopping at epoch 3 due to no improvement in validation accuracy for 3 epochs.
2026-02-07 22:59:43,335 - INFO: Round 5: Best speaker fine-tuned epoch=0, acc(valid_pseudo)=0.4365
2026-02-07 23:30:42,636 - INFO: Round 5: speaker_acc=0.4230
2026-02-07 23:30:42,640 - INFO: ====================
2026-02-07 23:30:42,640 - INFO: Round 6: Fine-tuning iteration
2026-02-07 23:30:42,640 - INFO: ====================
2026-02-07 23:30:42,698 - INFO: Round 6 Part 1: Fine-tuning embedding model
2026-02-07 23:30:42,699 - INFO: Using pseudo-label file: runs/I love my family/exp_video/result/self_supervised/baseline_pcc/exp0/round5/pseudo_label/pseudo_labels_audio_baseline_pcc.json
2026-02-07 23:30:42,735 - INFO: Fine-tuning speaker embedding model for 20 epochs...
2026-02-07 23:30:42,972 - INFO: Epoch: [0][  0/301]	Time  0.233 ( 0.233)	Loss 1.3028e+01 (1.3028e+01)	Acc pseudo   3.12 (  3.12)	Lr 1.000e-03 (1.000e-03)
2026-02-07 23:30:43,143 - INFO: Epoch: [0][ 50/301]	Time  0.003 ( 0.008)	Loss 2.2090e+00 (5.0691e+00)	Acc pseudo  43.75 ( 20.96)	Lr 1.000e-03 (1.000e-03)
2026-02-07 23:30:43,311 - INFO: Epoch: [0][100/301]	Time  0.004 ( 0.006)	Loss 1.4357e+00 (3.4656e+00)	Acc pseudo  54.69 ( 32.77)	Lr 1.000e-03 (1.000e-03)
2026-02-07 23:30:43,468 - INFO: Epoch: [0][150/301]	Time  0.003 ( 0.005)	Loss 1.7649e+00 (2.7733e+00)	Acc pseudo  56.25 ( 41.15)	Lr 1.000e-03 (1.000e-03)
2026-02-07 23:30:43,622 - INFO: Epoch: [0][200/301]	Time  0.003 ( 0.004)	Loss 1.2956e+00 (2.3739e+00)	Acc pseudo  56.25 ( 46.42)	Lr 1.000e-03 (1.000e-03)
2026-02-07 23:30:43,772 - INFO: Epoch: [0][250/301]	Time  0.003 ( 0.004)	Loss 8.4883e-01 (2.1098e+00)	Acc pseudo  70.31 ( 50.50)	Lr 1.000e-03 (1.000e-03)
2026-02-07 23:30:43,912 - INFO: Epoch: [0][300/301]	Time  0.002 ( 0.004)	Loss 1.0975e+00 (1.9190e+00)	Acc pseudo  76.00 ( 53.73)	Lr 1.000e-03 (1.000e-03)
2026-02-07 23:30:43,978 - INFO: Round 6, Fine-tune Epoch 0: loss=1.9190, acc(pseudo)=53.73%
2026-02-07 23:30:52,927 - INFO: Round 6, Fine-tune Epoch 0: acc(valid_pseudo): 0.4215, acc: 0.4215
2026-02-07 23:30:53,946 - INFO: Epoch: [1][  0/301]	Time  0.273 ( 0.273)	Loss 9.5438e-01 (9.5438e-01)	Acc pseudo  71.88 ( 71.88)	Lr 1.000e-03 (1.000e-03)
2026-02-07 23:30:54,169 - INFO: Epoch: [1][ 50/301]	Time  0.004 ( 0.010)	Loss 8.6860e-01 (8.7670e-01)	Acc pseudo  73.44 ( 71.42)	Lr 1.000e-03 (1.000e-03)
2026-02-07 23:30:54,375 - INFO: Epoch: [1][100/301]	Time  0.004 ( 0.007)	Loss 7.8927e-01 (8.4945e-01)	Acc pseudo  76.56 ( 71.75)	Lr 1.000e-03 (1.000e-03)
2026-02-07 23:30:54,589 - INFO: Epoch: [1][150/301]	Time  0.004 ( 0.006)	Loss 9.6974e-01 (8.2632e-01)	Acc pseudo  65.62 ( 72.67)	Lr 1.000e-03 (1.000e-03)
2026-02-07 23:30:54,787 - INFO: Epoch: [1][200/301]	Time  0.004 ( 0.005)	Loss 6.0695e-01 (8.0517e-01)	Acc pseudo  75.00 ( 73.27)	Lr 1.000e-03 (1.000e-03)
2026-02-07 23:30:54,966 - INFO: Epoch: [1][250/301]	Time  0.004 ( 0.005)	Loss 9.6082e-01 (7.8448e-01)	Acc pseudo  73.44 ( 73.85)	Lr 1.000e-03 (1.000e-03)
2026-02-07 23:30:55,145 - INFO: Epoch: [1][300/301]	Time  0.003 ( 0.005)	Loss 7.5229e-01 (7.7624e-01)	Acc pseudo  80.00 ( 74.02)	Lr 1.000e-03 (1.000e-03)
2026-02-07 23:30:55,214 - INFO: Round 6, Fine-tune Epoch 1: loss=0.7762, acc(pseudo)=74.02%
2026-02-07 23:31:04,816 - INFO: Round 6, Fine-tune Epoch 1: acc(valid_pseudo): 0.4240, acc: 0.4240
2026-02-07 23:31:05,730 - INFO: Epoch: [2][  0/301]	Time  0.244 ( 0.244)	Loss 7.1713e-01 (7.1713e-01)	Acc pseudo  73.44 ( 73.44)	Lr 1.000e-03 (1.000e-03)
2026-02-07 23:31:05,943 - INFO: Epoch: [2][ 50/301]	Time  0.003 ( 0.009)	Loss 4.3853e-01 (6.1924e-01)	Acc pseudo  81.25 ( 78.77)	Lr 1.000e-03 (1.000e-03)
2026-02-07 23:31:06,134 - INFO: Epoch: [2][100/301]	Time  0.004 ( 0.006)	Loss 7.7865e-01 (6.5226e-01)	Acc pseudo  73.44 ( 77.85)	Lr 1.000e-03 (1.000e-03)
2026-02-07 23:31:06,347 - INFO: Epoch: [2][150/301]	Time  0.004 ( 0.006)	Loss 6.9346e-01 (6.5084e-01)	Acc pseudo  67.19 ( 77.67)	Lr 1.000e-03 (1.000e-03)
2026-02-07 23:31:06,549 - INFO: Epoch: [2][200/301]	Time  0.004 ( 0.005)	Loss 6.0831e-01 (6.5081e-01)	Acc pseudo  81.25 ( 77.52)	Lr 1.000e-03 (1.000e-03)
2026-02-07 23:31:06,740 - INFO: Epoch: [2][250/301]	Time  0.006 ( 0.005)	Loss 2.7387e-01 (6.4360e-01)	Acc pseudo  90.62 ( 77.80)	Lr 1.000e-03 (1.000e-03)
2026-02-07 23:31:06,917 - INFO: Epoch: [2][300/301]	Time  0.002 ( 0.005)	Loss 5.7593e-01 (6.4800e-01)	Acc pseudo  88.00 ( 77.73)	Lr 1.000e-03 (1.000e-03)
2026-02-07 23:31:06,987 - INFO: Round 6, Fine-tune Epoch 2: loss=0.6480, acc(pseudo)=77.73%
2026-02-07 23:31:15,130 - INFO: Round 6, Fine-tune Epoch 2: acc(valid_pseudo): 0.4280, acc: 0.4280
2026-02-07 23:31:16,253 - INFO: Epoch: [3][  0/301]	Time  0.272 ( 0.272)	Loss 7.0430e-01 (7.0430e-01)	Acc pseudo  76.56 ( 76.56)	Lr 1.000e-03 (1.000e-03)
2026-02-07 23:31:16,444 - INFO: Epoch: [3][ 50/301]	Time  0.004 ( 0.009)	Loss 5.1679e-01 (5.7285e-01)	Acc pseudo  84.38 ( 79.75)	Lr 1.000e-03 (1.000e-03)
2026-02-07 23:31:16,657 - INFO: Epoch: [3][100/301]	Time  0.009 ( 0.007)	Loss 4.1015e-01 (5.5678e-01)	Acc pseudo  85.94 ( 79.95)	Lr 1.000e-03 (1.000e-03)
2026-02-07 23:31:16,865 - INFO: Epoch: [3][150/301]	Time  0.004 ( 0.006)	Loss 5.4078e-01 (5.5407e-01)	Acc pseudo  76.56 ( 80.17)	Lr 1.000e-03 (1.000e-03)
2026-02-07 23:31:17,078 - INFO: Epoch: [3][200/301]	Time  0.004 ( 0.005)	Loss 4.6987e-01 (5.5173e-01)	Acc pseudo  82.81 ( 80.11)	Lr 1.000e-03 (1.000e-03)
2026-02-07 23:31:17,286 - INFO: Epoch: [3][250/301]	Time  0.004 ( 0.005)	Loss 5.3700e-01 (5.5812e-01)	Acc pseudo  78.12 ( 79.99)	Lr 1.000e-03 (1.000e-03)
2026-02-07 23:31:17,460 - INFO: Epoch: [3][300/301]	Time  0.003 ( 0.005)	Loss 3.3011e-01 (5.6567e-01)	Acc pseudo  88.00 ( 79.95)	Lr 1.000e-03 (1.000e-03)
2026-02-07 23:31:17,579 - INFO: Round 6, Fine-tune Epoch 3: loss=0.5657, acc(pseudo)=79.95%
2026-02-07 23:31:27,483 - INFO: Round 6, Fine-tune Epoch 3: acc(valid_pseudo): 0.4300, acc: 0.4300
2026-02-07 23:31:29,077 - INFO: Epoch: [4][  0/301]	Time  0.410 ( 0.410)	Loss 5.6543e-01 (5.6543e-01)	Acc pseudo  71.88 ( 71.88)	Lr 1.000e-03 (1.000e-03)
2026-02-07 23:31:29,310 - INFO: Epoch: [4][ 50/301]	Time  0.004 ( 0.012)	Loss 4.3780e-01 (5.1547e-01)	Acc pseudo  87.50 ( 81.80)	Lr 1.000e-03 (1.000e-03)
2026-02-07 23:31:29,530 - INFO: Epoch: [4][100/301]	Time  0.004 ( 0.008)	Loss 4.8879e-01 (5.3996e-01)	Acc pseudo  81.25 ( 80.94)	Lr 1.000e-03 (1.000e-03)
2026-02-07 23:31:29,733 - INFO: Epoch: [4][150/301]	Time  0.004 ( 0.007)	Loss 5.8302e-01 (5.4148e-01)	Acc pseudo  76.56 ( 81.05)	Lr 1.000e-03 (1.000e-03)
2026-02-07 23:31:29,957 - INFO: Epoch: [4][200/301]	Time  0.004 ( 0.006)	Loss 6.2483e-01 (5.3874e-01)	Acc pseudo  81.25 ( 81.23)	Lr 1.000e-03 (1.000e-03)
2026-02-07 23:31:30,176 - INFO: Epoch: [4][250/301]	Time  0.004 ( 0.006)	Loss 3.4093e-01 (5.3772e-01)	Acc pseudo  90.62 ( 81.19)	Lr 1.000e-03 (1.000e-03)
2026-02-07 23:31:30,392 - INFO: Epoch: [4][300/301]	Time  0.003 ( 0.006)	Loss 4.9113e-01 (5.3552e-01)	Acc pseudo  88.00 ( 81.17)	Lr 1.000e-03 (1.000e-03)
2026-02-07 23:31:30,487 - INFO: Round 6, Fine-tune Epoch 4: loss=0.5355, acc(pseudo)=81.17%
2026-02-07 23:31:40,299 - INFO: Round 6, Fine-tune Epoch 4: acc(valid_pseudo): 0.4190, acc: 0.4190
2026-02-07 23:31:40,299 - INFO: Round 6, Speaker Fine-tune Epoch 4: No improvement in validation accuracy. Patience(epoch): 1/3
2026-02-07 23:31:40,710 - INFO: Epoch: [5][  0/301]	Time  0.402 ( 0.402)	Loss 5.7539e-01 (5.7539e-01)	Acc pseudo  79.69 ( 79.69)	Lr 1.000e-03 (1.000e-03)
2026-02-07 23:31:40,948 - INFO: Epoch: [5][ 50/301]	Time  0.004 ( 0.012)	Loss 5.3299e-01 (4.9213e-01)	Acc pseudo  75.00 ( 81.74)	Lr 1.000e-03 (1.000e-03)
2026-02-07 23:31:41,171 - INFO: Epoch: [5][100/301]	Time  0.004 ( 0.008)	Loss 5.1785e-01 (4.9539e-01)	Acc pseudo  78.12 ( 82.02)	Lr 1.000e-03 (1.000e-03)
2026-02-07 23:31:41,399 - INFO: Epoch: [5][150/301]	Time  0.004 ( 0.007)	Loss 4.8510e-01 (4.9605e-01)	Acc pseudo  87.50 ( 81.87)	Lr 1.000e-03 (1.000e-03)
2026-02-07 23:31:41,639 - INFO: Epoch: [5][200/301]	Time  0.004 ( 0.007)	Loss 6.2253e-01 (5.0021e-01)	Acc pseudo  81.25 ( 81.96)	Lr 1.000e-03 (1.000e-03)
2026-02-07 23:31:41,857 - INFO: Epoch: [5][250/301]	Time  0.003 ( 0.006)	Loss 5.6870e-01 (5.1756e-01)	Acc pseudo  79.69 ( 81.47)	Lr 1.000e-03 (1.000e-03)
2026-02-07 23:31:42,046 - INFO: Epoch: [5][300/301]	Time  0.002 ( 0.006)	Loss 7.0660e-01 (5.1584e-01)	Acc pseudo  76.00 ( 81.68)	Lr 1.000e-03 (1.000e-03)
2026-02-07 23:31:42,130 - INFO: Round 6, Fine-tune Epoch 5: loss=0.5158, acc(pseudo)=81.68%
2026-02-07 23:31:52,663 - INFO: Round 6, Fine-tune Epoch 5: acc(valid_pseudo): 0.4215, acc: 0.4215
2026-02-07 23:31:52,664 - INFO: Round 6, Speaker Fine-tune Epoch 5: No improvement in validation accuracy. Patience(epoch): 2/3
2026-02-07 23:31:53,112 - INFO: Epoch: [6][  0/301]	Time  0.438 ( 0.438)	Loss 7.1329e-01 (7.1329e-01)	Acc pseudo  73.44 ( 73.44)	Lr 1.000e-03 (1.000e-03)
2026-02-07 23:31:53,469 - INFO: Epoch: [6][ 50/301]	Time  0.004 ( 0.015)	Loss 4.5079e-01 (4.9443e-01)	Acc pseudo  82.81 ( 82.44)	Lr 1.000e-03 (1.000e-03)
2026-02-07 23:31:53,689 - INFO: Epoch: [6][100/301]	Time  0.004 ( 0.010)	Loss 4.0037e-01 (4.9492e-01)	Acc pseudo  84.38 ( 82.74)	Lr 1.000e-03 (1.000e-03)
2026-02-07 23:31:53,914 - INFO: Epoch: [6][150/301]	Time  0.005 ( 0.008)	Loss 2.7998e-01 (4.9347e-01)	Acc pseudo  89.06 ( 82.49)	Lr 1.000e-03 (1.000e-03)
2026-02-07 23:31:54,094 - INFO: Epoch: [6][200/301]	Time  0.003 ( 0.007)	Loss 4.3771e-01 (4.8812e-01)	Acc pseudo  82.81 ( 82.69)	Lr 1.000e-03 (1.000e-03)
2026-02-07 23:31:54,263 - INFO: Epoch: [6][250/301]	Time  0.003 ( 0.006)	Loss 2.6773e-01 (4.8311e-01)	Acc pseudo  89.06 ( 82.74)	Lr 1.000e-03 (1.000e-03)
2026-02-07 23:31:54,442 - INFO: Epoch: [6][300/301]	Time  0.003 ( 0.006)	Loss 8.3335e-01 (4.8969e-01)	Acc pseudo  64.00 ( 82.43)	Lr 1.000e-03 (1.000e-03)
2026-02-07 23:31:54,517 - INFO: Round 6, Fine-tune Epoch 6: loss=0.4897, acc(pseudo)=82.43%
2026-02-07 23:32:03,488 - INFO: Round 6, Fine-tune Epoch 6: acc(valid_pseudo): 0.4240, acc: 0.4240
2026-02-07 23:32:03,488 - INFO: Round 6, Speaker Fine-tune Epoch 6: No improvement in validation accuracy. Patience(epoch): 3/3
2026-02-07 23:32:03,488 - INFO: Early stopping at epoch 6 due to no improvement in validation accuracy for 3 epochs.
2026-02-07 23:32:03,490 - INFO: Round 6: Best speaker fine-tuned epoch=3, acc(valid_pseudo)=0.4300
2026-02-08 00:03:46,195 - INFO: Round 6: speaker_acc=0.4300
2026-02-08 00:03:46,212 - INFO: ====================
2026-02-08 00:03:46,212 - INFO: Round 7: Fine-tuning iteration
2026-02-08 00:03:46,212 - INFO: ====================
2026-02-08 00:03:46,288 - INFO: Round 7 Part 1: Fine-tuning embedding model
2026-02-08 00:03:46,289 - INFO: Using pseudo-label file: runs/I love my family/exp_video/result/self_supervised/baseline_pcc/exp0/round6/pseudo_label/pseudo_labels_audio_baseline_pcc.json
2026-02-08 00:03:46,474 - INFO: Fine-tuning speaker embedding model for 20 epochs...
2026-02-08 00:03:47,454 - INFO: Epoch: [0][  0/301]	Time  0.958 ( 0.958)	Loss 1.5133e+01 (1.5133e+01)	Acc pseudo   6.25 (  6.25)	Lr 1.000e-03 (1.000e-03)
2026-02-08 00:03:47,717 - INFO: Epoch: [0][ 50/301]	Time  0.005 ( 0.024)	Loss 2.2110e+00 (6.1058e+00)	Acc pseudo  32.81 ( 21.11)	Lr 1.000e-03 (1.000e-03)
2026-02-08 00:03:47,949 - INFO: Epoch: [0][100/301]	Time  0.005 ( 0.014)	Loss 1.7561e+00 (4.0690e+00)	Acc pseudo  56.25 ( 32.49)	Lr 1.000e-03 (1.000e-03)
2026-02-08 00:03:48,158 - INFO: Epoch: [0][150/301]	Time  0.004 ( 0.011)	Loss 1.3633e+00 (3.1850e+00)	Acc pseudo  57.81 ( 41.23)	Lr 1.000e-03 (1.000e-03)
2026-02-08 00:03:48,354 - INFO: Epoch: [0][200/301]	Time  0.003 ( 0.009)	Loss 1.1132e+00 (2.6775e+00)	Acc pseudo  62.50 ( 47.19)	Lr 1.000e-03 (1.000e-03)
2026-02-08 00:03:48,568 - INFO: Epoch: [0][250/301]	Time  0.004 ( 0.008)	Loss 8.2063e-01 (2.3545e+00)	Acc pseudo  75.00 ( 51.26)	Lr 1.000e-03 (1.000e-03)
2026-02-08 00:03:48,768 - INFO: Epoch: [0][300/301]	Time  0.003 ( 0.007)	Loss 1.0920e+00 (2.1325e+00)	Acc pseudo  64.00 ( 53.76)	Lr 1.000e-03 (1.000e-03)
2026-02-08 00:03:48,849 - INFO: Round 7, Fine-tune Epoch 0: loss=2.1325, acc(pseudo)=53.76%
2026-02-08 00:03:58,005 - INFO: Round 7, Fine-tune Epoch 0: acc(valid_pseudo): 0.4425, acc: 0.4425
2026-02-08 00:03:59,194 - INFO: Epoch: [1][  0/301]	Time  0.443 ( 0.443)	Loss 8.2998e-01 (8.2998e-01)	Acc pseudo  70.31 ( 70.31)	Lr 1.000e-03 (1.000e-03)
2026-02-08 00:03:59,412 - INFO: Epoch: [1][ 50/301]	Time  0.004 ( 0.013)	Loss 9.5099e-01 (8.1655e-01)	Acc pseudo  65.62 ( 73.28)	Lr 1.000e-03 (1.000e-03)
2026-02-08 00:03:59,603 - INFO: Epoch: [1][100/301]	Time  0.004 ( 0.008)	Loss 5.9569e-01 (8.1184e-01)	Acc pseudo  84.38 ( 73.33)	Lr 1.000e-03 (1.000e-03)
2026-02-08 00:03:59,796 - INFO: Epoch: [1][150/301]	Time  0.004 ( 0.007)	Loss 1.1863e+00 (8.0050e-01)	Acc pseudo  64.06 ( 73.58)	Lr 1.000e-03 (1.000e-03)
2026-02-08 00:04:00,014 - INFO: Epoch: [1][200/301]	Time  0.005 ( 0.006)	Loss 5.1498e-01 (7.8869e-01)	Acc pseudo  82.81 ( 73.94)	Lr 1.000e-03 (1.000e-03)
2026-02-08 00:04:00,240 - INFO: Epoch: [1][250/301]	Time  0.004 ( 0.006)	Loss 5.5771e-01 (7.7122e-01)	Acc pseudo  81.25 ( 74.30)	Lr 1.000e-03 (1.000e-03)
2026-02-08 00:04:00,462 - INFO: Epoch: [1][300/301]	Time  0.003 ( 0.006)	Loss 6.4748e-01 (7.6186e-01)	Acc pseudo  76.00 ( 74.59)	Lr 1.000e-03 (1.000e-03)
2026-02-08 00:04:00,535 - INFO: Round 7, Fine-tune Epoch 1: loss=0.7619, acc(pseudo)=74.59%
2026-02-08 00:04:08,273 - INFO: Round 7, Fine-tune Epoch 1: acc(valid_pseudo): 0.4325, acc: 0.4325
2026-02-08 00:04:08,273 - INFO: Round 7, Speaker Fine-tune Epoch 1: No improvement in validation accuracy. Patience(epoch): 1/3
2026-02-08 00:04:08,524 - INFO: Epoch: [2][  0/301]	Time  0.246 ( 0.246)	Loss 6.5318e-01 (6.5318e-01)	Acc pseudo  73.44 ( 73.44)	Lr 1.000e-03 (1.000e-03)
2026-02-08 00:04:08,757 - INFO: Epoch: [2][ 50/301]	Time  0.004 ( 0.009)	Loss 6.0625e-01 (6.6528e-01)	Acc pseudo  79.69 ( 77.88)	Lr 1.000e-03 (1.000e-03)
2026-02-08 00:04:08,948 - INFO: Epoch: [2][100/301]	Time  0.004 ( 0.007)	Loss 4.6952e-01 (6.5871e-01)	Acc pseudo  82.81 ( 77.72)	Lr 1.000e-03 (1.000e-03)
2026-02-08 00:04:09,126 - INFO: Epoch: [2][150/301]	Time  0.003 ( 0.006)	Loss 5.7579e-01 (6.5499e-01)	Acc pseudo  71.88 ( 77.77)	Lr 1.000e-03 (1.000e-03)
2026-02-08 00:04:09,298 - INFO: Epoch: [2][200/301]	Time  0.003 ( 0.005)	Loss 5.4456e-01 (6.5066e-01)	Acc pseudo  81.25 ( 77.76)	Lr 1.000e-03 (1.000e-03)
2026-02-08 00:04:09,469 - INFO: Epoch: [2][250/301]	Time  0.003 ( 0.005)	Loss 6.4243e-01 (6.4715e-01)	Acc pseudo  78.12 ( 77.81)	Lr 1.000e-03 (1.000e-03)
2026-02-08 00:04:09,644 - INFO: Epoch: [2][300/301]	Time  0.002 ( 0.004)	Loss 4.9126e-01 (6.4055e-01)	Acc pseudo  88.00 ( 78.05)	Lr 1.000e-03 (1.000e-03)
2026-02-08 00:04:09,725 - INFO: Round 7, Fine-tune Epoch 2: loss=0.6405, acc(pseudo)=78.05%
2026-02-08 00:04:19,069 - INFO: Round 7, Fine-tune Epoch 2: acc(valid_pseudo): 0.4305, acc: 0.4305
2026-02-08 00:04:19,070 - INFO: Round 7, Speaker Fine-tune Epoch 2: No improvement in validation accuracy. Patience(epoch): 2/3
2026-02-08 00:04:19,340 - INFO: Epoch: [3][  0/301]	Time  0.264 ( 0.264)	Loss 4.2159e-01 (4.2159e-01)	Acc pseudo  85.94 ( 85.94)	Lr 1.000e-03 (1.000e-03)
2026-02-08 00:04:19,609 - INFO: Epoch: [3][ 50/301]	Time  0.005 ( 0.010)	Loss 5.5580e-01 (5.8109e-01)	Acc pseudo  78.12 ( 79.17)	Lr 1.000e-03 (1.000e-03)
2026-02-08 00:04:19,838 - INFO: Epoch: [3][100/301]	Time  0.004 ( 0.007)	Loss 5.1752e-01 (5.7585e-01)	Acc pseudo  81.25 ( 79.29)	Lr 1.000e-03 (1.000e-03)
2026-02-08 00:04:20,051 - INFO: Epoch: [3][150/301]	Time  0.004 ( 0.006)	Loss 5.9062e-01 (5.6603e-01)	Acc pseudo  82.81 ( 79.98)	Lr 1.000e-03 (1.000e-03)
2026-02-08 00:04:20,241 - INFO: Epoch: [3][200/301]	Time  0.004 ( 0.006)	Loss 5.4330e-01 (5.5720e-01)	Acc pseudo  78.12 ( 80.25)	Lr 1.000e-03 (1.000e-03)
2026-02-08 00:04:20,438 - INFO: Epoch: [3][250/301]	Time  0.004 ( 0.005)	Loss 5.6317e-01 (5.6599e-01)	Acc pseudo  78.12 ( 80.02)	Lr 1.000e-03 (1.000e-03)
2026-02-08 00:04:20,615 - INFO: Epoch: [3][300/301]	Time  0.002 ( 0.005)	Loss 4.3531e-01 (5.6508e-01)	Acc pseudo  88.00 ( 80.06)	Lr 1.000e-03 (1.000e-03)
2026-02-08 00:04:20,696 - INFO: Round 7, Fine-tune Epoch 3: loss=0.5651, acc(pseudo)=80.06%
2026-02-08 00:04:28,914 - INFO: Round 7, Fine-tune Epoch 3: acc(valid_pseudo): 0.4435, acc: 0.4435
2026-02-08 00:04:30,553 - INFO: Epoch: [4][  0/301]	Time  0.432 ( 0.432)	Loss 4.7421e-01 (4.7421e-01)	Acc pseudo  78.12 ( 78.12)	Lr 1.000e-03 (1.000e-03)
2026-02-08 00:04:30,809 - INFO: Epoch: [4][ 50/301]	Time  0.003 ( 0.013)	Loss 3.8359e-01 (5.5675e-01)	Acc pseudo  85.94 ( 79.96)	Lr 1.000e-03 (1.000e-03)
2026-02-08 00:04:30,989 - INFO: Epoch: [4][100/301]	Time  0.004 ( 0.008)	Loss 5.9081e-01 (5.5656e-01)	Acc pseudo  79.69 ( 80.43)	Lr 1.000e-03 (1.000e-03)
2026-02-08 00:04:31,169 - INFO: Epoch: [4][150/301]	Time  0.004 ( 0.007)	Loss 7.2659e-01 (5.5916e-01)	Acc pseudo  79.69 ( 80.36)	Lr 1.000e-03 (1.000e-03)
2026-02-08 00:04:31,390 - INFO: Epoch: [4][200/301]	Time  0.004 ( 0.006)	Loss 8.4841e-01 (5.4930e-01)	Acc pseudo  71.88 ( 80.62)	Lr 1.000e-03 (1.000e-03)
2026-02-08 00:04:31,570 - INFO: Epoch: [4][250/301]	Time  0.003 ( 0.006)	Loss 4.4376e-01 (5.4469e-01)	Acc pseudo  85.94 ( 80.64)	Lr 1.000e-03 (1.000e-03)
2026-02-08 00:04:31,728 - INFO: Epoch: [4][300/301]	Time  0.002 ( 0.005)	Loss 8.5739e-01 (5.4184e-01)	Acc pseudo  76.00 ( 80.68)	Lr 1.000e-03 (1.000e-03)
2026-02-08 00:04:31,825 - INFO: Round 7, Fine-tune Epoch 4: loss=0.5418, acc(pseudo)=80.68%
2026-02-08 00:04:41,293 - INFO: Round 7, Fine-tune Epoch 4: acc(valid_pseudo): 0.4265, acc: 0.4265
2026-02-08 00:04:41,293 - INFO: Round 7, Speaker Fine-tune Epoch 4: No improvement in validation accuracy. Patience(epoch): 1/3
2026-02-08 00:04:41,799 - INFO: Epoch: [5][  0/301]	Time  0.496 ( 0.496)	Loss 3.7803e-01 (3.7803e-01)	Acc pseudo  81.25 ( 81.25)	Lr 1.000e-03 (1.000e-03)
2026-02-08 00:04:42,012 - INFO: Epoch: [5][ 50/301]	Time  0.004 ( 0.014)	Loss 6.4121e-01 (4.8947e-01)	Acc pseudo  71.88 ( 82.32)	Lr 1.000e-03 (1.000e-03)
2026-02-08 00:04:42,210 - INFO: Epoch: [5][100/301]	Time  0.004 ( 0.009)	Loss 7.3708e-01 (4.9980e-01)	Acc pseudo  78.12 ( 82.21)	Lr 1.000e-03 (1.000e-03)
2026-02-08 00:04:42,429 - INFO: Epoch: [5][150/301]	Time  0.004 ( 0.007)	Loss 2.5667e-01 (5.0397e-01)	Acc pseudo  89.06 ( 82.38)	Lr 1.000e-03 (1.000e-03)
2026-02-08 00:04:42,631 - INFO: Epoch: [5][200/301]	Time  0.004 ( 0.007)	Loss 4.9059e-01 (5.0497e-01)	Acc pseudo  82.81 ( 82.23)	Lr 1.000e-03 (1.000e-03)
2026-02-08 00:04:42,830 - INFO: Epoch: [5][250/301]	Time  0.005 ( 0.006)	Loss 6.0359e-01 (5.1845e-01)	Acc pseudo  79.69 ( 81.57)	Lr 1.000e-03 (1.000e-03)
2026-02-08 00:04:43,028 - INFO: Epoch: [5][300/301]	Time  0.003 ( 0.006)	Loss 5.1431e-01 (5.1261e-01)	Acc pseudo  76.00 ( 81.61)	Lr 1.000e-03 (1.000e-03)
2026-02-08 00:04:43,099 - INFO: Round 7, Fine-tune Epoch 5: loss=0.5126, acc(pseudo)=81.61%
2026-02-08 00:04:51,979 - INFO: Round 7, Fine-tune Epoch 5: acc(valid_pseudo): 0.4355, acc: 0.4355
2026-02-08 00:04:51,979 - INFO: Round 7, Speaker Fine-tune Epoch 5: No improvement in validation accuracy. Patience(epoch): 2/3
2026-02-08 00:04:52,411 - INFO: Epoch: [6][  0/301]	Time  0.423 ( 0.423)	Loss 5.8401e-01 (5.8401e-01)	Acc pseudo  79.69 ( 79.69)	Lr 1.000e-03 (1.000e-03)
2026-02-08 00:04:52,649 - INFO: Epoch: [6][ 50/301]	Time  0.004 ( 0.013)	Loss 4.6302e-01 (4.5946e-01)	Acc pseudo  84.38 ( 82.94)	Lr 1.000e-03 (1.000e-03)
2026-02-08 00:04:52,864 - INFO: Epoch: [6][100/301]	Time  0.004 ( 0.009)	Loss 3.7909e-01 (4.6463e-01)	Acc pseudo  85.94 ( 83.11)	Lr 1.000e-03 (1.000e-03)
2026-02-08 00:04:53,084 - INFO: Epoch: [6][150/301]	Time  0.004 ( 0.007)	Loss 3.0953e-01 (4.7067e-01)	Acc pseudo  85.94 ( 82.99)	Lr 1.000e-03 (1.000e-03)
2026-02-08 00:04:53,289 - INFO: Epoch: [6][200/301]	Time  0.004 ( 0.006)	Loss 4.7452e-01 (4.7270e-01)	Acc pseudo  82.81 ( 82.80)	Lr 1.000e-03 (1.000e-03)
2026-02-08 00:04:53,512 - INFO: Epoch: [6][250/301]	Time  0.004 ( 0.006)	Loss 4.1700e-01 (4.7292e-01)	Acc pseudo  84.38 ( 82.87)	Lr 1.000e-03 (1.000e-03)
2026-02-08 00:04:53,733 - INFO: Epoch: [6][300/301]	Time  0.003 ( 0.006)	Loss 6.9403e-01 (4.7951e-01)	Acc pseudo  76.00 ( 82.56)	Lr 1.000e-03 (1.000e-03)
2026-02-08 00:04:53,809 - INFO: Round 7, Fine-tune Epoch 6: loss=0.4795, acc(pseudo)=82.56%
2026-02-08 00:05:04,830 - INFO: Round 7, Fine-tune Epoch 6: acc(valid_pseudo): 0.4290, acc: 0.4290
2026-02-08 00:05:04,831 - INFO: Round 7, Speaker Fine-tune Epoch 6: No improvement in validation accuracy. Patience(epoch): 3/3
2026-02-08 00:05:04,831 - INFO: Early stopping at epoch 6 due to no improvement in validation accuracy for 3 epochs.
2026-02-08 00:05:04,832 - INFO: Round 7: Best speaker fine-tuned epoch=3, acc(valid_pseudo)=0.4435
2026-02-08 00:38:10,762 - INFO: Round 7: speaker_acc=0.4160
2026-02-08 00:38:10,765 - INFO: ====================
2026-02-08 00:38:10,765 - INFO: Round 8: Fine-tuning iteration
2026-02-08 00:38:10,765 - INFO: ====================
2026-02-08 00:38:10,820 - INFO: Round 8 Part 1: Fine-tuning embedding model
2026-02-08 00:38:10,821 - INFO: Using pseudo-label file: runs/I love my family/exp_video/result/self_supervised/baseline_pcc/exp0/round7/pseudo_label/pseudo_labels_audio_baseline_pcc.json
2026-02-08 00:38:10,886 - INFO: Fine-tuning speaker embedding model for 20 epochs...
2026-02-08 00:38:11,319 - INFO: Epoch: [0][  0/301]	Time  0.425 ( 0.425)	Loss 1.4851e+01 (1.4851e+01)	Acc pseudo   3.12 (  3.12)	Lr 1.000e-03 (1.000e-03)
2026-02-08 00:38:11,563 - INFO: Epoch: [0][ 50/301]	Time  0.005 ( 0.013)	Loss 2.1498e+00 (5.8739e+00)	Acc pseudo  40.62 ( 22.55)	Lr 1.000e-03 (1.000e-03)
2026-02-08 00:38:11,796 - INFO: Epoch: [0][100/301]	Time  0.005 ( 0.009)	Loss 1.5753e+00 (3.8967e+00)	Acc pseudo  59.38 ( 34.16)	Lr 1.000e-03 (1.000e-03)
2026-02-08 00:38:12,017 - INFO: Epoch: [0][150/301]	Time  0.004 ( 0.007)	Loss 2.1414e+00 (3.0718e+00)	Acc pseudo  56.25 ( 41.49)	Lr 1.000e-03 (1.000e-03)
2026-02-08 00:38:12,244 - INFO: Epoch: [0][200/301]	Time  0.004 ( 0.007)	Loss 1.0651e+00 (2.5957e+00)	Acc pseudo  64.06 ( 46.68)	Lr 1.000e-03 (1.000e-03)
2026-02-08 00:38:12,470 - INFO: Epoch: [0][250/301]	Time  0.004 ( 0.006)	Loss 9.5800e-01 (2.2919e+00)	Acc pseudo  68.75 ( 50.61)	Lr 1.000e-03 (1.000e-03)
2026-02-08 00:38:12,645 - INFO: Epoch: [0][300/301]	Time  0.002 ( 0.006)	Loss 7.2770e-01 (2.0715e+00)	Acc pseudo  72.00 ( 53.71)	Lr 1.000e-03 (1.000e-03)
2026-02-08 00:38:12,719 - INFO: Round 8, Fine-tune Epoch 0: loss=2.0715, acc(pseudo)=53.71%
2026-02-08 00:38:20,933 - INFO: Round 8, Fine-tune Epoch 0: acc(valid_pseudo): 0.4290, acc: 0.4290
2026-02-08 00:38:22,525 - INFO: Epoch: [1][  0/301]	Time  0.239 ( 0.239)	Loss 1.1035e+00 (1.1035e+00)	Acc pseudo  64.06 ( 64.06)	Lr 1.000e-03 (1.000e-03)
2026-02-08 00:38:22,761 - INFO: Epoch: [1][ 50/301]	Time  0.005 ( 0.009)	Loss 8.4114e-01 (8.9073e-01)	Acc pseudo  73.44 ( 71.05)	Lr 1.000e-03 (1.000e-03)
2026-02-08 00:38:22,979 - INFO: Epoch: [1][100/301]	Time  0.004 ( 0.007)	Loss 8.2428e-01 (8.4517e-01)	Acc pseudo  73.44 ( 71.95)	Lr 1.000e-03 (1.000e-03)
2026-02-08 00:38:23,191 - INFO: Epoch: [1][150/301]	Time  0.004 ( 0.006)	Loss 1.2785e+00 (8.1953e-01)	Acc pseudo  62.50 ( 72.54)	Lr 1.000e-03 (1.000e-03)
2026-02-08 00:38:23,401 - INFO: Epoch: [1][200/301]	Time  0.004 ( 0.005)	Loss 7.2130e-01 (8.0197e-01)	Acc pseudo  70.31 ( 73.20)	Lr 1.000e-03 (1.000e-03)
2026-02-08 00:38:23,606 - INFO: Epoch: [1][250/301]	Time  0.004 ( 0.005)	Loss 8.4212e-01 (7.8990e-01)	Acc pseudo  75.00 ( 73.43)	Lr 1.000e-03 (1.000e-03)
2026-02-08 00:38:23,785 - INFO: Epoch: [1][300/301]	Time  0.002 ( 0.005)	Loss 5.5574e-01 (7.7942e-01)	Acc pseudo  76.00 ( 73.63)	Lr 1.000e-03 (1.000e-03)
2026-02-08 00:38:23,862 - INFO: Round 8, Fine-tune Epoch 1: loss=0.7794, acc(pseudo)=73.63%
2026-02-08 00:38:33,469 - INFO: Round 8, Fine-tune Epoch 1: acc(valid_pseudo): 0.4195, acc: 0.4195
2026-02-08 00:38:33,469 - INFO: Round 8, Speaker Fine-tune Epoch 1: No improvement in validation accuracy. Patience(epoch): 1/3
2026-02-08 00:38:33,742 - INFO: Epoch: [2][  0/301]	Time  0.268 ( 0.268)	Loss 5.0132e-01 (5.0132e-01)	Acc pseudo  78.12 ( 78.12)	Lr 1.000e-03 (1.000e-03)
2026-02-08 00:38:33,938 - INFO: Epoch: [2][ 50/301]	Time  0.004 ( 0.009)	Loss 5.3092e-01 (6.1475e-01)	Acc pseudo  84.38 ( 78.86)	Lr 1.000e-03 (1.000e-03)
2026-02-08 00:38:34,155 - INFO: Epoch: [2][100/301]	Time  0.004 ( 0.007)	Loss 5.5728e-01 (6.2610e-01)	Acc pseudo  82.81 ( 78.76)	Lr 1.000e-03 (1.000e-03)
2026-02-08 00:38:34,369 - INFO: Epoch: [2][150/301]	Time  0.004 ( 0.006)	Loss 6.9871e-01 (6.3622e-01)	Acc pseudo  73.44 ( 78.10)	Lr 1.000e-03 (1.000e-03)
2026-02-08 00:38:34,588 - INFO: Epoch: [2][200/301]	Time  0.004 ( 0.005)	Loss 6.4917e-01 (6.4889e-01)	Acc pseudo  71.88 ( 77.67)	Lr 1.000e-03 (1.000e-03)
2026-02-08 00:38:34,811 - INFO: Epoch: [2][250/301]	Time  0.005 ( 0.005)	Loss 4.3215e-01 (6.4336e-01)	Acc pseudo  82.81 ( 77.81)	Lr 1.000e-03 (1.000e-03)
2026-02-08 00:38:35,034 - INFO: Epoch: [2][300/301]	Time  0.003 ( 0.005)	Loss 8.7248e-01 (6.4324e-01)	Acc pseudo  76.00 ( 78.03)	Lr 1.000e-03 (1.000e-03)
2026-02-08 00:38:35,129 - INFO: Round 8, Fine-tune Epoch 2: loss=0.6432, acc(pseudo)=78.03%
2026-02-08 00:38:43,776 - INFO: Round 8, Fine-tune Epoch 2: acc(valid_pseudo): 0.4235, acc: 0.4235
2026-02-08 00:38:43,777 - INFO: Round 8, Speaker Fine-tune Epoch 2: No improvement in validation accuracy. Patience(epoch): 2/3
2026-02-08 00:38:44,209 - INFO: Epoch: [3][  0/301]	Time  0.424 ( 0.424)	Loss 6.6804e-01 (6.6804e-01)	Acc pseudo  78.12 ( 78.12)	Lr 1.000e-03 (1.000e-03)
2026-02-08 00:38:44,448 - INFO: Epoch: [3][ 50/301]	Time  0.006 ( 0.013)	Loss 7.7333e-01 (5.8614e-01)	Acc pseudo  73.44 ( 79.17)	Lr 1.000e-03 (1.000e-03)
2026-02-08 00:38:44,677 - INFO: Epoch: [3][100/301]	Time  0.003 ( 0.009)	Loss 5.7616e-01 (5.6161e-01)	Acc pseudo  82.81 ( 79.78)	Lr 1.000e-03 (1.000e-03)
2026-02-08 00:38:44,853 - INFO: Epoch: [3][150/301]	Time  0.004 ( 0.007)	Loss 3.9906e-01 (5.5431e-01)	Acc pseudo  84.38 ( 80.07)	Lr 1.000e-03 (1.000e-03)
2026-02-08 00:38:45,034 - INFO: Epoch: [3][200/301]	Time  0.003 ( 0.006)	Loss 4.1401e-01 (5.5919e-01)	Acc pseudo  82.81 ( 79.73)	Lr 1.000e-03 (1.000e-03)
2026-02-08 00:38:45,208 - INFO: Epoch: [3][250/301]	Time  0.004 ( 0.006)	Loss 5.5355e-01 (5.6222e-01)	Acc pseudo  81.25 ( 79.58)	Lr 1.000e-03 (1.000e-03)
2026-02-08 00:38:45,404 - INFO: Epoch: [3][300/301]	Time  0.003 ( 0.005)	Loss 3.2252e-01 (5.6616e-01)	Acc pseudo  84.00 ( 79.56)	Lr 1.000e-03 (1.000e-03)
2026-02-08 00:38:45,476 - INFO: Round 8, Fine-tune Epoch 3: loss=0.5662, acc(pseudo)=79.56%
2026-02-08 00:38:53,679 - INFO: Round 8, Fine-tune Epoch 3: acc(valid_pseudo): 0.4180, acc: 0.4180
2026-02-08 00:38:53,679 - INFO: Round 8, Speaker Fine-tune Epoch 3: No improvement in validation accuracy. Patience(epoch): 3/3
2026-02-08 00:38:53,679 - INFO: Early stopping at epoch 3 due to no improvement in validation accuracy for 3 epochs.
2026-02-08 00:38:53,680 - INFO: Round 8: Best speaker fine-tuned epoch=0, acc(valid_pseudo)=0.4290
2026-02-08 01:10:37,675 - INFO: Round 8: speaker_acc=0.4265
2026-02-08 01:10:37,678 - INFO: ====================
2026-02-08 01:10:37,679 - INFO: Round 9: Fine-tuning iteration
2026-02-08 01:10:37,679 - INFO: ====================
2026-02-08 01:10:37,765 - INFO: Round 9 Part 1: Fine-tuning embedding model
2026-02-08 01:10:37,767 - INFO: Using pseudo-label file: runs/I love my family/exp_video/result/self_supervised/baseline_pcc/exp0/round8/pseudo_label/pseudo_labels_audio_baseline_pcc.json
2026-02-08 01:10:37,807 - INFO: Fine-tuning speaker embedding model for 20 epochs...
2026-02-08 01:10:38,220 - INFO: Epoch: [0][  0/301]	Time  0.409 ( 0.409)	Loss 1.6051e+01 (1.6051e+01)	Acc pseudo   3.12 (  3.12)	Lr 1.000e-03 (1.000e-03)
2026-02-08 01:10:38,426 - INFO: Epoch: [0][ 50/301]	Time  0.004 ( 0.012)	Loss 1.9708e+00 (5.8181e+00)	Acc pseudo  40.62 ( 19.52)	Lr 1.000e-03 (1.000e-03)
2026-02-08 01:10:38,634 - INFO: Epoch: [0][100/301]	Time  0.004 ( 0.008)	Loss 1.5690e+00 (3.8750e+00)	Acc pseudo  48.44 ( 31.71)	Lr 1.000e-03 (1.000e-03)
2026-02-08 01:10:38,841 - INFO: Epoch: [0][150/301]	Time  0.004 ( 0.007)	Loss 1.5878e+00 (3.0526e+00)	Acc pseudo  60.94 ( 40.11)	Lr 1.000e-03 (1.000e-03)
2026-02-08 01:10:39,055 - INFO: Epoch: [0][200/301]	Time  0.004 ( 0.006)	Loss 1.1017e+00 (2.5886e+00)	Acc pseudo  65.62 ( 45.81)	Lr 1.000e-03 (1.000e-03)
2026-02-08 01:10:39,266 - INFO: Epoch: [0][250/301]	Time  0.004 ( 0.006)	Loss 8.7376e-01 (2.2751e+00)	Acc pseudo  71.88 ( 50.11)	Lr 1.000e-03 (1.000e-03)
2026-02-08 01:10:39,491 - INFO: Epoch: [0][300/301]	Time  0.003 ( 0.005)	Loss 1.4027e+00 (2.0554e+00)	Acc pseudo  60.00 ( 53.33)	Lr 1.000e-03 (1.000e-03)
2026-02-08 01:10:39,565 - INFO: Round 9, Fine-tune Epoch 0: loss=2.0554, acc(pseudo)=53.33%
2026-02-08 01:10:49,992 - INFO: Round 9, Fine-tune Epoch 0: acc(valid_pseudo): 0.4310, acc: 0.4310
2026-02-08 01:10:51,622 - INFO: Epoch: [1][  0/301]	Time  0.414 ( 0.414)	Loss 8.9190e-01 (8.9190e-01)	Acc pseudo  68.75 ( 68.75)	Lr 1.000e-03 (1.000e-03)
2026-02-08 01:10:51,836 - INFO: Epoch: [1][ 50/301]	Time  0.003 ( 0.012)	Loss 7.6871e-01 (8.6528e-01)	Acc pseudo  75.00 ( 71.26)	Lr 1.000e-03 (1.000e-03)
2026-02-08 01:10:52,032 - INFO: Epoch: [1][100/301]	Time  0.003 ( 0.008)	Loss 5.1263e-01 (8.3180e-01)	Acc pseudo  73.44 ( 72.08)	Lr 1.000e-03 (1.000e-03)
2026-02-08 01:10:52,221 - INFO: Epoch: [1][150/301]	Time  0.004 ( 0.007)	Loss 9.3582e-01 (8.1815e-01)	Acc pseudo  65.62 ( 72.78)	Lr 1.000e-03 (1.000e-03)
2026-02-08 01:10:52,430 - INFO: Epoch: [1][200/301]	Time  0.004 ( 0.006)	Loss 4.9609e-01 (7.9935e-01)	Acc pseudo  76.56 ( 73.33)	Lr 1.000e-03 (1.000e-03)
2026-02-08 01:10:52,615 - INFO: Epoch: [1][250/301]	Time  0.003 ( 0.005)	Loss 6.9784e-01 (7.7905e-01)	Acc pseudo  79.69 ( 74.05)	Lr 1.000e-03 (1.000e-03)
2026-02-08 01:10:52,771 - INFO: Epoch: [1][300/301]	Time  0.002 ( 0.005)	Loss 8.9480e-01 (7.6378e-01)	Acc pseudo  84.00 ( 74.60)	Lr 1.000e-03 (1.000e-03)
2026-02-08 01:10:52,842 - INFO: Round 9, Fine-tune Epoch 1: loss=0.7638, acc(pseudo)=74.60%
2026-02-08 01:11:02,959 - INFO: Round 9, Fine-tune Epoch 1: acc(valid_pseudo): 0.4240, acc: 0.4240
2026-02-08 01:11:02,959 - INFO: Round 9, Speaker Fine-tune Epoch 1: No improvement in validation accuracy. Patience(epoch): 1/3
2026-02-08 01:11:03,201 - INFO: Epoch: [2][  0/301]	Time  0.237 ( 0.237)	Loss 7.0210e-01 (7.0210e-01)	Acc pseudo  75.00 ( 75.00)	Lr 1.000e-03 (1.000e-03)
2026-02-08 01:11:03,414 - INFO: Epoch: [2][ 50/301]	Time  0.004 ( 0.009)	Loss 6.7222e-01 (6.4520e-01)	Acc pseudo  79.69 ( 78.09)	Lr 1.000e-03 (1.000e-03)
2026-02-08 01:11:03,650 - INFO: Epoch: [2][100/301]	Time  0.004 ( 0.007)	Loss 3.8921e-01 (6.1904e-01)	Acc pseudo  87.50 ( 78.53)	Lr 1.000e-03 (1.000e-03)
2026-02-08 01:11:03,828 - INFO: Epoch: [2][150/301]	Time  0.003 ( 0.006)	Loss 5.1753e-01 (6.2642e-01)	Acc pseudo  82.81 ( 78.37)	Lr 1.000e-03 (1.000e-03)
2026-02-08 01:11:04,008 - INFO: Epoch: [2][200/301]	Time  0.004 ( 0.005)	Loss 6.7380e-01 (6.3100e-01)	Acc pseudo  81.25 ( 78.21)	Lr 1.000e-03 (1.000e-03)
2026-02-08 01:11:04,172 - INFO: Epoch: [2][250/301]	Time  0.003 ( 0.005)	Loss 4.7132e-01 (6.2786e-01)	Acc pseudo  79.69 ( 78.24)	Lr 1.000e-03 (1.000e-03)
2026-02-08 01:11:04,381 - INFO: Epoch: [2][300/301]	Time  0.004 ( 0.005)	Loss 4.4071e-01 (6.2138e-01)	Acc pseudo  84.00 ( 78.51)	Lr 1.000e-03 (1.000e-03)
2026-02-08 01:11:04,480 - INFO: Round 9, Fine-tune Epoch 2: loss=0.6214, acc(pseudo)=78.51%
2026-02-08 01:11:14,698 - INFO: Round 9, Fine-tune Epoch 2: acc(valid_pseudo): 0.4245, acc: 0.4245
2026-02-08 01:11:14,698 - INFO: Round 9, Speaker Fine-tune Epoch 2: No improvement in validation accuracy. Patience(epoch): 2/3
2026-02-08 01:11:15,137 - INFO: Epoch: [3][  0/301]	Time  0.430 ( 0.430)	Loss 6.9920e-01 (6.9920e-01)	Acc pseudo  82.81 ( 82.81)	Lr 1.000e-03 (1.000e-03)
2026-02-08 01:11:15,369 - INFO: Epoch: [3][ 50/301]	Time  0.005 ( 0.013)	Loss 5.2033e-01 (5.8082e-01)	Acc pseudo  79.69 ( 79.26)	Lr 1.000e-03 (1.000e-03)
2026-02-08 01:11:15,596 - INFO: Epoch: [3][100/301]	Time  0.005 ( 0.009)	Loss 7.5964e-01 (5.5932e-01)	Acc pseudo  71.88 ( 80.07)	Lr 1.000e-03 (1.000e-03)
2026-02-08 01:11:15,829 - INFO: Epoch: [3][150/301]	Time  0.005 ( 0.007)	Loss 5.0204e-01 (5.4524e-01)	Acc pseudo  82.81 ( 80.58)	Lr 1.000e-03 (1.000e-03)
2026-02-08 01:11:16,062 - INFO: Epoch: [3][200/301]	Time  0.004 ( 0.007)	Loss 3.6315e-01 (5.4555e-01)	Acc pseudo  82.81 ( 80.55)	Lr 1.000e-03 (1.000e-03)
2026-02-08 01:11:16,284 - INFO: Epoch: [3][250/301]	Time  0.004 ( 0.006)	Loss 4.5410e-01 (5.5156e-01)	Acc pseudo  85.94 ( 80.30)	Lr 1.000e-03 (1.000e-03)
2026-02-08 01:11:16,497 - INFO: Epoch: [3][300/301]	Time  0.004 ( 0.006)	Loss 5.3424e-01 (5.5154e-01)	Acc pseudo  84.00 ( 80.58)	Lr 1.000e-03 (1.000e-03)
2026-02-08 01:11:16,579 - INFO: Round 9, Fine-tune Epoch 3: loss=0.5515, acc(pseudo)=80.58%
2026-02-08 01:11:24,881 - INFO: Round 9, Fine-tune Epoch 3: acc(valid_pseudo): 0.4285, acc: 0.4285
2026-02-08 01:11:24,881 - INFO: Round 9, Speaker Fine-tune Epoch 3: No improvement in validation accuracy. Patience(epoch): 3/3
2026-02-08 01:11:24,881 - INFO: Early stopping at epoch 3 due to no improvement in validation accuracy for 3 epochs.
2026-02-08 01:11:24,883 - INFO: Round 9: Best speaker fine-tuned epoch=0, acc(valid_pseudo)=0.4310
2026-02-08 01:42:56,606 - INFO: Round 9: speaker_acc=0.4285
2026-02-08 01:42:56,609 - INFO: ====================
2026-02-08 01:42:56,609 - INFO: Self-supervised fine-tuning completed!
2026-02-08 01:42:56,609 - INFO: Initial speaker: acc=0.7125
2026-02-08 01:42:56,609 - INFO: Final speaker at round 9: acc=0.4285
2026-02-08 01:42:56,609 - INFO: Speaker improvement: -0.2840 (-39.86%)
2026-02-08 01:42:56,610 - INFO: ====================
