2026-03-24 14:59:04,273 - INFO: Starting self-supervised fine-tuning pipeline
2026-03-24 14:59:04,276 - INFO: Device: cuda:0
2026-03-24 14:59:04,279 - INFO: Saved arguments to runs/the big bang theory/exp_video_ablation/result/b/self_supervised/exp0/args.json
2026-03-24 14:59:04,279 - INFO: ====================
2026-03-24 14:59:04,279 - INFO: Initialization: Initial clustering with HMM correction
2026-03-24 14:59:04,279 - INFO: ====================
2026-03-24 15:03:19,837 - INFO: Saved initial clustering results to runs/the big bang theory/exp_video_ablation/result/b/self_supervised/exp0/initial
2026-03-24 15:03:19,837 - INFO: Initial: speaker_acc=0.8250
2026-03-24 15:03:19,854 - INFO: ====================
2026-03-24 15:03:19,854 - INFO: Round 0: Fine-tuning iteration
2026-03-24 15:03:19,854 - INFO: ====================
2026-03-24 15:03:19,924 - INFO: Round 0 Part 1: Fine-tuning embedding model
2026-03-24 15:03:19,927 - INFO: Using pseudo-label file: runs/the big bang theory/exp_video_ablation/result/b/self_supervised/exp0/initial/pseudo_label/pseudo_labels_audio_hmmx_none(unreliable_pp=20.0).json
2026-03-24 15:03:22,961 - INFO: Speaker embedding dimension: 512
2026-03-24 15:03:23,610 - INFO: Saved speaker config_model to runs/the big bang theory/exp_video_ablation/result/b/self_supervised/exp0/round0/config_model_speaker.json
2026-03-24 15:04:54,969 - INFO: Extracting hidden features for all speaker samples, which are outputs of StatsPool layer...
2026-03-24 15:04:54,971 - INFO: args.unfrozen_layers_num=2 is not used when extracting hidden features.
2026-03-24 15:08:54,749 - INFO: Hidden features extracted for 6829 speaker samples
2026-03-24 15:08:54,903 - INFO: Warmup training speaker classifier for 2 epochs...
2026-03-24 15:08:55,612 - INFO: Epoch: [0][  0/107]	Time  0.705 ( 0.705)	Loss 2.5360e+00 (2.5360e+00)	Acc pseudo   7.81 (  7.81)	Lr 1.000e-03 (1.000e-03)
2026-03-24 15:08:55,751 - INFO: Epoch: [0][ 50/107]	Time  0.003 ( 0.016)	Loss 9.4330e-01 (1.4391e+00)	Acc pseudo  84.38 ( 69.98)	Lr 1.000e-03 (1.000e-03)
2026-03-24 15:08:55,881 - INFO: Epoch: [0][100/107]	Time  0.002 ( 0.010)	Loss 1.1213e+00 (1.2031e+00)	Acc pseudo  73.44 ( 75.34)	Lr 1.000e-03 (1.000e-03)
2026-03-24 15:08:55,940 - INFO: Round 0, Speaker Warmup Epoch 0: loss=1.1869, acc(pseudo)=75.72%
2026-03-24 15:08:56,108 - INFO: Epoch: [1][  0/107]	Time  0.164 ( 0.164)	Loss 7.6774e-01 (7.6774e-01)	Acc pseudo  89.06 ( 89.06)	Lr 1.000e-03 (1.000e-03)
2026-03-24 15:08:56,240 - INFO: Epoch: [1][ 50/107]	Time  0.002 ( 0.006)	Loss 1.0415e+00 (8.1913e-01)	Acc pseudo  82.81 ( 82.26)	Lr 1.000e-03 (1.000e-03)
2026-03-24 15:08:56,366 - INFO: Epoch: [1][100/107]	Time  0.002 ( 0.004)	Loss 1.0436e+00 (8.0901e-01)	Acc pseudo  76.56 ( 82.92)	Lr 1.000e-03 (1.000e-03)
2026-03-24 15:08:56,424 - INFO: Round 0, Speaker Warmup Epoch 1: loss=0.8064, acc(pseudo)=83.01%
2026-03-24 15:08:56,435 - INFO: Fine-tuning speaker embedding model for 20 epochs...
2026-03-24 15:08:56,926 - INFO: Epoch: [0][  0/107]	Time  0.487 ( 0.487)	Loss 7.0265e-01 (7.0265e-01)	Acc pseudo  81.25 ( 81.25)	Lr 1.000e-03 (1.000e-03)
2026-03-24 15:08:57,081 - INFO: Epoch: [0][ 50/107]	Time  0.003 ( 0.013)	Loss 1.0315e+00 (9.1990e-01)	Acc pseudo  76.56 ( 80.06)	Lr 1.000e-03 (1.000e-03)
2026-03-24 15:08:57,229 - INFO: Epoch: [0][100/107]	Time  0.002 ( 0.008)	Loss 1.0635e+00 (8.8120e-01)	Acc pseudo  81.25 ( 80.51)	Lr 1.000e-03 (1.000e-03)
2026-03-24 15:08:57,296 - INFO: Round 0, Fine-tune Epoch 0: loss=0.8758, acc(pseudo)=80.61%
2026-03-24 15:09:02,857 - INFO: Round 0, Fine-tune Epoch 0: acc(valid_pseudo): 0.9397, acc: 0.8735
2026-03-24 15:09:03,308 - INFO: Epoch: [1][  0/107]	Time  0.173 ( 0.173)	Loss 7.3506e-01 (7.3506e-01)	Acc pseudo  76.56 ( 76.56)	Lr 1.000e-03 (1.000e-03)
2026-03-24 15:09:03,484 - INFO: Epoch: [1][ 50/107]	Time  0.003 ( 0.007)	Loss 9.7427e-01 (7.3177e-01)	Acc pseudo  75.00 ( 82.87)	Lr 1.000e-03 (1.000e-03)
2026-03-24 15:09:03,632 - INFO: Epoch: [1][100/107]	Time  0.002 ( 0.005)	Loss 5.1018e-01 (7.1977e-01)	Acc pseudo  87.50 ( 83.00)	Lr 1.000e-03 (1.000e-03)
2026-03-24 15:09:03,692 - INFO: Round 0, Fine-tune Epoch 1: loss=0.7212, acc(pseudo)=82.97%
2026-03-24 15:09:08,007 - INFO: Round 0, Fine-tune Epoch 1: acc(valid_pseudo): 0.8870, acc: 0.8365
2026-03-24 15:09:08,007 - INFO: Round 0, Speaker Fine-tune Epoch 1: No improvement in validation accuracy. Patience(epoch): 1/3
2026-03-24 15:09:08,183 - INFO: Epoch: [2][  0/107]	Time  0.171 ( 0.171)	Loss 4.8500e-01 (4.8500e-01)	Acc pseudo  89.06 ( 89.06)	Lr 1.000e-03 (1.000e-03)
2026-03-24 15:09:08,376 - INFO: Epoch: [2][ 50/107]	Time  0.004 ( 0.007)	Loss 6.1046e-01 (6.5725e-01)	Acc pseudo  84.38 ( 83.79)	Lr 1.000e-03 (1.000e-03)
2026-03-24 15:09:08,539 - INFO: Epoch: [2][100/107]	Time  0.002 ( 0.005)	Loss 6.3405e-01 (6.5248e-01)	Acc pseudo  82.81 ( 83.59)	Lr 1.000e-03 (1.000e-03)
2026-03-24 15:09:08,600 - INFO: Round 0, Fine-tune Epoch 2: loss=0.6499, acc(pseudo)=83.54%
2026-03-24 15:09:13,460 - INFO: Round 0, Fine-tune Epoch 2: acc(valid_pseudo): 0.6000, acc: 0.5710
2026-03-24 15:09:13,461 - INFO: Round 0, Speaker Fine-tune Epoch 2: No improvement in validation accuracy. Patience(epoch): 2/3
2026-03-24 15:09:13,692 - INFO: Epoch: [3][  0/107]	Time  0.223 ( 0.223)	Loss 6.1129e-01 (6.1129e-01)	Acc pseudo  78.12 ( 78.12)	Lr 1.000e-03 (1.000e-03)
2026-03-24 15:09:13,854 - INFO: Epoch: [3][ 50/107]	Time  0.003 ( 0.007)	Loss 5.3077e-01 (5.8751e-01)	Acc pseudo  89.06 ( 84.44)	Lr 1.000e-03 (1.000e-03)
2026-03-24 15:09:14,017 - INFO: Epoch: [3][100/107]	Time  0.003 ( 0.005)	Loss 3.3723e-01 (5.9388e-01)	Acc pseudo  90.62 ( 84.10)	Lr 1.000e-03 (1.000e-03)
2026-03-24 15:09:14,097 - INFO: Round 0, Fine-tune Epoch 3: loss=0.5965, acc(pseudo)=84.08%
2026-03-24 15:09:18,988 - INFO: Round 0, Fine-tune Epoch 3: acc(valid_pseudo): 0.9197, acc: 0.8175
2026-03-24 15:09:18,988 - INFO: Round 0, Speaker Fine-tune Epoch 3: No improvement in validation accuracy. Patience(epoch): 3/3
2026-03-24 15:09:18,988 - INFO: Early stopping at epoch 3 due to no improvement in validation accuracy for 3 epochs.
2026-03-24 15:09:18,990 - INFO: Round 0: Best speaker fine-tuned epoch=0, acc(valid_pseudo)=0.9397
2026-03-24 15:09:19,015 - INFO: Using HMM model from previous round: runs/the big bang theory/exp_video_ablation/result/b/self_supervised/exp0/initial/pseudo_label/hmm_params.pkl
2026-03-24 15:12:48,331 - INFO: Round 0: speaker_acc=0.8200
2026-03-24 15:12:48,349 - INFO: ====================
2026-03-24 15:12:48,349 - INFO: Round 1: Fine-tuning iteration
2026-03-24 15:12:48,350 - INFO: ====================
2026-03-24 15:12:48,434 - INFO: Round 1 Part 1: Fine-tuning embedding model
2026-03-24 15:12:48,435 - INFO: Using pseudo-label file: runs/the big bang theory/exp_video_ablation/result/b/self_supervised/exp0/round0/pseudo_label/pseudo_labels_audio_hmmx_none(unreliable_pp=20.0).json
2026-03-24 15:12:48,454 - INFO: Fine-tuning speaker embedding model for 20 epochs...
2026-03-24 15:12:48,629 - INFO: Epoch: [0][  0/107]	Time  0.171 ( 0.171)	Loss 1.6711e+00 (1.6711e+00)	Acc pseudo  78.12 ( 78.12)	Lr 1.000e-03 (1.000e-03)
2026-03-24 15:12:48,798 - INFO: Epoch: [0][ 50/107]	Time  0.003 ( 0.007)	Loss 6.3185e-01 (8.6852e-01)	Acc pseudo  89.06 ( 81.37)	Lr 1.000e-03 (1.000e-03)
2026-03-24 15:12:48,946 - INFO: Epoch: [0][100/107]	Time  0.002 ( 0.005)	Loss 1.0714e+00 (8.7529e-01)	Acc pseudo  75.00 ( 81.11)	Lr 1.000e-03 (1.000e-03)
2026-03-24 15:12:49,012 - INFO: Round 1, Fine-tune Epoch 0: loss=0.8686, acc(pseudo)=81.24%
2026-03-24 15:12:53,714 - INFO: Round 1, Fine-tune Epoch 0: acc(valid_pseudo): 0.9297, acc: 0.8505
2026-03-24 15:12:54,209 - INFO: Epoch: [1][  0/107]	Time  0.218 ( 0.218)	Loss 5.5910e-01 (5.5910e-01)	Acc pseudo  90.62 ( 90.62)	Lr 1.000e-03 (1.000e-03)
2026-03-24 15:12:54,368 - INFO: Epoch: [1][ 50/107]	Time  0.003 ( 0.007)	Loss 7.3505e-01 (7.1619e-01)	Acc pseudo  82.81 ( 82.94)	Lr 1.000e-03 (1.000e-03)
2026-03-24 15:12:54,518 - INFO: Epoch: [1][100/107]	Time  0.002 ( 0.005)	Loss 1.0174e+00 (7.2847e-01)	Acc pseudo  73.44 ( 83.06)	Lr 1.000e-03 (1.000e-03)
2026-03-24 15:12:54,576 - INFO: Round 1, Fine-tune Epoch 1: loss=0.7329, acc(pseudo)=82.91%
2026-03-24 15:12:59,328 - INFO: Round 1, Fine-tune Epoch 1: acc(valid_pseudo): 0.9280, acc: 0.8210
2026-03-24 15:12:59,329 - INFO: Round 1, Speaker Fine-tune Epoch 1: No improvement in validation accuracy. Patience(epoch): 1/3
2026-03-24 15:12:59,626 - INFO: Epoch: [2][  0/107]	Time  0.289 ( 0.289)	Loss 5.0906e-01 (5.0906e-01)	Acc pseudo  87.50 ( 87.50)	Lr 1.000e-03 (1.000e-03)
2026-03-24 15:12:59,858 - INFO: Epoch: [2][ 50/107]	Time  0.004 ( 0.010)	Loss 5.8811e-01 (6.7841e-01)	Acc pseudo  82.81 ( 83.82)	Lr 1.000e-03 (1.000e-03)
2026-03-24 15:13:00,018 - INFO: Epoch: [2][100/107]	Time  0.003 ( 0.007)	Loss 8.1965e-01 (6.7531e-01)	Acc pseudo  81.25 ( 83.88)	Lr 1.000e-03 (1.000e-03)
2026-03-24 15:13:00,082 - INFO: Round 1, Fine-tune Epoch 2: loss=0.6723, acc(pseudo)=83.83%
2026-03-24 15:13:05,259 - INFO: Round 1, Fine-tune Epoch 2: acc(valid_pseudo): 0.9046, acc: 0.7935
2026-03-24 15:13:05,260 - INFO: Round 1, Speaker Fine-tune Epoch 2: No improvement in validation accuracy. Patience(epoch): 2/3
2026-03-24 15:13:05,530 - INFO: Epoch: [3][  0/107]	Time  0.265 ( 0.265)	Loss 6.7359e-01 (6.7359e-01)	Acc pseudo  81.25 ( 81.25)	Lr 1.000e-03 (1.000e-03)
2026-03-24 15:13:05,839 - INFO: Epoch: [3][ 50/107]	Time  0.003 ( 0.011)	Loss 6.9883e-01 (6.1764e-01)	Acc pseudo  84.38 ( 84.93)	Lr 1.000e-03 (1.000e-03)
2026-03-24 15:13:05,983 - INFO: Epoch: [3][100/107]	Time  0.002 ( 0.007)	Loss 5.3580e-01 (6.3991e-01)	Acc pseudo  85.94 ( 84.31)	Lr 1.000e-03 (1.000e-03)
2026-03-24 15:13:06,042 - INFO: Round 1, Fine-tune Epoch 3: loss=0.6354, acc(pseudo)=84.36%
2026-03-24 15:13:11,689 - INFO: Round 1, Fine-tune Epoch 3: acc(valid_pseudo): 0.9414, acc: 0.8595
2026-03-24 15:13:12,161 - INFO: Epoch: [4][  0/107]	Time  0.169 ( 0.169)	Loss 3.9203e-01 (3.9203e-01)	Acc pseudo  87.50 ( 87.50)	Lr 1.000e-03 (1.000e-03)
2026-03-24 15:13:12,331 - INFO: Epoch: [4][ 50/107]	Time  0.003 ( 0.007)	Loss 5.4721e-01 (5.8984e-01)	Acc pseudo  84.38 ( 84.31)	Lr 1.000e-03 (1.000e-03)
2026-03-24 15:13:12,486 - INFO: Epoch: [4][100/107]	Time  0.002 ( 0.005)	Loss 4.8657e-01 (5.7937e-01)	Acc pseudo  84.38 ( 85.04)	Lr 1.000e-03 (1.000e-03)
2026-03-24 15:13:12,547 - INFO: Round 1, Fine-tune Epoch 4: loss=0.5755, acc(pseudo)=85.05%
2026-03-24 15:13:17,199 - INFO: Round 1, Fine-tune Epoch 4: acc(valid_pseudo): 0.8669, acc: 0.8135
2026-03-24 15:13:17,199 - INFO: Round 1, Speaker Fine-tune Epoch 4: No improvement in validation accuracy. Patience(epoch): 1/3
2026-03-24 15:13:17,200 - INFO: Early stopping at epoch 4 due to significant drop in pseudo-label validation accuracy: 0.9414 -> 0.8669.
2026-03-24 15:13:17,201 - INFO: Round 1: Best speaker fine-tuned epoch=3, acc(valid_pseudo)=0.9414
2026-03-24 15:13:17,257 - INFO: Using HMM model from previous round: runs/the big bang theory/exp_video_ablation/result/b/self_supervised/exp0/round0/pseudo_label/hmm_params.pkl
2026-03-24 15:15:35,305 - INFO: Round 1: speaker_acc=0.8130
2026-03-24 15:15:35,313 - INFO: ====================
2026-03-24 15:15:35,313 - INFO: Round 2: Fine-tuning iteration
2026-03-24 15:15:35,313 - INFO: ====================
2026-03-24 15:15:35,486 - INFO: Round 2 Part 1: Fine-tuning embedding model
2026-03-24 15:15:35,487 - INFO: Using pseudo-label file: runs/the big bang theory/exp_video_ablation/result/b/self_supervised/exp0/round1/pseudo_label/pseudo_labels_audio_hmmx_none(unreliable_pp=20.0).json
2026-03-24 15:15:35,507 - INFO: Fine-tuning speaker embedding model for 20 epochs...
2026-03-24 15:15:35,693 - INFO: Epoch: [0][  0/107]	Time  0.182 ( 0.182)	Loss 8.0367e-01 (8.0367e-01)	Acc pseudo  82.81 ( 82.81)	Lr 1.000e-03 (1.000e-03)
2026-03-24 15:15:35,890 - INFO: Epoch: [0][ 50/107]	Time  0.004 ( 0.007)	Loss 6.0934e-01 (7.6452e-01)	Acc pseudo  85.94 ( 83.09)	Lr 1.000e-03 (1.000e-03)
2026-03-24 15:15:36,048 - INFO: Epoch: [0][100/107]	Time  0.002 ( 0.005)	Loss 1.0131e+00 (7.9746e-01)	Acc pseudo  75.00 ( 82.39)	Lr 1.000e-03 (1.000e-03)
2026-03-24 15:15:36,108 - INFO: Round 2, Fine-tune Epoch 0: loss=0.7986, acc(pseudo)=82.43%
2026-03-24 15:15:40,876 - INFO: Round 2, Fine-tune Epoch 0: acc(valid_pseudo): 0.9431, acc: 0.8585
2026-03-24 15:15:41,328 - INFO: Epoch: [1][  0/107]	Time  0.171 ( 0.171)	Loss 5.2656e-01 (5.2656e-01)	Acc pseudo  85.94 ( 85.94)	Lr 1.000e-03 (1.000e-03)
2026-03-24 15:15:41,498 - INFO: Epoch: [1][ 50/107]	Time  0.003 ( 0.007)	Loss 6.2268e-01 (6.6035e-01)	Acc pseudo  89.06 ( 83.49)	Lr 1.000e-03 (1.000e-03)
2026-03-24 15:15:41,660 - INFO: Epoch: [1][100/107]	Time  0.002 ( 0.005)	Loss 1.0473e+00 (6.7270e-01)	Acc pseudo  78.12 ( 83.32)	Lr 1.000e-03 (1.000e-03)
2026-03-24 15:15:41,718 - INFO: Round 2, Fine-tune Epoch 1: loss=0.6783, acc(pseudo)=83.16%
2026-03-24 15:15:46,263 - INFO: Round 2, Fine-tune Epoch 1: acc(valid_pseudo): 0.9322, acc: 0.8490
2026-03-24 15:15:46,263 - INFO: Round 2, Speaker Fine-tune Epoch 1: No improvement in validation accuracy. Patience(epoch): 1/3
2026-03-24 15:15:46,461 - INFO: Epoch: [2][  0/107]	Time  0.192 ( 0.192)	Loss 3.7508e-01 (3.7508e-01)	Acc pseudo  92.19 ( 92.19)	Lr 1.000e-03 (1.000e-03)
2026-03-24 15:15:46,782 - INFO: Epoch: [2][ 50/107]	Time  0.003 ( 0.010)	Loss 6.7831e-01 (6.2440e-01)	Acc pseudo  79.69 ( 84.34)	Lr 1.000e-03 (1.000e-03)
2026-03-24 15:15:46,939 - INFO: Epoch: [2][100/107]	Time  0.002 ( 0.007)	Loss 6.1391e-01 (6.2845e-01)	Acc pseudo  84.38 ( 84.22)	Lr 1.000e-03 (1.000e-03)
2026-03-24 15:15:46,999 - INFO: Round 2, Fine-tune Epoch 2: loss=0.6360, acc(pseudo)=84.11%
2026-03-24 15:15:51,568 - INFO: Round 2, Fine-tune Epoch 2: acc(valid_pseudo): 0.9247, acc: 0.8345
2026-03-24 15:15:51,568 - INFO: Round 2, Speaker Fine-tune Epoch 2: No improvement in validation accuracy. Patience(epoch): 2/3
2026-03-24 15:15:51,744 - INFO: Epoch: [3][  0/107]	Time  0.170 ( 0.170)	Loss 5.9749e-01 (5.9749e-01)	Acc pseudo  85.94 ( 85.94)	Lr 1.000e-03 (1.000e-03)
2026-03-24 15:15:51,915 - INFO: Epoch: [3][ 50/107]	Time  0.003 ( 0.007)	Loss 5.1478e-01 (5.6171e-01)	Acc pseudo  84.38 ( 85.02)	Lr 1.000e-03 (1.000e-03)
2026-03-24 15:15:52,064 - INFO: Epoch: [3][100/107]	Time  0.002 ( 0.005)	Loss 6.1454e-01 (5.9304e-01)	Acc pseudo  81.25 ( 84.44)	Lr 1.000e-03 (1.000e-03)
2026-03-24 15:15:52,125 - INFO: Round 2, Fine-tune Epoch 3: loss=0.5911, acc(pseudo)=84.57%
2026-03-24 15:15:56,601 - INFO: Round 2, Fine-tune Epoch 3: acc(valid_pseudo): 0.9004, acc: 0.8165
2026-03-24 15:15:56,601 - INFO: Round 2, Speaker Fine-tune Epoch 3: No improvement in validation accuracy. Patience(epoch): 3/3
2026-03-24 15:15:56,601 - INFO: Early stopping at epoch 3 due to no improvement in validation accuracy for 3 epochs.
2026-03-24 15:15:56,603 - INFO: Round 2: Best speaker fine-tuned epoch=0, acc(valid_pseudo)=0.9431
2026-03-24 15:15:56,609 - INFO: Using HMM model from previous round: runs/the big bang theory/exp_video_ablation/result/b/self_supervised/exp0/round1/pseudo_label/hmm_params.pkl
2026-03-24 15:17:36,081 - INFO: Round 2: speaker_acc=0.8235
2026-03-24 15:17:36,084 - INFO: ====================
2026-03-24 15:17:36,084 - INFO: Round 3: Fine-tuning iteration
2026-03-24 15:17:36,084 - INFO: ====================
2026-03-24 15:17:36,220 - INFO: Round 3 Part 1: Fine-tuning embedding model
2026-03-24 15:17:36,221 - INFO: Using pseudo-label file: runs/the big bang theory/exp_video_ablation/result/b/self_supervised/exp0/round2/pseudo_label/pseudo_labels_audio_hmmx_none(unreliable_pp=20.0).json
2026-03-24 15:17:36,240 - INFO: Fine-tuning speaker embedding model for 20 epochs...
2026-03-24 15:17:36,411 - INFO: Epoch: [0][  0/107]	Time  0.167 ( 0.167)	Loss 5.4039e-01 (5.4039e-01)	Acc pseudo  87.50 ( 87.50)	Lr 1.000e-03 (1.000e-03)
2026-03-24 15:17:36,786 - INFO: Epoch: [0][ 50/107]	Time  0.003 ( 0.011)	Loss 8.7437e-01 (7.5811e-01)	Acc pseudo  84.38 ( 83.18)	Lr 1.000e-03 (1.000e-03)
2026-03-24 15:17:36,937 - INFO: Epoch: [0][100/107]	Time  0.002 ( 0.007)	Loss 7.1669e-01 (7.3053e-01)	Acc pseudo  78.12 ( 83.09)	Lr 1.000e-03 (1.000e-03)
2026-03-24 15:17:36,997 - INFO: Round 3, Fine-tune Epoch 0: loss=0.7303, acc(pseudo)=83.04%
2026-03-24 15:17:42,261 - INFO: Round 3, Fine-tune Epoch 0: acc(valid_pseudo): 0.9372, acc: 0.8580
2026-03-24 15:17:42,702 - INFO: Epoch: [1][  0/107]	Time  0.169 ( 0.169)	Loss 5.7340e-01 (5.7340e-01)	Acc pseudo  85.94 ( 85.94)	Lr 1.000e-03 (1.000e-03)
2026-03-24 15:17:44,214 - INFO: Epoch: [1][ 50/107]	Time  0.003 ( 0.033)	Loss 4.8651e-01 (6.1905e-01)	Acc pseudo  87.50 ( 84.68)	Lr 1.000e-03 (1.000e-03)
2026-03-24 15:17:44,363 - INFO: Epoch: [1][100/107]	Time  0.002 ( 0.018)	Loss 6.1060e-01 (6.2645e-01)	Acc pseudo  82.81 ( 84.67)	Lr 1.000e-03 (1.000e-03)
2026-03-24 15:17:44,424 - INFO: Round 3, Fine-tune Epoch 1: loss=0.6262, acc(pseudo)=84.61%
2026-03-24 15:17:49,642 - INFO: Round 3, Fine-tune Epoch 1: acc(valid_pseudo): 0.9213, acc: 0.8495
2026-03-24 15:17:49,642 - INFO: Round 3, Speaker Fine-tune Epoch 1: No improvement in validation accuracy. Patience(epoch): 1/3
2026-03-24 15:17:49,813 - INFO: Epoch: [2][  0/107]	Time  0.166 ( 0.166)	Loss 2.4029e-01 (2.4029e-01)	Acc pseudo  95.31 ( 95.31)	Lr 1.000e-03 (1.000e-03)
2026-03-24 15:17:50,847 - INFO: Epoch: [2][ 50/107]	Time  0.003 ( 0.023)	Loss 5.1011e-01 (5.6772e-01)	Acc pseudo  85.94 ( 84.99)	Lr 1.000e-03 (1.000e-03)
2026-03-24 15:17:51,001 - INFO: Epoch: [2][100/107]	Time  0.002 ( 0.013)	Loss 6.5879e-01 (5.9491e-01)	Acc pseudo  84.38 ( 85.12)	Lr 1.000e-03 (1.000e-03)
2026-03-24 15:17:51,064 - INFO: Round 3, Fine-tune Epoch 2: loss=0.5940, acc(pseudo)=85.05%
2026-03-24 15:17:56,667 - INFO: Round 3, Fine-tune Epoch 2: acc(valid_pseudo): 0.9063, acc: 0.8035
2026-03-24 15:17:56,667 - INFO: Round 3, Speaker Fine-tune Epoch 2: No improvement in validation accuracy. Patience(epoch): 2/3
2026-03-24 15:17:57,772 - INFO: Epoch: [3][  0/107]	Time  1.100 ( 1.100)	Loss 6.5909e-01 (6.5909e-01)	Acc pseudo  87.50 ( 87.50)	Lr 1.000e-03 (1.000e-03)
2026-03-24 15:17:57,943 - INFO: Epoch: [3][ 50/107]	Time  0.003 ( 0.025)	Loss 5.2551e-01 (5.2951e-01)	Acc pseudo  81.25 ( 85.85)	Lr 1.000e-03 (1.000e-03)
2026-03-24 15:17:58,100 - INFO: Epoch: [3][100/107]	Time  0.002 ( 0.014)	Loss 4.5384e-01 (5.4613e-01)	Acc pseudo  84.38 ( 85.30)	Lr 1.000e-03 (1.000e-03)
2026-03-24 15:17:58,163 - INFO: Round 3, Fine-tune Epoch 3: loss=0.5465, acc(pseudo)=85.40%
2026-03-24 15:18:04,128 - INFO: Round 3, Fine-tune Epoch 3: acc(valid_pseudo): 0.9289, acc: 0.8340
2026-03-24 15:18:04,128 - INFO: Round 3, Speaker Fine-tune Epoch 3: No improvement in validation accuracy. Patience(epoch): 3/3
2026-03-24 15:18:04,128 - INFO: Early stopping at epoch 3 due to no improvement in validation accuracy for 3 epochs.
2026-03-24 15:18:04,129 - INFO: Round 3: Best speaker fine-tuned epoch=0, acc(valid_pseudo)=0.9372
2026-03-24 15:18:04,138 - INFO: Using HMM model from previous round: runs/the big bang theory/exp_video_ablation/result/b/self_supervised/exp0/round2/pseudo_label/hmm_params.pkl
2026-03-24 15:19:11,170 - INFO: Round 3: speaker_acc=0.8235
2026-03-24 15:19:11,173 - INFO: ====================
2026-03-24 15:19:11,173 - INFO: Round 4: Fine-tuning iteration
2026-03-24 15:19:11,173 - INFO: ====================
2026-03-24 15:19:11,246 - INFO: Round 4 Part 1: Fine-tuning embedding model
2026-03-24 15:19:11,247 - INFO: Using pseudo-label file: runs/the big bang theory/exp_video_ablation/result/b/self_supervised/exp0/round3/pseudo_label/pseudo_labels_audio_hmmx_none(unreliable_pp=20.0).json
2026-03-24 15:19:11,266 - INFO: Fine-tuning speaker embedding model for 20 epochs...
2026-03-24 15:19:11,450 - INFO: Epoch: [0][  0/107]	Time  0.179 ( 0.179)	Loss 8.0443e-01 (8.0443e-01)	Acc pseudo  84.38 ( 84.38)	Lr 1.000e-03 (1.000e-03)
2026-03-24 15:19:11,629 - INFO: Epoch: [0][ 50/107]	Time  0.004 ( 0.007)	Loss 4.9219e-01 (7.3105e-01)	Acc pseudo  89.06 ( 83.33)	Lr 1.000e-03 (1.000e-03)
2026-03-24 15:19:11,785 - INFO: Epoch: [0][100/107]	Time  0.002 ( 0.005)	Loss 8.4300e-01 (7.5191e-01)	Acc pseudo  81.25 ( 83.03)	Lr 1.000e-03 (1.000e-03)
2026-03-24 15:19:11,847 - INFO: Round 4, Fine-tune Epoch 0: loss=0.7508, acc(pseudo)=82.97%
2026-03-24 15:19:16,669 - INFO: Round 4, Fine-tune Epoch 0: acc(valid_pseudo): 0.9331, acc: 0.8140
2026-03-24 15:19:17,292 - INFO: Epoch: [1][  0/107]	Time  0.179 ( 0.179)	Loss 6.1930e-01 (6.1930e-01)	Acc pseudo  84.38 ( 84.38)	Lr 1.000e-03 (1.000e-03)
2026-03-24 15:19:17,458 - INFO: Epoch: [1][ 50/107]	Time  0.003 ( 0.007)	Loss 4.8162e-01 (6.2445e-01)	Acc pseudo  87.50 ( 84.13)	Lr 1.000e-03 (1.000e-03)
2026-03-24 15:19:17,615 - INFO: Epoch: [1][100/107]	Time  0.002 ( 0.005)	Loss 9.4915e-01 (6.2976e-01)	Acc pseudo  81.25 ( 84.14)	Lr 1.000e-03 (1.000e-03)
2026-03-24 15:19:17,677 - INFO: Round 4, Fine-tune Epoch 1: loss=0.6332, acc(pseudo)=83.91%
2026-03-24 15:19:22,564 - INFO: Round 4, Fine-tune Epoch 1: acc(valid_pseudo): 0.9406, acc: 0.8640
2026-03-24 15:19:23,052 - INFO: Epoch: [2][  0/107]	Time  0.192 ( 0.192)	Loss 2.7547e-01 (2.7547e-01)	Acc pseudo  90.62 ( 90.62)	Lr 1.000e-03 (1.000e-03)
2026-03-24 15:19:23,231 - INFO: Epoch: [2][ 50/107]	Time  0.003 ( 0.007)	Loss 5.1361e-01 (5.7435e-01)	Acc pseudo  84.38 ( 84.53)	Lr 1.000e-03 (1.000e-03)
2026-03-24 15:19:23,385 - INFO: Epoch: [2][100/107]	Time  0.002 ( 0.005)	Loss 4.1470e-01 (5.7369e-01)	Acc pseudo  85.94 ( 84.75)	Lr 1.000e-03 (1.000e-03)
2026-03-24 15:19:23,441 - INFO: Round 4, Fine-tune Epoch 2: loss=0.5751, acc(pseudo)=84.76%
2026-03-24 15:19:27,899 - INFO: Round 4, Fine-tune Epoch 2: acc(valid_pseudo): 0.9331, acc: 0.8450
2026-03-24 15:19:27,900 - INFO: Round 4, Speaker Fine-tune Epoch 2: No improvement in validation accuracy. Patience(epoch): 1/3
2026-03-24 15:19:28,080 - INFO: Epoch: [3][  0/107]	Time  0.175 ( 0.175)	Loss 7.1347e-01 (7.1347e-01)	Acc pseudo  81.25 ( 81.25)	Lr 1.000e-03 (1.000e-03)
2026-03-24 15:19:28,260 - INFO: Epoch: [3][ 50/107]	Time  0.003 ( 0.007)	Loss 4.1372e-01 (5.4047e-01)	Acc pseudo  92.19 ( 85.72)	Lr 1.000e-03 (1.000e-03)
2026-03-24 15:19:28,410 - INFO: Epoch: [3][100/107]	Time  0.002 ( 0.005)	Loss 5.1830e-01 (5.5495e-01)	Acc pseudo  82.81 ( 85.23)	Lr 1.000e-03 (1.000e-03)
2026-03-24 15:19:28,491 - INFO: Round 4, Fine-tune Epoch 3: loss=0.5498, acc(pseudo)=85.40%
2026-03-24 15:19:33,953 - INFO: Round 4, Fine-tune Epoch 3: acc(valid_pseudo): 0.9481, acc: 0.8600
2026-03-24 15:19:34,409 - INFO: Epoch: [4][  0/107]	Time  0.172 ( 0.172)	Loss 2.9175e-01 (2.9175e-01)	Acc pseudo  92.19 ( 92.19)	Lr 1.000e-03 (1.000e-03)
2026-03-24 15:19:34,582 - INFO: Epoch: [4][ 50/107]	Time  0.003 ( 0.007)	Loss 3.4258e-01 (5.5416e-01)	Acc pseudo  87.50 ( 84.96)	Lr 1.000e-03 (1.000e-03)
2026-03-24 15:19:34,728 - INFO: Epoch: [4][100/107]	Time  0.002 ( 0.005)	Loss 7.1197e-01 (5.6406e-01)	Acc pseudo  81.25 ( 84.70)	Lr 1.000e-03 (1.000e-03)
2026-03-24 15:19:34,792 - INFO: Round 4, Fine-tune Epoch 4: loss=0.5634, acc(pseudo)=84.70%
2026-03-24 15:19:39,509 - INFO: Round 4, Fine-tune Epoch 4: acc(valid_pseudo): 0.9280, acc: 0.8385
2026-03-24 15:19:39,509 - INFO: Round 4, Speaker Fine-tune Epoch 4: No improvement in validation accuracy. Patience(epoch): 1/3
2026-03-24 15:19:39,688 - INFO: Epoch: [5][  0/107]	Time  0.174 ( 0.174)	Loss 4.0645e-01 (4.0645e-01)	Acc pseudo  90.62 ( 90.62)	Lr 1.000e-03 (1.000e-03)
2026-03-24 15:19:39,856 - INFO: Epoch: [5][ 50/107]	Time  0.003 ( 0.007)	Loss 7.5847e-01 (5.4153e-01)	Acc pseudo  71.88 ( 85.39)	Lr 1.000e-03 (1.000e-03)
2026-03-24 15:19:40,007 - INFO: Epoch: [5][100/107]	Time  0.002 ( 0.005)	Loss 6.5532e-01 (5.3565e-01)	Acc pseudo  82.81 ( 85.35)	Lr 1.000e-03 (1.000e-03)
2026-03-24 15:19:40,070 - INFO: Round 4, Fine-tune Epoch 5: loss=0.5373, acc(pseudo)=85.36%
2026-03-24 15:19:44,650 - INFO: Round 4, Fine-tune Epoch 5: acc(valid_pseudo): 0.9406, acc: 0.8555
2026-03-24 15:19:44,650 - INFO: Round 4, Speaker Fine-tune Epoch 5: No improvement in validation accuracy. Patience(epoch): 2/3
2026-03-24 15:19:44,911 - INFO: Epoch: [6][  0/107]	Time  0.256 ( 0.256)	Loss 5.3091e-01 (5.3091e-01)	Acc pseudo  84.38 ( 84.38)	Lr 1.000e-03 (1.000e-03)
2026-03-24 15:19:45,090 - INFO: Epoch: [6][ 50/107]	Time  0.003 ( 0.008)	Loss 5.0809e-01 (5.0880e-01)	Acc pseudo  89.06 ( 86.21)	Lr 1.000e-03 (1.000e-03)
2026-03-24 15:19:45,243 - INFO: Epoch: [6][100/107]	Time  0.002 ( 0.006)	Loss 5.3766e-01 (5.3588e-01)	Acc pseudo  81.25 ( 85.52)	Lr 1.000e-03 (1.000e-03)
2026-03-24 15:19:45,305 - INFO: Round 4, Fine-tune Epoch 6: loss=0.5353, acc(pseudo)=85.53%
2026-03-24 15:19:50,504 - INFO: Round 4, Fine-tune Epoch 6: acc(valid_pseudo): 0.8929, acc: 0.7965
2026-03-24 15:19:50,505 - INFO: Round 4, Speaker Fine-tune Epoch 6: No improvement in validation accuracy. Patience(epoch): 3/3
2026-03-24 15:19:50,505 - INFO: Early stopping at epoch 6 due to no improvement in validation accuracy for 3 epochs.
2026-03-24 15:19:50,506 - INFO: Round 4: Best speaker fine-tuned epoch=3, acc(valid_pseudo)=0.9481
2026-03-24 15:19:50,514 - INFO: Using HMM model from previous round: runs/the big bang theory/exp_video_ablation/result/b/self_supervised/exp0/round3/pseudo_label/hmm_params.pkl
2026-03-24 15:20:50,952 - INFO: Round 4: speaker_acc=0.8175
2026-03-24 15:20:50,956 - INFO: ====================
2026-03-24 15:20:50,956 - INFO: Round 5: Fine-tuning iteration
2026-03-24 15:20:50,956 - INFO: ====================
2026-03-24 15:20:51,041 - INFO: Round 5 Part 1: Fine-tuning embedding model
2026-03-24 15:20:51,042 - INFO: Using pseudo-label file: runs/the big bang theory/exp_video_ablation/result/b/self_supervised/exp0/round4/pseudo_label/pseudo_labels_audio_hmmx_none(unreliable_pp=20.0).json
2026-03-24 15:20:51,061 - INFO: Fine-tuning speaker embedding model for 20 epochs...
2026-03-24 15:20:51,237 - INFO: Epoch: [0][  0/107]	Time  0.171 ( 0.171)	Loss 1.2783e+00 (1.2783e+00)	Acc pseudo  82.81 ( 82.81)	Lr 1.000e-03 (1.000e-03)
2026-03-24 15:20:51,404 - INFO: Epoch: [0][ 50/107]	Time  0.003 ( 0.007)	Loss 9.8337e-01 (6.8420e-01)	Acc pseudo  92.19 ( 84.62)	Lr 1.000e-03 (1.000e-03)
2026-03-24 15:20:51,565 - INFO: Epoch: [0][100/107]	Time  0.003 ( 0.005)	Loss 1.0132e+00 (6.8579e-01)	Acc pseudo  76.56 ( 83.99)	Lr 1.000e-03 (1.000e-03)
2026-03-24 15:20:51,626 - INFO: Round 5, Fine-tune Epoch 0: loss=0.6802, acc(pseudo)=84.07%
2026-03-24 15:20:56,206 - INFO: Round 5, Fine-tune Epoch 0: acc(valid_pseudo): 0.9188, acc: 0.8050
2026-03-24 15:20:56,655 - INFO: Epoch: [1][  0/107]	Time  0.173 ( 0.173)	Loss 5.1056e-01 (5.1056e-01)	Acc pseudo  85.94 ( 85.94)	Lr 1.000e-03 (1.000e-03)
2026-03-24 15:20:56,877 - INFO: Epoch: [1][ 50/107]	Time  0.003 ( 0.008)	Loss 5.6702e-01 (5.7274e-01)	Acc pseudo  85.94 ( 85.54)	Lr 1.000e-03 (1.000e-03)
2026-03-24 15:20:57,033 - INFO: Epoch: [1][100/107]	Time  0.002 ( 0.005)	Loss 7.7745e-01 (5.8159e-01)	Acc pseudo  84.38 ( 85.09)	Lr 1.000e-03 (1.000e-03)
2026-03-24 15:20:57,096 - INFO: Round 5, Fine-tune Epoch 1: loss=0.5845, acc(pseudo)=84.87%
2026-03-24 15:21:01,372 - INFO: Round 5, Fine-tune Epoch 1: acc(valid_pseudo): 0.9172, acc: 0.8295
2026-03-24 15:21:01,372 - INFO: Round 5, Speaker Fine-tune Epoch 1: No improvement in validation accuracy. Patience(epoch): 1/3
2026-03-24 15:21:01,551 - INFO: Epoch: [2][  0/107]	Time  0.174 ( 0.174)	Loss 3.0514e-01 (3.0514e-01)	Acc pseudo  92.19 ( 92.19)	Lr 1.000e-03 (1.000e-03)
2026-03-24 15:21:01,717 - INFO: Epoch: [2][ 50/107]	Time  0.003 ( 0.007)	Loss 4.5427e-01 (5.1475e-01)	Acc pseudo  93.75 ( 86.21)	Lr 1.000e-03 (1.000e-03)
2026-03-24 15:21:01,871 - INFO: Epoch: [2][100/107]	Time  0.002 ( 0.005)	Loss 3.3376e-01 (5.1487e-01)	Acc pseudo  90.62 ( 86.20)	Lr 1.000e-03 (1.000e-03)
2026-03-24 15:21:01,930 - INFO: Round 5, Fine-tune Epoch 2: loss=0.5161, acc(pseudo)=86.10%
2026-03-24 15:21:06,686 - INFO: Round 5, Fine-tune Epoch 2: acc(valid_pseudo): 0.9414, acc: 0.8575
2026-03-24 15:21:07,188 - INFO: Epoch: [3][  0/107]	Time  0.173 ( 0.173)	Loss 4.9761e-01 (4.9761e-01)	Acc pseudo  90.62 ( 90.62)	Lr 1.000e-03 (1.000e-03)
2026-03-24 15:21:07,444 - INFO: Epoch: [3][ 50/107]	Time  0.003 ( 0.008)	Loss 3.5004e-01 (4.6396e-01)	Acc pseudo  90.62 ( 86.92)	Lr 1.000e-03 (1.000e-03)
2026-03-24 15:21:07,621 - INFO: Epoch: [3][100/107]	Time  0.003 ( 0.006)	Loss 1.2553e+00 (5.0819e-01)	Acc pseudo  75.00 ( 86.25)	Lr 1.000e-03 (1.000e-03)
2026-03-24 15:21:07,688 - INFO: Round 5, Fine-tune Epoch 3: loss=0.5093, acc(pseudo)=86.22%
2026-03-24 15:21:12,950 - INFO: Round 5, Fine-tune Epoch 3: acc(valid_pseudo): 0.8577, acc: 0.7060
2026-03-24 15:21:12,950 - INFO: Round 5, Speaker Fine-tune Epoch 3: No improvement in validation accuracy. Patience(epoch): 1/3
2026-03-24 15:21:12,950 - INFO: Early stopping at epoch 3 due to significant drop in pseudo-label validation accuracy: 0.9414 -> 0.8577.
2026-03-24 15:21:12,951 - INFO: Round 5: Best speaker fine-tuned epoch=2, acc(valid_pseudo)=0.9414
2026-03-24 15:21:12,958 - INFO: Using HMM model from previous round: runs/the big bang theory/exp_video_ablation/result/b/self_supervised/exp0/round4/pseudo_label/hmm_params.pkl
2026-03-24 15:22:32,801 - INFO: Round 5: speaker_acc=0.8100
2026-03-24 15:22:32,805 - INFO: ====================
2026-03-24 15:22:32,805 - INFO: Round 6: Fine-tuning iteration
2026-03-24 15:22:32,805 - INFO: ====================
2026-03-24 15:22:32,893 - INFO: Round 6 Part 1: Fine-tuning embedding model
2026-03-24 15:22:32,894 - INFO: Using pseudo-label file: runs/the big bang theory/exp_video_ablation/result/b/self_supervised/exp0/round5/pseudo_label/pseudo_labels_audio_hmmx_none(unreliable_pp=20.0).json
2026-03-24 15:22:32,920 - INFO: Fine-tuning speaker embedding model for 20 epochs...
2026-03-24 15:22:33,095 - INFO: Epoch: [0][  0/107]	Time  0.169 ( 0.169)	Loss 4.5690e-01 (4.5690e-01)	Acc pseudo  87.50 ( 87.50)	Lr 1.000e-03 (1.000e-03)
2026-03-24 15:22:33,283 - INFO: Epoch: [0][ 50/107]	Time  0.003 ( 0.007)	Loss 5.8730e-01 (5.7220e-01)	Acc pseudo  85.94 ( 86.00)	Lr 1.000e-03 (1.000e-03)
2026-03-24 15:22:33,427 - INFO: Epoch: [0][100/107]	Time  0.002 ( 0.005)	Loss 6.5521e-01 (5.9576e-01)	Acc pseudo  81.25 ( 85.21)	Lr 1.000e-03 (1.000e-03)
2026-03-24 15:22:33,485 - INFO: Round 6, Fine-tune Epoch 0: loss=0.5947, acc(pseudo)=85.12%
2026-03-24 15:22:38,430 - INFO: Round 6, Fine-tune Epoch 0: acc(valid_pseudo): 0.9130, acc: 0.8105
2026-03-24 15:22:38,920 - INFO: Epoch: [1][  0/107]	Time  0.182 ( 0.182)	Loss 5.8957e-01 (5.8957e-01)	Acc pseudo  82.81 ( 82.81)	Lr 1.000e-03 (1.000e-03)
2026-03-24 15:22:39,098 - INFO: Epoch: [1][ 50/107]	Time  0.004 ( 0.007)	Loss 4.2636e-01 (5.1876e-01)	Acc pseudo  90.62 ( 86.27)	Lr 1.000e-03 (1.000e-03)
2026-03-24 15:22:39,254 - INFO: Epoch: [1][100/107]	Time  0.002 ( 0.005)	Loss 4.8410e-01 (4.9778e-01)	Acc pseudo  87.50 ( 86.15)	Lr 1.000e-03 (1.000e-03)
2026-03-24 15:22:39,317 - INFO: Round 6, Fine-tune Epoch 1: loss=0.5024, acc(pseudo)=85.84%
2026-03-24 15:22:44,051 - INFO: Round 6, Fine-tune Epoch 1: acc(valid_pseudo): 0.9138, acc: 0.7905
2026-03-24 15:22:44,527 - INFO: Epoch: [2][  0/107]	Time  0.168 ( 0.168)	Loss 2.1126e-01 (2.1126e-01)	Acc pseudo  93.75 ( 93.75)	Lr 1.000e-03 (1.000e-03)
2026-03-24 15:22:44,774 - INFO: Epoch: [2][ 50/107]	Time  0.003 ( 0.008)	Loss 4.6531e-01 (4.5868e-01)	Acc pseudo  85.94 ( 86.98)	Lr 1.000e-03 (1.000e-03)
2026-03-24 15:22:44,935 - INFO: Epoch: [2][100/107]	Time  0.002 ( 0.006)	Loss 3.2148e-01 (4.6152e-01)	Acc pseudo  90.62 ( 87.31)	Lr 1.000e-03 (1.000e-03)
2026-03-24 15:22:45,001 - INFO: Round 6, Fine-tune Epoch 2: loss=0.4595, acc(pseudo)=87.29%
2026-03-24 15:22:49,711 - INFO: Round 6, Fine-tune Epoch 2: acc(valid_pseudo): 0.8728, acc: 0.7600
2026-03-24 15:22:49,711 - INFO: Round 6, Speaker Fine-tune Epoch 2: No improvement in validation accuracy. Patience(epoch): 1/3
2026-03-24 15:22:49,893 - INFO: Epoch: [3][  0/107]	Time  0.177 ( 0.177)	Loss 5.1522e-01 (5.1522e-01)	Acc pseudo  85.94 ( 85.94)	Lr 1.000e-03 (1.000e-03)
2026-03-24 15:22:50,084 - INFO: Epoch: [3][ 50/107]	Time  0.004 ( 0.007)	Loss 2.8299e-01 (4.4082e-01)	Acc pseudo  93.75 ( 87.56)	Lr 1.000e-03 (1.000e-03)
2026-03-24 15:22:50,242 - INFO: Epoch: [3][100/107]	Time  0.002 ( 0.005)	Loss 8.3266e-01 (4.5708e-01)	Acc pseudo  79.69 ( 87.18)	Lr 1.000e-03 (1.000e-03)
2026-03-24 15:22:50,303 - INFO: Round 6, Fine-tune Epoch 3: loss=0.4560, acc(pseudo)=87.26%
2026-03-24 15:22:55,255 - INFO: Round 6, Fine-tune Epoch 3: acc(valid_pseudo): 0.8594, acc: 0.7360
2026-03-24 15:22:55,255 - INFO: Round 6, Speaker Fine-tune Epoch 3: No improvement in validation accuracy. Patience(epoch): 2/3
2026-03-24 15:22:55,486 - INFO: Epoch: [4][  0/107]	Time  0.225 ( 0.225)	Loss 3.4373e-01 (3.4373e-01)	Acc pseudo  89.06 ( 89.06)	Lr 1.000e-03 (1.000e-03)
2026-03-24 15:22:55,661 - INFO: Epoch: [4][ 50/107]	Time  0.003 ( 0.008)	Loss 3.3291e-01 (4.5385e-01)	Acc pseudo  89.06 ( 87.25)	Lr 1.000e-03 (1.000e-03)
2026-03-24 15:22:55,812 - INFO: Epoch: [4][100/107]	Time  0.003 ( 0.005)	Loss 5.3512e-01 (4.7799e-01)	Acc pseudo  84.38 ( 86.73)	Lr 1.000e-03 (1.000e-03)
2026-03-24 15:22:55,872 - INFO: Round 6, Fine-tune Epoch 4: loss=0.4797, acc(pseudo)=86.65%
2026-03-24 15:23:00,558 - INFO: Round 6, Fine-tune Epoch 4: acc(valid_pseudo): 0.8862, acc: 0.8180
2026-03-24 15:23:00,558 - INFO: Round 6, Speaker Fine-tune Epoch 4: No improvement in validation accuracy. Patience(epoch): 3/3
2026-03-24 15:23:00,558 - INFO: Early stopping at epoch 4 due to no improvement in validation accuracy for 3 epochs.
2026-03-24 15:23:00,559 - INFO: Round 6: Best speaker fine-tuned epoch=1, acc(valid_pseudo)=0.9138
2026-03-24 15:23:00,568 - INFO: Using HMM model from previous round: runs/the big bang theory/exp_video_ablation/result/b/self_supervised/exp0/round5/pseudo_label/hmm_params.pkl
2026-03-24 15:24:37,766 - INFO: Round 6: speaker_acc=0.7835
2026-03-24 15:24:37,769 - INFO: ====================
2026-03-24 15:24:37,769 - INFO: Round 7: Fine-tuning iteration
2026-03-24 15:24:37,769 - INFO: ====================
2026-03-24 15:24:37,833 - INFO: Round 7 Part 1: Fine-tuning embedding model
2026-03-24 15:24:37,833 - INFO: Using pseudo-label file: runs/the big bang theory/exp_video_ablation/result/b/self_supervised/exp0/round6/pseudo_label/pseudo_labels_audio_hmmx_none(unreliable_pp=20.0).json
2026-03-24 15:24:37,861 - INFO: Fine-tuning speaker embedding model for 20 epochs...
2026-03-24 15:24:38,073 - INFO: Epoch: [0][  0/107]	Time  0.207 ( 0.207)	Loss 1.2646e+00 (1.2646e+00)	Acc pseudo  87.50 ( 87.50)	Lr 1.000e-03 (1.000e-03)
2026-03-24 15:24:38,239 - INFO: Epoch: [0][ 50/107]	Time  0.003 ( 0.007)	Loss 6.3393e-01 (7.8405e-01)	Acc pseudo  84.38 ( 82.08)	Lr 1.000e-03 (1.000e-03)
2026-03-24 15:24:38,385 - INFO: Epoch: [0][100/107]	Time  0.002 ( 0.005)	Loss 8.2809e-01 (7.9357e-01)	Acc pseudo  73.44 ( 81.11)	Lr 1.000e-03 (1.000e-03)
2026-03-24 15:24:38,444 - INFO: Round 7, Fine-tune Epoch 0: loss=0.7941, acc(pseudo)=81.10%
2026-03-24 15:24:43,531 - INFO: Round 7, Fine-tune Epoch 0: acc(valid_pseudo): 0.9130, acc: 0.7955
2026-03-24 15:24:44,226 - INFO: Epoch: [1][  0/107]	Time  0.184 ( 0.184)	Loss 6.4193e-01 (6.4193e-01)	Acc pseudo  79.69 ( 79.69)	Lr 1.000e-03 (1.000e-03)
2026-03-24 15:24:44,387 - INFO: Epoch: [1][ 50/107]	Time  0.003 ( 0.007)	Loss 6.2212e-01 (6.4217e-01)	Acc pseudo  79.69 ( 82.38)	Lr 1.000e-03 (1.000e-03)
2026-03-24 15:24:44,536 - INFO: Epoch: [1][100/107]	Time  0.002 ( 0.005)	Loss 9.1770e-01 (6.4518e-01)	Acc pseudo  84.38 ( 82.43)	Lr 1.000e-03 (1.000e-03)
2026-03-24 15:24:44,597 - INFO: Round 7, Fine-tune Epoch 1: loss=0.6456, acc(pseudo)=82.35%
2026-03-24 15:24:49,431 - INFO: Round 7, Fine-tune Epoch 1: acc(valid_pseudo): 0.9222, acc: 0.8145
2026-03-24 15:24:49,896 - INFO: Epoch: [2][  0/107]	Time  0.168 ( 0.168)	Loss 4.2993e-01 (4.2993e-01)	Acc pseudo  89.06 ( 89.06)	Lr 1.000e-03 (1.000e-03)
2026-03-24 15:24:50,059 - INFO: Epoch: [2][ 50/107]	Time  0.003 ( 0.006)	Loss 4.4456e-01 (5.9194e-01)	Acc pseudo  90.62 ( 83.39)	Lr 1.000e-03 (1.000e-03)
2026-03-24 15:24:50,209 - INFO: Epoch: [2][100/107]	Time  0.002 ( 0.005)	Loss 3.8650e-01 (6.0192e-01)	Acc pseudo  84.38 ( 82.89)	Lr 1.000e-03 (1.000e-03)
2026-03-24 15:24:50,269 - INFO: Round 7, Fine-tune Epoch 2: loss=0.6039, acc(pseudo)=82.97%
2026-03-24 15:24:54,898 - INFO: Round 7, Fine-tune Epoch 2: acc(valid_pseudo): 0.8987, acc: 0.7915
2026-03-24 15:24:54,898 - INFO: Round 7, Speaker Fine-tune Epoch 2: No improvement in validation accuracy. Patience(epoch): 1/3
2026-03-24 15:24:55,069 - INFO: Epoch: [3][  0/107]	Time  0.166 ( 0.166)	Loss 5.3962e-01 (5.3962e-01)	Acc pseudo  87.50 ( 87.50)	Lr 1.000e-03 (1.000e-03)
2026-03-24 15:24:55,290 - INFO: Epoch: [3][ 50/107]	Time  0.003 ( 0.007)	Loss 4.5088e-01 (5.5061e-01)	Acc pseudo  84.38 ( 83.70)	Lr 1.000e-03 (1.000e-03)
2026-03-24 15:24:55,446 - INFO: Epoch: [3][100/107]	Time  0.002 ( 0.005)	Loss 8.7571e-01 (5.6621e-01)	Acc pseudo  68.75 ( 83.62)	Lr 1.000e-03 (1.000e-03)
2026-03-24 15:24:55,510 - INFO: Round 7, Fine-tune Epoch 3: loss=0.5647, acc(pseudo)=83.72%
2026-03-24 15:25:01,814 - INFO: Round 7, Fine-tune Epoch 3: acc(valid_pseudo): 0.9188, acc: 0.8160
2026-03-24 15:25:01,814 - INFO: Round 7, Speaker Fine-tune Epoch 3: No improvement in validation accuracy. Patience(epoch): 2/3
2026-03-24 15:25:01,988 - INFO: Epoch: [4][  0/107]	Time  0.168 ( 0.168)	Loss 4.4993e-01 (4.4993e-01)	Acc pseudo  89.06 ( 89.06)	Lr 1.000e-03 (1.000e-03)
2026-03-24 15:25:02,162 - INFO: Epoch: [4][ 50/107]	Time  0.003 ( 0.007)	Loss 3.8869e-01 (5.2835e-01)	Acc pseudo  85.94 ( 84.53)	Lr 1.000e-03 (1.000e-03)
2026-03-24 15:25:02,309 - INFO: Epoch: [4][100/107]	Time  0.002 ( 0.005)	Loss 5.2617e-01 (5.3786e-01)	Acc pseudo  82.81 ( 84.31)	Lr 1.000e-03 (1.000e-03)
2026-03-24 15:25:02,370 - INFO: Round 7, Fine-tune Epoch 4: loss=0.5403, acc(pseudo)=84.32%
2026-03-24 15:25:06,987 - INFO: Round 7, Fine-tune Epoch 4: acc(valid_pseudo): 0.9255, acc: 0.8230
2026-03-24 15:25:07,478 - INFO: Epoch: [5][  0/107]	Time  0.174 ( 0.174)	Loss 4.0616e-01 (4.0616e-01)	Acc pseudo  85.94 ( 85.94)	Lr 1.000e-03 (1.000e-03)
2026-03-24 15:25:07,650 - INFO: Epoch: [5][ 50/107]	Time  0.003 ( 0.007)	Loss 5.3871e-01 (5.3187e-01)	Acc pseudo  79.69 ( 83.79)	Lr 1.000e-03 (1.000e-03)
2026-03-24 15:25:07,799 - INFO: Epoch: [5][100/107]	Time  0.002 ( 0.005)	Loss 5.7935e-01 (5.2594e-01)	Acc pseudo  84.38 ( 84.10)	Lr 1.000e-03 (1.000e-03)
2026-03-24 15:25:07,859 - INFO: Round 7, Fine-tune Epoch 5: loss=0.5321, acc(pseudo)=83.94%
2026-03-24 15:25:13,246 - INFO: Round 7, Fine-tune Epoch 5: acc(valid_pseudo): 0.9146, acc: 0.8260
2026-03-24 15:25:13,247 - INFO: Round 7, Speaker Fine-tune Epoch 5: No improvement in validation accuracy. Patience(epoch): 1/3
2026-03-24 15:25:13,426 - INFO: Epoch: [6][  0/107]	Time  0.173 ( 0.173)	Loss 4.1441e-01 (4.1441e-01)	Acc pseudo  87.50 ( 87.50)	Lr 1.000e-03 (1.000e-03)
2026-03-24 15:25:13,711 - INFO: Epoch: [6][ 50/107]	Time  0.003 ( 0.009)	Loss 5.4716e-01 (5.1165e-01)	Acc pseudo  87.50 ( 84.68)	Lr 1.000e-03 (1.000e-03)
2026-03-24 15:25:13,863 - INFO: Epoch: [6][100/107]	Time  0.002 ( 0.006)	Loss 5.8742e-01 (5.3676e-01)	Acc pseudo  81.25 ( 84.11)	Lr 1.000e-03 (1.000e-03)
2026-03-24 15:25:13,925 - INFO: Round 7, Fine-tune Epoch 6: loss=0.5442, acc(pseudo)=83.95%
2026-03-24 15:25:19,056 - INFO: Round 7, Fine-tune Epoch 6: acc(valid_pseudo): 0.9222, acc: 0.8180
2026-03-24 15:25:19,056 - INFO: Round 7, Speaker Fine-tune Epoch 6: No improvement in validation accuracy. Patience(epoch): 2/3
2026-03-24 15:25:19,237 - INFO: Epoch: [7][  0/107]	Time  0.175 ( 0.175)	Loss 7.0509e-01 (7.0509e-01)	Acc pseudo  81.25 ( 81.25)	Lr 1.000e-03 (1.000e-03)
2026-03-24 15:25:19,401 - INFO: Epoch: [7][ 50/107]	Time  0.003 ( 0.007)	Loss 5.4510e-01 (5.1169e-01)	Acc pseudo  82.81 ( 84.28)	Lr 1.000e-03 (1.000e-03)
2026-03-24 15:25:19,550 - INFO: Epoch: [7][100/107]	Time  0.002 ( 0.005)	Loss 5.4057e-01 (5.2351e-01)	Acc pseudo  78.12 ( 84.20)	Lr 1.000e-03 (1.000e-03)
2026-03-24 15:25:19,612 - INFO: Round 7, Fine-tune Epoch 7: loss=0.5240, acc(pseudo)=84.23%
2026-03-24 15:25:24,081 - INFO: Round 7, Fine-tune Epoch 7: acc(valid_pseudo): 0.9029, acc: 0.8090
2026-03-24 15:25:24,081 - INFO: Round 7, Speaker Fine-tune Epoch 7: No improvement in validation accuracy. Patience(epoch): 3/3
2026-03-24 15:25:24,081 - INFO: Early stopping at epoch 7 due to no improvement in validation accuracy for 3 epochs.
2026-03-24 15:25:24,083 - INFO: Round 7: Best speaker fine-tuned epoch=4, acc(valid_pseudo)=0.9255
2026-03-24 15:25:24,091 - INFO: Using HMM model from previous round: runs/the big bang theory/exp_video_ablation/result/b/self_supervised/exp0/round6/pseudo_label/hmm_params.pkl
2026-03-24 15:26:26,538 - INFO: Round 7: speaker_acc=0.7830
2026-03-24 15:26:26,541 - INFO: ====================
2026-03-24 15:26:26,541 - INFO: Round 8: Fine-tuning iteration
2026-03-24 15:26:26,541 - INFO: ====================
2026-03-24 15:26:26,625 - INFO: Round 8 Part 1: Fine-tuning embedding model
2026-03-24 15:26:26,626 - INFO: Using pseudo-label file: runs/the big bang theory/exp_video_ablation/result/b/self_supervised/exp0/round7/pseudo_label/pseudo_labels_audio_hmmx_none(unreliable_pp=20.0).json
2026-03-24 15:26:26,645 - INFO: Fine-tuning speaker embedding model for 20 epochs...
2026-03-24 15:26:26,820 - INFO: Epoch: [0][  0/107]	Time  0.171 ( 0.171)	Loss 6.1998e-01 (6.1998e-01)	Acc pseudo  84.38 ( 84.38)	Lr 1.000e-03 (1.000e-03)
2026-03-24 15:26:26,985 - INFO: Epoch: [0][ 50/107]	Time  0.003 ( 0.007)	Loss 5.3109e-01 (6.2734e-01)	Acc pseudo  85.94 ( 84.59)	Lr 1.000e-03 (1.000e-03)
2026-03-24 15:26:27,138 - INFO: Epoch: [0][100/107]	Time  0.002 ( 0.005)	Loss 8.0913e-01 (6.5496e-01)	Acc pseudo  78.12 ( 84.33)	Lr 1.000e-03 (1.000e-03)
2026-03-24 15:26:27,198 - INFO: Round 8, Fine-tune Epoch 0: loss=0.6539, acc(pseudo)=84.27%
2026-03-24 15:26:31,855 - INFO: Round 8, Fine-tune Epoch 0: acc(valid_pseudo): 0.9105, acc: 0.7815
2026-03-24 15:26:32,309 - INFO: Epoch: [1][  0/107]	Time  0.170 ( 0.170)	Loss 8.1606e-01 (8.1606e-01)	Acc pseudo  84.38 ( 84.38)	Lr 1.000e-03 (1.000e-03)
2026-03-24 15:26:32,475 - INFO: Epoch: [1][ 50/107]	Time  0.004 ( 0.006)	Loss 7.4449e-01 (5.2719e-01)	Acc pseudo  82.81 ( 85.08)	Lr 1.000e-03 (1.000e-03)
2026-03-24 15:26:32,636 - INFO: Epoch: [1][100/107]	Time  0.002 ( 0.005)	Loss 5.7991e-01 (5.3080e-01)	Acc pseudo  85.94 ( 85.52)	Lr 1.000e-03 (1.000e-03)
2026-03-24 15:26:32,701 - INFO: Round 8, Fine-tune Epoch 1: loss=0.5345, acc(pseudo)=85.37%
2026-03-24 15:26:37,323 - INFO: Round 8, Fine-tune Epoch 1: acc(valid_pseudo): 0.9230, acc: 0.8005
2026-03-24 15:26:37,802 - INFO: Epoch: [2][  0/107]	Time  0.185 ( 0.185)	Loss 1.8765e-01 (1.8765e-01)	Acc pseudo  96.88 ( 96.88)	Lr 1.000e-03 (1.000e-03)
2026-03-24 15:26:37,964 - INFO: Epoch: [2][ 50/107]	Time  0.003 ( 0.007)	Loss 3.5677e-01 (4.9441e-01)	Acc pseudo  87.50 ( 86.80)	Lr 1.000e-03 (1.000e-03)
2026-03-24 15:26:38,121 - INFO: Epoch: [2][100/107]	Time  0.002 ( 0.005)	Loss 3.5257e-01 (5.0040e-01)	Acc pseudo  87.50 ( 86.53)	Lr 1.000e-03 (1.000e-03)
2026-03-24 15:26:38,201 - INFO: Round 8, Fine-tune Epoch 2: loss=0.5005, acc(pseudo)=86.50%
2026-03-24 15:26:42,588 - INFO: Round 8, Fine-tune Epoch 2: acc(valid_pseudo): 0.8912, acc: 0.7845
2026-03-24 15:26:42,588 - INFO: Round 8, Speaker Fine-tune Epoch 2: No improvement in validation accuracy. Patience(epoch): 1/3
2026-03-24 15:26:42,843 - INFO: Epoch: [3][  0/107]	Time  0.250 ( 0.250)	Loss 3.8775e-01 (3.8775e-01)	Acc pseudo  87.50 ( 87.50)	Lr 1.000e-03 (1.000e-03)
2026-03-24 15:26:43,091 - INFO: Epoch: [3][ 50/107]	Time  0.003 ( 0.010)	Loss 4.7682e-01 (4.5065e-01)	Acc pseudo  87.50 ( 86.95)	Lr 1.000e-03 (1.000e-03)
2026-03-24 15:26:43,258 - INFO: Epoch: [3][100/107]	Time  0.002 ( 0.006)	Loss 6.1857e-01 (4.6920e-01)	Acc pseudo  79.69 ( 87.07)	Lr 1.000e-03 (1.000e-03)
2026-03-24 15:26:43,320 - INFO: Round 8, Fine-tune Epoch 3: loss=0.4720, acc(pseudo)=87.03%
2026-03-24 15:26:50,096 - INFO: Round 8, Fine-tune Epoch 3: acc(valid_pseudo): 0.9113, acc: 0.7945
2026-03-24 15:26:50,097 - INFO: Round 8, Speaker Fine-tune Epoch 3: No improvement in validation accuracy. Patience(epoch): 2/3
2026-03-24 15:26:50,303 - INFO: Epoch: [4][  0/107]	Time  0.201 ( 0.201)	Loss 2.7957e-01 (2.7957e-01)	Acc pseudo  92.19 ( 92.19)	Lr 1.000e-03 (1.000e-03)
2026-03-24 15:26:50,521 - INFO: Epoch: [4][ 50/107]	Time  0.003 ( 0.008)	Loss 4.1767e-01 (4.3888e-01)	Acc pseudo  89.06 ( 87.38)	Lr 1.000e-03 (1.000e-03)
2026-03-24 15:26:50,696 - INFO: Epoch: [4][100/107]	Time  0.002 ( 0.006)	Loss 3.2070e-01 (4.4067e-01)	Acc pseudo  87.50 ( 87.25)	Lr 1.000e-03 (1.000e-03)
2026-03-24 15:26:50,756 - INFO: Round 8, Fine-tune Epoch 4: loss=0.4429, acc(pseudo)=87.23%
2026-03-24 15:26:55,507 - INFO: Round 8, Fine-tune Epoch 4: acc(valid_pseudo): 0.9389, acc: 0.8300
2026-03-24 15:26:55,977 - INFO: Epoch: [5][  0/107]	Time  0.178 ( 0.178)	Loss 3.1622e-01 (3.1622e-01)	Acc pseudo  89.06 ( 89.06)	Lr 1.000e-03 (1.000e-03)
2026-03-24 15:26:56,177 - INFO: Epoch: [5][ 50/107]	Time  0.003 ( 0.007)	Loss 7.0694e-01 (4.1900e-01)	Acc pseudo  82.81 ( 87.65)	Lr 1.000e-03 (1.000e-03)
2026-03-24 15:26:56,333 - INFO: Epoch: [5][100/107]	Time  0.002 ( 0.005)	Loss 3.8951e-01 (4.2100e-01)	Acc pseudo  87.50 ( 87.87)	Lr 1.000e-03 (1.000e-03)
2026-03-24 15:26:56,398 - INFO: Round 8, Fine-tune Epoch 5: loss=0.4283, acc(pseudo)=87.73%
2026-03-24 15:27:01,130 - INFO: Round 8, Fine-tune Epoch 5: acc(valid_pseudo): 0.9213, acc: 0.8240
2026-03-24 15:27:01,131 - INFO: Round 8, Speaker Fine-tune Epoch 5: No improvement in validation accuracy. Patience(epoch): 1/3
2026-03-24 15:27:01,347 - INFO: Epoch: [6][  0/107]	Time  0.211 ( 0.211)	Loss 4.7592e-01 (4.7592e-01)	Acc pseudo  87.50 ( 87.50)	Lr 1.000e-03 (1.000e-03)
2026-03-24 15:27:01,646 - INFO: Epoch: [6][ 50/107]	Time  0.003 ( 0.010)	Loss 4.0603e-01 (4.4192e-01)	Acc pseudo  90.62 ( 87.71)	Lr 1.000e-03 (1.000e-03)
2026-03-24 15:27:01,806 - INFO: Epoch: [6][100/107]	Time  0.002 ( 0.007)	Loss 3.6293e-01 (4.3777e-01)	Acc pseudo  90.62 ( 87.61)	Lr 1.000e-03 (1.000e-03)
2026-03-24 15:27:01,867 - INFO: Round 8, Fine-tune Epoch 6: loss=0.4430, acc(pseudo)=87.49%
2026-03-24 15:27:06,906 - INFO: Round 8, Fine-tune Epoch 6: acc(valid_pseudo): 0.9205, acc: 0.7790
2026-03-24 15:27:06,907 - INFO: Round 8, Speaker Fine-tune Epoch 6: No improvement in validation accuracy. Patience(epoch): 2/3
2026-03-24 15:27:07,082 - INFO: Epoch: [7][  0/107]	Time  0.171 ( 0.171)	Loss 4.5906e-01 (4.5906e-01)	Acc pseudo  87.50 ( 87.50)	Lr 1.000e-03 (1.000e-03)
2026-03-24 15:27:07,256 - INFO: Epoch: [7][ 50/107]	Time  0.003 ( 0.007)	Loss 3.4764e-01 (4.1233e-01)	Acc pseudo  96.88 ( 88.42)	Lr 1.000e-03 (1.000e-03)
2026-03-24 15:27:07,415 - INFO: Epoch: [7][100/107]	Time  0.002 ( 0.005)	Loss 4.1487e-01 (4.1915e-01)	Acc pseudo  85.94 ( 88.12)	Lr 1.000e-03 (1.000e-03)
2026-03-24 15:27:07,473 - INFO: Round 8, Fine-tune Epoch 7: loss=0.4205, acc(pseudo)=88.14%
2026-03-24 15:27:11,867 - INFO: Round 8, Fine-tune Epoch 7: acc(valid_pseudo): 0.9280, acc: 0.7995
2026-03-24 15:27:11,868 - INFO: Round 8, Speaker Fine-tune Epoch 7: No improvement in validation accuracy. Patience(epoch): 3/3
2026-03-24 15:27:11,868 - INFO: Early stopping at epoch 7 due to no improvement in validation accuracy for 3 epochs.
2026-03-24 15:27:11,869 - INFO: Round 8: Best speaker fine-tuned epoch=4, acc(valid_pseudo)=0.9389
2026-03-24 15:27:11,876 - INFO: Using HMM model from previous round: runs/the big bang theory/exp_video_ablation/result/b/self_supervised/exp0/round7/pseudo_label/hmm_params.pkl
2026-03-24 15:28:07,636 - INFO: Round 8: speaker_acc=0.7965
2026-03-24 15:28:07,638 - INFO: ====================
2026-03-24 15:28:07,638 - INFO: Round 9: Fine-tuning iteration
2026-03-24 15:28:07,638 - INFO: ====================
2026-03-24 15:28:07,697 - INFO: Round 9 Part 1: Fine-tuning embedding model
2026-03-24 15:28:07,698 - INFO: Using pseudo-label file: runs/the big bang theory/exp_video_ablation/result/b/self_supervised/exp0/round8/pseudo_label/pseudo_labels_audio_hmmx_none(unreliable_pp=20.0).json
2026-03-24 15:28:07,728 - INFO: Fine-tuning speaker embedding model for 20 epochs...
2026-03-24 15:28:08,043 - INFO: Epoch: [0][  0/107]	Time  0.309 ( 0.309)	Loss 4.0338e-01 (4.0338e-01)	Acc pseudo  85.94 ( 85.94)	Lr 1.000e-03 (1.000e-03)
2026-03-24 15:28:08,226 - INFO: Epoch: [0][ 50/107]	Time  0.003 ( 0.010)	Loss 4.4850e-01 (6.8109e-01)	Acc pseudo  85.94 ( 85.94)	Lr 1.000e-03 (1.000e-03)
2026-03-24 15:28:08,377 - INFO: Epoch: [0][100/107]	Time  0.002 ( 0.006)	Loss 4.5294e-01 (6.6740e-01)	Acc pseudo  89.06 ( 85.80)	Lr 1.000e-03 (1.000e-03)
2026-03-24 15:28:08,440 - INFO: Round 9, Fine-tune Epoch 0: loss=0.6663, acc(pseudo)=85.72%
2026-03-24 15:28:12,811 - INFO: Round 9, Fine-tune Epoch 0: acc(valid_pseudo): 0.9105, acc: 0.8015
2026-03-24 15:28:13,273 - INFO: Epoch: [1][  0/107]	Time  0.185 ( 0.185)	Loss 9.2267e-01 (9.2267e-01)	Acc pseudo  82.81 ( 82.81)	Lr 1.000e-03 (1.000e-03)
2026-03-24 15:28:13,477 - INFO: Epoch: [1][ 50/107]	Time  0.004 ( 0.008)	Loss 6.6125e-01 (5.3499e-01)	Acc pseudo  82.81 ( 85.81)	Lr 1.000e-03 (1.000e-03)
2026-03-24 15:28:13,659 - INFO: Epoch: [1][100/107]	Time  0.002 ( 0.006)	Loss 4.6117e-01 (5.1997e-01)	Acc pseudo  93.75 ( 86.56)	Lr 1.000e-03 (1.000e-03)
2026-03-24 15:28:13,720 - INFO: Round 9, Fine-tune Epoch 1: loss=0.5297, acc(pseudo)=86.40%
2026-03-24 15:28:18,656 - INFO: Round 9, Fine-tune Epoch 1: acc(valid_pseudo): 0.9046, acc: 0.7995
2026-03-24 15:28:18,657 - INFO: Round 9, Speaker Fine-tune Epoch 1: No improvement in validation accuracy. Patience(epoch): 1/3
2026-03-24 15:28:18,843 - INFO: Epoch: [2][  0/107]	Time  0.181 ( 0.181)	Loss 3.6602e-01 (3.6602e-01)	Acc pseudo  92.19 ( 92.19)	Lr 1.000e-03 (1.000e-03)
2026-03-24 15:28:19,018 - INFO: Epoch: [2][ 50/107]	Time  0.003 ( 0.007)	Loss 5.4502e-01 (4.9673e-01)	Acc pseudo  84.38 ( 87.16)	Lr 1.000e-03 (1.000e-03)
2026-03-24 15:28:19,172 - INFO: Epoch: [2][100/107]	Time  0.002 ( 0.005)	Loss 6.7855e-01 (4.8344e-01)	Acc pseudo  89.06 ( 87.42)	Lr 1.000e-03 (1.000e-03)
2026-03-24 15:28:19,232 - INFO: Round 9, Fine-tune Epoch 2: loss=0.4917, acc(pseudo)=87.27%
2026-03-24 15:28:23,975 - INFO: Round 9, Fine-tune Epoch 2: acc(valid_pseudo): 0.9054, acc: 0.8035
2026-03-24 15:28:23,976 - INFO: Round 9, Speaker Fine-tune Epoch 2: No improvement in validation accuracy. Patience(epoch): 2/3
2026-03-24 15:28:24,142 - INFO: Epoch: [3][  0/107]	Time  0.161 ( 0.161)	Loss 3.8421e-01 (3.8421e-01)	Acc pseudo  84.38 ( 84.38)	Lr 1.000e-03 (1.000e-03)
2026-03-24 15:28:24,312 - INFO: Epoch: [3][ 50/107]	Time  0.003 ( 0.006)	Loss 2.6474e-01 (4.3096e-01)	Acc pseudo  92.19 ( 88.39)	Lr 1.000e-03 (1.000e-03)
2026-03-24 15:28:24,458 - INFO: Epoch: [3][100/107]	Time  0.002 ( 0.005)	Loss 7.1881e-01 (4.5434e-01)	Acc pseudo  81.25 ( 87.65)	Lr 1.000e-03 (1.000e-03)
2026-03-24 15:28:24,518 - INFO: Round 9, Fine-tune Epoch 3: loss=0.4511, acc(pseudo)=87.74%
2026-03-24 15:28:29,176 - INFO: Round 9, Fine-tune Epoch 3: acc(valid_pseudo): 0.9238, acc: 0.8040
2026-03-24 15:28:29,631 - INFO: Epoch: [4][  0/107]	Time  0.168 ( 0.168)	Loss 2.8043e-01 (2.8043e-01)	Acc pseudo  93.75 ( 93.75)	Lr 1.000e-03 (1.000e-03)
2026-03-24 15:28:29,796 - INFO: Epoch: [4][ 50/107]	Time  0.003 ( 0.006)	Loss 4.1257e-01 (3.9372e-01)	Acc pseudo  90.62 ( 88.97)	Lr 1.000e-03 (1.000e-03)
2026-03-24 15:28:29,949 - INFO: Epoch: [4][100/107]	Time  0.002 ( 0.005)	Loss 3.3625e-01 (4.1471e-01)	Acc pseudo  90.62 ( 88.49)	Lr 1.000e-03 (1.000e-03)
2026-03-24 15:28:30,008 - INFO: Round 9, Fine-tune Epoch 4: loss=0.4178, acc(pseudo)=88.40%
2026-03-24 15:28:35,229 - INFO: Round 9, Fine-tune Epoch 4: acc(valid_pseudo): 0.9172, acc: 0.8235
2026-03-24 15:28:35,229 - INFO: Round 9, Speaker Fine-tune Epoch 4: No improvement in validation accuracy. Patience(epoch): 1/3
2026-03-24 15:28:35,530 - INFO: Epoch: [5][  0/107]	Time  0.296 ( 0.296)	Loss 3.4275e-01 (3.4275e-01)	Acc pseudo  90.62 ( 90.62)	Lr 1.000e-03 (1.000e-03)
2026-03-24 15:28:35,695 - INFO: Epoch: [5][ 50/107]	Time  0.003 ( 0.009)	Loss 3.7453e-01 (4.2783e-01)	Acc pseudo  85.94 ( 87.81)	Lr 1.000e-03 (1.000e-03)
2026-03-24 15:28:35,852 - INFO: Epoch: [5][100/107]	Time  0.002 ( 0.006)	Loss 4.5548e-01 (4.2328e-01)	Acc pseudo  84.38 ( 88.20)	Lr 1.000e-03 (1.000e-03)
2026-03-24 15:28:35,914 - INFO: Round 9, Fine-tune Epoch 5: loss=0.4209, acc(pseudo)=88.18%
2026-03-24 15:28:40,476 - INFO: Round 9, Fine-tune Epoch 5: acc(valid_pseudo): 0.9197, acc: 0.7940
2026-03-24 15:28:40,477 - INFO: Round 9, Speaker Fine-tune Epoch 5: No improvement in validation accuracy. Patience(epoch): 2/3
2026-03-24 15:28:40,658 - INFO: Epoch: [6][  0/107]	Time  0.175 ( 0.175)	Loss 5.1933e-01 (5.1933e-01)	Acc pseudo  81.25 ( 81.25)	Lr 1.000e-03 (1.000e-03)
2026-03-24 15:28:40,851 - INFO: Epoch: [6][ 50/107]	Time  0.004 ( 0.007)	Loss 3.3540e-01 (3.9759e-01)	Acc pseudo  90.62 ( 88.82)	Lr 1.000e-03 (1.000e-03)
2026-03-24 15:28:41,040 - INFO: Epoch: [6][100/107]	Time  0.003 ( 0.005)	Loss 5.7911e-01 (4.1568e-01)	Acc pseudo  84.38 ( 88.54)	Lr 1.000e-03 (1.000e-03)
2026-03-24 15:28:41,105 - INFO: Round 9, Fine-tune Epoch 6: loss=0.4177, acc(pseudo)=88.56%
2026-03-24 15:28:46,872 - INFO: Round 9, Fine-tune Epoch 6: acc(valid_pseudo): 0.9163, acc: 0.7935
2026-03-24 15:28:46,873 - INFO: Round 9, Speaker Fine-tune Epoch 6: No improvement in validation accuracy. Patience(epoch): 3/3
2026-03-24 15:28:46,873 - INFO: Early stopping at epoch 6 due to no improvement in validation accuracy for 3 epochs.
2026-03-24 15:28:46,874 - INFO: Round 9: Best speaker fine-tuned epoch=3, acc(valid_pseudo)=0.9238
2026-03-24 15:28:46,882 - INFO: Using HMM model from previous round: runs/the big bang theory/exp_video_ablation/result/b/self_supervised/exp0/round8/pseudo_label/hmm_params.pkl
2026-03-24 15:29:42,740 - INFO: Round 9: speaker_acc=0.7865
2026-03-24 15:29:42,742 - INFO: ====================
2026-03-24 15:29:42,742 - INFO: Self-supervised fine-tuning completed!
2026-03-24 15:29:42,742 - INFO: Initial speaker: acc=0.8250
2026-03-24 15:29:42,742 - INFO: Final speaker at round 9: acc=0.7865
2026-03-24 15:29:42,742 - INFO: Speaker improvement: -0.0385 (-4.67%)
2026-03-24 15:29:42,743 - INFO: ====================
