2025-12-20 15:31:43,530 - INFO: Starting self-supervised fine-tuning pipeline
2025-12-20 15:31:43,532 - INFO: Device: cuda:0
2025-12-20 15:31:43,535 - INFO: Saved arguments to runs/the big bang theory/exp_video/result/self_supervised/exp0/args.json
2025-12-20 15:31:43,535 - INFO: ====================
2025-12-20 15:31:43,535 - INFO: Initialization: Initial clustering with HMM correction
2025-12-20 15:31:43,535 - INFO: ====================
2025-12-20 15:31:43,580 - INFO: Skipping initial clustering, using existing results.
2025-12-20 15:32:00,503 - INFO: Initial: acc(valid)=0.9000, acc(test)=0.9162
2025-12-20 15:32:00,532 - INFO: ====================
2025-12-20 15:32:00,532 - INFO: Round 0: Fine-tuning iteration
2025-12-20 15:32:00,532 - INFO: ====================
2025-12-20 15:32:00,539 - INFO: Round 0 Part 1: Fine-tuning embedding model
2025-12-20 15:32:00,547 - INFO: Using pseudo-label file: runs/the big bang theory/exp_video/result/self_supervised/exp0/initial/pseudo_label/pseudo_labels_audio_nested_hmm_full(unreliable_pp=5.0).json
2025-12-20 15:32:03,690 - INFO: Embedding dimension: 512
2025-12-20 15:32:04,238 - INFO: Saved config_model to runs/the big bang theory/exp_video/result/self_supervised/exp0/round0/config_model.json
2025-12-20 15:33:57,661 - INFO: Extracting hidden features for all samples,which are outputs of StatsPool layer...
2025-12-20 15:33:57,661 - INFO: args.unfrozen_layers_num=2 is not used when extracting hidden features.
2025-12-20 15:37:38,826 - INFO: Hidden features extracted for 6829 samples
2025-12-20 15:37:38,990 - INFO: Warmup training classifier for 2 epochs...
2025-12-20 15:37:39,684 - INFO: Epoch: [0][  0/107]	Time  0.691 ( 0.691)	Loss 2.4801e+00 (2.4801e+00)	Acc pseudo   6.25 (  6.25)	Lr 1.000e-03 (1.000e-03)
2025-12-20 15:37:39,840 - INFO: Epoch: [0][ 50/107]	Time  0.003 ( 0.017)	Loss 8.2399e-01 (1.2069e+00)	Acc pseudo  85.94 ( 77.94)	Lr 1.000e-03 (1.000e-03)
2025-12-20 15:37:39,969 - INFO: Epoch: [0][100/107]	Time  0.002 ( 0.010)	Loss 6.1822e-01 (8.6168e-01)	Acc pseudo  92.19 ( 84.93)	Lr 1.000e-03 (1.000e-03)
2025-12-20 15:37:40,029 - INFO: Round 0, Warmup Epoch 0: loss=0.8424, acc(pseudo)=85.22%
2025-12-20 15:37:40,289 - INFO: Epoch: [1][  0/107]	Time  0.253 ( 0.253)	Loss 4.9842e-01 (4.9842e-01)	Acc pseudo  93.75 ( 93.75)	Lr 1.000e-03 (1.000e-03)
2025-12-20 15:37:40,430 - INFO: Epoch: [1][ 50/107]	Time  0.003 ( 0.008)	Loss 3.2509e-01 (3.9057e-01)	Acc pseudo  90.62 ( 92.65)	Lr 1.000e-03 (1.000e-03)
2025-12-20 15:37:40,557 - INFO: Epoch: [1][100/107]	Time  0.002 ( 0.005)	Loss 3.2438e-01 (3.6539e-01)	Acc pseudo  89.06 ( 93.04)	Lr 1.000e-03 (1.000e-03)
2025-12-20 15:37:40,616 - INFO: Round 0, Warmup Epoch 1: loss=0.3661, acc(pseudo)=93.03%
2025-12-20 15:37:40,635 - INFO: Fine-tuning embedding model for 20 epochs...
2025-12-20 15:37:41,547 - INFO: Epoch: [0][  0/107]	Time  0.909 ( 0.909)	Loss 3.2925e-01 (3.2925e-01)	Acc pseudo  93.75 ( 93.75)	Lr 1.000e-03 (1.000e-03)
2025-12-20 15:37:41,696 - INFO: Epoch: [0][ 50/107]	Time  0.003 ( 0.021)	Loss 4.6008e-01 (5.2186e-01)	Acc pseudo  87.50 ( 89.74)	Lr 1.000e-03 (1.000e-03)
2025-12-20 15:37:41,841 - INFO: Epoch: [0][100/107]	Time  0.002 ( 0.012)	Loss 1.8281e-01 (4.7913e-01)	Acc pseudo  98.44 ( 90.24)	Lr 1.000e-03 (1.000e-03)
2025-12-20 15:37:41,902 - INFO: Round 0, Fine-tune Epoch 0: loss=0.4711, acc(pseudo)=90.32%
2025-12-20 15:37:51,646 - INFO: Round 0, Fine-tune Epoch 0: acc(valid_pseudo): 0.8803, acc(valid): 0.8475
2025-12-20 15:37:52,099 - INFO: Epoch: [1][  0/107]	Time  0.167 ( 0.167)	Loss 2.2221e-01 (2.2221e-01)	Acc pseudo  93.75 ( 93.75)	Lr 1.000e-03 (1.000e-03)
2025-12-20 15:37:52,284 - INFO: Epoch: [1][ 50/107]	Time  0.003 ( 0.007)	Loss 5.2685e-01 (3.4097e-01)	Acc pseudo  85.94 ( 92.40)	Lr 1.000e-03 (1.000e-03)
2025-12-20 15:37:52,426 - INFO: Epoch: [1][100/107]	Time  0.002 ( 0.005)	Loss 9.8334e-02 (3.2677e-01)	Acc pseudo  96.88 ( 92.70)	Lr 1.000e-03 (1.000e-03)
2025-12-20 15:37:52,486 - INFO: Round 0, Fine-tune Epoch 1: loss=0.3250, acc(pseudo)=92.81%
2025-12-20 15:38:03,945 - INFO: Round 0, Fine-tune Epoch 1: acc(valid_pseudo): 0.9741, acc(valid): 0.8650
2025-12-20 15:38:04,541 - INFO: Epoch: [2][  0/107]	Time  0.170 ( 0.170)	Loss 1.9160e-01 (1.9160e-01)	Acc pseudo  93.75 ( 93.75)	Lr 1.000e-03 (1.000e-03)
2025-12-20 15:38:04,710 - INFO: Epoch: [2][ 50/107]	Time  0.003 ( 0.007)	Loss 1.2780e-01 (2.7689e-01)	Acc pseudo  98.44 ( 93.84)	Lr 1.000e-03 (1.000e-03)
2025-12-20 15:38:04,851 - INFO: Epoch: [2][100/107]	Time  0.002 ( 0.005)	Loss 1.5568e-01 (2.6475e-01)	Acc pseudo  95.31 ( 93.83)	Lr 1.000e-03 (1.000e-03)
2025-12-20 15:38:04,914 - INFO: Round 0, Fine-tune Epoch 2: loss=0.2672, acc(pseudo)=93.92%
2025-12-20 15:38:14,729 - INFO: Round 0, Fine-tune Epoch 2: acc(valid_pseudo): 0.9757, acc(valid): 0.8875
2025-12-20 15:38:15,204 - INFO: Epoch: [3][  0/107]	Time  0.175 ( 0.175)	Loss 4.2735e-01 (4.2735e-01)	Acc pseudo  89.06 ( 89.06)	Lr 1.000e-03 (1.000e-03)
2025-12-20 15:38:15,369 - INFO: Epoch: [3][ 50/107]	Time  0.003 ( 0.007)	Loss 2.5664e-01 (2.2833e-01)	Acc pseudo  92.19 ( 94.58)	Lr 1.000e-03 (1.000e-03)
2025-12-20 15:38:15,513 - INFO: Epoch: [3][100/107]	Time  0.002 ( 0.005)	Loss 1.2246e-01 (2.3772e-01)	Acc pseudo  96.88 ( 94.45)	Lr 1.000e-03 (1.000e-03)
2025-12-20 15:38:15,577 - INFO: Round 0, Fine-tune Epoch 3: loss=0.2349, acc(pseudo)=94.52%
2025-12-20 15:38:24,944 - INFO: Round 0, Fine-tune Epoch 3: acc(valid_pseudo): 0.9866, acc(valid): 0.8650
2025-12-20 15:38:25,604 - INFO: Epoch: [4][  0/107]	Time  0.172 ( 0.172)	Loss 3.6168e-01 (3.6168e-01)	Acc pseudo  90.62 ( 90.62)	Lr 1.000e-03 (1.000e-03)
2025-12-20 15:38:25,768 - INFO: Epoch: [4][ 50/107]	Time  0.003 ( 0.007)	Loss 2.0092e-01 (2.1713e-01)	Acc pseudo  96.88 ( 94.15)	Lr 1.000e-03 (1.000e-03)
2025-12-20 15:38:25,912 - INFO: Epoch: [4][100/107]	Time  0.002 ( 0.005)	Loss 2.0796e-01 (2.1477e-01)	Acc pseudo  95.31 ( 94.65)	Lr 1.000e-03 (1.000e-03)
2025-12-20 15:38:25,972 - INFO: Round 0, Fine-tune Epoch 4: loss=0.2134, acc(pseudo)=94.60%
2025-12-20 15:38:35,975 - INFO: Round 0, Fine-tune Epoch 4: acc(valid_pseudo): 0.9891, acc(valid): 0.8925
2025-12-20 15:38:36,452 - INFO: Epoch: [5][  0/107]	Time  0.177 ( 0.177)	Loss 1.4428e-01 (1.4428e-01)	Acc pseudo  92.19 ( 92.19)	Lr 1.000e-03 (1.000e-03)
2025-12-20 15:38:36,640 - INFO: Epoch: [5][ 50/107]	Time  0.003 ( 0.007)	Loss 1.3023e-01 (1.6499e-01)	Acc pseudo  95.31 ( 95.47)	Lr 1.000e-03 (1.000e-03)
2025-12-20 15:38:36,791 - INFO: Epoch: [5][100/107]	Time  0.002 ( 0.005)	Loss 2.5896e-01 (1.7346e-01)	Acc pseudo  90.62 ( 95.48)	Lr 1.000e-03 (1.000e-03)
2025-12-20 15:38:36,853 - INFO: Round 0, Fine-tune Epoch 5: loss=0.1757, acc(pseudo)=95.40%
2025-12-20 15:38:49,321 - INFO: Round 0, Fine-tune Epoch 5: acc(valid_pseudo): 0.9791, acc(valid): 0.8375
2025-12-20 15:38:49,322 - INFO: Round 0, Fine-tune Epoch 5: No improvement in validation accuracy. Patience(epoch): 1/1
2025-12-20 15:38:49,322 - INFO: Early stopping at epoch 5 due to no improvement in validation accuracy for 1 epochs.
2025-12-20 15:38:49,323 - INFO: Round 0: Best fine-tuned epoch=4, acc(valid_pseudo)=0.9891
2025-12-20 15:38:49,340 - INFO: Using HMM model from previous round: runs/the big bang theory/exp_video/result/self_supervised/exp0/initial/pseudo_label/hmm_params.pkl
2025-12-20 15:54:14,390 - INFO: Round 0: acc(valid)=0.8975, acc(test)=0.9169
2025-12-20 15:54:14,394 - INFO: ====================
2025-12-20 15:54:14,394 - INFO: Round 1: Fine-tuning iteration
2025-12-20 15:54:14,394 - INFO: ====================
2025-12-20 15:54:14,405 - INFO: Round 1 Part 1: Fine-tuning embedding model
2025-12-20 15:54:14,408 - INFO: Using pseudo-label file: runs/the big bang theory/exp_video/result/self_supervised/exp0/round0/pseudo_label/pseudo_labels_audio_nested_hmm_full(unreliable_pp=5.0).json
2025-12-20 15:54:14,449 - INFO: Fine-tuning embedding model for 20 epochs...
2025-12-20 15:54:14,619 - INFO: Epoch: [0][  0/107]	Time  0.166 ( 0.166)	Loss 2.7579e-01 (2.7579e-01)	Acc pseudo  95.31 ( 95.31)	Lr 1.000e-03 (1.000e-03)
2025-12-20 15:54:14,778 - INFO: Epoch: [0][ 50/107]	Time  0.003 ( 0.006)	Loss 1.0199e-01 (2.4942e-01)	Acc pseudo  96.88 ( 94.21)	Lr 1.000e-03 (1.000e-03)
2025-12-20 15:54:14,923 - INFO: Epoch: [0][100/107]	Time  0.002 ( 0.005)	Loss 2.6713e-01 (2.5461e-01)	Acc pseudo  93.75 ( 94.38)	Lr 1.000e-03 (1.000e-03)
2025-12-20 15:54:14,988 - INFO: Round 1, Fine-tune Epoch 0: loss=0.2557, acc(pseudo)=94.30%
2025-12-20 15:54:24,608 - INFO: Round 1, Fine-tune Epoch 0: acc(valid_pseudo): 0.8268, acc(valid): 0.5825
2025-12-20 15:54:25,069 - INFO: Epoch: [1][  0/107]	Time  0.165 ( 0.165)	Loss 2.4350e-01 (2.4350e-01)	Acc pseudo  96.88 ( 96.88)	Lr 1.000e-03 (1.000e-03)
2025-12-20 15:54:25,241 - INFO: Epoch: [1][ 50/107]	Time  0.003 ( 0.007)	Loss 1.4187e-01 (2.0887e-01)	Acc pseudo  95.31 ( 95.07)	Lr 1.000e-03 (1.000e-03)
2025-12-20 15:54:25,390 - INFO: Epoch: [1][100/107]	Time  0.002 ( 0.005)	Loss 3.9162e-01 (2.0267e-01)	Acc pseudo  87.50 ( 94.88)	Lr 1.000e-03 (1.000e-03)
2025-12-20 15:54:25,453 - INFO: Round 1, Fine-tune Epoch 1: loss=0.2070, acc(pseudo)=94.79%
2025-12-20 15:54:34,944 - INFO: Round 1, Fine-tune Epoch 1: acc(valid_pseudo): 0.9423, acc(valid): 0.8500
2025-12-20 15:54:35,402 - INFO: Epoch: [2][  0/107]	Time  0.166 ( 0.166)	Loss 3.3780e-01 (3.3780e-01)	Acc pseudo  93.75 ( 93.75)	Lr 1.000e-03 (1.000e-03)
2025-12-20 15:54:35,565 - INFO: Epoch: [2][ 50/107]	Time  0.003 ( 0.006)	Loss 2.3264e-01 (1.7544e-01)	Acc pseudo  89.06 ( 95.37)	Lr 1.000e-03 (1.000e-03)
2025-12-20 15:54:35,711 - INFO: Epoch: [2][100/107]	Time  0.002 ( 0.005)	Loss 6.6818e-02 (1.6958e-01)	Acc pseudo  96.88 ( 95.36)	Lr 1.000e-03 (1.000e-03)
2025-12-20 15:54:35,772 - INFO: Round 1, Fine-tune Epoch 2: loss=0.1696, acc(pseudo)=95.31%
2025-12-20 15:54:45,498 - INFO: Round 1, Fine-tune Epoch 2: acc(valid_pseudo): 0.9833, acc(valid): 0.8775
2025-12-20 15:54:45,967 - INFO: Epoch: [3][  0/107]	Time  0.176 ( 0.176)	Loss 7.8982e-02 (7.8982e-02)	Acc pseudo  98.44 ( 98.44)	Lr 1.000e-03 (1.000e-03)
2025-12-20 15:54:46,164 - INFO: Epoch: [3][ 50/107]	Time  0.004 ( 0.007)	Loss 5.3329e-02 (1.5970e-01)	Acc pseudo 100.00 ( 95.89)	Lr 1.000e-03 (1.000e-03)
2025-12-20 15:54:46,328 - INFO: Epoch: [3][100/107]	Time  0.002 ( 0.005)	Loss 1.9838e-01 (1.6537e-01)	Acc pseudo  93.75 ( 95.79)	Lr 1.000e-03 (1.000e-03)
2025-12-20 15:54:46,389 - INFO: Round 1, Fine-tune Epoch 3: loss=0.1636, acc(pseudo)=95.78%
2025-12-20 15:54:58,099 - INFO: Round 1, Fine-tune Epoch 3: acc(valid_pseudo): 0.9766, acc(valid): 0.8950
2025-12-20 15:54:58,099 - INFO: Round 1, Fine-tune Epoch 3: No improvement in validation accuracy. Patience(epoch): 1/1
2025-12-20 15:54:58,100 - INFO: Early stopping at epoch 3 due to no improvement in validation accuracy for 1 epochs.
2025-12-20 15:54:58,101 - INFO: Round 1: Best fine-tuned epoch=2, acc(valid_pseudo)=0.9833
2025-12-20 15:54:58,117 - INFO: Using HMM model from previous round: runs/the big bang theory/exp_video/result/self_supervised/exp0/round0/pseudo_label/hmm_params.pkl
2025-12-20 16:02:57,483 - INFO: Round 1: acc(valid)=0.8925, acc(test)=0.9188
2025-12-20 16:02:57,486 - INFO: ====================
2025-12-20 16:02:57,486 - INFO: Round 2: Fine-tuning iteration
2025-12-20 16:02:57,486 - INFO: ====================
2025-12-20 16:02:57,495 - INFO: Round 2 Part 1: Fine-tuning embedding model
2025-12-20 16:02:57,498 - INFO: Using pseudo-label file: runs/the big bang theory/exp_video/result/self_supervised/exp0/round1/pseudo_label/pseudo_labels_audio_nested_hmm_full(unreliable_pp=5.0).json
2025-12-20 16:02:57,813 - INFO: Fine-tuning embedding model for 20 epochs...
2025-12-20 16:02:57,995 - INFO: Epoch: [0][  0/107]	Time  0.177 ( 0.177)	Loss 5.5960e-01 (5.5960e-01)	Acc pseudo  87.50 ( 87.50)	Lr 1.000e-03 (1.000e-03)
2025-12-20 16:02:58,193 - INFO: Epoch: [0][ 50/107]	Time  0.003 ( 0.007)	Loss 7.4290e-02 (2.6952e-01)	Acc pseudo  98.44 ( 95.34)	Lr 1.000e-03 (1.000e-03)
2025-12-20 16:02:58,337 - INFO: Epoch: [0][100/107]	Time  0.002 ( 0.005)	Loss 1.2857e-01 (2.6663e-01)	Acc pseudo  95.31 ( 95.20)	Lr 1.000e-03 (1.000e-03)
2025-12-20 16:02:58,400 - INFO: Round 2, Fine-tune Epoch 0: loss=0.2608, acc(pseudo)=95.23%
2025-12-20 16:03:07,893 - INFO: Round 2, Fine-tune Epoch 0: acc(valid_pseudo): 0.9874, acc(valid): 0.8850
2025-12-20 16:03:08,366 - INFO: Epoch: [1][  0/107]	Time  0.186 ( 0.186)	Loss 3.3162e-01 (3.3162e-01)	Acc pseudo  93.75 ( 93.75)	Lr 1.000e-03 (1.000e-03)
2025-12-20 16:03:08,522 - INFO: Epoch: [1][ 50/107]	Time  0.003 ( 0.007)	Loss 2.3222e-01 (1.9106e-01)	Acc pseudo  93.75 ( 95.74)	Lr 1.000e-03 (1.000e-03)
2025-12-20 16:03:08,665 - INFO: Epoch: [1][100/107]	Time  0.002 ( 0.005)	Loss 1.8169e-01 (1.8847e-01)	Acc pseudo  95.31 ( 95.59)	Lr 1.000e-03 (1.000e-03)
2025-12-20 16:03:08,725 - INFO: Round 2, Fine-tune Epoch 1: loss=0.1875, acc(pseudo)=95.61%
2025-12-20 16:03:17,922 - INFO: Round 2, Fine-tune Epoch 1: acc(valid_pseudo): 0.9774, acc(valid): 0.8925
2025-12-20 16:03:17,922 - INFO: Round 2, Fine-tune Epoch 1: No improvement in validation accuracy. Patience(epoch): 0/1
2025-12-20 16:03:18,117 - INFO: Epoch: [2][  0/107]	Time  0.190 ( 0.190)	Loss 1.9894e-01 (1.9894e-01)	Acc pseudo  95.31 ( 95.31)	Lr 1.000e-03 (1.000e-03)
2025-12-20 16:03:18,279 - INFO: Epoch: [2][ 50/107]	Time  0.003 ( 0.007)	Loss 6.9853e-01 (1.5108e-01)	Acc pseudo  93.75 ( 96.17)	Lr 1.000e-03 (1.000e-03)
2025-12-20 16:03:18,426 - INFO: Epoch: [2][100/107]	Time  0.002 ( 0.005)	Loss 5.2451e-02 (1.4963e-01)	Acc pseudo  96.88 ( 96.40)	Lr 1.000e-03 (1.000e-03)
2025-12-20 16:03:18,488 - INFO: Round 2, Fine-tune Epoch 2: loss=0.1531, acc(pseudo)=96.31%
2025-12-20 16:03:29,251 - INFO: Round 2, Fine-tune Epoch 2: acc(valid_pseudo): 0.9732, acc(valid): 0.8700
2025-12-20 16:03:29,251 - INFO: Round 2, Fine-tune Epoch 2: No improvement in validation accuracy. Patience(epoch): 0/1
2025-12-20 16:03:29,430 - INFO: Epoch: [3][  0/107]	Time  0.173 ( 0.173)	Loss 6.6000e-02 (6.6000e-02)	Acc pseudo  98.44 ( 98.44)	Lr 1.000e-03 (1.000e-03)
2025-12-20 16:03:29,601 - INFO: Epoch: [3][ 50/107]	Time  0.003 ( 0.007)	Loss 3.6166e-02 (1.3617e-01)	Acc pseudo 100.00 ( 96.42)	Lr 1.000e-03 (1.000e-03)
2025-12-20 16:03:29,751 - INFO: Epoch: [3][100/107]	Time  0.002 ( 0.005)	Loss 3.2882e-01 (1.5381e-01)	Acc pseudo  95.31 ( 95.82)	Lr 1.000e-03 (1.000e-03)
2025-12-20 16:03:29,812 - INFO: Round 2, Fine-tune Epoch 3: loss=0.1519, acc(pseudo)=95.84%
2025-12-20 16:03:38,990 - INFO: Round 2, Fine-tune Epoch 3: acc(valid_pseudo): 0.9255, acc(valid): 0.8775
2025-12-20 16:03:38,991 - INFO: Round 2, Fine-tune Epoch 3: No improvement in validation accuracy. Patience(epoch): 1/1
2025-12-20 16:03:38,991 - INFO: Early stopping at epoch 3 due to no improvement in validation accuracy for 1 epochs.
2025-12-20 16:03:38,992 - INFO: Round 2: Best fine-tuned epoch=0, acc(valid_pseudo)=0.9874
2025-12-20 16:03:39,009 - INFO: Using HMM model from previous round: runs/the big bang theory/exp_video/result/self_supervised/exp0/round1/pseudo_label/hmm_params.pkl
2025-12-20 16:13:04,649 - INFO: Round 2: acc(valid)=0.8950, acc(test)=0.9138
2025-12-20 16:13:04,653 - INFO: ====================
2025-12-20 16:13:04,653 - INFO: Round 3: Fine-tuning iteration
2025-12-20 16:13:04,653 - INFO: ====================
2025-12-20 16:13:04,666 - INFO: Round 3 Part 1: Fine-tuning embedding model
2025-12-20 16:13:04,668 - INFO: Using pseudo-label file: runs/the big bang theory/exp_video/result/self_supervised/exp0/round2/pseudo_label/pseudo_labels_audio_nested_hmm_full(unreliable_pp=5.0).json
2025-12-20 16:13:04,743 - INFO: Fine-tuning embedding model for 20 epochs...
2025-12-20 16:13:04,928 - INFO: Epoch: [0][  0/107]	Time  0.181 ( 0.181)	Loss 1.6281e-01 (1.6281e-01)	Acc pseudo  92.19 ( 92.19)	Lr 1.000e-03 (1.000e-03)
2025-12-20 16:13:05,101 - INFO: Epoch: [0][ 50/107]	Time  0.003 ( 0.007)	Loss 3.3695e-01 (2.4743e-01)	Acc pseudo  98.44 ( 95.59)	Lr 1.000e-03 (1.000e-03)
2025-12-20 16:13:05,250 - INFO: Epoch: [0][100/107]	Time  0.002 ( 0.005)	Loss 1.0922e-01 (2.6081e-01)	Acc pseudo  96.88 ( 95.58)	Lr 1.000e-03 (1.000e-03)
2025-12-20 16:13:05,314 - INFO: Round 3, Fine-tune Epoch 0: loss=0.2576, acc(pseudo)=95.61%
2025-12-20 16:13:15,080 - INFO: Round 3, Fine-tune Epoch 0: acc(valid_pseudo): 0.9891, acc(valid): 0.8775
2025-12-20 16:13:15,568 - INFO: Epoch: [1][  0/107]	Time  0.200 ( 0.200)	Loss 1.7436e-01 (1.7436e-01)	Acc pseudo  96.88 ( 96.88)	Lr 1.000e-03 (1.000e-03)
2025-12-20 16:13:15,729 - INFO: Epoch: [1][ 50/107]	Time  0.003 ( 0.007)	Loss 1.3382e-01 (1.6370e-01)	Acc pseudo  98.44 ( 96.78)	Lr 1.000e-03 (1.000e-03)
2025-12-20 16:13:15,879 - INFO: Epoch: [1][100/107]	Time  0.002 ( 0.005)	Loss 3.3466e-01 (1.7340e-01)	Acc pseudo  93.75 ( 96.47)	Lr 1.000e-03 (1.000e-03)
2025-12-20 16:13:15,939 - INFO: Round 3, Fine-tune Epoch 1: loss=0.1771, acc(pseudo)=96.35%
2025-12-20 16:13:26,258 - INFO: Round 3, Fine-tune Epoch 1: acc(valid_pseudo): 0.8452, acc(valid): 0.7525
2025-12-20 16:13:26,258 - INFO: Round 3, Fine-tune Epoch 1: No improvement in validation accuracy. Patience(epoch): 0/1
2025-12-20 16:13:26,460 - INFO: Epoch: [2][  0/107]	Time  0.197 ( 0.197)	Loss 7.2478e-02 (7.2478e-02)	Acc pseudo  98.44 ( 98.44)	Lr 1.000e-03 (1.000e-03)
2025-12-20 16:13:26,654 - INFO: Epoch: [2][ 50/107]	Time  0.004 ( 0.008)	Loss 1.9256e-01 (1.6449e-01)	Acc pseudo  95.31 ( 96.14)	Lr 1.000e-03 (1.000e-03)
2025-12-20 16:13:26,832 - INFO: Epoch: [2][100/107]	Time  0.002 ( 0.006)	Loss 6.5229e-03 (1.6390e-01)	Acc pseudo 100.00 ( 96.35)	Lr 1.000e-03 (1.000e-03)
2025-12-20 16:13:26,893 - INFO: Round 3, Fine-tune Epoch 2: loss=0.1671, acc(pseudo)=96.32%
2025-12-20 16:13:37,887 - INFO: Round 3, Fine-tune Epoch 2: acc(valid_pseudo): 0.9858, acc(valid): 0.8925
2025-12-20 16:13:37,888 - INFO: Round 3, Fine-tune Epoch 2: No improvement in validation accuracy. Patience(epoch): 0/1
2025-12-20 16:13:38,163 - INFO: Epoch: [3][  0/107]	Time  0.268 ( 0.268)	Loss 2.6784e-02 (2.6784e-02)	Acc pseudo 100.00 (100.00)	Lr 1.000e-03 (1.000e-03)
2025-12-20 16:13:38,321 - INFO: Epoch: [3][ 50/107]	Time  0.003 ( 0.008)	Loss 5.2186e-02 (1.5726e-01)	Acc pseudo 100.00 ( 96.45)	Lr 1.000e-03 (1.000e-03)
2025-12-20 16:13:38,465 - INFO: Epoch: [3][100/107]	Time  0.002 ( 0.006)	Loss 2.6027e-01 (1.5092e-01)	Acc pseudo  92.19 ( 96.26)	Lr 1.000e-03 (1.000e-03)
2025-12-20 16:13:38,525 - INFO: Round 3, Fine-tune Epoch 3: loss=0.1483, acc(pseudo)=96.30%
2025-12-20 16:13:47,857 - INFO: Round 3, Fine-tune Epoch 3: acc(valid_pseudo): 0.9699, acc(valid): 0.8850
2025-12-20 16:13:47,857 - INFO: Round 3, Fine-tune Epoch 3: No improvement in validation accuracy. Patience(epoch): 1/1
2025-12-20 16:13:47,857 - INFO: Early stopping at epoch 3 due to no improvement in validation accuracy for 1 epochs.
2025-12-20 16:13:47,859 - INFO: Round 3: Best fine-tuned epoch=0, acc(valid_pseudo)=0.9891
2025-12-20 16:13:47,877 - INFO: Using HMM model from previous round: runs/the big bang theory/exp_video/result/self_supervised/exp0/round2/pseudo_label/hmm_params.pkl
2025-12-20 16:22:29,735 - INFO: Round 3: acc(valid)=0.8825, acc(test)=0.9138
2025-12-20 16:22:29,738 - INFO: ====================
2025-12-20 16:22:29,738 - INFO: Round 4: Fine-tuning iteration
2025-12-20 16:22:29,738 - INFO: ====================
2025-12-20 16:22:29,746 - INFO: Round 4 Part 1: Fine-tuning embedding model
2025-12-20 16:22:29,749 - INFO: Using pseudo-label file: runs/the big bang theory/exp_video/result/self_supervised/exp0/round3/pseudo_label/pseudo_labels_audio_nested_hmm_full(unreliable_pp=5.0).json
2025-12-20 16:22:29,843 - INFO: Fine-tuning embedding model for 20 epochs...
2025-12-20 16:22:30,029 - INFO: Epoch: [0][  0/107]	Time  0.182 ( 0.182)	Loss 8.4314e-02 (8.4314e-02)	Acc pseudo  95.31 ( 95.31)	Lr 1.000e-03 (1.000e-03)
2025-12-20 16:22:30,193 - INFO: Epoch: [0][ 50/107]	Time  0.003 ( 0.007)	Loss 2.1953e-01 (2.0003e-01)	Acc pseudo  95.31 ( 96.23)	Lr 1.000e-03 (1.000e-03)
2025-12-20 16:22:30,342 - INFO: Epoch: [0][100/107]	Time  0.002 ( 0.005)	Loss 7.0571e-02 (1.8908e-01)	Acc pseudo  96.88 ( 96.15)	Lr 1.000e-03 (1.000e-03)
2025-12-20 16:22:30,426 - INFO: Round 4, Fine-tune Epoch 0: loss=0.1874, acc(pseudo)=96.21%
2025-12-20 16:22:40,251 - INFO: Round 4, Fine-tune Epoch 0: acc(valid_pseudo): 0.9699, acc(valid): 0.8625
2025-12-20 16:22:41,043 - INFO: Epoch: [1][  0/107]	Time  0.191 ( 0.191)	Loss 1.1537e-01 (1.1537e-01)	Acc pseudo  98.44 ( 98.44)	Lr 1.000e-03 (1.000e-03)
2025-12-20 16:22:41,220 - INFO: Epoch: [1][ 50/107]	Time  0.003 ( 0.007)	Loss 4.6863e-02 (1.0597e-01)	Acc pseudo  98.44 ( 97.24)	Lr 1.000e-03 (1.000e-03)
2025-12-20 16:22:41,371 - INFO: Epoch: [1][100/107]	Time  0.002 ( 0.005)	Loss 2.0828e-01 (1.0580e-01)	Acc pseudo  92.19 ( 97.28)	Lr 1.000e-03 (1.000e-03)
2025-12-20 16:22:41,432 - INFO: Round 4, Fine-tune Epoch 1: loss=0.1087, acc(pseudo)=97.28%
2025-12-20 16:22:50,908 - INFO: Round 4, Fine-tune Epoch 1: acc(valid_pseudo): 0.9908, acc(valid): 0.8800
2025-12-20 16:22:51,607 - INFO: Epoch: [2][  0/107]	Time  0.184 ( 0.184)	Loss 2.4866e-01 (2.4866e-01)	Acc pseudo  95.31 ( 95.31)	Lr 1.000e-03 (1.000e-03)
2025-12-20 16:22:51,844 - INFO: Epoch: [2][ 50/107]	Time  0.004 ( 0.008)	Loss 2.3184e-01 (1.0584e-01)	Acc pseudo  92.19 ( 97.15)	Lr 1.000e-03 (1.000e-03)
2025-12-20 16:22:52,044 - INFO: Epoch: [2][100/107]	Time  0.003 ( 0.006)	Loss 1.5738e-01 (1.1162e-01)	Acc pseudo  98.44 ( 97.29)	Lr 1.000e-03 (1.000e-03)
2025-12-20 16:22:52,112 - INFO: Round 4, Fine-tune Epoch 2: loss=0.1100, acc(pseudo)=97.31%
2025-12-20 16:23:04,295 - INFO: Round 4, Fine-tune Epoch 2: acc(valid_pseudo): 0.9941, acc(valid): 0.9000
2025-12-20 16:23:04,984 - INFO: Epoch: [3][  0/107]	Time  0.242 ( 0.242)	Loss 2.8270e-02 (2.8270e-02)	Acc pseudo  98.44 ( 98.44)	Lr 1.000e-03 (1.000e-03)
2025-12-20 16:23:05,169 - INFO: Epoch: [3][ 50/107]	Time  0.004 ( 0.008)	Loss 6.7252e-02 (1.3537e-01)	Acc pseudo 100.00 ( 96.60)	Lr 1.000e-03 (1.000e-03)
2025-12-20 16:23:05,354 - INFO: Epoch: [3][100/107]	Time  0.002 ( 0.006)	Loss 8.3704e-02 (1.2907e-01)	Acc pseudo  93.75 ( 96.60)	Lr 1.000e-03 (1.000e-03)
2025-12-20 16:23:05,416 - INFO: Round 4, Fine-tune Epoch 3: loss=0.1305, acc(pseudo)=96.59%
2025-12-20 16:23:14,759 - INFO: Round 4, Fine-tune Epoch 3: acc(valid_pseudo): 0.9724, acc(valid): 0.8925
2025-12-20 16:23:14,759 - INFO: Round 4, Fine-tune Epoch 3: No improvement in validation accuracy. Patience(epoch): 1/1
2025-12-20 16:23:14,759 - INFO: Early stopping at epoch 3 due to no improvement in validation accuracy for 1 epochs.
2025-12-20 16:23:14,761 - INFO: Round 4: Best fine-tuned epoch=2, acc(valid_pseudo)=0.9941
2025-12-20 16:23:14,777 - INFO: Using HMM model from previous round: runs/the big bang theory/exp_video/result/self_supervised/exp0/round3/pseudo_label/hmm_params.pkl
2025-12-20 16:28:41,886 - INFO: Round 4: acc(valid)=0.8950, acc(test)=0.9131
2025-12-20 16:28:41,889 - INFO: ====================
2025-12-20 16:28:41,889 - INFO: Round 5: Fine-tuning iteration
2025-12-20 16:28:41,889 - INFO: ====================
2025-12-20 16:28:41,898 - INFO: Round 5 Part 1: Fine-tuning embedding model
2025-12-20 16:28:41,901 - INFO: Using pseudo-label file: runs/the big bang theory/exp_video/result/self_supervised/exp0/round4/pseudo_label/pseudo_labels_audio_nested_hmm_full(unreliable_pp=5.0).json
2025-12-20 16:28:41,973 - INFO: Fine-tuning embedding model for 20 epochs...
2025-12-20 16:28:42,264 - INFO: Epoch: [0][  0/107]	Time  0.285 ( 0.285)	Loss 4.7573e-02 (4.7573e-02)	Acc pseudo  98.44 ( 98.44)	Lr 1.000e-03 (1.000e-03)
2025-12-20 16:28:42,474 - INFO: Epoch: [0][ 50/107]	Time  0.004 ( 0.010)	Loss 8.7780e-02 (1.0112e-01)	Acc pseudo  96.88 ( 97.37)	Lr 1.000e-03 (1.000e-03)
2025-12-20 16:28:42,664 - INFO: Epoch: [0][100/107]	Time  0.003 ( 0.007)	Loss 1.7196e-01 (1.1852e-01)	Acc pseudo  96.88 ( 96.92)	Lr 1.000e-03 (1.000e-03)
2025-12-20 16:28:42,742 - INFO: Round 5, Fine-tune Epoch 0: loss=0.1166, acc(pseudo)=96.98%
2025-12-20 16:28:52,313 - INFO: Round 5, Fine-tune Epoch 0: acc(valid_pseudo): 0.9891, acc(valid): 0.9025
2025-12-20 16:28:52,784 - INFO: Epoch: [1][  0/107]	Time  0.181 ( 0.181)	Loss 1.6950e-02 (1.6950e-02)	Acc pseudo 100.00 (100.00)	Lr 1.000e-03 (1.000e-03)
2025-12-20 16:28:52,951 - INFO: Epoch: [1][ 50/107]	Time  0.003 ( 0.007)	Loss 3.4299e-02 (7.8931e-02)	Acc pseudo 100.00 ( 97.58)	Lr 1.000e-03 (1.000e-03)
2025-12-20 16:28:53,109 - INFO: Epoch: [1][100/107]	Time  0.002 ( 0.005)	Loss 1.3236e-01 (9.3480e-02)	Acc pseudo  92.19 ( 97.40)	Lr 1.000e-03 (1.000e-03)
2025-12-20 16:28:53,172 - INFO: Round 5, Fine-tune Epoch 1: loss=0.0939, acc(pseudo)=97.39%
2025-12-20 16:29:03,406 - INFO: Round 5, Fine-tune Epoch 1: acc(valid_pseudo): 0.9925, acc(valid): 0.8825
2025-12-20 16:29:03,888 - INFO: Epoch: [2][  0/107]	Time  0.182 ( 0.182)	Loss 1.0876e-01 (1.0876e-01)	Acc pseudo  98.44 ( 98.44)	Lr 1.000e-03 (1.000e-03)
2025-12-20 16:29:04,047 - INFO: Epoch: [2][ 50/107]	Time  0.003 ( 0.007)	Loss 1.1775e-01 (8.7296e-02)	Acc pseudo  96.88 ( 97.64)	Lr 1.000e-03 (1.000e-03)
2025-12-20 16:29:04,201 - INFO: Epoch: [2][100/107]	Time  0.002 ( 0.005)	Loss 3.2920e-03 (8.7652e-02)	Acc pseudo 100.00 ( 97.59)	Lr 1.000e-03 (1.000e-03)
2025-12-20 16:29:04,270 - INFO: Round 5, Fine-tune Epoch 2: loss=0.0866, acc(pseudo)=97.61%
2025-12-20 16:29:13,406 - INFO: Round 5, Fine-tune Epoch 2: acc(valid_pseudo): 0.9975, acc(valid): 0.9000
2025-12-20 16:29:14,081 - INFO: Epoch: [3][  0/107]	Time  0.171 ( 0.171)	Loss 4.7636e-02 (4.7636e-02)	Acc pseudo  98.44 ( 98.44)	Lr 1.000e-03 (1.000e-03)
2025-12-20 16:29:14,254 - INFO: Epoch: [3][ 50/107]	Time  0.004 ( 0.007)	Loss 9.7503e-03 (9.8938e-02)	Acc pseudo 100.00 ( 97.46)	Lr 1.000e-03 (1.000e-03)
2025-12-20 16:29:14,428 - INFO: Epoch: [3][100/107]	Time  0.002 ( 0.005)	Loss 2.2935e-02 (9.6784e-02)	Acc pseudo 100.00 ( 97.34)	Lr 1.000e-03 (1.000e-03)
2025-12-20 16:29:14,490 - INFO: Round 5, Fine-tune Epoch 3: loss=0.0994, acc(pseudo)=97.23%
2025-12-20 16:29:24,316 - INFO: Round 5, Fine-tune Epoch 3: acc(valid_pseudo): 0.9766, acc(valid): 0.8850
2025-12-20 16:29:24,316 - INFO: Round 5, Fine-tune Epoch 3: No improvement in validation accuracy. Patience(epoch): 1/1
2025-12-20 16:29:24,316 - INFO: Early stopping at epoch 3 due to no improvement in validation accuracy for 1 epochs.
2025-12-20 16:29:24,318 - INFO: Round 5: Best fine-tuned epoch=2, acc(valid_pseudo)=0.9975
2025-12-20 16:29:24,336 - INFO: Using HMM model from previous round: runs/the big bang theory/exp_video/result/self_supervised/exp0/round4/pseudo_label/hmm_params.pkl
2025-12-20 16:36:48,976 - INFO: Round 5: acc(valid)=0.9000, acc(test)=0.9125
2025-12-20 16:36:48,989 - INFO: ====================
2025-12-20 16:36:48,989 - INFO: Round 6: Fine-tuning iteration
2025-12-20 16:36:48,989 - INFO: ====================
2025-12-20 16:36:49,142 - INFO: Round 6 Part 1: Fine-tuning embedding model
2025-12-20 16:36:49,163 - INFO: Using pseudo-label file: runs/the big bang theory/exp_video/result/self_supervised/exp0/round5/pseudo_label/pseudo_labels_audio_nested_hmm_full(unreliable_pp=5.0).json
2025-12-20 16:36:49,663 - INFO: Fine-tuning embedding model for 20 epochs...
2025-12-20 16:36:50,294 - INFO: Epoch: [0][  0/107]	Time  0.609 ( 0.609)	Loss 4.8233e-02 (4.8233e-02)	Acc pseudo  96.88 ( 96.88)	Lr 1.000e-03 (1.000e-03)
2025-12-20 16:36:50,454 - INFO: Epoch: [0][ 50/107]	Time  0.003 ( 0.015)	Loss 8.8899e-02 (8.4585e-02)	Acc pseudo  96.88 ( 97.89)	Lr 1.000e-03 (1.000e-03)
2025-12-20 16:36:50,603 - INFO: Epoch: [0][100/107]	Time  0.002 ( 0.009)	Loss 2.3795e-02 (9.8835e-02)	Acc pseudo 100.00 ( 97.74)	Lr 1.000e-03 (1.000e-03)
2025-12-20 16:36:50,665 - INFO: Round 6, Fine-tune Epoch 0: loss=0.0986, acc(pseudo)=97.76%
2025-12-20 16:37:01,054 - INFO: Round 6, Fine-tune Epoch 0: acc(valid_pseudo): 0.9933, acc(valid): 0.8900
2025-12-20 16:37:01,562 - INFO: Epoch: [1][  0/107]	Time  0.177 ( 0.177)	Loss 4.4954e-02 (4.4954e-02)	Acc pseudo  98.44 ( 98.44)	Lr 1.000e-03 (1.000e-03)
2025-12-20 16:37:01,736 - INFO: Epoch: [1][ 50/107]	Time  0.003 ( 0.007)	Loss 3.6820e-02 (6.5686e-02)	Acc pseudo  98.44 ( 97.76)	Lr 1.000e-03 (1.000e-03)
2025-12-20 16:37:01,883 - INFO: Epoch: [1][100/107]	Time  0.002 ( 0.005)	Loss 5.7596e-02 (6.7317e-02)	Acc pseudo  96.88 ( 97.91)	Lr 1.000e-03 (1.000e-03)
2025-12-20 16:37:01,947 - INFO: Round 6, Fine-tune Epoch 1: loss=0.0689, acc(pseudo)=97.85%
2025-12-20 16:37:11,817 - INFO: Round 6, Fine-tune Epoch 1: acc(valid_pseudo): 0.9849, acc(valid): 0.8650
2025-12-20 16:37:11,818 - INFO: Round 6, Fine-tune Epoch 1: No improvement in validation accuracy. Patience(epoch): 0/1
2025-12-20 16:37:12,011 - INFO: Epoch: [2][  0/107]	Time  0.188 ( 0.188)	Loss 7.7943e-02 (7.7943e-02)	Acc pseudo  96.88 ( 96.88)	Lr 1.000e-03 (1.000e-03)
2025-12-20 16:37:12,217 - INFO: Epoch: [2][ 50/107]	Time  0.004 ( 0.008)	Loss 3.5313e-02 (5.2639e-02)	Acc pseudo  98.44 ( 98.13)	Lr 1.000e-03 (1.000e-03)
2025-12-20 16:37:12,372 - INFO: Epoch: [2][100/107]	Time  0.002 ( 0.005)	Loss 4.2552e-04 (5.7600e-02)	Acc pseudo 100.00 ( 98.21)	Lr 1.000e-03 (1.000e-03)
2025-12-20 16:37:12,433 - INFO: Round 6, Fine-tune Epoch 2: loss=0.0587, acc(pseudo)=98.20%
2025-12-20 16:37:22,203 - INFO: Round 6, Fine-tune Epoch 2: acc(valid_pseudo): 0.9983, acc(valid): 0.8975
2025-12-20 16:37:22,680 - INFO: Epoch: [3][  0/107]	Time  0.182 ( 0.182)	Loss 3.2306e-03 (3.2306e-03)	Acc pseudo 100.00 (100.00)	Lr 1.000e-03 (1.000e-03)
2025-12-20 16:37:22,842 - INFO: Epoch: [3][ 50/107]	Time  0.003 ( 0.007)	Loss 8.7251e-03 (6.1381e-02)	Acc pseudo 100.00 ( 98.10)	Lr 1.000e-03 (1.000e-03)
2025-12-20 16:37:22,990 - INFO: Epoch: [3][100/107]	Time  0.002 ( 0.005)	Loss 1.0474e-01 (6.4364e-02)	Acc pseudo  95.31 ( 97.80)	Lr 1.000e-03 (1.000e-03)
2025-12-20 16:37:23,051 - INFO: Round 6, Fine-tune Epoch 3: loss=0.0661, acc(pseudo)=97.77%
2025-12-20 16:37:34,184 - INFO: Round 6, Fine-tune Epoch 3: acc(valid_pseudo): 0.9849, acc(valid): 0.8900
2025-12-20 16:37:34,185 - INFO: Round 6, Fine-tune Epoch 3: No improvement in validation accuracy. Patience(epoch): 1/1
2025-12-20 16:37:34,185 - INFO: Early stopping at epoch 3 due to no improvement in validation accuracy for 1 epochs.
2025-12-20 16:37:34,186 - INFO: Round 6: Best fine-tuned epoch=2, acc(valid_pseudo)=0.9983
2025-12-20 16:37:34,204 - INFO: Using HMM model from previous round: runs/the big bang theory/exp_video/result/self_supervised/exp0/round5/pseudo_label/hmm_params.pkl
2025-12-20 16:41:31,496 - INFO: Round 6: acc(valid)=0.9000, acc(test)=0.9131
2025-12-20 16:41:31,499 - INFO: ====================
2025-12-20 16:41:31,499 - INFO: Round 7: Fine-tuning iteration
2025-12-20 16:41:31,499 - INFO: ====================
2025-12-20 16:41:31,508 - INFO: Round 7 Part 1: Fine-tuning embedding model
2025-12-20 16:41:31,513 - INFO: Using pseudo-label file: runs/the big bang theory/exp_video/result/self_supervised/exp0/round6/pseudo_label/pseudo_labels_audio_nested_hmm_full(unreliable_pp=5.0).json
2025-12-20 16:41:31,609 - INFO: Fine-tuning embedding model for 20 epochs...
2025-12-20 16:41:31,795 - INFO: Epoch: [0][  0/107]	Time  0.182 ( 0.182)	Loss 1.8903e-01 (1.8903e-01)	Acc pseudo  95.31 ( 95.31)	Lr 1.000e-03 (1.000e-03)
2025-12-20 16:41:31,978 - INFO: Epoch: [0][ 50/107]	Time  0.003 ( 0.007)	Loss 6.1128e-03 (8.0756e-02)	Acc pseudo 100.00 ( 98.13)	Lr 1.000e-03 (1.000e-03)
2025-12-20 16:41:32,149 - INFO: Epoch: [0][100/107]	Time  0.003 ( 0.005)	Loss 4.7385e-02 (7.6559e-02)	Acc pseudo  98.44 ( 98.11)	Lr 1.000e-03 (1.000e-03)
2025-12-20 16:41:32,214 - INFO: Round 7, Fine-tune Epoch 0: loss=0.0764, acc(pseudo)=98.13%
2025-12-20 16:41:44,545 - INFO: Round 7, Fine-tune Epoch 0: acc(valid_pseudo): 0.9933, acc(valid): 0.8950
2025-12-20 16:41:45,009 - INFO: Epoch: [1][  0/107]	Time  0.182 ( 0.182)	Loss 8.5344e-02 (8.5344e-02)	Acc pseudo  98.44 ( 98.44)	Lr 1.000e-03 (1.000e-03)
2025-12-20 16:41:45,169 - INFO: Epoch: [1][ 50/107]	Time  0.003 ( 0.007)	Loss 1.0411e-02 (6.6261e-02)	Acc pseudo 100.00 ( 98.22)	Lr 1.000e-03 (1.000e-03)
2025-12-20 16:41:45,312 - INFO: Epoch: [1][100/107]	Time  0.002 ( 0.005)	Loss 3.7907e-02 (6.0778e-02)	Acc pseudo  98.44 ( 98.11)	Lr 1.000e-03 (1.000e-03)
2025-12-20 16:41:45,372 - INFO: Round 7, Fine-tune Epoch 1: loss=0.0603, acc(pseudo)=98.11%
2025-12-20 16:41:54,495 - INFO: Round 7, Fine-tune Epoch 1: acc(valid_pseudo): 0.9967, acc(valid): 0.8925
2025-12-20 16:41:55,207 - INFO: Epoch: [2][  0/107]	Time  0.185 ( 0.185)	Loss 1.2733e-01 (1.2733e-01)	Acc pseudo  95.31 ( 95.31)	Lr 1.000e-03 (1.000e-03)
2025-12-20 16:41:55,387 - INFO: Epoch: [2][ 50/107]	Time  0.003 ( 0.007)	Loss 1.7328e-02 (7.9964e-02)	Acc pseudo  98.44 ( 97.92)	Lr 1.000e-03 (1.000e-03)
2025-12-20 16:41:55,565 - INFO: Epoch: [2][100/107]	Time  0.003 ( 0.005)	Loss 2.5297e-02 (7.3670e-02)	Acc pseudo  98.44 ( 98.07)	Lr 1.000e-03 (1.000e-03)
2025-12-20 16:41:55,632 - INFO: Round 7, Fine-tune Epoch 2: loss=0.0725, acc(pseudo)=98.05%
2025-12-20 16:42:05,178 - INFO: Round 7, Fine-tune Epoch 2: acc(valid_pseudo): 0.9456, acc(valid): 0.8425
2025-12-20 16:42:05,178 - INFO: Round 7, Fine-tune Epoch 2: No improvement in validation accuracy. Patience(epoch): 0/1
2025-12-20 16:42:05,469 - INFO: Epoch: [3][  0/107]	Time  0.282 ( 0.282)	Loss 3.7480e-04 (3.7480e-04)	Acc pseudo 100.00 (100.00)	Lr 1.000e-03 (1.000e-03)
2025-12-20 16:42:05,654 - INFO: Epoch: [3][ 50/107]	Time  0.003 ( 0.009)	Loss 1.7165e-02 (5.5332e-02)	Acc pseudo  98.44 ( 98.50)	Lr 1.000e-03 (1.000e-03)
2025-12-20 16:42:05,809 - INFO: Epoch: [3][100/107]	Time  0.002 ( 0.006)	Loss 4.1938e-02 (6.1817e-02)	Acc pseudo  98.44 ( 98.10)	Lr 1.000e-03 (1.000e-03)
2025-12-20 16:42:05,871 - INFO: Round 7, Fine-tune Epoch 3: loss=0.0615, acc(pseudo)=98.08%
2025-12-20 16:42:15,041 - INFO: Round 7, Fine-tune Epoch 3: acc(valid_pseudo): 0.9732, acc(valid): 0.8825
2025-12-20 16:42:15,042 - INFO: Round 7, Fine-tune Epoch 3: No improvement in validation accuracy. Patience(epoch): 1/1
2025-12-20 16:42:15,042 - INFO: Early stopping at epoch 3 due to no improvement in validation accuracy for 1 epochs.
2025-12-20 16:42:15,043 - INFO: Round 7: Best fine-tuned epoch=1, acc(valid_pseudo)=0.9967
2025-12-20 16:42:15,060 - INFO: Using HMM model from previous round: runs/the big bang theory/exp_video/result/self_supervised/exp0/round6/pseudo_label/hmm_params.pkl
2025-12-20 16:48:35,903 - INFO: Round 7: acc(valid)=0.8950, acc(test)=0.9125
2025-12-20 16:48:35,906 - INFO: ====================
2025-12-20 16:48:35,906 - INFO: Round 8: Fine-tuning iteration
2025-12-20 16:48:35,906 - INFO: ====================
2025-12-20 16:48:35,914 - INFO: Round 8 Part 1: Fine-tuning embedding model
2025-12-20 16:48:35,917 - INFO: Using pseudo-label file: runs/the big bang theory/exp_video/result/self_supervised/exp0/round7/pseudo_label/pseudo_labels_audio_nested_hmm_full(unreliable_pp=5.0).json
2025-12-20 16:48:36,056 - INFO: Fine-tuning embedding model for 20 epochs...
2025-12-20 16:48:36,935 - INFO: Epoch: [0][  0/107]	Time  0.813 ( 0.813)	Loss 7.7155e-02 (7.7155e-02)	Acc pseudo  96.88 ( 96.88)	Lr 1.000e-03 (1.000e-03)
2025-12-20 16:48:37,096 - INFO: Epoch: [0][ 50/107]	Time  0.003 ( 0.019)	Loss 1.2131e-02 (1.1527e-01)	Acc pseudo 100.00 ( 98.25)	Lr 1.000e-03 (1.000e-03)
2025-12-20 16:48:37,247 - INFO: Epoch: [0][100/107]	Time  0.002 ( 0.011)	Loss 2.9565e-02 (1.0379e-01)	Acc pseudo  98.44 ( 98.19)	Lr 1.000e-03 (1.000e-03)
2025-12-20 16:48:37,311 - INFO: Round 8, Fine-tune Epoch 0: loss=0.1069, acc(pseudo)=98.15%
2025-12-20 16:48:46,992 - INFO: Round 8, Fine-tune Epoch 0: acc(valid_pseudo): 0.9950, acc(valid): 0.9000
2025-12-20 16:48:47,507 - INFO: Epoch: [1][  0/107]	Time  0.181 ( 0.181)	Loss 1.3494e-01 (1.3494e-01)	Acc pseudo  98.44 ( 98.44)	Lr 1.000e-03 (1.000e-03)
2025-12-20 16:48:47,667 - INFO: Epoch: [1][ 50/107]	Time  0.003 ( 0.007)	Loss 9.4601e-02 (7.6365e-02)	Acc pseudo  98.44 ( 98.10)	Lr 1.000e-03 (1.000e-03)
2025-12-20 16:48:47,812 - INFO: Epoch: [1][100/107]	Time  0.002 ( 0.005)	Loss 1.1700e-01 (6.9364e-02)	Acc pseudo  93.75 ( 98.05)	Lr 1.000e-03 (1.000e-03)
2025-12-20 16:48:47,883 - INFO: Round 8, Fine-tune Epoch 1: loss=0.0691, acc(pseudo)=98.08%
2025-12-20 16:48:57,843 - INFO: Round 8, Fine-tune Epoch 1: acc(valid_pseudo): 0.9983, acc(valid): 0.8875
2025-12-20 16:48:58,309 - INFO: Epoch: [2][  0/107]	Time  0.174 ( 0.174)	Loss 3.7257e-03 (3.7257e-03)	Acc pseudo 100.00 (100.00)	Lr 1.000e-03 (1.000e-03)
2025-12-20 16:48:58,486 - INFO: Epoch: [2][ 50/107]	Time  0.003 ( 0.007)	Loss 2.2052e-02 (6.3041e-02)	Acc pseudo 100.00 ( 98.44)	Lr 1.000e-03 (1.000e-03)
2025-12-20 16:48:58,629 - INFO: Epoch: [2][100/107]	Time  0.002 ( 0.005)	Loss 8.9448e-04 (7.0620e-02)	Acc pseudo 100.00 ( 98.31)	Lr 1.000e-03 (1.000e-03)
2025-12-20 16:48:58,690 - INFO: Round 8, Fine-tune Epoch 2: loss=0.0711, acc(pseudo)=98.30%
2025-12-20 16:49:08,832 - INFO: Round 8, Fine-tune Epoch 2: acc(valid_pseudo): 0.9674, acc(valid): 0.8725
2025-12-20 16:49:08,832 - INFO: Round 8, Fine-tune Epoch 2: No improvement in validation accuracy. Patience(epoch): 0/1
2025-12-20 16:49:09,029 - INFO: Epoch: [3][  0/107]	Time  0.192 ( 0.192)	Loss 1.5984e-02 (1.5984e-02)	Acc pseudo 100.00 (100.00)	Lr 1.000e-03 (1.000e-03)
2025-12-20 16:49:09,213 - INFO: Epoch: [3][ 50/107]	Time  0.003 ( 0.007)	Loss 2.2172e-01 (7.0233e-02)	Acc pseudo  98.44 ( 98.56)	Lr 1.000e-03 (1.000e-03)
2025-12-20 16:49:09,361 - INFO: Epoch: [3][100/107]	Time  0.002 ( 0.005)	Loss 3.8123e-02 (7.1903e-02)	Acc pseudo  98.44 ( 98.36)	Lr 1.000e-03 (1.000e-03)
2025-12-20 16:49:09,426 - INFO: Round 8, Fine-tune Epoch 3: loss=0.0731, acc(pseudo)=98.29%
2025-12-20 16:49:18,987 - INFO: Round 8, Fine-tune Epoch 3: acc(valid_pseudo): 0.9841, acc(valid): 0.8925
2025-12-20 16:49:18,987 - INFO: Round 8, Fine-tune Epoch 3: No improvement in validation accuracy. Patience(epoch): 1/1
2025-12-20 16:49:18,987 - INFO: Early stopping at epoch 3 due to no improvement in validation accuracy for 1 epochs.
2025-12-20 16:49:18,988 - INFO: Round 8: Best fine-tuned epoch=1, acc(valid_pseudo)=0.9983
2025-12-20 16:49:19,005 - INFO: Using HMM model from previous round: runs/the big bang theory/exp_video/result/self_supervised/exp0/round7/pseudo_label/hmm_params.pkl
2025-12-20 16:55:31,390 - INFO: Round 8: acc(valid)=0.8975, acc(test)=0.9138
2025-12-20 16:55:31,393 - INFO: ====================
2025-12-20 16:55:31,393 - INFO: Round 9: Fine-tuning iteration
2025-12-20 16:55:31,393 - INFO: ====================
2025-12-20 16:55:31,405 - INFO: Round 9 Part 1: Fine-tuning embedding model
2025-12-20 16:55:31,408 - INFO: Using pseudo-label file: runs/the big bang theory/exp_video/result/self_supervised/exp0/round8/pseudo_label/pseudo_labels_audio_nested_hmm_full(unreliable_pp=5.0).json
2025-12-20 16:55:31,504 - INFO: Fine-tuning embedding model for 20 epochs...
2025-12-20 16:55:31,694 - INFO: Epoch: [0][  0/107]	Time  0.186 ( 0.186)	Loss 1.8255e-01 (1.8255e-01)	Acc pseudo  95.31 ( 95.31)	Lr 1.000e-03 (1.000e-03)
2025-12-20 16:55:31,854 - INFO: Epoch: [0][ 50/107]	Time  0.003 ( 0.007)	Loss 2.3232e-02 (1.5146e-01)	Acc pseudo 100.00 ( 98.13)	Lr 1.000e-03 (1.000e-03)
2025-12-20 16:55:32,001 - INFO: Epoch: [0][100/107]	Time  0.002 ( 0.005)	Loss 2.2435e-02 (1.3559e-01)	Acc pseudo  98.44 ( 97.97)	Lr 1.000e-03 (1.000e-03)
2025-12-20 16:55:32,062 - INFO: Round 9, Fine-tune Epoch 0: loss=0.1336, acc(pseudo)=98.01%
2025-12-20 16:55:42,945 - INFO: Round 9, Fine-tune Epoch 0: acc(valid_pseudo): 0.9983, acc(valid): 0.9000
2025-12-20 16:55:43,425 - INFO: Epoch: [1][  0/107]	Time  0.195 ( 0.195)	Loss 1.2638e-01 (1.2638e-01)	Acc pseudo  96.88 ( 96.88)	Lr 1.000e-03 (1.000e-03)
2025-12-20 16:55:43,590 - INFO: Epoch: [1][ 50/107]	Time  0.003 ( 0.007)	Loss 4.5740e-02 (8.2403e-02)	Acc pseudo  98.44 ( 97.86)	Lr 1.000e-03 (1.000e-03)
2025-12-20 16:55:43,744 - INFO: Epoch: [1][100/107]	Time  0.002 ( 0.005)	Loss 4.0962e-02 (8.3099e-02)	Acc pseudo  96.88 ( 98.02)	Lr 1.000e-03 (1.000e-03)
2025-12-20 16:55:43,811 - INFO: Round 9, Fine-tune Epoch 1: loss=0.0845, acc(pseudo)=98.02%
2025-12-20 16:55:54,552 - INFO: Round 9, Fine-tune Epoch 1: acc(valid_pseudo): 0.9975, acc(valid): 0.9000
2025-12-20 16:55:54,552 - INFO: Round 9, Fine-tune Epoch 1: No improvement in validation accuracy. Patience(epoch): 0/1
2025-12-20 16:55:54,747 - INFO: Epoch: [2][  0/107]	Time  0.189 ( 0.189)	Loss 1.7098e-01 (1.7098e-01)	Acc pseudo  95.31 ( 95.31)	Lr 1.000e-03 (1.000e-03)
2025-12-20 16:55:54,908 - INFO: Epoch: [2][ 50/107]	Time  0.003 ( 0.007)	Loss 1.8470e-01 (7.4365e-02)	Acc pseudo  93.75 ( 98.25)	Lr 1.000e-03 (1.000e-03)
2025-12-20 16:55:55,051 - INFO: Epoch: [2][100/107]	Time  0.002 ( 0.005)	Loss 5.0492e-03 (8.0406e-02)	Acc pseudo 100.00 ( 98.14)	Lr 1.000e-03 (1.000e-03)
2025-12-20 16:55:55,114 - INFO: Round 9, Fine-tune Epoch 2: loss=0.0829, acc(pseudo)=98.10%
2025-12-20 16:56:04,685 - INFO: Round 9, Fine-tune Epoch 2: acc(valid_pseudo): 0.9950, acc(valid): 0.8950
2025-12-20 16:56:04,686 - INFO: Round 9, Fine-tune Epoch 2: No improvement in validation accuracy. Patience(epoch): 0/1
2025-12-20 16:56:04,880 - INFO: Epoch: [3][  0/107]	Time  0.189 ( 0.189)	Loss 2.4145e-03 (2.4145e-03)	Acc pseudo 100.00 (100.00)	Lr 1.000e-03 (1.000e-03)
2025-12-20 16:56:05,067 - INFO: Epoch: [3][ 50/107]	Time  0.003 ( 0.007)	Loss 1.4421e-02 (8.8482e-02)	Acc pseudo 100.00 ( 97.73)	Lr 1.000e-03 (1.000e-03)
2025-12-20 16:56:05,222 - INFO: Epoch: [3][100/107]	Time  0.002 ( 0.005)	Loss 9.9410e-02 (8.8393e-02)	Acc pseudo  98.44 ( 97.77)	Lr 1.000e-03 (1.000e-03)
2025-12-20 16:56:05,284 - INFO: Round 9, Fine-tune Epoch 3: loss=0.0893, acc(pseudo)=97.79%
2025-12-20 16:56:15,822 - INFO: Round 9, Fine-tune Epoch 3: acc(valid_pseudo): 0.9916, acc(valid): 0.8900
2025-12-20 16:56:15,822 - INFO: Round 9, Fine-tune Epoch 3: No improvement in validation accuracy. Patience(epoch): 1/1
2025-12-20 16:56:15,822 - INFO: Early stopping at epoch 3 due to no improvement in validation accuracy for 1 epochs.
2025-12-20 16:56:15,823 - INFO: Round 9: Best fine-tuned epoch=0, acc(valid_pseudo)=0.9983
2025-12-20 16:56:15,840 - INFO: Using HMM model from previous round: runs/the big bang theory/exp_video/result/self_supervised/exp0/round8/pseudo_label/hmm_params.pkl
2025-12-20 17:00:14,138 - INFO: Round 9: acc(valid)=0.8975, acc(test)=0.9144
2025-12-20 17:00:14,147 - INFO: ====================
2025-12-20 17:00:14,147 - INFO: Self-supervised fine-tuning completed!
2025-12-20 17:00:14,147 - INFO: Initial: acc(valid)=0.9000, acc(test)=0.9162
2025-12-20 17:00:14,147 - INFO: Final at round 9: acc(valid)=0.8975, acc(test)=0.9144
2025-12-20 17:00:14,147 - INFO: Improvement for acc(valid): -0.0025 (-0.28%)
2025-12-20 17:00:14,147 - INFO: Improvement for acc(test): -0.0018 (-0.20%)
2025-12-20 17:00:14,147 - INFO: ====================
