2025-12-15 23:36:06,600 - INFO: Starting self-supervised fine-tuning pipeline
2025-12-15 23:36:06,601 - INFO: Device: cuda:0
2025-12-15 23:36:06,605 - INFO: Saved arguments to runs/the big bang theory/exp_video/result/self_supervised/exp1/args.json
2025-12-15 23:36:06,605 - INFO: ====================
2025-12-15 23:36:06,605 - INFO: Initialization: Initial clustering with HMM correction
2025-12-15 23:36:06,605 - INFO: ====================
2025-12-15 23:36:06,661 - INFO: Skipping initial clustering, using existing results.
2025-12-15 23:36:16,746 - INFO: Initial: acc(valid)=0.9000, acc(test)=0.9162
2025-12-15 23:36:16,747 - INFO: ====================
2025-12-15 23:36:16,747 - INFO: Round 0: Fine-tuning iteration
2025-12-15 23:36:16,747 - INFO: ====================
2025-12-15 23:36:16,754 - INFO: Round 0 Part 1: Fine-tuning embedding model
2025-12-15 23:36:16,755 - INFO: Using pseudo-label file: runs/the big bang theory/exp_video/result/self_supervised/exp1/initial/pseudo_label/pseudo_labels_audio_nested_hmm_full(unreliable_pp=5.0).json
2025-12-15 23:36:19,922 - INFO: Embedding dimension: 512
2025-12-15 23:36:20,777 - INFO: Saved config_model to runs/the big bang theory/exp_video/result/self_supervised/exp1/round0/config_model.json
2025-12-15 23:37:41,392 - INFO: Extracting hidden features for all samples,which are outputs of StatsPool layer...
2025-12-15 23:37:41,392 - INFO: args.unfrozen_layers_num=2 is not used when extracting hidden features.
2025-12-15 23:41:48,617 - INFO: Hidden features extracted for 6829 samples
2025-12-15 23:41:48,670 - INFO: Warmup training classifier for 2 epochs...
2025-12-15 23:41:49,352 - INFO: Epoch: [0][ 0/54]	Time  0.678 ( 0.678)	Loss 2.5167e+00 (2.5167e+00)	Acc pseudo   5.47 (  5.47)	Lr 1.000e-03 (1.000e-03)
2025-12-15 23:41:49,509 - INFO: Epoch: [0][50/54]	Time  0.002 ( 0.016)	Loss 3.8710e-01 (1.0634e+00)	Acc pseudo  94.53 ( 81.02)	Lr 1.000e-03 (1.000e-03)
2025-12-15 23:41:49,566 - INFO: Round 0, Warmup Epoch 0: loss=1.0429, acc(pseudo)=81.39%
2025-12-15 23:41:49,779 - INFO: Epoch: [1][ 0/54]	Time  0.208 ( 0.208)	Loss 6.6300e-01 (6.6300e-01)	Acc pseudo  89.84 ( 89.84)	Lr 1.000e-03 (1.000e-03)
2025-12-15 23:41:49,964 - INFO: Epoch: [1][50/54]	Time  0.002 ( 0.008)	Loss 3.7710e-01 (4.4256e-01)	Acc pseudo  90.62 ( 92.68)	Lr 1.000e-03 (1.000e-03)
2025-12-15 23:41:50,016 - INFO: Round 0, Warmup Epoch 1: loss=0.4420, acc(pseudo)=92.61%
2025-12-15 23:41:50,035 - INFO: Fine-tuning embedding model for 20 epochs...
2025-12-15 23:41:50,930 - INFO: Epoch: [0][ 0/54]	Time  0.892 ( 0.892)	Loss 3.4843e-01 (3.4843e-01)	Acc pseudo  93.75 ( 93.75)	Lr 1.000e-03 (1.000e-03)
2025-12-15 23:41:51,098 - INFO: Epoch: [0][50/54]	Time  0.002 ( 0.021)	Loss 3.8056e-01 (4.2734e-01)	Acc pseudo  92.97 ( 91.56)	Lr 1.000e-03 (1.000e-03)
2025-12-15 23:41:51,154 - INFO: Round 0, Fine-tune Epoch 0: loss=0.4231, acc(pseudo)=91.62%
2025-12-15 23:41:55,940 - INFO: Round 0, Fine-tune Epoch 0: acc(valid): 0.7425
2025-12-15 23:41:56,341 - INFO: Epoch: [1][ 0/54]	Time  0.210 ( 0.210)	Loss 2.0700e-01 (2.0700e-01)	Acc pseudo  95.31 ( 95.31)	Lr 1.000e-03 (1.000e-03)
2025-12-15 23:41:56,499 - INFO: Epoch: [1][50/54]	Time  0.002 ( 0.007)	Loss 2.6466e-01 (3.0678e-01)	Acc pseudo  96.09 ( 93.23)	Lr 1.000e-03 (1.000e-03)
2025-12-15 23:41:56,552 - INFO: Round 0, Fine-tune Epoch 1: loss=0.3035, acc(pseudo)=93.28%
2025-12-15 23:42:00,473 - INFO: Round 0, Fine-tune Epoch 1: acc(valid): 0.8650
2025-12-15 23:42:00,862 - INFO: Epoch: [2][ 0/54]	Time  0.194 ( 0.194)	Loss 1.8919e-01 (1.8919e-01)	Acc pseudo  94.53 ( 94.53)	Lr 1.000e-03 (1.000e-03)
2025-12-15 23:42:01,044 - INFO: Epoch: [2][50/54]	Time  0.003 ( 0.007)	Loss 1.5094e-01 (2.4880e-01)	Acc pseudo  96.88 ( 94.44)	Lr 1.000e-03 (1.000e-03)
2025-12-15 23:42:01,100 - INFO: Round 0, Fine-tune Epoch 2: loss=0.2463, acc(pseudo)=94.49%
2025-12-15 23:42:05,135 - INFO: Round 0, Fine-tune Epoch 2: acc(valid): 0.8750
2025-12-15 23:42:05,531 - INFO: Epoch: [3][ 0/54]	Time  0.198 ( 0.198)	Loss 2.5214e-01 (2.5214e-01)	Acc pseudo  92.97 ( 92.97)	Lr 1.000e-03 (1.000e-03)
2025-12-15 23:42:05,690 - INFO: Epoch: [3][50/54]	Time  0.002 ( 0.007)	Loss 1.5717e-01 (2.0244e-01)	Acc pseudo  94.53 ( 95.17)	Lr 1.000e-03 (1.000e-03)
2025-12-15 23:42:05,759 - INFO: Round 0, Fine-tune Epoch 3: loss=0.2012, acc(pseudo)=95.14%
2025-12-15 23:42:09,627 - INFO: Round 0, Fine-tune Epoch 3: acc(valid): 0.7825
2025-12-15 23:42:09,628 - INFO: Round 0, Fine-tune Epoch 3: No improvement in validation accuracy. Patience(epoch): 1/5
2025-12-15 23:42:09,820 - INFO: Epoch: [4][ 0/54]	Time  0.187 ( 0.187)	Loss 1.8969e-01 (1.8969e-01)	Acc pseudo  95.31 ( 95.31)	Lr 1.000e-03 (1.000e-03)
2025-12-15 23:42:10,024 - INFO: Epoch: [4][50/54]	Time  0.002 ( 0.008)	Loss 1.7819e-01 (1.9083e-01)	Acc pseudo  95.31 ( 95.59)	Lr 1.000e-03 (1.000e-03)
2025-12-15 23:42:10,078 - INFO: Round 0, Fine-tune Epoch 4: loss=0.1900, acc(pseudo)=95.62%
2025-12-15 23:42:13,983 - INFO: Round 0, Fine-tune Epoch 4: acc(valid): 0.7900
2025-12-15 23:42:13,983 - INFO: Round 0, Fine-tune Epoch 4: No improvement in validation accuracy. Patience(epoch): 2/5
2025-12-15 23:42:14,202 - INFO: Epoch: [5][ 0/54]	Time  0.213 ( 0.213)	Loss 1.1106e-01 (1.1106e-01)	Acc pseudo  94.53 ( 94.53)	Lr 1.000e-03 (1.000e-03)
2025-12-15 23:42:14,375 - INFO: Epoch: [5][50/54]	Time  0.002 ( 0.007)	Loss 1.5927e-01 (1.6702e-01)	Acc pseudo  93.75 ( 95.66)	Lr 1.000e-03 (1.000e-03)
2025-12-15 23:42:14,431 - INFO: Round 0, Fine-tune Epoch 5: loss=0.1683, acc(pseudo)=95.65%
2025-12-15 23:42:18,257 - INFO: Round 0, Fine-tune Epoch 5: acc(valid): 0.7000
2025-12-15 23:42:18,257 - INFO: Round 0, Fine-tune Epoch 5: No improvement in validation accuracy. Patience(epoch): 3/5
2025-12-15 23:42:18,519 - INFO: Epoch: [6][ 0/54]	Time  0.254 ( 0.254)	Loss 1.5473e-01 (1.5473e-01)	Acc pseudo  96.88 ( 96.88)	Lr 1.000e-03 (1.000e-03)
2025-12-15 23:42:18,682 - INFO: Epoch: [6][50/54]	Time  0.002 ( 0.008)	Loss 3.7978e-02 (1.6707e-01)	Acc pseudo  98.44 ( 95.93)	Lr 1.000e-03 (1.000e-03)
2025-12-15 23:42:18,736 - INFO: Round 0, Fine-tune Epoch 6: loss=0.1695, acc(pseudo)=95.80%
2025-12-15 23:42:22,802 - INFO: Round 0, Fine-tune Epoch 6: acc(valid): 0.8575
2025-12-15 23:42:22,802 - INFO: Round 0, Fine-tune Epoch 6: No improvement in validation accuracy. Patience(epoch): 4/5
2025-12-15 23:42:23,002 - INFO: Epoch: [7][ 0/54]	Time  0.194 ( 0.194)	Loss 1.3160e-01 (1.3160e-01)	Acc pseudo  96.88 ( 96.88)	Lr 1.000e-03 (1.000e-03)
2025-12-15 23:42:23,175 - INFO: Epoch: [7][50/54]	Time  0.002 ( 0.007)	Loss 1.0512e-01 (1.3680e-01)	Acc pseudo  97.66 ( 96.40)	Lr 1.000e-03 (1.000e-03)
2025-12-15 23:42:23,231 - INFO: Round 0, Fine-tune Epoch 7: loss=0.1381, acc(pseudo)=96.44%
2025-12-15 23:42:27,178 - INFO: Round 0, Fine-tune Epoch 7: acc(valid): 0.8750
2025-12-15 23:42:27,178 - INFO: Round 0, Fine-tune Epoch 7: No improvement in validation accuracy. Patience(epoch): 5/5
2025-12-15 23:42:27,178 - INFO: Early stopping at epoch 7 due to no improvement in validation accuracy for 5 epochs.
2025-12-15 23:42:27,180 - INFO: Round 0: Best fine-tuned epoch=2, acc(valid)=0.8750
2025-12-15 23:42:27,195 - INFO: Using HMM model from previous round: runs/the big bang theory/exp_video/result/self_supervised/exp1/initial/pseudo_label/hmm_params.pkl
2025-12-16 00:03:53,450 - INFO: Round 0: acc(valid)=0.8800, acc(test)=0.8944
2025-12-16 00:03:53,451 - INFO: No improvement. Patience(round): 1/5
2025-12-16 00:03:53,454 - INFO: ====================
2025-12-16 00:03:53,454 - INFO: Round 1: Fine-tuning iteration
2025-12-16 00:03:53,455 - INFO: ====================
2025-12-16 00:03:53,466 - INFO: Round 1 Part 1: Fine-tuning embedding model
2025-12-16 00:03:53,467 - INFO: Using pseudo-label file: runs/the big bang theory/exp_video/result/self_supervised/exp1/round0/pseudo_label/pseudo_labels_audio_nested_hmm_full(unreliable_pp=5.0).json
2025-12-16 00:03:53,547 - INFO: Fine-tuning embedding model for 20 epochs...
2025-12-16 00:03:53,797 - INFO: Epoch: [0][ 0/54]	Time  0.245 ( 0.245)	Loss 1.6234e+00 (1.6234e+00)	Acc pseudo  88.28 ( 88.28)	Lr 1.000e-03 (1.000e-03)
2025-12-16 00:03:53,981 - INFO: Epoch: [0][50/54]	Time  0.002 ( 0.008)	Loss 3.7772e-01 (4.6684e-01)	Acc pseudo  94.53 ( 92.40)	Lr 1.000e-03 (1.000e-03)
2025-12-16 00:03:54,036 - INFO: Round 1, Fine-tune Epoch 0: loss=0.4640, acc(pseudo)=92.41%
2025-12-16 00:03:58,229 - INFO: Round 1, Fine-tune Epoch 0: acc(valid): 0.7075
2025-12-16 00:03:58,611 - INFO: Epoch: [1][ 0/54]	Time  0.194 ( 0.194)	Loss 3.8155e-01 (3.8155e-01)	Acc pseudo  92.19 ( 92.19)	Lr 1.000e-03 (1.000e-03)
2025-12-16 00:03:58,768 - INFO: Epoch: [1][50/54]	Time  0.002 ( 0.007)	Loss 4.4113e-01 (3.1176e-01)	Acc pseudo  92.97 ( 93.64)	Lr 1.000e-03 (1.000e-03)
2025-12-16 00:03:58,824 - INFO: Round 1, Fine-tune Epoch 1: loss=0.3058, acc(pseudo)=93.72%
2025-12-16 00:04:02,811 - INFO: Round 1, Fine-tune Epoch 1: acc(valid): 0.8800
2025-12-16 00:04:03,411 - INFO: Epoch: [2][ 0/54]	Time  0.187 ( 0.187)	Loss 2.5448e-01 (2.5448e-01)	Acc pseudo  93.75 ( 93.75)	Lr 1.000e-03 (1.000e-03)
2025-12-16 00:04:03,577 - INFO: Epoch: [2][50/54]	Time  0.002 ( 0.007)	Loss 1.6161e-01 (2.5548e-01)	Acc pseudo  96.88 ( 94.76)	Lr 1.000e-03 (1.000e-03)
2025-12-16 00:04:03,628 - INFO: Round 1, Fine-tune Epoch 2: loss=0.2611, acc(pseudo)=94.68%
2025-12-16 00:04:08,302 - INFO: Round 1, Fine-tune Epoch 2: acc(valid): 0.8850
2025-12-16 00:04:08,699 - INFO: Epoch: [3][ 0/54]	Time  0.192 ( 0.192)	Loss 2.6838e-01 (2.6838e-01)	Acc pseudo  95.31 ( 95.31)	Lr 1.000e-03 (1.000e-03)
2025-12-16 00:04:08,868 - INFO: Epoch: [3][50/54]	Time  0.002 ( 0.007)	Loss 2.1899e-01 (2.1131e-01)	Acc pseudo  95.31 ( 95.42)	Lr 1.000e-03 (1.000e-03)
2025-12-16 00:04:08,924 - INFO: Round 1, Fine-tune Epoch 3: loss=0.2119, acc(pseudo)=95.43%
2025-12-16 00:04:13,449 - INFO: Round 1, Fine-tune Epoch 3: acc(valid): 0.8250
2025-12-16 00:04:13,449 - INFO: Round 1, Fine-tune Epoch 3: No improvement in validation accuracy. Patience(epoch): 1/5
2025-12-16 00:04:13,645 - INFO: Epoch: [4][ 0/54]	Time  0.191 ( 0.191)	Loss 1.7502e-01 (1.7502e-01)	Acc pseudo  95.31 ( 95.31)	Lr 1.000e-03 (1.000e-03)
2025-12-16 00:04:13,824 - INFO: Epoch: [4][50/54]	Time  0.002 ( 0.007)	Loss 2.9573e-01 (2.0262e-01)	Acc pseudo  95.31 ( 95.45)	Lr 1.000e-03 (1.000e-03)
2025-12-16 00:04:13,877 - INFO: Round 1, Fine-tune Epoch 4: loss=0.2044, acc(pseudo)=95.31%
2025-12-16 00:04:17,958 - INFO: Round 1, Fine-tune Epoch 4: acc(valid): 0.8525
2025-12-16 00:04:17,958 - INFO: Round 1, Fine-tune Epoch 4: No improvement in validation accuracy. Patience(epoch): 2/5
2025-12-16 00:04:18,154 - INFO: Epoch: [5][ 0/54]	Time  0.191 ( 0.191)	Loss 1.0626e-01 (1.0626e-01)	Acc pseudo  96.09 ( 96.09)	Lr 1.000e-03 (1.000e-03)
2025-12-16 00:04:18,331 - INFO: Epoch: [5][50/54]	Time  0.002 ( 0.007)	Loss 1.0874e-01 (1.7528e-01)	Acc pseudo  98.44 ( 95.79)	Lr 1.000e-03 (1.000e-03)
2025-12-16 00:04:18,387 - INFO: Round 1, Fine-tune Epoch 5: loss=0.1735, acc(pseudo)=95.86%
2025-12-16 00:04:22,307 - INFO: Round 1, Fine-tune Epoch 5: acc(valid): 0.8825
2025-12-16 00:04:22,307 - INFO: Round 1, Fine-tune Epoch 5: No improvement in validation accuracy. Patience(epoch): 3/5
2025-12-16 00:04:22,506 - INFO: Epoch: [6][ 0/54]	Time  0.193 ( 0.193)	Loss 1.8664e-01 (1.8664e-01)	Acc pseudo  96.09 ( 96.09)	Lr 1.000e-03 (1.000e-03)
2025-12-16 00:04:22,671 - INFO: Epoch: [6][50/54]	Time  0.002 ( 0.007)	Loss 8.3250e-02 (1.4327e-01)	Acc pseudo  98.44 ( 96.48)	Lr 1.000e-03 (1.000e-03)
2025-12-16 00:04:22,723 - INFO: Round 1, Fine-tune Epoch 6: loss=0.1467, acc(pseudo)=96.44%
2025-12-16 00:04:26,670 - INFO: Round 1, Fine-tune Epoch 6: acc(valid): 0.8800
2025-12-16 00:04:26,670 - INFO: Round 1, Fine-tune Epoch 6: No improvement in validation accuracy. Patience(epoch): 4/5
2025-12-16 00:04:26,875 - INFO: Epoch: [7][ 0/54]	Time  0.200 ( 0.200)	Loss 1.2571e-01 (1.2571e-01)	Acc pseudo  96.09 ( 96.09)	Lr 1.000e-03 (1.000e-03)
2025-12-16 00:04:27,053 - INFO: Epoch: [7][50/54]	Time  0.003 ( 0.007)	Loss 5.3704e-02 (1.4436e-01)	Acc pseudo  99.22 ( 96.57)	Lr 1.000e-03 (1.000e-03)
2025-12-16 00:04:27,109 - INFO: Round 1, Fine-tune Epoch 7: loss=0.1458, acc(pseudo)=96.56%
2025-12-16 00:04:30,965 - INFO: Round 1, Fine-tune Epoch 7: acc(valid): 0.8750
2025-12-16 00:04:30,966 - INFO: Round 1, Fine-tune Epoch 7: No improvement in validation accuracy. Patience(epoch): 5/5
2025-12-16 00:04:30,966 - INFO: Early stopping at epoch 7 due to no improvement in validation accuracy for 5 epochs.
2025-12-16 00:04:30,967 - INFO: Round 1: Best fine-tuned epoch=2, acc(valid)=0.8850
2025-12-16 00:04:30,984 - INFO: Using HMM model from previous round: runs/the big bang theory/exp_video/result/self_supervised/exp1/round0/pseudo_label/hmm_params.pkl
2025-12-16 00:18:25,550 - INFO: Round 1: acc(valid)=0.8900, acc(test)=0.9056
2025-12-16 00:18:25,551 - INFO: No improvement. Patience(round): 2/5
2025-12-16 00:18:25,554 - INFO: ====================
2025-12-16 00:18:25,554 - INFO: Round 2: Fine-tuning iteration
2025-12-16 00:18:25,554 - INFO: ====================
2025-12-16 00:18:25,562 - INFO: Round 2 Part 1: Fine-tuning embedding model
2025-12-16 00:18:25,563 - INFO: Using pseudo-label file: runs/the big bang theory/exp_video/result/self_supervised/exp1/round1/pseudo_label/pseudo_labels_audio_nested_hmm_full(unreliable_pp=5.0).json
2025-12-16 00:18:25,641 - INFO: Fine-tuning embedding model for 20 epochs...
2025-12-16 00:18:26,237 - INFO: Epoch: [0][ 0/54]	Time  0.552 ( 0.552)	Loss 6.4966e-01 (6.4966e-01)	Acc pseudo  89.84 ( 89.84)	Lr 1.000e-03 (1.000e-03)
2025-12-16 00:18:26,433 - INFO: Epoch: [0][50/54]	Time  0.003 ( 0.015)	Loss 1.4968e-01 (3.8148e-01)	Acc pseudo  95.31 ( 93.05)	Lr 1.000e-03 (1.000e-03)
2025-12-16 00:18:26,490 - INFO: Round 2, Fine-tune Epoch 0: loss=0.3754, acc(pseudo)=93.07%
2025-12-16 00:18:30,527 - INFO: Round 2, Fine-tune Epoch 0: acc(valid): 0.8600
2025-12-16 00:18:30,965 - INFO: Epoch: [1][ 0/54]	Time  0.209 ( 0.209)	Loss 3.4124e-01 (3.4124e-01)	Acc pseudo  90.62 ( 90.62)	Lr 1.000e-03 (1.000e-03)
2025-12-16 00:18:31,143 - INFO: Epoch: [1][50/54]	Time  0.002 ( 0.007)	Loss 2.6668e-01 (2.5611e-01)	Acc pseudo  91.41 ( 94.84)	Lr 1.000e-03 (1.000e-03)
2025-12-16 00:18:31,203 - INFO: Round 2, Fine-tune Epoch 1: loss=0.2552, acc(pseudo)=94.82%
2025-12-16 00:18:35,281 - INFO: Round 2, Fine-tune Epoch 1: acc(valid): 0.8200
2025-12-16 00:18:35,281 - INFO: Round 2, Fine-tune Epoch 1: No improvement in validation accuracy. Patience(epoch): 1/5
2025-12-16 00:18:35,489 - INFO: Epoch: [2][ 0/54]	Time  0.203 ( 0.203)	Loss 2.2105e-01 (2.2105e-01)	Acc pseudo  96.09 ( 96.09)	Lr 1.000e-03 (1.000e-03)
2025-12-16 00:18:35,695 - INFO: Epoch: [2][50/54]	Time  0.003 ( 0.008)	Loss 3.2184e-01 (2.1572e-01)	Acc pseudo  95.31 ( 95.16)	Lr 1.000e-03 (1.000e-03)
2025-12-16 00:18:35,755 - INFO: Round 2, Fine-tune Epoch 2: loss=0.2182, acc(pseudo)=95.11%
2025-12-16 00:18:39,976 - INFO: Round 2, Fine-tune Epoch 2: acc(valid): 0.8825
2025-12-16 00:18:40,396 - INFO: Epoch: [3][ 0/54]	Time  0.217 ( 0.217)	Loss 2.7099e-01 (2.7099e-01)	Acc pseudo  96.88 ( 96.88)	Lr 1.000e-03 (1.000e-03)
2025-12-16 00:18:40,583 - INFO: Epoch: [3][50/54]	Time  0.002 ( 0.008)	Loss 1.5277e-01 (1.8796e-01)	Acc pseudo  93.75 ( 95.53)	Lr 1.000e-03 (1.000e-03)
2025-12-16 00:18:40,644 - INFO: Round 2, Fine-tune Epoch 3: loss=0.1876, acc(pseudo)=95.52%
2025-12-16 00:18:45,451 - INFO: Round 2, Fine-tune Epoch 3: acc(valid): 0.8350
2025-12-16 00:18:45,451 - INFO: Round 2, Fine-tune Epoch 3: No improvement in validation accuracy. Patience(epoch): 1/5
2025-12-16 00:18:45,671 - INFO: Epoch: [4][ 0/54]	Time  0.214 ( 0.214)	Loss 1.0383e-01 (1.0383e-01)	Acc pseudo  95.31 ( 95.31)	Lr 1.000e-03 (1.000e-03)
2025-12-16 00:18:45,883 - INFO: Epoch: [4][50/54]	Time  0.004 ( 0.008)	Loss 1.4698e-01 (1.6652e-01)	Acc pseudo  96.88 ( 95.86)	Lr 1.000e-03 (1.000e-03)
2025-12-16 00:18:45,944 - INFO: Round 2, Fine-tune Epoch 4: loss=0.1691, acc(pseudo)=95.83%
2025-12-16 00:18:50,288 - INFO: Round 2, Fine-tune Epoch 4: acc(valid): 0.8675
2025-12-16 00:18:50,289 - INFO: Round 2, Fine-tune Epoch 4: No improvement in validation accuracy. Patience(epoch): 2/5
2025-12-16 00:18:50,494 - INFO: Epoch: [5][ 0/54]	Time  0.199 ( 0.199)	Loss 9.4367e-02 (9.4367e-02)	Acc pseudo  96.09 ( 96.09)	Lr 1.000e-03 (1.000e-03)
2025-12-16 00:18:50,682 - INFO: Epoch: [5][50/54]	Time  0.002 ( 0.007)	Loss 1.2639e-01 (1.5107e-01)	Acc pseudo  96.09 ( 95.93)	Lr 1.000e-03 (1.000e-03)
2025-12-16 00:18:50,752 - INFO: Round 2, Fine-tune Epoch 5: loss=0.1500, acc(pseudo)=95.96%
2025-12-16 00:18:55,367 - INFO: Round 2, Fine-tune Epoch 5: acc(valid): 0.7950
2025-12-16 00:18:55,367 - INFO: Round 2, Fine-tune Epoch 5: No improvement in validation accuracy. Patience(epoch): 3/5
2025-12-16 00:18:55,683 - INFO: Epoch: [6][ 0/54]	Time  0.308 ( 0.308)	Loss 1.9263e-01 (1.9263e-01)	Acc pseudo  96.09 ( 96.09)	Lr 1.000e-03 (1.000e-03)
2025-12-16 00:18:55,869 - INFO: Epoch: [6][50/54]	Time  0.002 ( 0.010)	Loss 1.3223e-01 (1.3028e-01)	Acc pseudo  95.31 ( 96.63)	Lr 1.000e-03 (1.000e-03)
2025-12-16 00:18:55,936 - INFO: Round 2, Fine-tune Epoch 6: loss=0.1331, acc(pseudo)=96.65%
2025-12-16 00:19:00,872 - INFO: Round 2, Fine-tune Epoch 6: acc(valid): 0.8850
2025-12-16 00:19:01,278 - INFO: Epoch: [7][ 0/54]	Time  0.197 ( 0.197)	Loss 7.5442e-02 (7.5442e-02)	Acc pseudo  97.66 ( 97.66)	Lr 1.000e-03 (1.000e-03)
2025-12-16 00:19:01,514 - INFO: Epoch: [7][50/54]	Time  0.002 ( 0.008)	Loss 1.3127e-01 (1.3647e-01)	Acc pseudo  95.31 ( 96.45)	Lr 1.000e-03 (1.000e-03)
2025-12-16 00:19:01,575 - INFO: Round 2, Fine-tune Epoch 7: loss=0.1369, acc(pseudo)=96.43%
2025-12-16 00:19:06,265 - INFO: Round 2, Fine-tune Epoch 7: acc(valid): 0.8650
2025-12-16 00:19:06,265 - INFO: Round 2, Fine-tune Epoch 7: No improvement in validation accuracy. Patience(epoch): 1/5
2025-12-16 00:19:06,492 - INFO: Epoch: [8][ 0/54]	Time  0.221 ( 0.221)	Loss 5.4943e-02 (5.4943e-02)	Acc pseudo  98.44 ( 98.44)	Lr 1.000e-03 (1.000e-03)
2025-12-16 00:19:06,663 - INFO: Epoch: [8][50/54]	Time  0.003 ( 0.008)	Loss 1.1497e-01 (1.3159e-01)	Acc pseudo  97.66 ( 96.91)	Lr 1.000e-03 (1.000e-03)
2025-12-16 00:19:06,721 - INFO: Round 2, Fine-tune Epoch 8: loss=0.1299, acc(pseudo)=96.95%
2025-12-16 00:19:11,755 - INFO: Round 2, Fine-tune Epoch 8: acc(valid): 0.8800
2025-12-16 00:19:11,756 - INFO: Round 2, Fine-tune Epoch 8: No improvement in validation accuracy. Patience(epoch): 2/5
2025-12-16 00:19:11,987 - INFO: Epoch: [9][ 0/54]	Time  0.226 ( 0.226)	Loss 1.8981e-01 (1.8981e-01)	Acc pseudo  94.53 ( 94.53)	Lr 1.000e-03 (1.000e-03)
2025-12-16 00:19:12,170 - INFO: Epoch: [9][50/54]	Time  0.002 ( 0.008)	Loss 1.2604e-01 (1.2709e-01)	Acc pseudo  94.53 ( 96.61)	Lr 1.000e-03 (1.000e-03)
2025-12-16 00:19:12,227 - INFO: Round 2, Fine-tune Epoch 9: loss=0.1269, acc(pseudo)=96.63%
2025-12-16 00:19:17,298 - INFO: Round 2, Fine-tune Epoch 9: acc(valid): 0.8600
2025-12-16 00:19:17,298 - INFO: Round 2, Fine-tune Epoch 9: No improvement in validation accuracy. Patience(epoch): 3/5
2025-12-16 00:19:17,502 - INFO: Epoch: [10][ 0/54]	Time  0.198 ( 0.198)	Loss 3.3177e-02 (3.3177e-02)	Acc pseudo  99.22 ( 99.22)	Lr 1.000e-03 (1.000e-03)
2025-12-16 00:19:17,683 - INFO: Epoch: [10][50/54]	Time  0.003 ( 0.007)	Loss 1.1662e-01 (1.2794e-01)	Acc pseudo  97.66 ( 96.66)	Lr 1.000e-03 (1.000e-03)
2025-12-16 00:19:17,747 - INFO: Round 2, Fine-tune Epoch 10: loss=0.1275, acc(pseudo)=96.66%
2025-12-16 00:19:22,837 - INFO: Round 2, Fine-tune Epoch 10: acc(valid): 0.8800
2025-12-16 00:19:22,837 - INFO: Round 2, Fine-tune Epoch 10: No improvement in validation accuracy. Patience(epoch): 4/5
2025-12-16 00:19:23,157 - INFO: Epoch: [11][ 0/54]	Time  0.312 ( 0.312)	Loss 1.8409e-01 (1.8409e-01)	Acc pseudo  92.97 ( 92.97)	Lr 1.000e-03 (1.000e-03)
2025-12-16 00:19:23,369 - INFO: Epoch: [11][50/54]	Time  0.003 ( 0.010)	Loss 1.5854e-01 (1.1667e-01)	Acc pseudo  92.97 ( 96.68)	Lr 1.000e-03 (1.000e-03)
2025-12-16 00:19:23,429 - INFO: Round 2, Fine-tune Epoch 11: loss=0.1185, acc(pseudo)=96.63%
2025-12-16 00:19:28,189 - INFO: Round 2, Fine-tune Epoch 11: acc(valid): 0.8625
2025-12-16 00:19:28,190 - INFO: Round 2, Fine-tune Epoch 11: No improvement in validation accuracy. Patience(epoch): 5/5
2025-12-16 00:19:28,190 - INFO: Early stopping at epoch 11 due to no improvement in validation accuracy for 5 epochs.
2025-12-16 00:19:28,191 - INFO: Round 2: Best fine-tuned epoch=6, acc(valid)=0.8850
2025-12-16 00:19:28,206 - INFO: Using HMM model from previous round: runs/the big bang theory/exp_video/result/self_supervised/exp1/round1/pseudo_label/hmm_params.pkl
2025-12-16 00:29:36,318 - INFO: Round 2: acc(valid)=0.8925, acc(test)=0.8962
2025-12-16 00:29:36,318 - INFO: No improvement. Patience(round): 3/5
2025-12-16 00:29:36,320 - INFO: ====================
2025-12-16 00:29:36,321 - INFO: Round 3: Fine-tuning iteration
2025-12-16 00:29:36,321 - INFO: ====================
2025-12-16 00:29:36,338 - INFO: Round 3 Part 1: Fine-tuning embedding model
2025-12-16 00:29:36,339 - INFO: Using pseudo-label file: runs/the big bang theory/exp_video/result/self_supervised/exp1/round2/pseudo_label/pseudo_labels_audio_nested_hmm_full(unreliable_pp=5.0).json
2025-12-16 00:29:36,380 - INFO: Fine-tuning embedding model for 20 epochs...
2025-12-16 00:29:36,598 - INFO: Epoch: [0][ 0/54]	Time  0.213 ( 0.213)	Loss 7.4306e-01 (7.4306e-01)	Acc pseudo  91.41 ( 91.41)	Lr 1.000e-03 (1.000e-03)
2025-12-16 00:29:36,777 - INFO: Epoch: [0][50/54]	Time  0.002 ( 0.008)	Loss 2.4228e-01 (4.3558e-01)	Acc pseudo  98.44 ( 93.12)	Lr 1.000e-03 (1.000e-03)
2025-12-16 00:29:36,837 - INFO: Round 3, Fine-tune Epoch 0: loss=0.4275, acc(pseudo)=93.21%
2025-12-16 00:29:40,820 - INFO: Round 3, Fine-tune Epoch 0: acc(valid): 0.8225
2025-12-16 00:29:41,207 - INFO: Epoch: [1][ 0/54]	Time  0.192 ( 0.192)	Loss 1.9001e-01 (1.9001e-01)	Acc pseudo  94.53 ( 94.53)	Lr 1.000e-03 (1.000e-03)
2025-12-16 00:29:41,385 - INFO: Epoch: [1][50/54]	Time  0.002 ( 0.007)	Loss 2.2132e-01 (2.7103e-01)	Acc pseudo  95.31 ( 94.85)	Lr 1.000e-03 (1.000e-03)
2025-12-16 00:29:41,445 - INFO: Round 3, Fine-tune Epoch 1: loss=0.2689, acc(pseudo)=94.90%
2025-12-16 00:29:45,970 - INFO: Round 3, Fine-tune Epoch 1: acc(valid): 0.8800
2025-12-16 00:29:46,392 - INFO: Epoch: [2][ 0/54]	Time  0.210 ( 0.210)	Loss 1.2897e-01 (1.2897e-01)	Acc pseudo  97.66 ( 97.66)	Lr 1.000e-03 (1.000e-03)
2025-12-16 00:29:46,592 - INFO: Epoch: [2][50/54]	Time  0.003 ( 0.008)	Loss 1.3939e-01 (2.1580e-01)	Acc pseudo  94.53 ( 95.40)	Lr 1.000e-03 (1.000e-03)
2025-12-16 00:29:46,658 - INFO: Round 3, Fine-tune Epoch 2: loss=0.2138, acc(pseudo)=95.40%
2025-12-16 00:29:51,193 - INFO: Round 3, Fine-tune Epoch 2: acc(valid): 0.8975
2025-12-16 00:29:51,805 - INFO: Epoch: [3][ 0/54]	Time  0.334 ( 0.334)	Loss 2.9893e-01 (2.9893e-01)	Acc pseudo  95.31 ( 95.31)	Lr 1.000e-03 (1.000e-03)
2025-12-16 00:29:51,983 - INFO: Epoch: [3][50/54]	Time  0.002 ( 0.010)	Loss 1.8082e-01 (1.9092e-01)	Acc pseudo  95.31 ( 95.83)	Lr 1.000e-03 (1.000e-03)
2025-12-16 00:29:52,047 - INFO: Round 3, Fine-tune Epoch 3: loss=0.1894, acc(pseudo)=95.87%
2025-12-16 00:29:56,338 - INFO: Round 3, Fine-tune Epoch 3: acc(valid): 0.8900
2025-12-16 00:29:56,339 - INFO: Round 3, Fine-tune Epoch 3: No improvement in validation accuracy. Patience(epoch): 1/5
2025-12-16 00:29:56,605 - INFO: Epoch: [4][ 0/54]	Time  0.259 ( 0.259)	Loss 1.9817e-01 (1.9817e-01)	Acc pseudo  97.66 ( 97.66)	Lr 1.000e-03 (1.000e-03)
2025-12-16 00:29:56,807 - INFO: Epoch: [4][50/54]	Time  0.002 ( 0.009)	Loss 2.3439e-01 (1.5593e-01)	Acc pseudo  95.31 ( 96.23)	Lr 1.000e-03 (1.000e-03)
2025-12-16 00:29:56,866 - INFO: Round 3, Fine-tune Epoch 4: loss=0.1558, acc(pseudo)=96.21%
2025-12-16 00:30:00,905 - INFO: Round 3, Fine-tune Epoch 4: acc(valid): 0.8650
2025-12-16 00:30:00,905 - INFO: Round 3, Fine-tune Epoch 4: No improvement in validation accuracy. Patience(epoch): 2/5
2025-12-16 00:30:01,107 - INFO: Epoch: [5][ 0/54]	Time  0.197 ( 0.197)	Loss 1.9650e-01 (1.9650e-01)	Acc pseudo  96.88 ( 96.88)	Lr 1.000e-03 (1.000e-03)
2025-12-16 00:30:01,303 - INFO: Epoch: [5][50/54]	Time  0.002 ( 0.008)	Loss 1.3477e-01 (1.5388e-01)	Acc pseudo  95.31 ( 95.97)	Lr 1.000e-03 (1.000e-03)
2025-12-16 00:30:01,376 - INFO: Round 3, Fine-tune Epoch 5: loss=0.1523, acc(pseudo)=96.03%
2025-12-16 00:30:05,817 - INFO: Round 3, Fine-tune Epoch 5: acc(valid): 0.8900
2025-12-16 00:30:05,817 - INFO: Round 3, Fine-tune Epoch 5: No improvement in validation accuracy. Patience(epoch): 3/5
2025-12-16 00:30:06,087 - INFO: Epoch: [6][ 0/54]	Time  0.264 ( 0.264)	Loss 2.0295e-01 (2.0295e-01)	Acc pseudo  96.88 ( 96.88)	Lr 1.000e-03 (1.000e-03)
2025-12-16 00:30:06,268 - INFO: Epoch: [6][50/54]	Time  0.002 ( 0.009)	Loss 1.1465e-01 (1.1726e-01)	Acc pseudo  97.66 ( 96.81)	Lr 1.000e-03 (1.000e-03)
2025-12-16 00:30:06,325 - INFO: Round 3, Fine-tune Epoch 6: loss=0.1216, acc(pseudo)=96.66%
2025-12-16 00:30:12,260 - INFO: Round 3, Fine-tune Epoch 6: acc(valid): 0.8875
2025-12-16 00:30:12,260 - INFO: Round 3, Fine-tune Epoch 6: No improvement in validation accuracy. Patience(epoch): 4/5
2025-12-16 00:30:12,496 - INFO: Epoch: [7][ 0/54]	Time  0.230 ( 0.230)	Loss 1.6801e-01 (1.6801e-01)	Acc pseudo  96.88 ( 96.88)	Lr 1.000e-03 (1.000e-03)
2025-12-16 00:30:12,662 - INFO: Epoch: [7][50/54]	Time  0.002 ( 0.008)	Loss 1.2819e-01 (1.2953e-01)	Acc pseudo  97.66 ( 97.32)	Lr 1.000e-03 (1.000e-03)
2025-12-16 00:30:12,719 - INFO: Round 3, Fine-tune Epoch 7: loss=0.1298, acc(pseudo)=97.31%
2025-12-16 00:30:17,585 - INFO: Round 3, Fine-tune Epoch 7: acc(valid): 0.8900
2025-12-16 00:30:17,585 - INFO: Round 3, Fine-tune Epoch 7: No improvement in validation accuracy. Patience(epoch): 5/5
2025-12-16 00:30:17,585 - INFO: Early stopping at epoch 7 due to no improvement in validation accuracy for 5 epochs.
2025-12-16 00:30:17,586 - INFO: Round 3: Best fine-tuned epoch=2, acc(valid)=0.8975
2025-12-16 00:30:17,605 - INFO: Using HMM model from previous round: runs/the big bang theory/exp_video/result/self_supervised/exp1/round2/pseudo_label/hmm_params.pkl
2025-12-16 00:40:28,672 - INFO: Round 3: acc(valid)=0.9025, acc(test)=0.9038
2025-12-16 00:40:28,820 - INFO: New best acc(valid) at round 3: acc(valid)=0.9025, acc(test)=0.9038
2025-12-16 00:40:28,823 - INFO: ====================
2025-12-16 00:40:28,823 - INFO: Round 4: Fine-tuning iteration
2025-12-16 00:40:28,823 - INFO: ====================
2025-12-16 00:40:28,835 - INFO: Round 4 Part 1: Fine-tuning embedding model
2025-12-16 00:40:28,836 - INFO: Using pseudo-label file: runs/the big bang theory/exp_video/result/self_supervised/exp1/round3/pseudo_label/pseudo_labels_audio_nested_hmm_full(unreliable_pp=5.0).json
2025-12-16 00:40:28,944 - INFO: Fine-tuning embedding model for 20 epochs...
2025-12-16 00:40:29,226 - INFO: Epoch: [0][ 0/54]	Time  0.273 ( 0.273)	Loss 9.3855e-01 (9.3855e-01)	Acc pseudo  93.75 ( 93.75)	Lr 1.000e-03 (1.000e-03)
2025-12-16 00:40:29,404 - INFO: Epoch: [0][50/54]	Time  0.002 ( 0.009)	Loss 4.3226e-01 (2.9131e-01)	Acc pseudo  95.31 ( 95.05)	Lr 1.000e-03 (1.000e-03)
2025-12-16 00:40:29,462 - INFO: Round 4, Fine-tune Epoch 0: loss=0.2867, acc(pseudo)=95.21%
2025-12-16 00:40:34,197 - INFO: Round 4, Fine-tune Epoch 0: acc(valid): 0.8950
2025-12-16 00:40:34,774 - INFO: Epoch: [1][ 0/54]	Time  0.196 ( 0.196)	Loss 2.6522e-01 (2.6522e-01)	Acc pseudo  93.75 ( 93.75)	Lr 1.000e-03 (1.000e-03)
2025-12-16 00:40:34,983 - INFO: Epoch: [1][50/54]	Time  0.003 ( 0.008)	Loss 2.7744e-01 (1.9530e-01)	Acc pseudo  96.09 ( 95.96)	Lr 1.000e-03 (1.000e-03)
2025-12-16 00:40:35,046 - INFO: Round 4, Fine-tune Epoch 1: loss=0.1920, acc(pseudo)=96.02%
2025-12-16 00:40:39,627 - INFO: Round 4, Fine-tune Epoch 1: acc(valid): 0.9000
2025-12-16 00:40:40,239 - INFO: Epoch: [2][ 0/54]	Time  0.197 ( 0.197)	Loss 1.0209e-01 (1.0209e-01)	Acc pseudo  97.66 ( 97.66)	Lr 1.000e-03 (1.000e-03)
2025-12-16 00:40:40,447 - INFO: Epoch: [2][50/54]	Time  0.002 ( 0.008)	Loss 2.2026e-01 (1.5406e-01)	Acc pseudo  95.31 ( 96.38)	Lr 1.000e-03 (1.000e-03)
2025-12-16 00:40:40,532 - INFO: Round 4, Fine-tune Epoch 2: loss=0.1584, acc(pseudo)=96.35%
2025-12-16 00:40:45,175 - INFO: Round 4, Fine-tune Epoch 2: acc(valid): 0.8775
2025-12-16 00:40:45,175 - INFO: Round 4, Fine-tune Epoch 2: No improvement in validation accuracy. Patience(epoch): 1/5
2025-12-16 00:40:45,397 - INFO: Epoch: [3][ 0/54]	Time  0.217 ( 0.217)	Loss 2.1954e-01 (2.1954e-01)	Acc pseudo  96.09 ( 96.09)	Lr 1.000e-03 (1.000e-03)
2025-12-16 00:40:45,585 - INFO: Epoch: [3][50/54]	Time  0.002 ( 0.008)	Loss 6.4974e-02 (1.4637e-01)	Acc pseudo  96.88 ( 96.68)	Lr 1.000e-03 (1.000e-03)
2025-12-16 00:40:45,649 - INFO: Round 4, Fine-tune Epoch 3: loss=0.1470, acc(pseudo)=96.66%
2025-12-16 00:40:50,526 - INFO: Round 4, Fine-tune Epoch 3: acc(valid): 0.9000
2025-12-16 00:40:50,526 - INFO: Round 4, Fine-tune Epoch 3: No improvement in validation accuracy. Patience(epoch): 2/5
2025-12-16 00:40:50,744 - INFO: Epoch: [4][ 0/54]	Time  0.212 ( 0.212)	Loss 9.3051e-02 (9.3051e-02)	Acc pseudo  98.44 ( 98.44)	Lr 1.000e-03 (1.000e-03)
2025-12-16 00:40:50,920 - INFO: Epoch: [4][50/54]	Time  0.002 ( 0.008)	Loss 3.3494e-02 (1.1023e-01)	Acc pseudo  98.44 ( 97.41)	Lr 1.000e-03 (1.000e-03)
2025-12-16 00:40:50,978 - INFO: Round 4, Fine-tune Epoch 4: loss=0.1093, acc(pseudo)=97.41%
2025-12-16 00:40:55,712 - INFO: Round 4, Fine-tune Epoch 4: acc(valid): 0.8500
2025-12-16 00:40:55,712 - INFO: Round 4, Fine-tune Epoch 4: No improvement in validation accuracy. Patience(epoch): 3/5
2025-12-16 00:40:55,908 - INFO: Epoch: [5][ 0/54]	Time  0.190 ( 0.190)	Loss 6.3451e-02 (6.3451e-02)	Acc pseudo  98.44 ( 98.44)	Lr 1.000e-03 (1.000e-03)
2025-12-16 00:40:56,229 - INFO: Epoch: [5][50/54]	Time  0.002 ( 0.010)	Loss 1.4134e-01 (1.0455e-01)	Acc pseudo  97.66 ( 97.43)	Lr 1.000e-03 (1.000e-03)
2025-12-16 00:40:56,291 - INFO: Round 4, Fine-tune Epoch 5: loss=0.1084, acc(pseudo)=97.41%
2025-12-16 00:41:01,924 - INFO: Round 4, Fine-tune Epoch 5: acc(valid): 0.8925
2025-12-16 00:41:01,924 - INFO: Round 4, Fine-tune Epoch 5: No improvement in validation accuracy. Patience(epoch): 4/5
2025-12-16 00:41:02,156 - INFO: Epoch: [6][ 0/54]	Time  0.226 ( 0.226)	Loss 2.1059e-01 (2.1059e-01)	Acc pseudo  96.88 ( 96.88)	Lr 1.000e-03 (1.000e-03)
2025-12-16 00:41:02,351 - INFO: Epoch: [6][50/54]	Time  0.002 ( 0.008)	Loss 1.2792e-01 (9.2598e-02)	Acc pseudo  96.88 ( 97.67)	Lr 1.000e-03 (1.000e-03)
2025-12-16 00:41:02,444 - INFO: Round 4, Fine-tune Epoch 6: loss=0.0955, acc(pseudo)=97.63%
2025-12-16 00:41:07,323 - INFO: Round 4, Fine-tune Epoch 6: acc(valid): 0.9025
2025-12-16 00:41:07,920 - INFO: Epoch: [7][ 0/54]	Time  0.190 ( 0.190)	Loss 8.5318e-02 (8.5318e-02)	Acc pseudo  99.22 ( 99.22)	Lr 1.000e-03 (1.000e-03)
2025-12-16 00:41:08,102 - INFO: Epoch: [7][50/54]	Time  0.002 ( 0.007)	Loss 1.1455e-01 (1.0865e-01)	Acc pseudo  97.66 ( 97.40)	Lr 1.000e-03 (1.000e-03)
2025-12-16 00:41:08,159 - INFO: Round 4, Fine-tune Epoch 7: loss=0.1107, acc(pseudo)=97.38%
2025-12-16 00:41:12,119 - INFO: Round 4, Fine-tune Epoch 7: acc(valid): 0.8350
2025-12-16 00:41:12,120 - INFO: Round 4, Fine-tune Epoch 7: No improvement in validation accuracy. Patience(epoch): 1/5
2025-12-16 00:41:12,390 - INFO: Epoch: [8][ 0/54]	Time  0.265 ( 0.265)	Loss 8.5956e-02 (8.5956e-02)	Acc pseudo  98.44 ( 98.44)	Lr 1.000e-03 (1.000e-03)
2025-12-16 00:41:12,592 - INFO: Epoch: [8][50/54]	Time  0.002 ( 0.009)	Loss 1.7109e-01 (1.2871e-01)	Acc pseudo  92.97 ( 96.83)	Lr 1.000e-03 (1.000e-03)
2025-12-16 00:41:12,657 - INFO: Round 4, Fine-tune Epoch 8: loss=0.1295, acc(pseudo)=96.82%
2025-12-16 00:41:17,430 - INFO: Round 4, Fine-tune Epoch 8: acc(valid): 0.8950
2025-12-16 00:41:17,430 - INFO: Round 4, Fine-tune Epoch 8: No improvement in validation accuracy. Patience(epoch): 2/5
2025-12-16 00:41:17,648 - INFO: Epoch: [9][ 0/54]	Time  0.212 ( 0.212)	Loss 1.4005e-01 (1.4005e-01)	Acc pseudo  96.09 ( 96.09)	Lr 1.000e-03 (1.000e-03)
2025-12-16 00:41:17,824 - INFO: Epoch: [9][50/54]	Time  0.002 ( 0.007)	Loss 6.0553e-02 (9.8090e-02)	Acc pseudo  97.66 ( 97.24)	Lr 1.000e-03 (1.000e-03)
2025-12-16 00:41:17,907 - INFO: Round 4, Fine-tune Epoch 9: loss=0.0988, acc(pseudo)=97.26%
2025-12-16 00:41:22,411 - INFO: Round 4, Fine-tune Epoch 9: acc(valid): 0.8450
2025-12-16 00:41:22,411 - INFO: Round 4, Fine-tune Epoch 9: No improvement in validation accuracy. Patience(epoch): 3/5
2025-12-16 00:41:22,756 - INFO: Epoch: [10][ 0/54]	Time  0.337 ( 0.337)	Loss 4.6774e-02 (4.6774e-02)	Acc pseudo  97.66 ( 97.66)	Lr 1.000e-03 (1.000e-03)
2025-12-16 00:41:22,939 - INFO: Epoch: [10][50/54]	Time  0.002 ( 0.010)	Loss 7.7353e-02 (1.0860e-01)	Acc pseudo  96.88 ( 97.35)	Lr 1.000e-03 (1.000e-03)
2025-12-16 00:41:22,993 - INFO: Round 4, Fine-tune Epoch 10: loss=0.1092, acc(pseudo)=97.35%
2025-12-16 00:41:28,346 - INFO: Round 4, Fine-tune Epoch 10: acc(valid): 0.8850
2025-12-16 00:41:28,347 - INFO: Round 4, Fine-tune Epoch 10: No improvement in validation accuracy. Patience(epoch): 4/5
2025-12-16 00:41:28,684 - INFO: Epoch: [11][ 0/54]	Time  0.329 ( 0.329)	Loss 4.7329e-02 (4.7329e-02)	Acc pseudo  99.22 ( 99.22)	Lr 1.000e-03 (1.000e-03)
2025-12-16 00:41:28,908 - INFO: Epoch: [11][50/54]	Time  0.003 ( 0.011)	Loss 4.6301e-02 (9.1959e-02)	Acc pseudo  99.22 ( 97.81)	Lr 1.000e-03 (1.000e-03)
2025-12-16 00:41:28,972 - INFO: Round 4, Fine-tune Epoch 11: loss=0.0917, acc(pseudo)=97.79%
2025-12-16 00:41:34,008 - INFO: Round 4, Fine-tune Epoch 11: acc(valid): 0.8875
2025-12-16 00:41:34,009 - INFO: Round 4, Fine-tune Epoch 11: No improvement in validation accuracy. Patience(epoch): 5/5
2025-12-16 00:41:34,009 - INFO: Early stopping at epoch 11 due to no improvement in validation accuracy for 5 epochs.
2025-12-16 00:41:34,010 - INFO: Round 4: Best fine-tuned epoch=6, acc(valid)=0.9025
2025-12-16 00:41:34,027 - INFO: Using HMM model from previous round: runs/the big bang theory/exp_video/result/self_supervised/exp1/round3/pseudo_label/hmm_params.pkl
2025-12-16 00:50:17,929 - INFO: Round 4: acc(valid)=0.9150, acc(test)=0.9094
2025-12-16 00:50:18,063 - INFO: New best acc(valid) at round 4: acc(valid)=0.9150, acc(test)=0.9094
2025-12-16 00:50:18,066 - INFO: ====================
2025-12-16 00:50:18,066 - INFO: Round 5: Fine-tuning iteration
2025-12-16 00:50:18,066 - INFO: ====================
2025-12-16 00:50:18,073 - INFO: Round 5 Part 1: Fine-tuning embedding model
2025-12-16 00:50:18,074 - INFO: Using pseudo-label file: runs/the big bang theory/exp_video/result/self_supervised/exp1/round4/pseudo_label/pseudo_labels_audio_nested_hmm_full(unreliable_pp=5.0).json
2025-12-16 00:50:18,400 - INFO: Fine-tuning embedding model for 20 epochs...
2025-12-16 00:50:19,470 - INFO: Epoch: [0][ 0/54]	Time  1.025 ( 1.025)	Loss 2.7948e-01 (2.7948e-01)	Acc pseudo  96.88 ( 96.88)	Lr 1.000e-03 (1.000e-03)
2025-12-16 00:50:19,673 - INFO: Epoch: [0][50/54]	Time  0.002 ( 0.024)	Loss 1.9816e-01 (2.3185e-01)	Acc pseudo  96.88 ( 96.14)	Lr 1.000e-03 (1.000e-03)
2025-12-16 00:50:19,733 - INFO: Round 5, Fine-tune Epoch 0: loss=0.2278, acc(pseudo)=96.19%
2025-12-16 00:50:24,403 - INFO: Round 5, Fine-tune Epoch 0: acc(valid): 0.8975
2025-12-16 00:50:24,867 - INFO: Epoch: [1][ 0/54]	Time  0.212 ( 0.212)	Loss 1.4657e-01 (1.4657e-01)	Acc pseudo  96.09 ( 96.09)	Lr 1.000e-03 (1.000e-03)
2025-12-16 00:50:25,039 - INFO: Epoch: [1][50/54]	Time  0.002 ( 0.007)	Loss 3.2425e-01 (1.7127e-01)	Acc pseudo  96.09 ( 96.38)	Lr 1.000e-03 (1.000e-03)
2025-12-16 00:50:25,097 - INFO: Round 5, Fine-tune Epoch 1: loss=0.1668, acc(pseudo)=96.46%
2025-12-16 00:50:29,354 - INFO: Round 5, Fine-tune Epoch 1: acc(valid): 0.9000
2025-12-16 00:50:29,920 - INFO: Epoch: [2][ 0/54]	Time  0.289 ( 0.289)	Loss 4.1005e-02 (4.1005e-02)	Acc pseudo  99.22 ( 99.22)	Lr 1.000e-03 (1.000e-03)
2025-12-16 00:50:30,099 - INFO: Epoch: [2][50/54]	Time  0.003 ( 0.009)	Loss 1.6480e-01 (1.3363e-01)	Acc pseudo  97.66 ( 97.12)	Lr 1.000e-03 (1.000e-03)
2025-12-16 00:50:30,174 - INFO: Round 5, Fine-tune Epoch 2: loss=0.1364, acc(pseudo)=97.07%
2025-12-16 00:50:34,903 - INFO: Round 5, Fine-tune Epoch 2: acc(valid): 0.8425
2025-12-16 00:50:34,903 - INFO: Round 5, Fine-tune Epoch 2: No improvement in validation accuracy. Patience(epoch): 1/5
2025-12-16 00:50:35,101 - INFO: Epoch: [3][ 0/54]	Time  0.192 ( 0.192)	Loss 1.7066e-01 (1.7066e-01)	Acc pseudo  96.88 ( 96.88)	Lr 1.000e-03 (1.000e-03)
2025-12-16 00:50:35,281 - INFO: Epoch: [3][50/54]	Time  0.002 ( 0.007)	Loss 1.0539e-01 (1.2791e-01)	Acc pseudo  96.88 ( 96.68)	Lr 1.000e-03 (1.000e-03)
2025-12-16 00:50:35,339 - INFO: Round 5, Fine-tune Epoch 3: loss=0.1279, acc(pseudo)=96.71%
2025-12-16 00:50:39,910 - INFO: Round 5, Fine-tune Epoch 3: acc(valid): 0.8825
2025-12-16 00:50:39,911 - INFO: Round 5, Fine-tune Epoch 3: No improvement in validation accuracy. Patience(epoch): 2/5
2025-12-16 00:50:40,133 - INFO: Epoch: [4][ 0/54]	Time  0.217 ( 0.217)	Loss 3.1627e-02 (3.1627e-02)	Acc pseudo  99.22 ( 99.22)	Lr 1.000e-03 (1.000e-03)
2025-12-16 00:50:40,337 - INFO: Epoch: [4][50/54]	Time  0.003 ( 0.008)	Loss 1.0033e-01 (1.0685e-01)	Acc pseudo  96.88 ( 97.27)	Lr 1.000e-03 (1.000e-03)
2025-12-16 00:50:40,398 - INFO: Round 5, Fine-tune Epoch 4: loss=0.1067, acc(pseudo)=97.29%
2025-12-16 00:50:44,515 - INFO: Round 5, Fine-tune Epoch 4: acc(valid): 0.8950
2025-12-16 00:50:44,515 - INFO: Round 5, Fine-tune Epoch 4: No improvement in validation accuracy. Patience(epoch): 3/5
2025-12-16 00:50:44,765 - INFO: Epoch: [5][ 0/54]	Time  0.244 ( 0.244)	Loss 2.5888e-02 (2.5888e-02)	Acc pseudo  99.22 ( 99.22)	Lr 1.000e-03 (1.000e-03)
2025-12-16 00:50:44,946 - INFO: Epoch: [5][50/54]	Time  0.002 ( 0.008)	Loss 6.6346e-02 (7.9945e-02)	Acc pseudo  98.44 ( 97.92)	Lr 1.000e-03 (1.000e-03)
2025-12-16 00:50:45,013 - INFO: Round 5, Fine-tune Epoch 5: loss=0.0794, acc(pseudo)=97.91%
2025-12-16 00:50:49,550 - INFO: Round 5, Fine-tune Epoch 5: acc(valid): 0.9100
2025-12-16 00:50:49,976 - INFO: Epoch: [6][ 0/54]	Time  0.204 ( 0.204)	Loss 9.1430e-02 (9.1430e-02)	Acc pseudo  96.88 ( 96.88)	Lr 1.000e-03 (1.000e-03)
2025-12-16 00:50:50,156 - INFO: Epoch: [6][50/54]	Time  0.002 ( 0.007)	Loss 7.9385e-02 (8.0688e-02)	Acc pseudo  96.88 ( 97.89)	Lr 1.000e-03 (1.000e-03)
2025-12-16 00:50:50,215 - INFO: Round 5, Fine-tune Epoch 6: loss=0.0814, acc(pseudo)=97.85%
2025-12-16 00:50:54,691 - INFO: Round 5, Fine-tune Epoch 6: acc(valid): 0.8975
2025-12-16 00:50:54,692 - INFO: Round 5, Fine-tune Epoch 6: No improvement in validation accuracy. Patience(epoch): 1/5
2025-12-16 00:50:54,904 - INFO: Epoch: [7][ 0/54]	Time  0.207 ( 0.207)	Loss 2.4746e-02 (2.4746e-02)	Acc pseudo  99.22 ( 99.22)	Lr 1.000e-03 (1.000e-03)
2025-12-16 00:50:55,120 - INFO: Epoch: [7][50/54]	Time  0.002 ( 0.008)	Loss 8.0901e-02 (8.4147e-02)	Acc pseudo  97.66 ( 97.76)	Lr 1.000e-03 (1.000e-03)
2025-12-16 00:50:55,178 - INFO: Round 5, Fine-tune Epoch 7: loss=0.0858, acc(pseudo)=97.70%
2025-12-16 00:51:00,152 - INFO: Round 5, Fine-tune Epoch 7: acc(valid): 0.8825
2025-12-16 00:51:00,152 - INFO: Round 5, Fine-tune Epoch 7: No improvement in validation accuracy. Patience(epoch): 2/5
2025-12-16 00:51:00,378 - INFO: Epoch: [8][ 0/54]	Time  0.220 ( 0.220)	Loss 3.5132e-02 (3.5132e-02)	Acc pseudo  98.44 ( 98.44)	Lr 1.000e-03 (1.000e-03)
2025-12-16 00:51:00,579 - INFO: Epoch: [8][50/54]	Time  0.002 ( 0.008)	Loss 1.0287e-01 (8.5480e-02)	Acc pseudo  96.88 ( 97.61)	Lr 1.000e-03 (1.000e-03)
2025-12-16 00:51:00,655 - INFO: Round 5, Fine-tune Epoch 8: loss=0.0862, acc(pseudo)=97.61%
2025-12-16 00:51:06,454 - INFO: Round 5, Fine-tune Epoch 8: acc(valid): 0.9125
2025-12-16 00:51:06,854 - INFO: Epoch: [9][ 0/54]	Time  0.196 ( 0.196)	Loss 1.2518e-01 (1.2518e-01)	Acc pseudo  96.09 ( 96.09)	Lr 1.000e-03 (1.000e-03)
2025-12-16 00:51:07,051 - INFO: Epoch: [9][50/54]	Time  0.002 ( 0.008)	Loss 2.8490e-02 (9.2061e-02)	Acc pseudo  99.22 ( 97.69)	Lr 1.000e-03 (1.000e-03)
2025-12-16 00:51:07,108 - INFO: Round 5, Fine-tune Epoch 9: loss=0.0905, acc(pseudo)=97.72%
2025-12-16 00:51:11,307 - INFO: Round 5, Fine-tune Epoch 9: acc(valid): 0.8850
2025-12-16 00:51:11,307 - INFO: Round 5, Fine-tune Epoch 9: No improvement in validation accuracy. Patience(epoch): 1/5
2025-12-16 00:51:11,508 - INFO: Epoch: [10][ 0/54]	Time  0.195 ( 0.195)	Loss 5.2322e-02 (5.2322e-02)	Acc pseudo  99.22 ( 99.22)	Lr 1.000e-03 (1.000e-03)
2025-12-16 00:51:11,690 - INFO: Epoch: [10][50/54]	Time  0.002 ( 0.007)	Loss 1.5755e-01 (8.1002e-02)	Acc pseudo  95.31 ( 97.87)	Lr 1.000e-03 (1.000e-03)
2025-12-16 00:51:11,746 - INFO: Round 5, Fine-tune Epoch 10: loss=0.0821, acc(pseudo)=97.86%
2025-12-16 00:51:16,894 - INFO: Round 5, Fine-tune Epoch 10: acc(valid): 0.9100
2025-12-16 00:51:16,894 - INFO: Round 5, Fine-tune Epoch 10: No improvement in validation accuracy. Patience(epoch): 2/5
2025-12-16 00:51:17,105 - INFO: Epoch: [11][ 0/54]	Time  0.206 ( 0.206)	Loss 6.9759e-02 (6.9759e-02)	Acc pseudo  97.66 ( 97.66)	Lr 1.000e-03 (1.000e-03)
2025-12-16 00:51:17,326 - INFO: Epoch: [11][50/54]	Time  0.002 ( 0.008)	Loss 7.2542e-02 (7.8626e-02)	Acc pseudo  96.09 ( 97.81)	Lr 1.000e-03 (1.000e-03)
2025-12-16 00:51:17,383 - INFO: Round 5, Fine-tune Epoch 11: loss=0.0794, acc(pseudo)=97.80%
2025-12-16 00:51:21,333 - INFO: Round 5, Fine-tune Epoch 11: acc(valid): 0.9000
2025-12-16 00:51:21,334 - INFO: Round 5, Fine-tune Epoch 11: No improvement in validation accuracy. Patience(epoch): 3/5
2025-12-16 00:51:21,547 - INFO: Epoch: [12][ 0/54]	Time  0.208 ( 0.208)	Loss 8.6976e-02 (8.6976e-02)	Acc pseudo  96.88 ( 96.88)	Lr 1.000e-03 (1.000e-03)
2025-12-16 00:51:21,725 - INFO: Epoch: [12][50/54]	Time  0.002 ( 0.007)	Loss 1.1136e-01 (8.0741e-02)	Acc pseudo  95.31 ( 97.79)	Lr 1.000e-03 (1.000e-03)
2025-12-16 00:51:21,783 - INFO: Round 5, Fine-tune Epoch 12: loss=0.0825, acc(pseudo)=97.74%
2025-12-16 00:51:26,242 - INFO: Round 5, Fine-tune Epoch 12: acc(valid): 0.8975
2025-12-16 00:51:26,243 - INFO: Round 5, Fine-tune Epoch 12: No improvement in validation accuracy. Patience(epoch): 4/5
2025-12-16 00:51:26,456 - INFO: Epoch: [13][ 0/54]	Time  0.207 ( 0.207)	Loss 8.9981e-02 (8.9981e-02)	Acc pseudo  96.88 ( 96.88)	Lr 1.000e-03 (1.000e-03)
2025-12-16 00:51:26,671 - INFO: Epoch: [13][50/54]	Time  0.002 ( 0.008)	Loss 6.1573e-02 (7.2483e-02)	Acc pseudo  97.66 ( 98.12)	Lr 1.000e-03 (1.000e-03)
2025-12-16 00:51:26,730 - INFO: Round 5, Fine-tune Epoch 13: loss=0.0739, acc(pseudo)=98.04%
2025-12-16 00:51:31,153 - INFO: Round 5, Fine-tune Epoch 13: acc(valid): 0.9050
2025-12-16 00:51:31,153 - INFO: Round 5, Fine-tune Epoch 13: No improvement in validation accuracy. Patience(epoch): 5/5
2025-12-16 00:51:31,153 - INFO: Early stopping at epoch 13 due to no improvement in validation accuracy for 5 epochs.
2025-12-16 00:51:31,154 - INFO: Round 5: Best fine-tuned epoch=8, acc(valid)=0.9125
2025-12-16 00:51:31,170 - INFO: Using HMM model from previous round: runs/the big bang theory/exp_video/result/self_supervised/exp1/round4/pseudo_label/hmm_params.pkl
2025-12-16 00:58:20,757 - INFO: Round 5: acc(valid)=0.9125, acc(test)=0.9062
2025-12-16 00:58:20,758 - INFO: No improvement. Patience(round): 1/5
2025-12-16 00:58:20,761 - INFO: ====================
2025-12-16 00:58:20,761 - INFO: Round 6: Fine-tuning iteration
2025-12-16 00:58:20,761 - INFO: ====================
2025-12-16 00:58:20,768 - INFO: Round 6 Part 1: Fine-tuning embedding model
2025-12-16 00:58:20,769 - INFO: Using pseudo-label file: runs/the big bang theory/exp_video/result/self_supervised/exp1/round5/pseudo_label/pseudo_labels_audio_nested_hmm_full(unreliable_pp=5.0).json
2025-12-16 00:58:20,819 - INFO: Fine-tuning embedding model for 20 epochs...
2025-12-16 00:58:21,127 - INFO: Epoch: [0][ 0/54]	Time  0.300 ( 0.300)	Loss 2.1531e-01 (2.1531e-01)	Acc pseudo  96.88 ( 96.88)	Lr 1.000e-03 (1.000e-03)
2025-12-16 00:58:21,329 - INFO: Epoch: [0][50/54]	Time  0.002 ( 0.010)	Loss 1.2661e-01 (2.0096e-01)	Acc pseudo  96.88 ( 96.89)	Lr 1.000e-03 (1.000e-03)
2025-12-16 00:58:21,389 - INFO: Round 6, Fine-tune Epoch 0: loss=0.1944, acc(pseudo)=96.97%
2025-12-16 00:58:26,128 - INFO: Round 6, Fine-tune Epoch 0: acc(valid): 0.9075
2025-12-16 00:58:26,544 - INFO: Epoch: [1][ 0/54]	Time  0.214 ( 0.214)	Loss 1.5528e-01 (1.5528e-01)	Acc pseudo  96.09 ( 96.09)	Lr 1.000e-03 (1.000e-03)
2025-12-16 00:58:26,724 - INFO: Epoch: [1][50/54]	Time  0.002 ( 0.008)	Loss 9.1504e-02 (1.1899e-01)	Acc pseudo  98.44 ( 97.40)	Lr 1.000e-03 (1.000e-03)
2025-12-16 00:58:26,782 - INFO: Round 6, Fine-tune Epoch 1: loss=0.1203, acc(pseudo)=97.41%
2025-12-16 00:58:31,321 - INFO: Round 6, Fine-tune Epoch 1: acc(valid): 0.9025
2025-12-16 00:58:31,321 - INFO: Round 6, Fine-tune Epoch 1: No improvement in validation accuracy. Patience(epoch): 1/5
2025-12-16 00:58:31,519 - INFO: Epoch: [2][ 0/54]	Time  0.192 ( 0.192)	Loss 1.0085e-01 (1.0085e-01)	Acc pseudo  96.88 ( 96.88)	Lr 1.000e-03 (1.000e-03)
2025-12-16 00:58:31,704 - INFO: Epoch: [2][50/54]	Time  0.002 ( 0.007)	Loss 3.1054e-01 (1.0731e-01)	Acc pseudo  97.66 ( 98.02)	Lr 1.000e-03 (1.000e-03)
2025-12-16 00:58:31,764 - INFO: Round 6, Fine-tune Epoch 2: loss=0.1073, acc(pseudo)=97.99%
2025-12-16 00:58:36,066 - INFO: Round 6, Fine-tune Epoch 2: acc(valid): 0.9150
2025-12-16 00:58:36,471 - INFO: Epoch: [3][ 0/54]	Time  0.197 ( 0.197)	Loss 6.6070e-02 (6.6070e-02)	Acc pseudo  99.22 ( 99.22)	Lr 1.000e-03 (1.000e-03)
2025-12-16 00:58:36,681 - INFO: Epoch: [3][50/54]	Time  0.002 ( 0.008)	Loss 9.3477e-02 (8.9027e-02)	Acc pseudo  96.09 ( 97.70)	Lr 1.000e-03 (1.000e-03)
2025-12-16 00:58:36,741 - INFO: Round 6, Fine-tune Epoch 3: loss=0.0873, acc(pseudo)=97.72%
2025-12-16 00:58:40,713 - INFO: Round 6, Fine-tune Epoch 3: acc(valid): 0.9150
2025-12-16 00:58:40,714 - INFO: Round 6, Fine-tune Epoch 3: No improvement in validation accuracy. Patience(epoch): 1/5
2025-12-16 00:58:40,913 - INFO: Epoch: [4][ 0/54]	Time  0.194 ( 0.194)	Loss 4.5088e-02 (4.5088e-02)	Acc pseudo  99.22 ( 99.22)	Lr 1.000e-03 (1.000e-03)
2025-12-16 00:58:41,106 - INFO: Epoch: [4][50/54]	Time  0.002 ( 0.007)	Loss 5.5061e-02 (7.4581e-02)	Acc pseudo  99.22 ( 98.31)	Lr 1.000e-03 (1.000e-03)
2025-12-16 00:58:41,170 - INFO: Round 6, Fine-tune Epoch 4: loss=0.0777, acc(pseudo)=98.24%
2025-12-16 00:58:45,388 - INFO: Round 6, Fine-tune Epoch 4: acc(valid): 0.9100
2025-12-16 00:58:45,389 - INFO: Round 6, Fine-tune Epoch 4: No improvement in validation accuracy. Patience(epoch): 2/5
2025-12-16 00:58:45,610 - INFO: Epoch: [5][ 0/54]	Time  0.216 ( 0.216)	Loss 3.7873e-02 (3.7873e-02)	Acc pseudo  98.44 ( 98.44)	Lr 1.000e-03 (1.000e-03)
2025-12-16 00:58:45,819 - INFO: Epoch: [5][50/54]	Time  0.003 ( 0.008)	Loss 4.6899e-02 (6.6893e-02)	Acc pseudo  99.22 ( 98.22)	Lr 1.000e-03 (1.000e-03)
2025-12-16 00:58:45,881 - INFO: Round 6, Fine-tune Epoch 5: loss=0.0668, acc(pseudo)=98.21%
2025-12-16 00:58:49,935 - INFO: Round 6, Fine-tune Epoch 5: acc(valid): 0.8875
2025-12-16 00:58:49,936 - INFO: Round 6, Fine-tune Epoch 5: No improvement in validation accuracy. Patience(epoch): 3/5
2025-12-16 00:58:50,134 - INFO: Epoch: [6][ 0/54]	Time  0.193 ( 0.193)	Loss 1.2117e-01 (1.2117e-01)	Acc pseudo  96.09 ( 96.09)	Lr 1.000e-03 (1.000e-03)
2025-12-16 00:58:50,320 - INFO: Epoch: [6][50/54]	Time  0.002 ( 0.007)	Loss 6.4264e-02 (7.0557e-02)	Acc pseudo  99.22 ( 98.22)	Lr 1.000e-03 (1.000e-03)
2025-12-16 00:58:50,377 - INFO: Round 6, Fine-tune Epoch 6: loss=0.0712, acc(pseudo)=98.23%
2025-12-16 00:58:54,730 - INFO: Round 6, Fine-tune Epoch 6: acc(valid): 0.9075
2025-12-16 00:58:54,730 - INFO: Round 6, Fine-tune Epoch 6: No improvement in validation accuracy. Patience(epoch): 4/5
2025-12-16 00:58:54,935 - INFO: Epoch: [7][ 0/54]	Time  0.199 ( 0.199)	Loss 3.3554e-02 (3.3554e-02)	Acc pseudo  99.22 ( 99.22)	Lr 1.000e-03 (1.000e-03)
2025-12-16 00:58:55,149 - INFO: Epoch: [7][50/54]	Time  0.003 ( 0.008)	Loss 2.8688e-02 (7.3132e-02)	Acc pseudo  98.44 ( 98.33)	Lr 1.000e-03 (1.000e-03)
2025-12-16 00:58:55,208 - INFO: Round 6, Fine-tune Epoch 7: loss=0.0739, acc(pseudo)=98.29%
2025-12-16 00:58:59,609 - INFO: Round 6, Fine-tune Epoch 7: acc(valid): 0.9175
2025-12-16 00:59:00,060 - INFO: Epoch: [8][ 0/54]	Time  0.216 ( 0.216)	Loss 8.0604e-03 (8.0604e-03)	Acc pseudo 100.00 (100.00)	Lr 1.000e-03 (1.000e-03)
2025-12-16 00:59:00,240 - INFO: Epoch: [8][50/54]	Time  0.003 ( 0.008)	Loss 1.0842e-01 (6.7109e-02)	Acc pseudo  96.88 ( 98.13)	Lr 1.000e-03 (1.000e-03)
2025-12-16 00:59:00,302 - INFO: Round 6, Fine-tune Epoch 8: loss=0.0660, acc(pseudo)=98.18%
2025-12-16 00:59:05,815 - INFO: Round 6, Fine-tune Epoch 8: acc(valid): 0.9050
2025-12-16 00:59:05,815 - INFO: Round 6, Fine-tune Epoch 8: No improvement in validation accuracy. Patience(epoch): 1/5
2025-12-16 00:59:06,091 - INFO: Epoch: [9][ 0/54]	Time  0.271 ( 0.271)	Loss 4.5388e-02 (4.5388e-02)	Acc pseudo  99.22 ( 99.22)	Lr 1.000e-03 (1.000e-03)
2025-12-16 00:59:06,287 - INFO: Epoch: [9][50/54]	Time  0.002 ( 0.009)	Loss 2.0576e-02 (5.9429e-02)	Acc pseudo  99.22 ( 98.54)	Lr 1.000e-03 (1.000e-03)
2025-12-16 00:59:06,345 - INFO: Round 6, Fine-tune Epoch 9: loss=0.0585, acc(pseudo)=98.52%
2025-12-16 00:59:11,194 - INFO: Round 6, Fine-tune Epoch 9: acc(valid): 0.8150
2025-12-16 00:59:11,195 - INFO: Round 6, Fine-tune Epoch 9: No improvement in validation accuracy. Patience(epoch): 2/5
2025-12-16 00:59:11,399 - INFO: Epoch: [10][ 0/54]	Time  0.198 ( 0.198)	Loss 1.7205e-02 (1.7205e-02)	Acc pseudo 100.00 (100.00)	Lr 1.000e-03 (1.000e-03)
2025-12-16 00:59:11,609 - INFO: Epoch: [10][50/54]	Time  0.002 ( 0.008)	Loss 9.5491e-02 (5.8956e-02)	Acc pseudo  96.88 ( 98.44)	Lr 1.000e-03 (1.000e-03)
2025-12-16 00:59:11,673 - INFO: Round 6, Fine-tune Epoch 10: loss=0.0591, acc(pseudo)=98.45%
2025-12-16 00:59:16,558 - INFO: Round 6, Fine-tune Epoch 10: acc(valid): 0.9050
2025-12-16 00:59:16,558 - INFO: Round 6, Fine-tune Epoch 10: No improvement in validation accuracy. Patience(epoch): 3/5
2025-12-16 00:59:16,870 - INFO: Epoch: [11][ 0/54]	Time  0.305 ( 0.305)	Loss 4.1515e-02 (4.1515e-02)	Acc pseudo  99.22 ( 99.22)	Lr 1.000e-03 (1.000e-03)
2025-12-16 00:59:17,064 - INFO: Epoch: [11][50/54]	Time  0.002 ( 0.010)	Loss 2.9784e-02 (5.5137e-02)	Acc pseudo  98.44 ( 98.48)	Lr 1.000e-03 (1.000e-03)
2025-12-16 00:59:17,124 - INFO: Round 6, Fine-tune Epoch 11: loss=0.0564, acc(pseudo)=98.46%
2025-12-16 00:59:21,997 - INFO: Round 6, Fine-tune Epoch 11: acc(valid): 0.8725
2025-12-16 00:59:21,998 - INFO: Round 6, Fine-tune Epoch 11: No improvement in validation accuracy. Patience(epoch): 4/5
2025-12-16 00:59:22,308 - INFO: Epoch: [12][ 0/54]	Time  0.303 ( 0.303)	Loss 2.9049e-02 (2.9049e-02)	Acc pseudo  99.22 ( 99.22)	Lr 1.000e-03 (1.000e-03)
2025-12-16 00:59:22,505 - INFO: Epoch: [12][50/54]	Time  0.004 ( 0.010)	Loss 6.4677e-02 (5.2245e-02)	Acc pseudo  98.44 ( 98.64)	Lr 1.000e-03 (1.000e-03)
2025-12-16 00:59:22,566 - INFO: Round 6, Fine-tune Epoch 12: loss=0.0546, acc(pseudo)=98.64%
2025-12-16 00:59:26,941 - INFO: Round 6, Fine-tune Epoch 12: acc(valid): 0.9000
2025-12-16 00:59:26,942 - INFO: Round 6, Fine-tune Epoch 12: No improvement in validation accuracy. Patience(epoch): 5/5
2025-12-16 00:59:26,942 - INFO: Early stopping at epoch 12 due to no improvement in validation accuracy for 5 epochs.
2025-12-16 00:59:26,944 - INFO: Round 6: Best fine-tuned epoch=7, acc(valid)=0.9175
2025-12-16 00:59:26,965 - INFO: Using HMM model from previous round: runs/the big bang theory/exp_video/result/self_supervised/exp1/round5/pseudo_label/hmm_params.pkl
2025-12-16 01:06:42,981 - INFO: Round 6: acc(valid)=0.9150, acc(test)=0.9050
2025-12-16 01:06:42,981 - INFO: No improvement. Patience(round): 2/5
2025-12-16 01:06:42,984 - INFO: ====================
2025-12-16 01:06:42,984 - INFO: Round 7: Fine-tuning iteration
2025-12-16 01:06:42,984 - INFO: ====================
2025-12-16 01:06:42,991 - INFO: Round 7 Part 1: Fine-tuning embedding model
2025-12-16 01:06:42,992 - INFO: Using pseudo-label file: runs/the big bang theory/exp_video/result/self_supervised/exp1/round6/pseudo_label/pseudo_labels_audio_nested_hmm_full(unreliable_pp=5.0).json
2025-12-16 01:06:43,063 - INFO: Fine-tuning embedding model for 20 epochs...
2025-12-16 01:06:43,400 - INFO: Epoch: [0][ 0/54]	Time  0.330 ( 0.330)	Loss 1.1786e-01 (1.1786e-01)	Acc pseudo  96.88 ( 96.88)	Lr 1.000e-03 (1.000e-03)
2025-12-16 01:06:43,591 - INFO: Epoch: [0][50/54]	Time  0.002 ( 0.010)	Loss 5.5121e-01 (2.2105e-01)	Acc pseudo  98.44 ( 97.30)	Lr 1.000e-03 (1.000e-03)
2025-12-16 01:06:43,650 - INFO: Round 7, Fine-tune Epoch 0: loss=0.2134, acc(pseudo)=97.38%
2025-12-16 01:06:48,133 - INFO: Round 7, Fine-tune Epoch 0: acc(valid): 0.9075
2025-12-16 01:06:48,773 - INFO: Epoch: [1][ 0/54]	Time  0.214 ( 0.214)	Loss 1.0098e-01 (1.0098e-01)	Acc pseudo  96.88 ( 96.88)	Lr 1.000e-03 (1.000e-03)
2025-12-16 01:06:48,968 - INFO: Epoch: [1][50/54]	Time  0.003 ( 0.008)	Loss 9.7400e-02 (1.4747e-01)	Acc pseudo  96.88 ( 97.53)	Lr 1.000e-03 (1.000e-03)
2025-12-16 01:06:49,042 - INFO: Round 7, Fine-tune Epoch 1: loss=0.1438, acc(pseudo)=97.60%
2025-12-16 01:06:53,404 - INFO: Round 7, Fine-tune Epoch 1: acc(valid): 0.9000
2025-12-16 01:06:53,404 - INFO: Round 7, Fine-tune Epoch 1: No improvement in validation accuracy. Patience(epoch): 1/5
2025-12-16 01:06:53,624 - INFO: Epoch: [2][ 0/54]	Time  0.214 ( 0.214)	Loss 4.4451e-02 (4.4451e-02)	Acc pseudo  98.44 ( 98.44)	Lr 1.000e-03 (1.000e-03)
2025-12-16 01:06:53,806 - INFO: Epoch: [2][50/54]	Time  0.002 ( 0.008)	Loss 1.1469e-01 (8.6639e-02)	Acc pseudo  96.09 ( 97.96)	Lr 1.000e-03 (1.000e-03)
2025-12-16 01:06:53,874 - INFO: Round 7, Fine-tune Epoch 2: loss=0.0863, acc(pseudo)=97.96%
2025-12-16 01:06:58,388 - INFO: Round 7, Fine-tune Epoch 2: acc(valid): 0.9075
2025-12-16 01:06:58,389 - INFO: Round 7, Fine-tune Epoch 2: No improvement in validation accuracy. Patience(epoch): 2/5
2025-12-16 01:06:58,613 - INFO: Epoch: [3][ 0/54]	Time  0.219 ( 0.219)	Loss 6.8247e-02 (6.8247e-02)	Acc pseudo  98.44 ( 98.44)	Lr 1.000e-03 (1.000e-03)
2025-12-16 01:06:58,801 - INFO: Epoch: [3][50/54]	Time  0.002 ( 0.008)	Loss 5.4501e-02 (9.4578e-02)	Acc pseudo  98.44 ( 97.69)	Lr 1.000e-03 (1.000e-03)
2025-12-16 01:06:58,869 - INFO: Round 7, Fine-tune Epoch 3: loss=0.0931, acc(pseudo)=97.70%
2025-12-16 01:07:03,214 - INFO: Round 7, Fine-tune Epoch 3: acc(valid): 0.9075
2025-12-16 01:07:03,214 - INFO: Round 7, Fine-tune Epoch 3: No improvement in validation accuracy. Patience(epoch): 3/5
2025-12-16 01:07:03,421 - INFO: Epoch: [4][ 0/54]	Time  0.201 ( 0.201)	Loss 3.5832e-02 (3.5832e-02)	Acc pseudo  99.22 ( 99.22)	Lr 1.000e-03 (1.000e-03)
2025-12-16 01:07:03,591 - INFO: Epoch: [4][50/54]	Time  0.002 ( 0.007)	Loss 8.8570e-02 (9.1449e-02)	Acc pseudo  98.44 ( 97.89)	Lr 1.000e-03 (1.000e-03)
2025-12-16 01:07:03,647 - INFO: Round 7, Fine-tune Epoch 4: loss=0.0896, acc(pseudo)=97.89%
2025-12-16 01:07:07,847 - INFO: Round 7, Fine-tune Epoch 4: acc(valid): 0.8925
2025-12-16 01:07:07,848 - INFO: Round 7, Fine-tune Epoch 4: No improvement in validation accuracy. Patience(epoch): 4/5
2025-12-16 01:07:08,070 - INFO: Epoch: [5][ 0/54]	Time  0.217 ( 0.217)	Loss 2.1056e-02 (2.1056e-02)	Acc pseudo 100.00 (100.00)	Lr 1.000e-03 (1.000e-03)
2025-12-16 01:07:08,254 - INFO: Epoch: [5][50/54]	Time  0.002 ( 0.008)	Loss 1.9151e-01 (7.3846e-02)	Acc pseudo  96.88 ( 97.99)	Lr 1.000e-03 (1.000e-03)
2025-12-16 01:07:08,317 - INFO: Round 7, Fine-tune Epoch 5: loss=0.0725, acc(pseudo)=98.02%
2025-12-16 01:07:12,291 - INFO: Round 7, Fine-tune Epoch 5: acc(valid): 0.9125
2025-12-16 01:07:12,719 - INFO: Epoch: [6][ 0/54]	Time  0.215 ( 0.215)	Loss 1.0654e-01 (1.0654e-01)	Acc pseudo  96.09 ( 96.09)	Lr 1.000e-03 (1.000e-03)
2025-12-16 01:07:12,893 - INFO: Epoch: [6][50/54]	Time  0.002 ( 0.008)	Loss 8.0571e-02 (7.2340e-02)	Acc pseudo  97.66 ( 98.09)	Lr 1.000e-03 (1.000e-03)
2025-12-16 01:07:12,949 - INFO: Round 7, Fine-tune Epoch 6: loss=0.0734, acc(pseudo)=98.04%
2025-12-16 01:07:17,604 - INFO: Round 7, Fine-tune Epoch 6: acc(valid): 0.9125
2025-12-16 01:07:17,604 - INFO: Round 7, Fine-tune Epoch 6: No improvement in validation accuracy. Patience(epoch): 1/5
2025-12-16 01:07:17,820 - INFO: Epoch: [7][ 0/54]	Time  0.210 ( 0.210)	Loss 2.0565e-02 (2.0565e-02)	Acc pseudo  97.66 ( 97.66)	Lr 1.000e-03 (1.000e-03)
2025-12-16 01:07:18,019 - INFO: Epoch: [7][50/54]	Time  0.003 ( 0.008)	Loss 3.1238e-02 (6.3497e-02)	Acc pseudo  99.22 ( 98.24)	Lr 1.000e-03 (1.000e-03)
2025-12-16 01:07:18,081 - INFO: Round 7, Fine-tune Epoch 7: loss=0.0625, acc(pseudo)=98.26%
2025-12-16 01:07:23,861 - INFO: Round 7, Fine-tune Epoch 7: acc(valid): 0.9125
2025-12-16 01:07:23,861 - INFO: Round 7, Fine-tune Epoch 7: No improvement in validation accuracy. Patience(epoch): 2/5
2025-12-16 01:07:24,137 - INFO: Epoch: [8][ 0/54]	Time  0.269 ( 0.269)	Loss 3.1793e-02 (3.1793e-02)	Acc pseudo  99.22 ( 99.22)	Lr 1.000e-03 (1.000e-03)
2025-12-16 01:07:24,326 - INFO: Epoch: [8][50/54]	Time  0.003 ( 0.009)	Loss 1.4660e-01 (6.6756e-02)	Acc pseudo  96.09 ( 98.30)	Lr 1.000e-03 (1.000e-03)
2025-12-16 01:07:24,388 - INFO: Round 7, Fine-tune Epoch 8: loss=0.0656, acc(pseudo)=98.30%
2025-12-16 01:07:28,298 - INFO: Round 7, Fine-tune Epoch 8: acc(valid): 0.8975
2025-12-16 01:07:28,299 - INFO: Round 7, Fine-tune Epoch 8: No improvement in validation accuracy. Patience(epoch): 3/5
2025-12-16 01:07:28,597 - INFO: Epoch: [9][ 0/54]	Time  0.290 ( 0.290)	Loss 1.4473e-01 (1.4473e-01)	Acc pseudo  96.09 ( 96.09)	Lr 1.000e-03 (1.000e-03)
2025-12-16 01:07:28,781 - INFO: Epoch: [9][50/54]	Time  0.002 ( 0.009)	Loss 5.2155e-03 (5.9881e-02)	Acc pseudo 100.00 ( 98.15)	Lr 1.000e-03 (1.000e-03)
2025-12-16 01:07:28,852 - INFO: Round 7, Fine-tune Epoch 9: loss=0.0603, acc(pseudo)=98.15%
2025-12-16 01:07:33,136 - INFO: Round 7, Fine-tune Epoch 9: acc(valid): 0.8925
2025-12-16 01:07:33,136 - INFO: Round 7, Fine-tune Epoch 9: No improvement in validation accuracy. Patience(epoch): 4/5
2025-12-16 01:07:33,340 - INFO: Epoch: [10][ 0/54]	Time  0.199 ( 0.199)	Loss 6.8259e-02 (6.8259e-02)	Acc pseudo  97.66 ( 97.66)	Lr 1.000e-03 (1.000e-03)
2025-12-16 01:07:33,534 - INFO: Epoch: [10][50/54]	Time  0.002 ( 0.008)	Loss 9.1887e-02 (6.9443e-02)	Acc pseudo  99.22 ( 98.33)	Lr 1.000e-03 (1.000e-03)
2025-12-16 01:07:33,593 - INFO: Round 7, Fine-tune Epoch 10: loss=0.0699, acc(pseudo)=98.30%
2025-12-16 01:07:37,620 - INFO: Round 7, Fine-tune Epoch 10: acc(valid): 0.8700
2025-12-16 01:07:37,620 - INFO: Round 7, Fine-tune Epoch 10: No improvement in validation accuracy. Patience(epoch): 5/5
2025-12-16 01:07:37,620 - INFO: Early stopping at epoch 10 due to no improvement in validation accuracy for 5 epochs.
2025-12-16 01:07:37,621 - INFO: Round 7: Best fine-tuned epoch=5, acc(valid)=0.9125
2025-12-16 01:07:37,638 - INFO: Using HMM model from previous round: runs/the big bang theory/exp_video/result/self_supervised/exp1/round6/pseudo_label/hmm_params.pkl
2025-12-16 01:17:34,561 - INFO: Round 7: acc(valid)=0.9100, acc(test)=0.9175
2025-12-16 01:17:34,561 - INFO: No improvement. Patience(round): 3/5
2025-12-16 01:17:34,564 - INFO: ====================
2025-12-16 01:17:34,565 - INFO: Round 8: Fine-tuning iteration
2025-12-16 01:17:34,565 - INFO: ====================
2025-12-16 01:17:34,573 - INFO: Round 8 Part 1: Fine-tuning embedding model
2025-12-16 01:17:34,574 - INFO: Using pseudo-label file: runs/the big bang theory/exp_video/result/self_supervised/exp1/round7/pseudo_label/pseudo_labels_audio_nested_hmm_full(unreliable_pp=5.0).json
2025-12-16 01:17:34,661 - INFO: Fine-tuning embedding model for 20 epochs...
2025-12-16 01:17:34,992 - INFO: Epoch: [0][ 0/54]	Time  0.326 ( 0.326)	Loss 5.5905e-01 (5.5905e-01)	Acc pseudo  97.66 ( 97.66)	Lr 1.000e-03 (1.000e-03)
2025-12-16 01:17:35,187 - INFO: Epoch: [0][50/54]	Time  0.002 ( 0.010)	Loss 6.2576e-02 (2.5350e-01)	Acc pseudo  98.44 ( 96.57)	Lr 1.000e-03 (1.000e-03)
2025-12-16 01:17:35,247 - INFO: Round 8, Fine-tune Epoch 0: loss=0.2462, acc(pseudo)=96.65%
2025-12-16 01:17:39,766 - INFO: Round 8, Fine-tune Epoch 0: acc(valid): 0.9150
2025-12-16 01:17:40,218 - INFO: Epoch: [1][ 0/54]	Time  0.230 ( 0.230)	Loss 1.6923e-01 (1.6923e-01)	Acc pseudo  93.75 ( 93.75)	Lr 1.000e-03 (1.000e-03)
2025-12-16 01:17:40,409 - INFO: Epoch: [1][50/54]	Time  0.002 ( 0.008)	Loss 1.0182e-01 (1.4296e-01)	Acc pseudo  96.88 ( 96.60)	Lr 1.000e-03 (1.000e-03)
2025-12-16 01:17:40,472 - INFO: Round 8, Fine-tune Epoch 1: loss=0.1439, acc(pseudo)=96.63%
2025-12-16 01:17:44,677 - INFO: Round 8, Fine-tune Epoch 1: acc(valid): 0.9100
2025-12-16 01:17:44,677 - INFO: Round 8, Fine-tune Epoch 1: No improvement in validation accuracy. Patience(epoch): 1/5
2025-12-16 01:17:44,905 - INFO: Epoch: [2][ 0/54]	Time  0.222 ( 0.222)	Loss 9.6117e-02 (9.6117e-02)	Acc pseudo  97.66 ( 97.66)	Lr 1.000e-03 (1.000e-03)
2025-12-16 01:17:45,088 - INFO: Epoch: [2][50/54]	Time  0.002 ( 0.008)	Loss 3.3158e-02 (1.1387e-01)	Acc pseudo 100.00 ( 97.58)	Lr 1.000e-03 (1.000e-03)
2025-12-16 01:17:45,144 - INFO: Round 8, Fine-tune Epoch 2: loss=0.1121, acc(pseudo)=97.58%
2025-12-16 01:17:49,093 - INFO: Round 8, Fine-tune Epoch 2: acc(valid): 0.8825
2025-12-16 01:17:49,093 - INFO: Round 8, Fine-tune Epoch 2: No improvement in validation accuracy. Patience(epoch): 2/5
2025-12-16 01:17:49,315 - INFO: Epoch: [3][ 0/54]	Time  0.217 ( 0.217)	Loss 1.0399e-01 (1.0399e-01)	Acc pseudo  98.44 ( 98.44)	Lr 1.000e-03 (1.000e-03)
2025-12-16 01:17:49,489 - INFO: Epoch: [3][50/54]	Time  0.003 ( 0.008)	Loss 1.5386e-01 (1.0585e-01)	Acc pseudo  95.31 ( 97.32)	Lr 1.000e-03 (1.000e-03)
2025-12-16 01:17:49,547 - INFO: Round 8, Fine-tune Epoch 3: loss=0.1062, acc(pseudo)=97.32%
2025-12-16 01:17:54,540 - INFO: Round 8, Fine-tune Epoch 3: acc(valid): 0.9000
2025-12-16 01:17:54,541 - INFO: Round 8, Fine-tune Epoch 3: No improvement in validation accuracy. Patience(epoch): 3/5
2025-12-16 01:17:54,866 - INFO: Epoch: [4][ 0/54]	Time  0.318 ( 0.318)	Loss 4.5315e-02 (4.5315e-02)	Acc pseudo  98.44 ( 98.44)	Lr 1.000e-03 (1.000e-03)
2025-12-16 01:17:55,056 - INFO: Epoch: [4][50/54]	Time  0.002 ( 0.010)	Loss 1.1076e-01 (8.3559e-02)	Acc pseudo  96.88 ( 97.67)	Lr 1.000e-03 (1.000e-03)
2025-12-16 01:17:55,115 - INFO: Round 8, Fine-tune Epoch 4: loss=0.0829, acc(pseudo)=97.70%
2025-12-16 01:17:59,833 - INFO: Round 8, Fine-tune Epoch 4: acc(valid): 0.9200
2025-12-16 01:18:00,261 - INFO: Epoch: [5][ 0/54]	Time  0.220 ( 0.220)	Loss 1.7418e-02 (1.7418e-02)	Acc pseudo  99.22 ( 99.22)	Lr 1.000e-03 (1.000e-03)
2025-12-16 01:18:00,447 - INFO: Epoch: [5][50/54]	Time  0.003 ( 0.008)	Loss 8.4725e-02 (7.6588e-02)	Acc pseudo  97.66 ( 98.15)	Lr 1.000e-03 (1.000e-03)
2025-12-16 01:18:00,509 - INFO: Round 8, Fine-tune Epoch 5: loss=0.0807, acc(pseudo)=98.11%
2025-12-16 01:18:06,055 - INFO: Round 8, Fine-tune Epoch 5: acc(valid): 0.9125
2025-12-16 01:18:06,055 - INFO: Round 8, Fine-tune Epoch 5: No improvement in validation accuracy. Patience(epoch): 1/5
2025-12-16 01:18:06,253 - INFO: Epoch: [6][ 0/54]	Time  0.192 ( 0.192)	Loss 1.5180e-01 (1.5180e-01)	Acc pseudo  94.53 ( 94.53)	Lr 1.000e-03 (1.000e-03)
2025-12-16 01:18:06,438 - INFO: Epoch: [6][50/54]	Time  0.002 ( 0.007)	Loss 1.4809e-01 (8.0037e-02)	Acc pseudo  97.66 ( 97.96)	Lr 1.000e-03 (1.000e-03)
2025-12-16 01:18:06,492 - INFO: Round 8, Fine-tune Epoch 6: loss=0.0802, acc(pseudo)=97.98%
2025-12-16 01:18:12,104 - INFO: Round 8, Fine-tune Epoch 6: acc(valid): 0.8975
2025-12-16 01:18:12,104 - INFO: Round 8, Fine-tune Epoch 6: No improvement in validation accuracy. Patience(epoch): 2/5
2025-12-16 01:18:12,336 - INFO: Epoch: [7][ 0/54]	Time  0.226 ( 0.226)	Loss 1.5196e-02 (1.5196e-02)	Acc pseudo  99.22 ( 99.22)	Lr 1.000e-03 (1.000e-03)
2025-12-16 01:18:12,516 - INFO: Epoch: [7][50/54]	Time  0.003 ( 0.008)	Loss 1.7479e-02 (6.3824e-02)	Acc pseudo 100.00 ( 98.51)	Lr 1.000e-03 (1.000e-03)
2025-12-16 01:18:12,577 - INFO: Round 8, Fine-tune Epoch 7: loss=0.0646, acc(pseudo)=98.48%
2025-12-16 01:18:16,974 - INFO: Round 8, Fine-tune Epoch 7: acc(valid): 0.9100
2025-12-16 01:18:16,974 - INFO: Round 8, Fine-tune Epoch 7: No improvement in validation accuracy. Patience(epoch): 3/5
2025-12-16 01:18:17,296 - INFO: Epoch: [8][ 0/54]	Time  0.314 ( 0.314)	Loss 5.7292e-02 (5.7292e-02)	Acc pseudo  98.44 ( 98.44)	Lr 1.000e-03 (1.000e-03)
2025-12-16 01:18:17,483 - INFO: Epoch: [8][50/54]	Time  0.003 ( 0.010)	Loss 4.5522e-02 (7.0236e-02)	Acc pseudo  99.22 ( 98.22)	Lr 1.000e-03 (1.000e-03)
2025-12-16 01:18:17,548 - INFO: Round 8, Fine-tune Epoch 8: loss=0.0709, acc(pseudo)=98.20%
2025-12-16 01:18:22,320 - INFO: Round 8, Fine-tune Epoch 8: acc(valid): 0.8725
2025-12-16 01:18:22,320 - INFO: Round 8, Fine-tune Epoch 8: No improvement in validation accuracy. Patience(epoch): 4/5
2025-12-16 01:18:22,520 - INFO: Epoch: [9][ 0/54]	Time  0.195 ( 0.195)	Loss 8.4710e-02 (8.4710e-02)	Acc pseudo  96.09 ( 96.09)	Lr 1.000e-03 (1.000e-03)
2025-12-16 01:18:22,711 - INFO: Epoch: [9][50/54]	Time  0.002 ( 0.007)	Loss 4.2265e-03 (7.2700e-02)	Acc pseudo 100.00 ( 98.09)	Lr 1.000e-03 (1.000e-03)
2025-12-16 01:18:22,767 - INFO: Round 8, Fine-tune Epoch 9: loss=0.0727, acc(pseudo)=98.08%
2025-12-16 01:18:26,917 - INFO: Round 8, Fine-tune Epoch 9: acc(valid): 0.9100
2025-12-16 01:18:26,917 - INFO: Round 8, Fine-tune Epoch 9: No improvement in validation accuracy. Patience(epoch): 5/5
2025-12-16 01:18:26,917 - INFO: Early stopping at epoch 9 due to no improvement in validation accuracy for 5 epochs.
2025-12-16 01:18:26,918 - INFO: Round 8: Best fine-tuned epoch=4, acc(valid)=0.9200
2025-12-16 01:18:26,935 - INFO: Using HMM model from previous round: runs/the big bang theory/exp_video/result/self_supervised/exp1/round7/pseudo_label/hmm_params.pkl
2025-12-16 01:33:21,806 - INFO: Round 8: acc(valid)=0.9175, acc(test)=0.9125
2025-12-16 01:33:21,927 - INFO: New best acc(valid) at round 8: acc(valid)=0.9175, acc(test)=0.9125
2025-12-16 01:33:21,930 - INFO: ====================
2025-12-16 01:33:21,930 - INFO: Round 9: Fine-tuning iteration
2025-12-16 01:33:21,930 - INFO: ====================
2025-12-16 01:33:21,939 - INFO: Round 9 Part 1: Fine-tuning embedding model
2025-12-16 01:33:21,940 - INFO: Using pseudo-label file: runs/the big bang theory/exp_video/result/self_supervised/exp1/round8/pseudo_label/pseudo_labels_audio_nested_hmm_full(unreliable_pp=5.0).json
2025-12-16 01:33:22,247 - INFO: Fine-tuning embedding model for 20 epochs...
2025-12-16 01:33:22,880 - INFO: Epoch: [0][ 0/54]	Time  0.584 ( 0.584)	Loss 3.9261e-01 (3.9261e-01)	Acc pseudo  97.66 ( 97.66)	Lr 1.000e-03 (1.000e-03)
2025-12-16 01:33:23,095 - INFO: Epoch: [0][50/54]	Time  0.003 ( 0.016)	Loss 7.8061e-02 (2.2702e-01)	Acc pseudo  97.66 ( 96.80)	Lr 1.000e-03 (1.000e-03)
2025-12-16 01:33:23,173 - INFO: Round 9, Fine-tune Epoch 0: loss=0.2265, acc(pseudo)=96.85%
2025-12-16 01:33:28,237 - INFO: Round 9, Fine-tune Epoch 0: acc(valid): 0.9050
2025-12-16 01:33:28,808 - INFO: Epoch: [1][ 0/54]	Time  0.313 ( 0.313)	Loss 4.7306e-02 (4.7306e-02)	Acc pseudo  96.88 ( 96.88)	Lr 1.000e-03 (1.000e-03)
2025-12-16 01:33:28,996 - INFO: Epoch: [1][50/54]	Time  0.002 ( 0.010)	Loss 1.6231e-01 (1.4159e-01)	Acc pseudo  97.66 ( 96.97)	Lr 1.000e-03 (1.000e-03)
2025-12-16 01:33:29,059 - INFO: Round 9, Fine-tune Epoch 1: loss=0.1448, acc(pseudo)=96.95%
2025-12-16 01:33:33,699 - INFO: Round 9, Fine-tune Epoch 1: acc(valid): 0.9125
2025-12-16 01:33:34,315 - INFO: Epoch: [2][ 0/54]	Time  0.328 ( 0.328)	Loss 2.4220e-01 (2.4220e-01)	Acc pseudo  94.53 ( 94.53)	Lr 1.000e-03 (1.000e-03)
2025-12-16 01:33:34,503 - INFO: Epoch: [2][50/54]	Time  0.002 ( 0.010)	Loss 3.4279e-02 (1.2219e-01)	Acc pseudo  98.44 ( 97.49)	Lr 1.000e-03 (1.000e-03)
2025-12-16 01:33:34,586 - INFO: Round 9, Fine-tune Epoch 2: loss=0.1224, acc(pseudo)=97.47%
2025-12-16 01:33:39,644 - INFO: Round 9, Fine-tune Epoch 2: acc(valid): 0.9050
2025-12-16 01:33:39,644 - INFO: Round 9, Fine-tune Epoch 2: No improvement in validation accuracy. Patience(epoch): 1/5
2025-12-16 01:33:39,972 - INFO: Epoch: [3][ 0/54]	Time  0.322 ( 0.322)	Loss 5.1258e-02 (5.1258e-02)	Acc pseudo  99.22 ( 99.22)	Lr 1.000e-03 (1.000e-03)
2025-12-16 01:33:40,178 - INFO: Epoch: [3][50/54]	Time  0.003 ( 0.010)	Loss 8.7674e-02 (1.0119e-01)	Acc pseudo  97.66 ( 97.50)	Lr 1.000e-03 (1.000e-03)
2025-12-16 01:33:40,237 - INFO: Round 9, Fine-tune Epoch 3: loss=0.1022, acc(pseudo)=97.50%
2025-12-16 01:33:44,460 - INFO: Round 9, Fine-tune Epoch 3: acc(valid): 0.9075
2025-12-16 01:33:44,460 - INFO: Round 9, Fine-tune Epoch 3: No improvement in validation accuracy. Patience(epoch): 2/5
2025-12-16 01:33:44,666 - INFO: Epoch: [4][ 0/54]	Time  0.200 ( 0.200)	Loss 2.4629e-02 (2.4629e-02)	Acc pseudo 100.00 (100.00)	Lr 1.000e-03 (1.000e-03)
2025-12-16 01:33:44,851 - INFO: Epoch: [4][50/54]	Time  0.003 ( 0.007)	Loss 1.4370e-01 (8.9281e-02)	Acc pseudo  98.44 ( 97.84)	Lr 1.000e-03 (1.000e-03)
2025-12-16 01:33:44,942 - INFO: Round 9, Fine-tune Epoch 4: loss=0.0924, acc(pseudo)=97.76%
2025-12-16 01:33:49,137 - INFO: Round 9, Fine-tune Epoch 4: acc(valid): 0.9100
2025-12-16 01:33:49,138 - INFO: Round 9, Fine-tune Epoch 4: No improvement in validation accuracy. Patience(epoch): 3/5
2025-12-16 01:33:49,362 - INFO: Epoch: [5][ 0/54]	Time  0.219 ( 0.219)	Loss 2.9493e-02 (2.9493e-02)	Acc pseudo  99.22 ( 99.22)	Lr 1.000e-03 (1.000e-03)
2025-12-16 01:33:49,553 - INFO: Epoch: [5][50/54]	Time  0.002 ( 0.008)	Loss 5.5642e-02 (8.6787e-02)	Acc pseudo  99.22 ( 97.99)	Lr 1.000e-03 (1.000e-03)
2025-12-16 01:33:49,612 - INFO: Round 9, Fine-tune Epoch 5: loss=0.0891, acc(pseudo)=97.92%
2025-12-16 01:33:53,644 - INFO: Round 9, Fine-tune Epoch 5: acc(valid): 0.9175
2025-12-16 01:33:54,054 - INFO: Epoch: [6][ 0/54]	Time  0.201 ( 0.201)	Loss 1.0851e-01 (1.0851e-01)	Acc pseudo  96.88 ( 96.88)	Lr 1.000e-03 (1.000e-03)
2025-12-16 01:33:54,243 - INFO: Epoch: [6][50/54]	Time  0.002 ( 0.008)	Loss 1.0003e-01 (8.5798e-02)	Acc pseudo  96.88 ( 97.78)	Lr 1.000e-03 (1.000e-03)
2025-12-16 01:33:54,302 - INFO: Round 9, Fine-tune Epoch 6: loss=0.0907, acc(pseudo)=97.70%
2025-12-16 01:33:59,028 - INFO: Round 9, Fine-tune Epoch 6: acc(valid): 0.8075
2025-12-16 01:33:59,029 - INFO: Round 9, Fine-tune Epoch 6: No improvement in validation accuracy. Patience(epoch): 1/5
2025-12-16 01:33:59,255 - INFO: Epoch: [7][ 0/54]	Time  0.220 ( 0.220)	Loss 4.5109e-02 (4.5109e-02)	Acc pseudo  97.66 ( 97.66)	Lr 1.000e-03 (1.000e-03)
2025-12-16 01:33:59,431 - INFO: Epoch: [7][50/54]	Time  0.002 ( 0.008)	Loss 5.8775e-02 (1.1537e-01)	Acc pseudo  97.66 ( 97.26)	Lr 1.000e-03 (1.000e-03)
2025-12-16 01:33:59,489 - INFO: Round 9, Fine-tune Epoch 7: loss=0.1164, acc(pseudo)=97.26%
2025-12-16 01:34:04,033 - INFO: Round 9, Fine-tune Epoch 7: acc(valid): 0.9025
2025-12-16 01:34:04,034 - INFO: Round 9, Fine-tune Epoch 7: No improvement in validation accuracy. Patience(epoch): 2/5
2025-12-16 01:34:04,249 - INFO: Epoch: [8][ 0/54]	Time  0.206 ( 0.206)	Loss 6.7855e-02 (6.7855e-02)	Acc pseudo  98.44 ( 98.44)	Lr 1.000e-03 (1.000e-03)
2025-12-16 01:34:04,484 - INFO: Epoch: [8][50/54]	Time  0.003 ( 0.009)	Loss 1.4764e-01 (8.9981e-02)	Acc pseudo  97.66 ( 97.73)	Lr 1.000e-03 (1.000e-03)
2025-12-16 01:34:04,545 - INFO: Round 9, Fine-tune Epoch 8: loss=0.0879, acc(pseudo)=97.77%
2025-12-16 01:34:10,000 - INFO: Round 9, Fine-tune Epoch 8: acc(valid): 0.8925
2025-12-16 01:34:10,000 - INFO: Round 9, Fine-tune Epoch 8: No improvement in validation accuracy. Patience(epoch): 3/5
2025-12-16 01:34:10,338 - INFO: Epoch: [9][ 0/54]	Time  0.332 ( 0.332)	Loss 7.6153e-02 (7.6153e-02)	Acc pseudo  98.44 ( 98.44)	Lr 1.000e-03 (1.000e-03)
2025-12-16 01:34:10,524 - INFO: Epoch: [9][50/54]	Time  0.002 ( 0.010)	Loss 5.1049e-02 (9.2201e-02)	Acc pseudo  97.66 ( 97.70)	Lr 1.000e-03 (1.000e-03)
2025-12-16 01:34:10,583 - INFO: Round 9, Fine-tune Epoch 9: loss=0.0928, acc(pseudo)=97.66%
2025-12-16 01:34:15,913 - INFO: Round 9, Fine-tune Epoch 9: acc(valid): 0.8675
2025-12-16 01:34:15,913 - INFO: Round 9, Fine-tune Epoch 9: No improvement in validation accuracy. Patience(epoch): 4/5
2025-12-16 01:34:16,232 - INFO: Epoch: [10][ 0/54]	Time  0.314 ( 0.314)	Loss 5.6195e-02 (5.6195e-02)	Acc pseudo  99.22 ( 99.22)	Lr 1.000e-03 (1.000e-03)
2025-12-16 01:34:16,442 - INFO: Epoch: [10][50/54]	Time  0.003 ( 0.010)	Loss 1.8065e-01 (8.6545e-02)	Acc pseudo  96.09 ( 97.95)	Lr 1.000e-03 (1.000e-03)
2025-12-16 01:34:16,499 - INFO: Round 9, Fine-tune Epoch 10: loss=0.0865, acc(pseudo)=97.91%
2025-12-16 01:34:21,574 - INFO: Round 9, Fine-tune Epoch 10: acc(valid): 0.9150
2025-12-16 01:34:21,574 - INFO: Round 9, Fine-tune Epoch 10: No improvement in validation accuracy. Patience(epoch): 5/5
2025-12-16 01:34:21,574 - INFO: Early stopping at epoch 10 due to no improvement in validation accuracy for 5 epochs.
2025-12-16 01:34:21,576 - INFO: Round 9: Best fine-tuned epoch=5, acc(valid)=0.9175
2025-12-16 01:34:21,596 - INFO: Using HMM model from previous round: runs/the big bang theory/exp_video/result/self_supervised/exp1/round8/pseudo_label/hmm_params.pkl
2025-12-16 01:41:45,332 - INFO: Round 9: acc(valid)=0.9225, acc(test)=0.9125
2025-12-16 01:41:45,452 - INFO: New best acc(valid) at round 9: acc(valid)=0.9225, acc(test)=0.9125
2025-12-16 01:41:45,455 - INFO: ====================
2025-12-16 01:41:45,455 - INFO: Self-supervised fine-tuning completed!
2025-12-16 01:41:45,455 - INFO: Initial: acc(valid)=0.9000, acc(test)=0.9162
2025-12-16 01:41:45,455 - INFO: Best acc(valid) at round 9: acc(valid)=0.9225, acc(test)=0.9125
2025-12-16 01:41:45,456 - INFO: Improvement for acc(valid): 0.0225 (2.50%)
2025-12-16 01:41:45,456 - INFO: Improvement for acc(test): -0.0037 (-0.40%)
2025-12-16 01:41:45,456 - INFO: ====================
