2025-12-06 00:57:42,928 - INFO: Starting self-supervised fine-tuning pipeline
2025-12-06 00:57:42,930 - INFO: Device: cuda:0
2025-12-06 00:57:42,933 - INFO: Saved arguments to runs/the big bang theory/exp_video/result/self_supervised/exp3/args.json
2025-12-06 00:57:42,933 - INFO: ====================
2025-12-06 00:57:42,933 - INFO: Initialization: Initial clustering with HMM correction
2025-12-06 00:57:42,933 - INFO: ====================
2025-12-06 00:57:42,975 - INFO: Skipping initial clustering, using existing results.
2025-12-06 00:57:51,407 - INFO: Initial: acc(valid)=0.9000, acc(test)=0.9162
2025-12-06 00:57:51,408 - INFO: ====================
2025-12-06 00:57:51,408 - INFO: Round 0: Fine-tuning iteration
2025-12-06 00:57:51,408 - INFO: ====================
2025-12-06 00:57:51,414 - INFO: Round 0 Part 1: Fine-tuning embedding model
2025-12-06 00:57:51,415 - INFO: Using pseudo-label file: runs/the big bang theory/exp_video/result/self_supervised/exp3/initial/pseudo_label/pseudo_labels_audio_nested_hmm_full(unreliable_pp=5.0).json
2025-12-06 00:57:54,908 - INFO: Saved config_model to runs/the big bang theory/exp_video/result/self_supervised/exp3/round0/config_model.json
2025-12-06 00:58:16,512 - INFO: Embedding dimension: 512
2025-12-06 00:58:16,514 - INFO: Warmup training classifier for 2 epochs...
2025-12-06 00:58:17,002 - INFO: Epoch: [0][  0/107]	Time  0.484 ( 0.484)	Loss 2.5371e+00 (2.5371e+00)	Acc pseudo  10.94 ( 10.94)	Lr 1.000e-03 (1.000e-03)
2025-12-06 00:58:22,587 - INFO: Epoch: [0][ 50/107]	Time  0.122 ( 0.119)	Loss 6.2098e-01 (9.6554e-01)	Acc pseudo  81.25 ( 76.19)	Lr 1.000e-03 (1.000e-03)
2025-12-06 00:58:28,250 - INFO: Epoch: [0][100/107]	Time  0.111 ( 0.116)	Loss 6.7439e-01 (7.2723e-01)	Acc pseudo  81.25 ( 81.33)	Lr 1.000e-03 (1.000e-03)
2025-12-06 00:58:28,978 - INFO: Round 0, Warmup Epoch 0: loss=0.7254, acc(pseudo)=81.21%
2025-12-06 00:58:29,313 - INFO: Epoch: [1][  0/107]	Time  0.332 ( 0.332)	Loss 3.1491e-01 (3.1491e-01)	Acc pseudo  92.19 ( 92.19)	Lr 1.000e-03 (1.000e-03)
2025-12-06 00:58:32,407 - INFO: Epoch: [1][ 50/107]	Time  0.061 ( 0.066)	Loss 1.5654e-01 (3.8644e-01)	Acc pseudo  95.31 ( 88.35)	Lr 1.000e-03 (1.000e-03)
2025-12-06 00:58:35,466 - INFO: Epoch: [1][100/107]	Time  0.057 ( 0.063)	Loss 5.3351e-01 (3.6255e-01)	Acc pseudo  85.94 ( 89.59)	Lr 1.000e-03 (1.000e-03)
2025-12-06 00:58:35,914 - INFO: Round 0, Warmup Epoch 1: loss=0.3547, acc(pseudo)=89.84%
2025-12-06 00:58:35,976 - INFO: Fine-tuning embedding model for 20 epochs...
2025-12-06 00:58:36,447 - INFO: Epoch: [0][  0/107]	Time  0.467 ( 0.467)	Loss 4.4445e-01 (4.4445e-01)	Acc pseudo  87.50 ( 87.50)	Lr 1.000e-03 (1.000e-03)
2025-12-06 00:58:39,684 - INFO: Epoch: [0][ 50/107]	Time  0.064 ( 0.072)	Loss 5.6377e-01 (3.7128e-01)	Acc pseudo  87.50 ( 89.71)	Lr 1.000e-03 (1.000e-03)
2025-12-06 00:58:42,974 - INFO: Epoch: [0][100/107]	Time  0.060 ( 0.068)	Loss 4.0652e-01 (3.6121e-01)	Acc pseudo  89.06 ( 89.95)	Lr 1.000e-03 (1.000e-03)
2025-12-06 00:58:43,537 - INFO: Round 0, Fine-tune Epoch 0: loss=0.3782, acc(pseudo)=89.57%
2025-12-06 01:03:59,882 - INFO: Round 0, Fine-tune Epoch 0: acc(valid): 0.7200
2025-12-06 01:04:00,526 - INFO: Epoch: [1][  0/107]	Time  0.428 ( 0.428)	Loss 1.9377e-01 (1.9377e-01)	Acc pseudo  95.31 ( 95.31)	Lr 1.000e-03 (1.000e-03)
2025-12-06 01:04:06,958 - INFO: Epoch: [1][ 50/107]	Time  0.127 ( 0.134)	Loss 5.5303e-02 (2.6220e-01)	Acc pseudo  98.44 ( 92.17)	Lr 1.000e-03 (1.000e-03)
2025-12-06 01:04:13,282 - INFO: Epoch: [1][100/107]	Time  0.123 ( 0.130)	Loss 3.1725e-01 (2.3463e-01)	Acc pseudo  89.06 ( 93.02)	Lr 1.000e-03 (1.000e-03)
2025-12-06 01:04:14,167 - INFO: Round 0, Fine-tune Epoch 1: loss=0.2299, acc(pseudo)=93.18%
2025-12-06 01:08:52,382 - INFO: Round 0, Fine-tune Epoch 1: acc(valid): 0.8825
2025-12-06 01:08:53,209 - INFO: Epoch: [2][  0/107]	Time  0.608 ( 0.608)	Loss 1.9816e-01 (1.9816e-01)	Acc pseudo  95.31 ( 95.31)	Lr 1.000e-03 (1.000e-03)
2025-12-06 01:09:01,354 - INFO: Epoch: [2][ 50/107]	Time  0.135 ( 0.171)	Loss 1.6799e-01 (1.5303e-01)	Acc pseudo  96.88 ( 95.37)	Lr 1.000e-03 (1.000e-03)
2025-12-06 01:09:07,686 - INFO: Epoch: [2][100/107]	Time  0.132 ( 0.149)	Loss 7.5665e-02 (1.5977e-01)	Acc pseudo  98.44 ( 95.16)	Lr 1.000e-03 (1.000e-03)
2025-12-06 01:09:08,596 - INFO: Round 0, Fine-tune Epoch 2: loss=0.1590, acc(pseudo)=95.15%
2025-12-06 01:14:10,208 - INFO: Round 0, Fine-tune Epoch 2: acc(valid): 0.9175
2025-12-06 01:14:10,917 - INFO: Epoch: [3][  0/107]	Time  0.488 ( 0.488)	Loss 1.8374e-01 (1.8374e-01)	Acc pseudo  96.88 ( 96.88)	Lr 1.000e-03 (1.000e-03)
2025-12-06 01:14:17,819 - INFO: Epoch: [3][ 50/107]	Time  0.138 ( 0.144)	Loss 1.7493e-01 (1.3217e-01)	Acc pseudo  95.31 ( 95.93)	Lr 1.000e-03 (1.000e-03)
2025-12-06 01:14:25,704 - INFO: Epoch: [3][100/107]	Time  0.193 ( 0.151)	Loss 6.7909e-02 (1.1760e-01)	Acc pseudo  98.44 ( 96.43)	Lr 1.000e-03 (1.000e-03)
2025-12-06 01:14:26,999 - INFO: Round 0, Fine-tune Epoch 3: loss=0.1171, acc(pseudo)=96.41%
2025-12-06 01:19:23,839 - INFO: Round 0, Fine-tune Epoch 3: acc(valid): 0.8925
2025-12-06 01:19:23,840 - INFO: Round 0, Fine-tune Epoch 3: No improvement in validation accuracy. Patience(epoch): 1/5
2025-12-06 01:19:24,394 - INFO: Epoch: [4][  0/107]	Time  0.548 ( 0.548)	Loss 7.6091e-03 (7.6091e-03)	Acc pseudo 100.00 (100.00)	Lr 1.000e-03 (1.000e-03)
2025-12-06 01:19:31,708 - INFO: Epoch: [4][ 50/107]	Time  0.148 ( 0.153)	Loss 4.7670e-02 (6.9065e-02)	Acc pseudo  98.44 ( 97.90)	Lr 1.000e-03 (1.000e-03)
2025-12-06 01:19:38,543 - INFO: Epoch: [4][100/107]	Time  0.147 ( 0.145)	Loss 9.8716e-02 (7.3111e-02)	Acc pseudo  96.88 ( 97.67)	Lr 1.000e-03 (1.000e-03)
2025-12-06 01:19:39,635 - INFO: Round 0, Fine-tune Epoch 4: loss=0.0772, acc(pseudo)=97.57%
2025-12-06 01:24:56,499 - INFO: Round 0, Fine-tune Epoch 4: acc(valid): 0.9075
2025-12-06 01:24:56,500 - INFO: Round 0, Fine-tune Epoch 4: No improvement in validation accuracy. Patience(epoch): 2/5
2025-12-06 01:24:57,075 - INFO: Epoch: [5][  0/107]	Time  0.570 ( 0.570)	Loss 1.8209e-01 (1.8209e-01)	Acc pseudo  95.31 ( 95.31)	Lr 1.000e-03 (1.000e-03)
2025-12-06 01:25:04,455 - INFO: Epoch: [5][ 50/107]	Time  0.149 ( 0.155)	Loss 3.3464e-02 (5.0170e-02)	Acc pseudo  98.44 ( 98.74)	Lr 1.000e-03 (1.000e-03)
2025-12-06 01:25:11,424 - INFO: Epoch: [5][100/107]	Time  0.156 ( 0.147)	Loss 2.5980e-02 (5.9925e-02)	Acc pseudo 100.00 ( 98.26)	Lr 1.000e-03 (1.000e-03)
2025-12-06 01:25:12,487 - INFO: Round 0, Fine-tune Epoch 5: loss=0.0623, acc(pseudo)=98.17%
2025-12-06 01:30:04,594 - INFO: Round 0, Fine-tune Epoch 5: acc(valid): 0.9000
2025-12-06 01:30:04,595 - INFO: Round 0, Fine-tune Epoch 5: No improvement in validation accuracy. Patience(epoch): 3/5
2025-12-06 01:30:05,400 - INFO: Epoch: [6][  0/107]	Time  0.797 ( 0.797)	Loss 4.5476e-02 (4.5476e-02)	Acc pseudo  98.44 ( 98.44)	Lr 1.000e-03 (1.000e-03)
2025-12-06 01:30:14,914 - INFO: Epoch: [6][ 50/107]	Time  0.199 ( 0.201)	Loss 2.0425e-02 (4.6923e-02)	Acc pseudo 100.00 ( 98.43)	Lr 1.000e-03 (1.000e-03)
2025-12-06 01:30:24,834 - INFO: Epoch: [6][100/107]	Time  0.206 ( 0.200)	Loss 1.4733e-01 (5.9259e-02)	Acc pseudo  95.31 ( 98.22)	Lr 1.000e-03 (1.000e-03)
2025-12-06 01:30:26,204 - INFO: Round 0, Fine-tune Epoch 6: loss=0.0577, acc(pseudo)=98.27%
2025-12-06 01:35:19,173 - INFO: Round 0, Fine-tune Epoch 6: acc(valid): 0.9000
2025-12-06 01:35:19,173 - INFO: Round 0, Fine-tune Epoch 6: No improvement in validation accuracy. Patience(epoch): 4/5
2025-12-06 01:35:19,795 - INFO: Epoch: [7][  0/107]	Time  0.616 ( 0.616)	Loss 5.8951e-02 (5.8951e-02)	Acc pseudo  98.44 ( 98.44)	Lr 1.000e-03 (1.000e-03)
2025-12-06 01:35:27,475 - INFO: Epoch: [7][ 50/107]	Time  0.153 ( 0.162)	Loss 1.0109e-02 (4.9668e-02)	Acc pseudo 100.00 ( 98.62)	Lr 1.000e-03 (1.000e-03)
2025-12-06 01:35:34,874 - INFO: Epoch: [7][100/107]	Time  0.140 ( 0.155)	Loss 2.5405e-02 (5.4530e-02)	Acc pseudo 100.00 ( 98.34)	Lr 1.000e-03 (1.000e-03)
2025-12-06 01:35:35,900 - INFO: Round 0, Fine-tune Epoch 7: loss=0.0558, acc(pseudo)=98.26%
2025-12-06 01:40:55,496 - INFO: Round 0, Fine-tune Epoch 7: acc(valid): 0.8900
2025-12-06 01:40:55,496 - INFO: Round 0, Fine-tune Epoch 7: No improvement in validation accuracy. Patience(epoch): 5/5
2025-12-06 01:40:55,496 - INFO: Early stopping at epoch 7 due to no improvement in validation accuracy for 5 epochs.
2025-12-06 01:40:55,498 - INFO: Round 0: Best fine-tuned epoch=2, acc(valid)=0.9175
2025-12-06 01:40:55,533 - INFO: Using HMM model from previous round: runs/the big bang theory/exp_video/result/self_supervised/exp3/initial/pseudo_label/hmm_params.pkl
2025-12-06 02:17:14,993 - INFO: Round 0: acc(valid)=0.9150, acc(test)=0.9200
2025-12-06 02:17:15,145 - INFO: New best acc(valid) at round 0: acc(valid)=0.9150, acc(test)=0.9200
2025-12-06 02:17:15,151 - INFO: ====================
2025-12-06 02:17:15,151 - INFO: Round 1: Fine-tuning iteration
2025-12-06 02:17:15,151 - INFO: ====================
2025-12-06 02:17:15,165 - INFO: Round 1 Part 1: Fine-tuning embedding model
2025-12-06 02:17:15,166 - INFO: Using pseudo-label file: runs/the big bang theory/exp_video/result/self_supervised/exp3/round0/pseudo_label/pseudo_labels_audio_nested_hmm_full(unreliable_pp=5.0).json
2025-12-06 02:17:39,992 - INFO: Fine-tuning embedding model for 20 epochs...
2025-12-06 02:17:40,717 - INFO: Epoch: [0][  0/107]	Time  0.720 ( 0.720)	Loss 4.4518e-01 (4.4518e-01)	Acc pseudo  96.88 ( 96.88)	Lr 1.000e-03 (1.000e-03)
2025-12-06 02:17:48,352 - INFO: Epoch: [0][ 50/107]	Time  0.135 ( 0.163)	Loss 2.7509e-01 (2.2546e-01)	Acc pseudo  96.88 ( 95.99)	Lr 1.000e-03 (1.000e-03)
2025-12-06 02:17:56,093 - INFO: Epoch: [0][100/107]	Time  0.161 ( 0.158)	Loss 3.3305e-01 (2.4211e-01)	Acc pseudo  95.31 ( 95.55)	Lr 1.000e-03 (1.000e-03)
2025-12-06 02:17:57,413 - INFO: Round 1, Fine-tune Epoch 0: loss=0.2657, acc(pseudo)=95.15%
2025-12-06 02:23:14,147 - INFO: Round 1, Fine-tune Epoch 0: acc(valid): 0.9025
2025-12-06 02:23:15,020 - INFO: Epoch: [1][  0/107]	Time  0.645 ( 0.645)	Loss 7.3901e-02 (7.3901e-02)	Acc pseudo  98.44 ( 98.44)	Lr 1.000e-03 (1.000e-03)
2025-12-06 02:23:23,009 - INFO: Epoch: [1][ 50/107]	Time  0.155 ( 0.169)	Loss 1.7679e-01 (1.3742e-01)	Acc pseudo  98.44 ( 96.33)	Lr 1.000e-03 (1.000e-03)
2025-12-06 02:23:30,721 - INFO: Epoch: [1][100/107]	Time  0.183 ( 0.161)	Loss 8.8081e-02 (1.2033e-01)	Acc pseudo  96.88 ( 96.52)	Lr 1.000e-03 (1.000e-03)
2025-12-06 02:23:31,785 - INFO: Round 1, Fine-tune Epoch 1: loss=0.1172, acc(pseudo)=96.60%
2025-12-06 02:28:37,428 - INFO: Round 1, Fine-tune Epoch 1: acc(valid): 0.9175
2025-12-06 02:28:38,327 - INFO: Epoch: [2][  0/107]	Time  0.658 ( 0.658)	Loss 8.6653e-02 (8.6653e-02)	Acc pseudo  96.88 ( 96.88)	Lr 1.000e-03 (1.000e-03)
2025-12-06 02:28:46,493 - INFO: Epoch: [2][ 50/107]	Time  0.168 ( 0.172)	Loss 8.8214e-02 (7.8789e-02)	Acc pseudo  98.44 ( 97.55)	Lr 1.000e-03 (1.000e-03)
2025-12-06 02:28:54,044 - INFO: Epoch: [2][100/107]	Time  0.173 ( 0.161)	Loss 1.0188e-02 (7.5637e-02)	Acc pseudo 100.00 ( 97.70)	Lr 1.000e-03 (1.000e-03)
2025-12-06 02:28:55,259 - INFO: Round 1, Fine-tune Epoch 2: loss=0.0767, acc(pseudo)=97.66%
2025-12-06 02:33:58,489 - INFO: Round 1, Fine-tune Epoch 2: acc(valid): 0.9125
2025-12-06 02:33:58,489 - INFO: Round 1, Fine-tune Epoch 2: No improvement in validation accuracy. Patience(epoch): 1/5
2025-12-06 02:33:59,153 - INFO: Epoch: [3][  0/107]	Time  0.659 ( 0.659)	Loss 4.1298e-02 (4.1298e-02)	Acc pseudo  96.88 ( 96.88)	Lr 1.000e-03 (1.000e-03)
2025-12-06 02:34:07,202 - INFO: Epoch: [3][ 50/107]	Time  0.153 ( 0.170)	Loss 9.7795e-02 (5.3036e-02)	Acc pseudo  96.88 ( 98.31)	Lr 1.000e-03 (1.000e-03)
2025-12-06 02:34:14,847 - INFO: Epoch: [3][100/107]	Time  0.176 ( 0.161)	Loss 7.2697e-03 (4.5707e-02)	Acc pseudo 100.00 ( 98.54)	Lr 1.000e-03 (1.000e-03)
2025-12-06 02:34:16,001 - INFO: Round 1, Fine-tune Epoch 3: loss=0.0449, acc(pseudo)=98.55%
2025-12-06 02:39:24,880 - INFO: Round 1, Fine-tune Epoch 3: acc(valid): 0.9125
2025-12-06 02:39:24,881 - INFO: Round 1, Fine-tune Epoch 3: No improvement in validation accuracy. Patience(epoch): 2/5
2025-12-06 02:39:25,543 - INFO: Epoch: [4][  0/107]	Time  0.656 ( 0.656)	Loss 1.5483e-03 (1.5483e-03)	Acc pseudo 100.00 (100.00)	Lr 1.000e-03 (1.000e-03)
2025-12-06 02:39:33,642 - INFO: Epoch: [4][ 50/107]	Time  0.160 ( 0.171)	Loss 2.1344e-02 (3.9060e-02)	Acc pseudo  98.44 ( 99.01)	Lr 1.000e-03 (1.000e-03)
2025-12-06 02:39:42,843 - INFO: Epoch: [4][100/107]	Time  0.227 ( 0.177)	Loss 3.4801e-02 (3.6751e-02)	Acc pseudo  98.44 ( 98.98)	Lr 1.000e-03 (1.000e-03)
2025-12-06 02:39:44,408 - INFO: Round 1, Fine-tune Epoch 4: loss=0.0370, acc(pseudo)=98.96%
2025-12-06 02:44:35,184 - INFO: Round 1, Fine-tune Epoch 4: acc(valid): 0.9150
2025-12-06 02:44:35,184 - INFO: Round 1, Fine-tune Epoch 4: No improvement in validation accuracy. Patience(epoch): 3/5
2025-12-06 02:44:35,799 - INFO: Epoch: [5][  0/107]	Time  0.609 ( 0.609)	Loss 5.6837e-02 (5.6837e-02)	Acc pseudo  98.44 ( 98.44)	Lr 1.000e-03 (1.000e-03)
2025-12-06 02:44:44,023 - INFO: Epoch: [5][ 50/107]	Time  0.173 ( 0.172)	Loss 8.7776e-03 (2.5577e-02)	Acc pseudo 100.00 ( 99.08)	Lr 1.000e-03 (1.000e-03)
2025-12-06 02:44:51,988 - INFO: Epoch: [5][100/107]	Time  0.178 ( 0.165)	Loss 5.5605e-02 (3.2188e-02)	Acc pseudo  96.88 ( 98.81)	Lr 1.000e-03 (1.000e-03)
2025-12-06 02:44:53,174 - INFO: Round 1, Fine-tune Epoch 5: loss=0.0335, acc(pseudo)=98.77%
2025-12-06 02:52:17,481 - INFO: Round 1, Fine-tune Epoch 5: acc(valid): 0.8925
2025-12-06 02:52:17,482 - INFO: Round 1, Fine-tune Epoch 5: No improvement in validation accuracy. Patience(epoch): 4/5
2025-12-06 02:52:18,383 - INFO: Epoch: [6][  0/107]	Time  0.893 ( 0.893)	Loss 2.5053e-02 (2.5053e-02)	Acc pseudo  98.44 ( 98.44)	Lr 1.000e-03 (1.000e-03)
2025-12-06 02:52:28,661 - INFO: Epoch: [6][ 50/107]	Time  0.149 ( 0.218)	Loss 1.1264e-02 (2.5959e-02)	Acc pseudo 100.00 ( 99.14)	Lr 1.000e-03 (1.000e-03)
2025-12-06 02:52:36,260 - INFO: Epoch: [6][100/107]	Time  0.169 ( 0.185)	Loss 5.1847e-02 (2.7142e-02)	Acc pseudo  98.44 ( 99.15)	Lr 1.000e-03 (1.000e-03)
2025-12-06 02:52:37,353 - INFO: Round 1, Fine-tune Epoch 6: loss=0.0265, acc(pseudo)=99.17%
2025-12-06 02:57:54,834 - INFO: Round 1, Fine-tune Epoch 6: acc(valid): 0.9150
2025-12-06 02:57:54,834 - INFO: Round 1, Fine-tune Epoch 6: No improvement in validation accuracy. Patience(epoch): 5/5
2025-12-06 02:57:54,834 - INFO: Early stopping at epoch 6 due to no improvement in validation accuracy for 5 epochs.
2025-12-06 02:57:54,835 - INFO: Round 1: Best fine-tuned epoch=1, acc(valid)=0.9175
2025-12-06 02:57:54,897 - INFO: Using HMM model from previous round: runs/the big bang theory/exp_video/result/self_supervised/exp3/round0/pseudo_label/hmm_params.pkl
2025-12-06 03:35:51,800 - INFO: Round 1: acc(valid)=0.9100, acc(test)=0.9206
2025-12-06 03:35:51,800 - INFO: No improvement. Patience(round): 1/5
2025-12-06 03:35:51,804 - INFO: ====================
2025-12-06 03:35:51,805 - INFO: Round 2: Fine-tuning iteration
2025-12-06 03:35:51,805 - INFO: ====================
2025-12-06 03:35:51,816 - INFO: Round 2 Part 1: Fine-tuning embedding model
2025-12-06 03:35:51,818 - INFO: Using pseudo-label file: runs/the big bang theory/exp_video/result/self_supervised/exp3/round1/pseudo_label/pseudo_labels_audio_nested_hmm_full(unreliable_pp=5.0).json
2025-12-06 03:36:18,632 - INFO: Fine-tuning embedding model for 20 epochs...
2025-12-06 03:36:19,424 - INFO: Epoch: [0][  0/107]	Time  0.788 ( 0.788)	Loss 4.4174e-01 (4.4174e-01)	Acc pseudo  95.31 ( 95.31)	Lr 1.000e-03 (1.000e-03)
2025-12-06 03:36:29,767 - INFO: Epoch: [0][ 50/107]	Time  0.138 ( 0.217)	Loss 2.5935e-01 (1.9756e-01)	Acc pseudo  93.75 ( 97.06)	Lr 1.000e-03 (1.000e-03)
2025-12-06 03:36:38,363 - INFO: Epoch: [0][100/107]	Time  0.196 ( 0.194)	Loss 3.8696e-01 (1.9116e-01)	Acc pseudo  90.62 ( 96.68)	Lr 1.000e-03 (1.000e-03)
2025-12-06 03:36:39,689 - INFO: Round 2, Fine-tune Epoch 0: loss=0.2060, acc(pseudo)=96.47%
2025-12-06 03:41:51,983 - INFO: Round 2, Fine-tune Epoch 0: acc(valid): 0.9075
2025-12-06 03:41:52,952 - INFO: Epoch: [1][  0/107]	Time  0.723 ( 0.723)	Loss 2.2524e-01 (2.2524e-01)	Acc pseudo  93.75 ( 93.75)	Lr 1.000e-03 (1.000e-03)
2025-12-06 03:42:03,344 - INFO: Epoch: [1][ 50/107]	Time  0.246 ( 0.217)	Loss 1.4778e-02 (1.0664e-01)	Acc pseudo 100.00 ( 96.86)	Lr 1.000e-03 (1.000e-03)
2025-12-06 03:42:13,509 - INFO: Epoch: [1][100/107]	Time  0.192 ( 0.210)	Loss 5.2680e-02 (8.8862e-02)	Acc pseudo  98.44 ( 97.52)	Lr 1.000e-03 (1.000e-03)
2025-12-06 03:42:14,655 - INFO: Round 2, Fine-tune Epoch 1: loss=0.0857, acc(pseudo)=97.58%
2025-12-06 03:47:32,581 - INFO: Round 2, Fine-tune Epoch 1: acc(valid): 0.9100
2025-12-06 03:47:33,625 - INFO: Epoch: [2][  0/107]	Time  0.756 ( 0.756)	Loss 1.6924e-02 (1.6924e-02)	Acc pseudo 100.00 (100.00)	Lr 1.000e-03 (1.000e-03)
2025-12-06 03:47:43,303 - INFO: Epoch: [2][ 50/107]	Time  0.253 ( 0.204)	Loss 6.7877e-02 (5.6797e-02)	Acc pseudo  98.44 ( 98.28)	Lr 1.000e-03 (1.000e-03)
2025-12-06 03:47:54,586 - INFO: Epoch: [2][100/107]	Time  0.264 ( 0.214)	Loss 9.1787e-03 (5.9452e-02)	Acc pseudo 100.00 ( 98.20)	Lr 1.000e-03 (1.000e-03)
2025-12-06 03:47:56,329 - INFO: Round 2, Fine-tune Epoch 2: loss=0.0604, acc(pseudo)=98.18%
2025-12-06 03:53:37,927 - INFO: Round 2, Fine-tune Epoch 2: acc(valid): 0.9075
2025-12-06 03:53:37,928 - INFO: Round 2, Fine-tune Epoch 2: No improvement in validation accuracy. Patience(epoch): 1/5
2025-12-06 03:53:38,761 - INFO: Epoch: [3][  0/107]	Time  0.828 ( 0.828)	Loss 1.3376e-02 (1.3376e-02)	Acc pseudo 100.00 (100.00)	Lr 1.000e-03 (1.000e-03)
2025-12-06 03:53:50,446 - INFO: Epoch: [3][ 50/107]	Time  0.245 ( 0.245)	Loss 1.1534e-01 (4.4316e-02)	Acc pseudo  96.88 ( 98.68)	Lr 1.000e-03 (1.000e-03)
2025-12-06 03:53:59,675 - INFO: Epoch: [3][100/107]	Time  0.178 ( 0.214)	Loss 4.2297e-02 (4.0579e-02)	Acc pseudo  98.44 ( 98.77)	Lr 1.000e-03 (1.000e-03)
2025-12-06 03:54:00,973 - INFO: Round 2, Fine-tune Epoch 3: loss=0.0432, acc(pseudo)=98.65%
2025-12-06 03:59:11,166 - INFO: Round 2, Fine-tune Epoch 3: acc(valid): 0.9050
2025-12-06 03:59:11,167 - INFO: Round 2, Fine-tune Epoch 3: No improvement in validation accuracy. Patience(epoch): 2/5
2025-12-06 03:59:12,015 - INFO: Epoch: [4][  0/107]	Time  0.842 ( 0.842)	Loss 2.0966e-03 (2.0966e-03)	Acc pseudo 100.00 (100.00)	Lr 1.000e-03 (1.000e-03)
2025-12-06 03:59:23,688 - INFO: Epoch: [4][ 50/107]	Time  0.229 ( 0.245)	Loss 8.9848e-03 (2.9992e-02)	Acc pseudo 100.00 ( 99.14)	Lr 1.000e-03 (1.000e-03)
2025-12-06 03:59:32,544 - INFO: Epoch: [4][100/107]	Time  0.164 ( 0.211)	Loss 5.3293e-03 (3.3769e-02)	Acc pseudo 100.00 ( 98.94)	Lr 1.000e-03 (1.000e-03)
2025-12-06 03:59:33,853 - INFO: Round 2, Fine-tune Epoch 4: loss=0.0351, acc(pseudo)=98.90%
2025-12-06 04:04:42,717 - INFO: Round 2, Fine-tune Epoch 4: acc(valid): 0.9075
2025-12-06 04:04:42,717 - INFO: Round 2, Fine-tune Epoch 4: No improvement in validation accuracy. Patience(epoch): 3/5
2025-12-06 04:04:43,391 - INFO: Epoch: [5][  0/107]	Time  0.669 ( 0.669)	Loss 1.4783e-01 (1.4783e-01)	Acc pseudo  96.88 ( 96.88)	Lr 1.000e-03 (1.000e-03)
2025-12-06 04:04:51,691 - INFO: Epoch: [5][ 50/107]	Time  0.158 ( 0.175)	Loss 1.7274e-02 (2.3816e-02)	Acc pseudo  98.44 ( 99.26)	Lr 1.000e-03 (1.000e-03)
2025-12-06 04:05:01,055 - INFO: Epoch: [5][100/107]	Time  0.268 ( 0.181)	Loss 6.7479e-03 (2.3335e-02)	Acc pseudo 100.00 ( 99.26)	Lr 1.000e-03 (1.000e-03)
2025-12-06 04:05:02,799 - INFO: Round 2, Fine-tune Epoch 5: loss=0.0235, acc(pseudo)=99.24%
2025-12-06 04:10:36,736 - INFO: Round 2, Fine-tune Epoch 5: acc(valid): 0.9075
2025-12-06 04:10:36,736 - INFO: Round 2, Fine-tune Epoch 5: No improvement in validation accuracy. Patience(epoch): 4/5
2025-12-06 04:10:37,755 - INFO: Epoch: [6][  0/107]	Time  1.010 ( 1.010)	Loss 2.0194e-02 (2.0194e-02)	Acc pseudo  98.44 ( 98.44)	Lr 1.000e-03 (1.000e-03)
2025-12-06 04:10:49,458 - INFO: Epoch: [6][ 50/107]	Time  0.217 ( 0.249)	Loss 4.6079e-03 (1.6698e-02)	Acc pseudo 100.00 ( 99.57)	Lr 1.000e-03 (1.000e-03)
2025-12-06 04:11:00,056 - INFO: Epoch: [6][100/107]	Time  0.262 ( 0.230)	Loss 3.7098e-02 (1.7245e-02)	Acc pseudo  98.44 ( 99.50)	Lr 1.000e-03 (1.000e-03)
2025-12-06 04:11:01,611 - INFO: Round 2, Fine-tune Epoch 6: loss=0.0183, acc(pseudo)=99.44%
2025-12-06 04:16:19,816 - INFO: Round 2, Fine-tune Epoch 6: acc(valid): 0.9075
2025-12-06 04:16:19,816 - INFO: Round 2, Fine-tune Epoch 6: No improvement in validation accuracy. Patience(epoch): 5/5
2025-12-06 04:16:19,816 - INFO: Early stopping at epoch 6 due to no improvement in validation accuracy for 5 epochs.
2025-12-06 04:16:19,818 - INFO: Round 2: Best fine-tuned epoch=1, acc(valid)=0.9100
2025-12-06 04:16:19,882 - INFO: Using HMM model from previous round: runs/the big bang theory/exp_video/result/self_supervised/exp3/round1/pseudo_label/hmm_params.pkl
2025-12-06 04:53:45,019 - INFO: Round 2: acc(valid)=0.9075, acc(test)=0.9144
2025-12-06 04:53:45,020 - INFO: No improvement. Patience(round): 2/5
2025-12-06 04:53:45,023 - INFO: ====================
2025-12-06 04:53:45,023 - INFO: Round 3: Fine-tuning iteration
2025-12-06 04:53:45,023 - INFO: ====================
2025-12-06 04:53:45,035 - INFO: Round 3 Part 1: Fine-tuning embedding model
2025-12-06 04:53:45,036 - INFO: Using pseudo-label file: runs/the big bang theory/exp_video/result/self_supervised/exp3/round2/pseudo_label/pseudo_labels_audio_nested_hmm_full(unreliable_pp=5.0).json
2025-12-06 04:54:24,341 - INFO: Fine-tuning embedding model for 20 epochs...
2025-12-06 04:54:25,347 - INFO: Epoch: [0][  0/107]	Time  0.980 ( 0.980)	Loss 3.3535e-01 (3.3535e-01)	Acc pseudo  96.88 ( 96.88)	Lr 1.000e-03 (1.000e-03)
2025-12-06 04:54:34,354 - INFO: Epoch: [0][ 50/107]	Time  0.155 ( 0.195)	Loss 1.7132e-01 (1.3155e-01)	Acc pseudo  96.88 ( 97.86)	Lr 1.000e-03 (1.000e-03)
2025-12-06 04:54:43,433 - INFO: Epoch: [0][100/107]	Time  0.216 ( 0.188)	Loss 3.3374e-01 (1.2727e-01)	Acc pseudo  93.75 ( 97.81)	Lr 1.000e-03 (1.000e-03)
2025-12-06 04:54:44,857 - INFO: Round 3, Fine-tune Epoch 0: loss=0.1450, acc(pseudo)=97.72%
2025-12-06 04:59:55,061 - INFO: Round 3, Fine-tune Epoch 0: acc(valid): 0.9100
2025-12-06 04:59:56,361 - INFO: Epoch: [1][  0/107]	Time  0.977 ( 0.977)	Loss 1.1962e-01 (1.1962e-01)	Acc pseudo  95.31 ( 95.31)	Lr 1.000e-03 (1.000e-03)
2025-12-06 05:00:05,176 - INFO: Epoch: [1][ 50/107]	Time  0.186 ( 0.191)	Loss 2.6497e-03 (5.9083e-02)	Acc pseudo 100.00 ( 98.34)	Lr 1.000e-03 (1.000e-03)
2025-12-06 05:00:13,721 - INFO: Epoch: [1][100/107]	Time  0.206 ( 0.181)	Loss 6.8828e-02 (5.5319e-02)	Acc pseudo  98.44 ( 98.40)	Lr 1.000e-03 (1.000e-03)
2025-12-06 05:00:14,993 - INFO: Round 3, Fine-tune Epoch 1: loss=0.0534, acc(pseudo)=98.45%
2025-12-06 05:05:28,643 - INFO: Round 3, Fine-tune Epoch 1: acc(valid): 0.9050
2025-12-06 05:05:28,643 - INFO: Round 3, Fine-tune Epoch 1: No improvement in validation accuracy. Patience(epoch): 1/5
2025-12-06 05:05:29,354 - INFO: Epoch: [2][  0/107]	Time  0.705 ( 0.705)	Loss 1.7832e-02 (1.7832e-02)	Acc pseudo 100.00 (100.00)	Lr 1.000e-03 (1.000e-03)
2025-12-06 05:05:38,141 - INFO: Epoch: [2][ 50/107]	Time  0.191 ( 0.185)	Loss 5.2265e-02 (3.5644e-02)	Acc pseudo  96.88 ( 98.74)	Lr 1.000e-03 (1.000e-03)
2025-12-06 05:05:46,631 - INFO: Epoch: [2][100/107]	Time  0.213 ( 0.177)	Loss 7.8933e-03 (4.0969e-02)	Acc pseudo 100.00 ( 98.76)	Lr 1.000e-03 (1.000e-03)
2025-12-06 05:05:48,031 - INFO: Round 3, Fine-tune Epoch 2: loss=0.0445, acc(pseudo)=98.67%
2025-12-06 05:11:17,198 - INFO: Round 3, Fine-tune Epoch 2: acc(valid): 0.9050
2025-12-06 05:11:17,198 - INFO: Round 3, Fine-tune Epoch 2: No improvement in validation accuracy. Patience(epoch): 2/5
2025-12-06 05:11:17,914 - INFO: Epoch: [3][  0/107]	Time  0.710 ( 0.710)	Loss 6.3341e-03 (6.3341e-03)	Acc pseudo 100.00 (100.00)	Lr 1.000e-03 (1.000e-03)
2025-12-06 05:11:26,828 - INFO: Epoch: [3][ 50/107]	Time  0.179 ( 0.188)	Loss 6.8497e-02 (3.3723e-02)	Acc pseudo  98.44 ( 98.81)	Lr 1.000e-03 (1.000e-03)
2025-12-06 05:11:35,357 - INFO: Epoch: [3][100/107]	Time  0.197 ( 0.179)	Loss 1.2462e-02 (2.7318e-02)	Acc pseudo 100.00 ( 99.08)	Lr 1.000e-03 (1.000e-03)
2025-12-06 05:11:36,645 - INFO: Round 3, Fine-tune Epoch 3: loss=0.0276, acc(pseudo)=99.08%
2025-12-06 05:17:07,746 - INFO: Round 3, Fine-tune Epoch 3: acc(valid): 0.9050
2025-12-06 05:17:07,746 - INFO: Round 3, Fine-tune Epoch 3: No improvement in validation accuracy. Patience(epoch): 3/5
2025-12-06 05:17:08,503 - INFO: Epoch: [4][  0/107]	Time  0.751 ( 0.751)	Loss 6.9164e-05 (6.9164e-05)	Acc pseudo 100.00 (100.00)	Lr 1.000e-03 (1.000e-03)
2025-12-06 05:17:17,325 - INFO: Epoch: [4][ 50/107]	Time  0.180 ( 0.187)	Loss 8.0858e-04 (1.6337e-02)	Acc pseudo 100.00 ( 99.48)	Lr 1.000e-03 (1.000e-03)
2025-12-06 05:17:25,677 - INFO: Epoch: [4][100/107]	Time  0.162 ( 0.177)	Loss 5.6677e-02 (1.8944e-02)	Acc pseudo  98.44 ( 99.39)	Lr 1.000e-03 (1.000e-03)
2025-12-06 05:17:26,995 - INFO: Round 3, Fine-tune Epoch 4: loss=0.0192, acc(pseudo)=99.37%
2025-12-06 05:22:49,930 - INFO: Round 3, Fine-tune Epoch 4: acc(valid): 0.9050
2025-12-06 05:22:49,930 - INFO: Round 3, Fine-tune Epoch 4: No improvement in validation accuracy. Patience(epoch): 4/5
2025-12-06 05:22:50,801 - INFO: Epoch: [5][  0/107]	Time  0.856 ( 0.856)	Loss 3.4137e-02 (3.4137e-02)	Acc pseudo  98.44 ( 98.44)	Lr 1.000e-03 (1.000e-03)
2025-12-06 05:22:59,581 - INFO: Epoch: [5][ 50/107]	Time  0.185 ( 0.188)	Loss 4.1649e-03 (1.5168e-02)	Acc pseudo 100.00 ( 99.48)	Lr 1.000e-03 (1.000e-03)
2025-12-06 05:23:08,290 - INFO: Epoch: [5][100/107]	Time  0.205 ( 0.181)	Loss 1.6106e-03 (1.5106e-02)	Acc pseudo 100.00 ( 99.52)	Lr 1.000e-03 (1.000e-03)
2025-12-06 05:23:09,623 - INFO: Round 3, Fine-tune Epoch 5: loss=0.0152, acc(pseudo)=99.53%
2025-12-06 05:28:39,939 - INFO: Round 3, Fine-tune Epoch 5: acc(valid): 0.9075
2025-12-06 05:28:39,939 - INFO: Round 3, Fine-tune Epoch 5: No improvement in validation accuracy. Patience(epoch): 5/5
2025-12-06 05:28:39,939 - INFO: Early stopping at epoch 5 due to no improvement in validation accuracy for 5 epochs.
2025-12-06 05:28:39,940 - INFO: Round 3: Best fine-tuned epoch=0, acc(valid)=0.9100
2025-12-06 05:28:39,984 - INFO: Using HMM model from previous round: runs/the big bang theory/exp_video/result/self_supervised/exp3/round2/pseudo_label/hmm_params.pkl
2025-12-06 06:05:37,738 - INFO: Round 3: acc(valid)=0.9025, acc(test)=0.9125
2025-12-06 06:05:37,739 - INFO: No improvement. Patience(round): 3/5
2025-12-06 06:05:37,742 - INFO: ====================
2025-12-06 06:05:37,742 - INFO: Round 4: Fine-tuning iteration
2025-12-06 06:05:37,742 - INFO: ====================
2025-12-06 06:05:37,754 - INFO: Round 4 Part 1: Fine-tuning embedding model
2025-12-06 06:05:37,755 - INFO: Using pseudo-label file: runs/the big bang theory/exp_video/result/self_supervised/exp3/round3/pseudo_label/pseudo_labels_audio_nested_hmm_full(unreliable_pp=5.0).json
2025-12-06 06:06:12,467 - INFO: Fine-tuning embedding model for 20 epochs...
2025-12-06 06:06:13,409 - INFO: Epoch: [0][  0/107]	Time  0.935 ( 0.935)	Loss 2.0899e-01 (2.0899e-01)	Acc pseudo  98.44 ( 98.44)	Lr 1.000e-03 (1.000e-03)
2025-12-06 06:06:25,701 - INFO: Epoch: [0][ 50/107]	Time  0.213 ( 0.259)	Loss 5.7090e-02 (2.0463e-01)	Acc pseudo  98.44 ( 97.49)	Lr 1.000e-03 (1.000e-03)
2025-12-06 06:06:34,889 - INFO: Epoch: [0][100/107]	Time  0.212 ( 0.221)	Loss 4.6656e-02 (1.7762e-01)	Acc pseudo  98.44 ( 97.44)	Lr 1.000e-03 (1.000e-03)
2025-12-06 06:06:36,239 - INFO: Round 4, Fine-tune Epoch 0: loss=0.1771, acc(pseudo)=97.45%
2025-12-06 06:11:46,605 - INFO: Round 4, Fine-tune Epoch 0: acc(valid): 0.8975
2025-12-06 06:11:47,697 - INFO: Epoch: [1][  0/107]	Time  0.840 ( 0.840)	Loss 8.3317e-02 (8.3317e-02)	Acc pseudo  95.31 ( 95.31)	Lr 1.000e-03 (1.000e-03)
2025-12-06 06:11:59,678 - INFO: Epoch: [1][ 50/107]	Time  0.262 ( 0.251)	Loss 3.0814e-03 (6.6786e-02)	Acc pseudo 100.00 ( 98.15)	Lr 1.000e-03 (1.000e-03)
2025-12-06 06:12:10,063 - INFO: Epoch: [1][100/107]	Time  0.209 ( 0.229)	Loss 1.1100e-01 (5.8737e-02)	Acc pseudo  95.31 ( 98.40)	Lr 1.000e-03 (1.000e-03)
2025-12-06 06:12:11,277 - INFO: Round 4, Fine-tune Epoch 1: loss=0.0563, acc(pseudo)=98.46%
2025-12-06 06:17:32,966 - INFO: Round 4, Fine-tune Epoch 1: acc(valid): 0.9025
2025-12-06 06:17:34,186 - INFO: Epoch: [2][  0/107]	Time  0.862 ( 0.862)	Loss 2.7375e-03 (2.7375e-03)	Acc pseudo 100.00 (100.00)	Lr 1.000e-03 (1.000e-03)
2025-12-06 06:17:42,955 - INFO: Epoch: [2][ 50/107]	Time  0.197 ( 0.188)	Loss 2.5445e-03 (2.7588e-02)	Acc pseudo 100.00 ( 99.14)	Lr 1.000e-03 (1.000e-03)
2025-12-06 06:17:51,265 - INFO: Epoch: [2][100/107]	Time  0.200 ( 0.177)	Loss 2.2305e-03 (3.3715e-02)	Acc pseudo 100.00 ( 98.99)	Lr 1.000e-03 (1.000e-03)
2025-12-06 06:17:52,646 - INFO: Round 4, Fine-tune Epoch 2: loss=0.0334, acc(pseudo)=99.00%
2025-12-06 06:23:06,000 - INFO: Round 4, Fine-tune Epoch 2: acc(valid): 0.9025
2025-12-06 06:23:06,000 - INFO: Round 4, Fine-tune Epoch 2: No improvement in validation accuracy. Patience(epoch): 1/5
2025-12-06 06:23:06,748 - INFO: Epoch: [3][  0/107]	Time  0.743 ( 0.743)	Loss 2.2708e-02 (2.2708e-02)	Acc pseudo 100.00 (100.00)	Lr 1.000e-03 (1.000e-03)
2025-12-06 06:23:15,441 - INFO: Epoch: [3][ 50/107]	Time  0.164 ( 0.184)	Loss 1.0339e-02 (2.7693e-02)	Acc pseudo 100.00 ( 99.23)	Lr 1.000e-03 (1.000e-03)
2025-12-06 06:23:23,602 - INFO: Epoch: [3][100/107]	Time  0.195 ( 0.173)	Loss 7.4508e-02 (3.0847e-02)	Acc pseudo  96.88 ( 99.12)	Lr 1.000e-03 (1.000e-03)
2025-12-06 06:23:24,862 - INFO: Round 4, Fine-tune Epoch 3: loss=0.0303, acc(pseudo)=99.12%
2025-12-06 06:29:05,487 - INFO: Round 4, Fine-tune Epoch 3: acc(valid): 0.9025
2025-12-06 06:29:05,488 - INFO: Round 4, Fine-tune Epoch 3: No improvement in validation accuracy. Patience(epoch): 2/5
2025-12-06 06:29:06,258 - INFO: Epoch: [4][  0/107]	Time  0.758 ( 0.758)	Loss 1.3545e-03 (1.3545e-03)	Acc pseudo 100.00 (100.00)	Lr 1.000e-03 (1.000e-03)
2025-12-06 06:29:14,854 - INFO: Epoch: [4][ 50/107]	Time  0.167 ( 0.183)	Loss 3.4969e-04 (2.0844e-02)	Acc pseudo 100.00 ( 99.32)	Lr 1.000e-03 (1.000e-03)
2025-12-06 06:29:22,985 - INFO: Epoch: [4][100/107]	Time  0.188 ( 0.172)	Loss 7.5855e-02 (2.3074e-02)	Acc pseudo  96.88 ( 99.30)	Lr 1.000e-03 (1.000e-03)
2025-12-06 06:29:24,275 - INFO: Round 4, Fine-tune Epoch 4: loss=0.0225, acc(pseudo)=99.31%
2025-12-06 06:34:47,606 - INFO: Round 4, Fine-tune Epoch 4: acc(valid): 0.9075
2025-12-06 06:34:48,614 - INFO: Epoch: [5][  0/107]	Time  0.749 ( 0.749)	Loss 1.0462e-01 (1.0462e-01)	Acc pseudo  93.75 ( 93.75)	Lr 1.000e-03 (1.000e-03)
2025-12-06 06:34:58,944 - INFO: Epoch: [5][ 50/107]	Time  0.186 ( 0.216)	Loss 3.6917e-03 (1.7988e-02)	Acc pseudo 100.00 ( 99.36)	Lr 1.000e-03 (1.000e-03)
2025-12-06 06:35:07,319 - INFO: Epoch: [5][100/107]	Time  0.198 ( 0.192)	Loss 3.5528e-02 (2.0920e-02)	Acc pseudo  96.88 ( 99.30)	Lr 1.000e-03 (1.000e-03)
2025-12-06 06:35:08,646 - INFO: Round 4, Fine-tune Epoch 5: loss=0.0220, acc(pseudo)=99.27%
2025-12-06 06:41:01,186 - INFO: Round 4, Fine-tune Epoch 5: acc(valid): 0.9050
2025-12-06 06:41:01,186 - INFO: Round 4, Fine-tune Epoch 5: No improvement in validation accuracy. Patience(epoch): 1/5
2025-12-06 06:41:02,074 - INFO: Epoch: [6][  0/107]	Time  0.881 ( 0.881)	Loss 1.6082e-02 (1.6082e-02)	Acc pseudo 100.00 (100.00)	Lr 1.000e-03 (1.000e-03)
2025-12-06 06:41:10,781 - INFO: Epoch: [6][ 50/107]	Time  0.148 ( 0.187)	Loss 3.8439e-02 (3.1493e-02)	Acc pseudo  98.44 ( 98.92)	Lr 1.000e-03 (1.000e-03)
2025-12-06 06:41:18,844 - INFO: Epoch: [6][100/107]	Time  0.182 ( 0.174)	Loss 8.0790e-02 (3.2292e-02)	Acc pseudo  96.88 ( 99.08)	Lr 1.000e-03 (1.000e-03)
2025-12-06 06:41:20,019 - INFO: Round 4, Fine-tune Epoch 6: loss=0.0310, acc(pseudo)=99.11%
2025-12-06 06:47:35,113 - INFO: Round 4, Fine-tune Epoch 6: acc(valid): 0.9025
2025-12-06 06:47:35,113 - INFO: Round 4, Fine-tune Epoch 6: No improvement in validation accuracy. Patience(epoch): 2/5
2025-12-06 06:47:35,861 - INFO: Epoch: [7][  0/107]	Time  0.741 ( 0.741)	Loss 8.0879e-03 (8.0879e-03)	Acc pseudo 100.00 (100.00)	Lr 1.000e-03 (1.000e-03)
2025-12-06 06:47:44,463 - INFO: Epoch: [7][ 50/107]	Time  0.194 ( 0.182)	Loss 9.4859e-04 (1.7234e-02)	Acc pseudo 100.00 ( 99.51)	Lr 1.000e-03 (1.000e-03)
2025-12-06 06:47:52,976 - INFO: Epoch: [7][100/107]	Time  0.155 ( 0.176)	Loss 4.8019e-03 (1.8856e-02)	Acc pseudo 100.00 ( 99.40)	Lr 1.000e-03 (1.000e-03)
2025-12-06 06:47:54,210 - INFO: Round 4, Fine-tune Epoch 7: loss=0.0187, acc(pseudo)=99.41%
2025-12-06 06:54:16,942 - INFO: Round 4, Fine-tune Epoch 7: acc(valid): 0.9075
2025-12-06 06:54:16,942 - INFO: Round 4, Fine-tune Epoch 7: No improvement in validation accuracy. Patience(epoch): 3/5
2025-12-06 06:54:17,676 - INFO: Epoch: [8][  0/107]	Time  0.728 ( 0.728)	Loss 4.8058e-03 (4.8058e-03)	Acc pseudo 100.00 (100.00)	Lr 1.000e-03 (1.000e-03)
2025-12-06 06:54:27,530 - INFO: Epoch: [8][ 50/107]	Time  0.243 ( 0.207)	Loss 2.4577e-02 (2.8151e-02)	Acc pseudo  98.44 ( 99.51)	Lr 1.000e-03 (1.000e-03)
2025-12-06 06:54:38,499 - INFO: Epoch: [8][100/107]	Time  0.266 ( 0.213)	Loss 7.6924e-03 (2.5499e-02)	Acc pseudo 100.00 ( 99.50)	Lr 1.000e-03 (1.000e-03)
2025-12-06 06:54:40,098 - INFO: Round 4, Fine-tune Epoch 8: loss=0.0260, acc(pseudo)=99.47%
2025-12-06 06:59:57,514 - INFO: Round 4, Fine-tune Epoch 8: acc(valid): 0.9025
2025-12-06 06:59:57,514 - INFO: Round 4, Fine-tune Epoch 8: No improvement in validation accuracy. Patience(epoch): 4/5
2025-12-06 06:59:58,248 - INFO: Epoch: [9][  0/107]	Time  0.729 ( 0.729)	Loss 1.0561e-03 (1.0561e-03)	Acc pseudo 100.00 (100.00)	Lr 1.000e-03 (1.000e-03)
2025-12-06 07:00:06,941 - INFO: Epoch: [9][ 50/107]	Time  0.172 ( 0.184)	Loss 5.6103e-03 (1.7573e-02)	Acc pseudo 100.00 ( 99.51)	Lr 1.000e-03 (1.000e-03)
2025-12-06 07:00:15,858 - INFO: Epoch: [9][100/107]	Time  0.135 ( 0.181)	Loss 1.3742e-02 (1.7416e-02)	Acc pseudo  98.44 ( 99.44)	Lr 1.000e-03 (1.000e-03)
2025-12-06 07:00:16,960 - INFO: Round 4, Fine-tune Epoch 9: loss=0.0170, acc(pseudo)=99.44%
2025-12-06 07:05:43,129 - INFO: Round 4, Fine-tune Epoch 9: acc(valid): 0.9025
2025-12-06 07:05:43,129 - INFO: Round 4, Fine-tune Epoch 9: No improvement in validation accuracy. Patience(epoch): 5/5
2025-12-06 07:05:43,129 - INFO: Early stopping at epoch 9 due to no improvement in validation accuracy for 5 epochs.
2025-12-06 07:05:43,130 - INFO: Round 4: Best fine-tuned epoch=4, acc(valid)=0.9075
2025-12-06 07:05:43,169 - INFO: Using HMM model from previous round: runs/the big bang theory/exp_video/result/self_supervised/exp3/round3/pseudo_label/hmm_params.pkl
2025-12-06 07:42:06,949 - INFO: Round 4: acc(valid)=0.9050, acc(test)=0.9100
2025-12-06 07:42:06,950 - INFO: No improvement. Patience(round): 4/5
2025-12-06 07:42:06,955 - INFO: ====================
2025-12-06 07:42:06,955 - INFO: Round 5: Fine-tuning iteration
2025-12-06 07:42:06,955 - INFO: ====================
2025-12-06 07:42:06,970 - INFO: Round 5 Part 1: Fine-tuning embedding model
2025-12-06 07:42:06,976 - INFO: Using pseudo-label file: runs/the big bang theory/exp_video/result/self_supervised/exp3/round4/pseudo_label/pseudo_labels_audio_nested_hmm_full(unreliable_pp=5.0).json
2025-12-06 07:42:32,132 - INFO: Fine-tuning embedding model for 20 epochs...
2025-12-06 07:42:33,381 - INFO: Epoch: [0][  0/107]	Time  1.227 ( 1.227)	Loss 1.0332e-02 (1.0332e-02)	Acc pseudo 100.00 (100.00)	Lr 1.000e-03 (1.000e-03)
2025-12-06 07:42:42,134 - INFO: Epoch: [0][ 50/107]	Time  0.152 ( 0.195)	Loss 5.9446e-01 (8.4216e-02)	Acc pseudo  95.31 ( 98.96)	Lr 1.000e-03 (1.000e-03)
2025-12-06 07:42:51,112 - INFO: Epoch: [0][100/107]	Time  0.215 ( 0.187)	Loss 5.1709e-01 (9.7195e-02)	Acc pseudo  93.75 ( 98.42)	Lr 1.000e-03 (1.000e-03)
2025-12-06 07:42:52,513 - INFO: Round 5, Fine-tune Epoch 0: loss=0.1108, acc(pseudo)=98.33%
2025-12-06 07:48:02,551 - INFO: Round 5, Fine-tune Epoch 0: acc(valid): 0.9050
2025-12-06 07:48:03,552 - INFO: Epoch: [1][  0/107]	Time  0.731 ( 0.731)	Loss 1.9210e-02 (1.9210e-02)	Acc pseudo  98.44 ( 98.44)	Lr 1.000e-03 (1.000e-03)
2025-12-06 07:48:12,551 - INFO: Epoch: [1][ 50/107]	Time  0.202 ( 0.190)	Loss 1.0495e-02 (4.2892e-02)	Acc pseudo 100.00 ( 98.71)	Lr 1.000e-03 (1.000e-03)
2025-12-06 07:48:21,303 - INFO: Epoch: [1][100/107]	Time  0.185 ( 0.182)	Loss 1.2918e-01 (4.0861e-02)	Acc pseudo  96.88 ( 98.79)	Lr 1.000e-03 (1.000e-03)
2025-12-06 07:48:22,634 - INFO: Round 5, Fine-tune Epoch 1: loss=0.0393, acc(pseudo)=98.86%
2025-12-06 07:53:35,628 - INFO: Round 5, Fine-tune Epoch 1: acc(valid): 0.9075
2025-12-06 07:53:36,651 - INFO: Epoch: [2][  0/107]	Time  0.743 ( 0.743)	Loss 3.8103e-02 (3.8103e-02)	Acc pseudo  98.44 ( 98.44)	Lr 1.000e-03 (1.000e-03)
2025-12-06 07:53:45,543 - INFO: Epoch: [2][ 50/107]	Time  0.201 ( 0.188)	Loss 7.1871e-04 (2.3880e-02)	Acc pseudo 100.00 ( 99.23)	Lr 1.000e-03 (1.000e-03)
2025-12-06 07:53:53,953 - INFO: Epoch: [2][100/107]	Time  0.194 ( 0.178)	Loss 2.9679e-03 (2.3295e-02)	Acc pseudo 100.00 ( 99.22)	Lr 1.000e-03 (1.000e-03)
2025-12-06 07:53:55,309 - INFO: Round 5, Fine-tune Epoch 2: loss=0.0236, acc(pseudo)=99.21%
2025-12-06 07:59:03,527 - INFO: Round 5, Fine-tune Epoch 2: acc(valid): 0.9050
2025-12-06 07:59:03,527 - INFO: Round 5, Fine-tune Epoch 2: No improvement in validation accuracy. Patience(epoch): 1/5
2025-12-06 07:59:04,243 - INFO: Epoch: [3][  0/107]	Time  0.710 ( 0.710)	Loss 8.3595e-04 (8.3595e-04)	Acc pseudo 100.00 (100.00)	Lr 1.000e-03 (1.000e-03)
2025-12-06 07:59:13,210 - INFO: Epoch: [3][ 50/107]	Time  0.193 ( 0.189)	Loss 8.2171e-03 (3.6716e-02)	Acc pseudo 100.00 ( 98.81)	Lr 1.000e-03 (1.000e-03)
2025-12-06 07:59:21,687 - INFO: Epoch: [3][100/107]	Time  0.195 ( 0.179)	Loss 1.2431e-02 (2.6633e-02)	Acc pseudo 100.00 ( 99.07)	Lr 1.000e-03 (1.000e-03)
2025-12-06 07:59:22,987 - INFO: Round 5, Fine-tune Epoch 3: loss=0.0262, acc(pseudo)=99.09%
2025-12-06 08:04:32,754 - INFO: Round 5, Fine-tune Epoch 3: acc(valid): 0.9050
2025-12-06 08:04:32,754 - INFO: Round 5, Fine-tune Epoch 3: No improvement in validation accuracy. Patience(epoch): 2/5
2025-12-06 08:04:33,508 - INFO: Epoch: [4][  0/107]	Time  0.747 ( 0.747)	Loss 1.8440e-04 (1.8440e-04)	Acc pseudo 100.00 (100.00)	Lr 1.000e-03 (1.000e-03)
2025-12-06 08:04:42,373 - INFO: Epoch: [4][ 50/107]	Time  0.176 ( 0.188)	Loss 5.3579e-05 (1.2197e-02)	Acc pseudo 100.00 ( 99.63)	Lr 1.000e-03 (1.000e-03)
2025-12-06 08:04:50,838 - INFO: Epoch: [4][100/107]	Time  0.187 ( 0.178)	Loss 6.2968e-03 (1.4901e-02)	Acc pseudo 100.00 ( 99.60)	Lr 1.000e-03 (1.000e-03)
2025-12-06 08:04:52,129 - INFO: Round 5, Fine-tune Epoch 4: loss=0.0155, acc(pseudo)=99.58%
2025-12-06 08:10:12,678 - INFO: Round 5, Fine-tune Epoch 4: acc(valid): 0.9075
2025-12-06 08:10:12,678 - INFO: Round 5, Fine-tune Epoch 4: No improvement in validation accuracy. Patience(epoch): 3/5
2025-12-06 08:10:13,376 - INFO: Epoch: [5][  0/107]	Time  0.693 ( 0.693)	Loss 1.4237e-02 (1.4237e-02)	Acc pseudo 100.00 (100.00)	Lr 1.000e-03 (1.000e-03)
2025-12-06 08:10:21,850 - INFO: Epoch: [5][ 50/107]	Time  0.178 ( 0.179)	Loss 9.5409e-02 (1.4143e-02)	Acc pseudo  96.88 ( 99.63)	Lr 1.000e-03 (1.000e-03)
2025-12-06 08:10:30,450 - INFO: Epoch: [5][100/107]	Time  0.204 ( 0.175)	Loss 1.9097e-04 (1.1328e-02)	Acc pseudo 100.00 ( 99.67)	Lr 1.000e-03 (1.000e-03)
2025-12-06 08:10:31,786 - INFO: Round 5, Fine-tune Epoch 5: loss=0.0117, acc(pseudo)=99.63%
2025-12-06 08:15:45,927 - INFO: Round 5, Fine-tune Epoch 5: acc(valid): 0.9050
2025-12-06 08:15:45,927 - INFO: Round 5, Fine-tune Epoch 5: No improvement in validation accuracy. Patience(epoch): 4/5
2025-12-06 08:15:46,686 - INFO: Epoch: [6][  0/107]	Time  0.752 ( 0.752)	Loss 2.5050e-02 (2.5050e-02)	Acc pseudo  98.44 ( 98.44)	Lr 1.000e-03 (1.000e-03)
2025-12-06 08:15:55,328 - INFO: Epoch: [6][ 50/107]	Time  0.148 ( 0.183)	Loss 3.7125e-02 (1.7027e-02)	Acc pseudo  98.44 ( 99.38)	Lr 1.000e-03 (1.000e-03)
2025-12-06 08:16:03,883 - INFO: Epoch: [6][100/107]	Time  0.202 ( 0.177)	Loss 5.1122e-02 (2.1809e-02)	Acc pseudo  96.88 ( 99.27)	Lr 1.000e-03 (1.000e-03)
2025-12-06 08:16:05,091 - INFO: Round 5, Fine-tune Epoch 6: loss=0.0209, acc(pseudo)=99.30%
2025-12-06 08:21:23,910 - INFO: Round 5, Fine-tune Epoch 6: acc(valid): 0.9075
2025-12-06 08:21:23,910 - INFO: Round 5, Fine-tune Epoch 6: No improvement in validation accuracy. Patience(epoch): 5/5
2025-12-06 08:21:23,910 - INFO: Early stopping at epoch 6 due to no improvement in validation accuracy for 5 epochs.
2025-12-06 08:21:23,912 - INFO: Round 5: Best fine-tuned epoch=1, acc(valid)=0.9075
2025-12-06 08:21:23,947 - INFO: Using HMM model from previous round: runs/the big bang theory/exp_video/result/self_supervised/exp3/round4/pseudo_label/hmm_params.pkl
2025-12-06 08:58:21,496 - INFO: Round 5: acc(valid)=0.9075, acc(test)=0.8994
2025-12-06 08:58:21,497 - INFO: No improvement. Patience(round): 5/5
2025-12-06 08:58:21,500 - INFO: Early stopping triggered at round 0.
2025-12-06 08:58:21,501 - INFO: ====================
2025-12-06 08:58:21,501 - INFO: Self-supervised fine-tuning completed!
2025-12-06 08:58:21,501 - INFO: Initial: acc(valid)=0.9000, acc(test)=0.9162
2025-12-06 08:58:21,501 - INFO: Best acc(valid) at round 0: acc(valid)=0.9150, acc(test)=0.9200
2025-12-06 08:58:21,501 - INFO: Improvement for acc(valid): 0.0150 (1.67%)
2025-12-06 08:58:21,501 - INFO: Improvement for acc(test): 0.0038 (0.41%)
2025-12-06 08:58:21,501 - INFO: ====================
