2025-12-20 20:06:59,584 - INFO: Starting self-supervised fine-tuning pipeline
2025-12-20 20:06:59,585 - INFO: Device: cuda:0
2025-12-20 20:06:59,588 - INFO: Saved arguments to runs/the big bang theory/exp_video/result/self_supervised/exp2/args.json
2025-12-20 20:06:59,588 - INFO: ====================
2025-12-20 20:06:59,588 - INFO: Initialization: Initial clustering with HMM correction
2025-12-20 20:06:59,588 - INFO: ====================
2025-12-20 20:06:59,662 - INFO: Skipping initial clustering, using existing results.
2025-12-20 20:07:17,178 - INFO: Initial: acc(valid)=0.9000, acc(test)=0.9162
2025-12-20 20:07:17,215 - INFO: ====================
2025-12-20 20:07:17,215 - INFO: Round 0: Fine-tuning iteration
2025-12-20 20:07:17,215 - INFO: ====================
2025-12-20 20:07:17,228 - INFO: Round 0 Part 1: Fine-tuning embedding model
2025-12-20 20:07:17,238 - INFO: Using pseudo-label file: runs/the big bang theory/exp_video/result/self_supervised/exp2/initial/pseudo_label/pseudo_labels_audio_nested_hmm_full(unreliable_pp=5.0).json
2025-12-20 20:07:20,580 - INFO: Embedding dimension: 512
2025-12-20 20:07:21,168 - INFO: Saved config_model to runs/the big bang theory/exp_video/result/self_supervised/exp2/round0/config_model.json
2025-12-20 20:09:00,206 - INFO: Extracting hidden features for all samples,which are outputs of StatsPool layer...
2025-12-20 20:09:00,206 - INFO: args.unfrozen_layers_num=2 is not used when extracting hidden features.
2025-12-20 20:12:43,720 - INFO: Hidden features extracted for 6829 samples
2025-12-20 20:12:43,782 - INFO: Warmup training classifier for 2 epochs...
2025-12-20 20:12:44,480 - INFO: Epoch: [0][  0/107]	Time  0.695 ( 0.695)	Loss 2.4801e+00 (2.4801e+00)	Acc pseudo   6.25 (  6.25)	Lr 1.000e-03 (1.000e-03)
2025-12-20 20:12:44,651 - INFO: Epoch: [0][ 50/107]	Time  0.007 ( 0.017)	Loss 8.2399e-01 (1.2069e+00)	Acc pseudo  85.94 ( 77.94)	Lr 1.000e-03 (1.000e-03)
2025-12-20 20:12:44,806 - INFO: Epoch: [0][100/107]	Time  0.002 ( 0.010)	Loss 6.1822e-01 (8.6168e-01)	Acc pseudo  92.19 ( 84.93)	Lr 1.000e-03 (1.000e-03)
2025-12-20 20:12:44,868 - INFO: Round 0, Warmup Epoch 0: loss=0.8424, acc(pseudo)=85.22%
2025-12-20 20:12:45,028 - INFO: Epoch: [1][  0/107]	Time  0.154 ( 0.154)	Loss 4.9842e-01 (4.9842e-01)	Acc pseudo  93.75 ( 93.75)	Lr 1.000e-03 (1.000e-03)
2025-12-20 20:12:45,176 - INFO: Epoch: [1][ 50/107]	Time  0.003 ( 0.006)	Loss 3.2509e-01 (3.9057e-01)	Acc pseudo  90.62 ( 92.65)	Lr 1.000e-03 (1.000e-03)
2025-12-20 20:12:45,317 - INFO: Epoch: [1][100/107]	Time  0.002 ( 0.004)	Loss 3.2438e-01 (3.6539e-01)	Acc pseudo  89.06 ( 93.04)	Lr 1.000e-03 (1.000e-03)
2025-12-20 20:12:45,388 - INFO: Round 0, Warmup Epoch 1: loss=0.3661, acc(pseudo)=93.03%
2025-12-20 20:12:45,422 - INFO: Fine-tuning embedding model for 20 epochs...
2025-12-20 20:12:46,544 - INFO: Epoch: [0][  0/107]	Time  1.116 ( 1.116)	Loss 3.2925e-01 (3.2925e-01)	Acc pseudo  93.75 ( 93.75)	Lr 1.000e-03 (1.000e-03)
2025-12-20 20:12:46,719 - INFO: Epoch: [0][ 50/107]	Time  0.003 ( 0.025)	Loss 4.6008e-01 (5.2186e-01)	Acc pseudo  87.50 ( 89.74)	Lr 1.000e-03 (1.000e-03)
2025-12-20 20:12:46,880 - INFO: Epoch: [0][100/107]	Time  0.002 ( 0.014)	Loss 1.8281e-01 (4.7913e-01)	Acc pseudo  98.44 ( 90.24)	Lr 1.000e-03 (1.000e-03)
2025-12-20 20:12:46,977 - INFO: Round 0, Fine-tune Epoch 0: loss=0.4711, acc(pseudo)=90.32%
2025-12-20 20:12:57,362 - INFO: Round 0, Fine-tune Epoch 0: acc(valid_pseudo): 0.8803, acc(valid): 0.8475
2025-12-20 20:12:57,848 - INFO: Epoch: [1][  0/107]	Time  0.205 ( 0.205)	Loss 2.2221e-01 (2.2221e-01)	Acc pseudo  93.75 ( 93.75)	Lr 1.000e-03 (1.000e-03)
2025-12-20 20:12:58,055 - INFO: Epoch: [1][ 50/107]	Time  0.003 ( 0.008)	Loss 5.2685e-01 (3.4097e-01)	Acc pseudo  85.94 ( 92.40)	Lr 1.000e-03 (1.000e-03)
2025-12-20 20:12:58,225 - INFO: Epoch: [1][100/107]	Time  0.002 ( 0.006)	Loss 9.8334e-02 (3.2677e-01)	Acc pseudo  96.88 ( 92.70)	Lr 1.000e-03 (1.000e-03)
2025-12-20 20:12:58,330 - INFO: Round 0, Fine-tune Epoch 1: loss=0.3250, acc(pseudo)=92.81%
2025-12-20 20:13:09,788 - INFO: Round 0, Fine-tune Epoch 1: acc(valid_pseudo): 0.9741, acc(valid): 0.8650
2025-12-20 20:13:10,271 - INFO: Epoch: [2][  0/107]	Time  0.189 ( 0.189)	Loss 1.9160e-01 (1.9160e-01)	Acc pseudo  93.75 ( 93.75)	Lr 1.000e-03 (1.000e-03)
2025-12-20 20:13:10,478 - INFO: Epoch: [2][ 50/107]	Time  0.004 ( 0.008)	Loss 1.2780e-01 (2.7689e-01)	Acc pseudo  98.44 ( 93.84)	Lr 1.000e-03 (1.000e-03)
2025-12-20 20:13:10,665 - INFO: Epoch: [2][100/107]	Time  0.002 ( 0.006)	Loss 1.5568e-01 (2.6475e-01)	Acc pseudo  95.31 ( 93.83)	Lr 1.000e-03 (1.000e-03)
2025-12-20 20:13:10,764 - INFO: Round 0, Fine-tune Epoch 2: loss=0.2672, acc(pseudo)=93.92%
2025-12-20 20:13:24,349 - INFO: Round 0, Fine-tune Epoch 2: acc(valid_pseudo): 0.9757, acc(valid): 0.8875
2025-12-20 20:13:24,882 - INFO: Epoch: [3][  0/107]	Time  0.214 ( 0.214)	Loss 4.2735e-01 (4.2735e-01)	Acc pseudo  89.06 ( 89.06)	Lr 1.000e-03 (1.000e-03)
2025-12-20 20:13:25,098 - INFO: Epoch: [3][ 50/107]	Time  0.003 ( 0.008)	Loss 2.5664e-01 (2.2833e-01)	Acc pseudo  92.19 ( 94.58)	Lr 1.000e-03 (1.000e-03)
2025-12-20 20:13:25,263 - INFO: Epoch: [3][100/107]	Time  0.002 ( 0.006)	Loss 1.2246e-01 (2.3772e-01)	Acc pseudo  96.88 ( 94.45)	Lr 1.000e-03 (1.000e-03)
2025-12-20 20:13:25,370 - INFO: Round 0, Fine-tune Epoch 3: loss=0.2349, acc(pseudo)=94.52%
2025-12-20 20:13:35,393 - INFO: Round 0, Fine-tune Epoch 3: acc(valid_pseudo): 0.9866, acc(valid): 0.8650
2025-12-20 20:13:36,132 - INFO: Epoch: [4][  0/107]	Time  0.191 ( 0.191)	Loss 3.6168e-01 (3.6168e-01)	Acc pseudo  90.62 ( 90.62)	Lr 1.000e-03 (1.000e-03)
2025-12-20 20:13:36,321 - INFO: Epoch: [4][ 50/107]	Time  0.003 ( 0.007)	Loss 2.0092e-01 (2.1713e-01)	Acc pseudo  96.88 ( 94.15)	Lr 1.000e-03 (1.000e-03)
2025-12-20 20:13:36,489 - INFO: Epoch: [4][100/107]	Time  0.002 ( 0.005)	Loss 2.0796e-01 (2.1477e-01)	Acc pseudo  95.31 ( 94.65)	Lr 1.000e-03 (1.000e-03)
2025-12-20 20:13:36,595 - INFO: Round 0, Fine-tune Epoch 4: loss=0.2134, acc(pseudo)=94.60%
2025-12-20 20:13:47,719 - INFO: Round 0, Fine-tune Epoch 4: acc(valid_pseudo): 0.9891, acc(valid): 0.8925
2025-12-20 20:13:48,266 - INFO: Epoch: [5][  0/107]	Time  0.212 ( 0.212)	Loss 1.4428e-01 (1.4428e-01)	Acc pseudo  92.19 ( 92.19)	Lr 1.000e-03 (1.000e-03)
2025-12-20 20:13:48,537 - INFO: Epoch: [5][ 50/107]	Time  0.005 ( 0.009)	Loss 1.3023e-01 (1.6499e-01)	Acc pseudo  95.31 ( 95.47)	Lr 1.000e-03 (1.000e-03)
2025-12-20 20:13:48,784 - INFO: Epoch: [5][100/107]	Time  0.004 ( 0.007)	Loss 2.5896e-01 (1.7346e-01)	Acc pseudo  90.62 ( 95.48)	Lr 1.000e-03 (1.000e-03)
2025-12-20 20:13:48,867 - INFO: Round 0, Fine-tune Epoch 5: loss=0.1757, acc(pseudo)=95.40%
2025-12-20 20:13:59,554 - INFO: Round 0, Fine-tune Epoch 5: acc(valid_pseudo): 0.9791, acc(valid): 0.8375
2025-12-20 20:13:59,556 - INFO: Round 0, Fine-tune Epoch 5: No improvement in validation accuracy. Patience(epoch): 1/3
2025-12-20 20:13:59,770 - INFO: Epoch: [6][  0/107]	Time  0.208 ( 0.208)	Loss 1.3561e-01 (1.3561e-01)	Acc pseudo  95.31 ( 95.31)	Lr 1.000e-03 (1.000e-03)
2025-12-20 20:13:59,949 - INFO: Epoch: [6][ 50/107]	Time  0.003 ( 0.007)	Loss 8.5404e-02 (1.5637e-01)	Acc pseudo  98.44 ( 95.71)	Lr 1.000e-03 (1.000e-03)
2025-12-20 20:14:00,110 - INFO: Epoch: [6][100/107]	Time  0.002 ( 0.005)	Loss 8.0213e-02 (1.6676e-01)	Acc pseudo  98.44 ( 95.48)	Lr 1.000e-03 (1.000e-03)
2025-12-20 20:14:00,211 - INFO: Round 0, Fine-tune Epoch 6: loss=0.1705, acc(pseudo)=95.40%
2025-12-20 20:14:11,862 - INFO: Round 0, Fine-tune Epoch 6: acc(valid_pseudo): 0.9506, acc(valid): 0.8375
2025-12-20 20:14:11,862 - INFO: Round 0, Fine-tune Epoch 6: No improvement in validation accuracy. Patience(epoch): 2/3
2025-12-20 20:14:12,058 - INFO: Epoch: [7][  0/107]	Time  0.190 ( 0.190)	Loss 1.3978e-01 (1.3978e-01)	Acc pseudo  93.75 ( 93.75)	Lr 1.000e-03 (1.000e-03)
2025-12-20 20:14:12,313 - INFO: Epoch: [7][ 50/107]	Time  0.005 ( 0.009)	Loss 1.0028e-01 (1.6956e-01)	Acc pseudo  96.88 ( 95.25)	Lr 1.000e-03 (1.000e-03)
2025-12-20 20:14:12,504 - INFO: Epoch: [7][100/107]	Time  0.002 ( 0.006)	Loss 6.4659e-02 (1.6576e-01)	Acc pseudo  96.88 ( 95.36)	Lr 1.000e-03 (1.000e-03)
2025-12-20 20:14:12,574 - INFO: Round 0, Fine-tune Epoch 7: loss=0.1673, acc(pseudo)=95.40%
2025-12-20 20:14:22,503 - INFO: Round 0, Fine-tune Epoch 7: acc(valid_pseudo): 0.9741, acc(valid): 0.8800
2025-12-20 20:14:22,503 - INFO: Round 0, Fine-tune Epoch 7: No improvement in validation accuracy. Patience(epoch): 3/3
2025-12-20 20:14:22,504 - INFO: Early stopping at epoch 7 due to no improvement in validation accuracy for 3 epochs.
2025-12-20 20:14:22,505 - INFO: Round 0: Best fine-tuned epoch=4, acc(valid_pseudo)=0.9891
2025-12-20 20:14:22,551 - INFO: Using HMM model from previous round: runs/the big bang theory/exp_video/result/self_supervised/exp2/initial/pseudo_label/hmm_params.pkl
2025-12-20 20:30:36,343 - INFO: Round 0: acc(valid)=0.8975, acc(test)=0.9169
2025-12-20 20:30:36,347 - INFO: ====================
2025-12-20 20:30:36,347 - INFO: Round 1: Fine-tuning iteration
2025-12-20 20:30:36,347 - INFO: ====================
2025-12-20 20:30:36,365 - INFO: Round 1 Part 1: Fine-tuning embedding model
2025-12-20 20:30:36,368 - INFO: Using pseudo-label file: runs/the big bang theory/exp_video/result/self_supervised/exp2/round0/pseudo_label/pseudo_labels_audio_nested_hmm_full(unreliable_pp=5.0).json
2025-12-20 20:30:36,436 - INFO: Fine-tuning embedding model for 20 epochs...
2025-12-20 20:30:36,938 - INFO: Epoch: [0][  0/107]	Time  0.477 ( 0.477)	Loss 3.2818e-01 (3.2818e-01)	Acc pseudo  93.75 ( 93.75)	Lr 1.000e-03 (1.000e-03)
2025-12-20 20:30:37,191 - INFO: Epoch: [0][ 50/107]	Time  0.004 ( 0.014)	Loss 7.7450e-02 (2.3638e-01)	Acc pseudo  98.44 ( 94.85)	Lr 1.000e-03 (1.000e-03)
2025-12-20 20:30:37,424 - INFO: Epoch: [0][100/107]	Time  0.004 ( 0.009)	Loss 1.7654e-01 (2.3850e-01)	Acc pseudo  95.31 ( 94.68)	Lr 1.000e-03 (1.000e-03)
2025-12-20 20:30:37,519 - INFO: Round 1, Fine-tune Epoch 0: loss=0.2385, acc(pseudo)=94.63%
2025-12-20 20:30:50,009 - INFO: Round 1, Fine-tune Epoch 0: acc(valid_pseudo): 0.8661, acc(valid): 0.7450
2025-12-20 20:30:50,795 - INFO: Epoch: [1][  0/107]	Time  0.350 ( 0.350)	Loss 2.4241e-01 (2.4241e-01)	Acc pseudo  93.75 ( 93.75)	Lr 1.000e-03 (1.000e-03)
2025-12-20 20:30:51,026 - INFO: Epoch: [1][ 50/107]	Time  0.005 ( 0.011)	Loss 1.7539e-01 (1.8354e-01)	Acc pseudo  93.75 ( 95.13)	Lr 1.000e-03 (1.000e-03)
2025-12-20 20:30:51,268 - INFO: Epoch: [1][100/107]	Time  0.004 ( 0.008)	Loss 2.7003e-01 (1.9489e-01)	Acc pseudo  92.19 ( 94.99)	Lr 1.000e-03 (1.000e-03)
2025-12-20 20:30:51,384 - INFO: Round 1, Fine-tune Epoch 1: loss=0.1950, acc(pseudo)=94.93%
2025-12-20 20:31:06,515 - INFO: Round 1, Fine-tune Epoch 1: acc(valid_pseudo): 0.8862, acc(valid): 0.8325
2025-12-20 20:31:07,301 - INFO: Epoch: [2][  0/107]	Time  0.344 ( 0.344)	Loss 2.9571e-01 (2.9571e-01)	Acc pseudo  93.75 ( 93.75)	Lr 1.000e-03 (1.000e-03)
2025-12-20 20:31:07,539 - INFO: Epoch: [2][ 50/107]	Time  0.004 ( 0.011)	Loss 2.2541e-01 (1.8606e-01)	Acc pseudo  92.19 ( 95.25)	Lr 1.000e-03 (1.000e-03)
2025-12-20 20:31:07,836 - INFO: Epoch: [2][100/107]	Time  0.005 ( 0.009)	Loss 7.6622e-02 (1.6847e-01)	Acc pseudo  96.88 ( 95.61)	Lr 1.000e-03 (1.000e-03)
2025-12-20 20:31:07,956 - INFO: Round 1, Fine-tune Epoch 2: loss=0.1674, acc(pseudo)=95.56%
2025-12-20 20:31:20,276 - INFO: Round 1, Fine-tune Epoch 2: acc(valid_pseudo): 0.9657, acc(valid): 0.8850
2025-12-20 20:31:21,425 - INFO: Epoch: [3][  0/107]	Time  0.342 ( 0.342)	Loss 7.5667e-02 (7.5667e-02)	Acc pseudo  98.44 ( 98.44)	Lr 1.000e-03 (1.000e-03)
2025-12-20 20:31:21,687 - INFO: Epoch: [3][ 50/107]	Time  0.005 ( 0.012)	Loss 5.8961e-02 (1.3390e-01)	Acc pseudo 100.00 ( 96.91)	Lr 1.000e-03 (1.000e-03)
2025-12-20 20:31:21,936 - INFO: Epoch: [3][100/107]	Time  0.003 ( 0.008)	Loss 2.4803e-01 (1.4643e-01)	Acc pseudo  95.31 ( 96.23)	Lr 1.000e-03 (1.000e-03)
2025-12-20 20:31:22,060 - INFO: Round 1, Fine-tune Epoch 3: loss=0.1445, acc(pseudo)=96.22%
2025-12-20 20:31:33,602 - INFO: Round 1, Fine-tune Epoch 3: acc(valid_pseudo): 0.9900, acc(valid): 0.8725
2025-12-20 20:31:34,115 - INFO: Epoch: [4][  0/107]	Time  0.205 ( 0.205)	Loss 6.9255e-02 (6.9255e-02)	Acc pseudo  98.44 ( 98.44)	Lr 1.000e-03 (1.000e-03)
2025-12-20 20:31:34,315 - INFO: Epoch: [4][ 50/107]	Time  0.003 ( 0.008)	Loss 4.8228e-02 (1.6180e-01)	Acc pseudo 100.00 ( 95.53)	Lr 1.000e-03 (1.000e-03)
2025-12-20 20:31:34,511 - INFO: Epoch: [4][100/107]	Time  0.002 ( 0.006)	Loss 1.7728e-01 (1.6091e-01)	Acc pseudo  93.75 ( 95.61)	Lr 1.000e-03 (1.000e-03)
2025-12-20 20:31:34,620 - INFO: Round 1, Fine-tune Epoch 4: loss=0.1602, acc(pseudo)=95.67%
2025-12-20 20:31:48,627 - INFO: Round 1, Fine-tune Epoch 4: acc(valid_pseudo): 0.7088, acc(valid): 0.6400
2025-12-20 20:31:48,627 - INFO: Round 1, Fine-tune Epoch 4: No improvement in validation accuracy. Patience(epoch): 1/3
2025-12-20 20:31:48,627 - INFO: Early stopping at epoch 4 due to significant drop in pseudo-label validation accuracy: 0.9900 -> 0.7088.
2025-12-20 20:31:48,629 - INFO: Round 1: Best fine-tuned epoch=3, acc(valid_pseudo)=0.9900
2025-12-20 20:31:48,650 - INFO: Using HMM model from previous round: runs/the big bang theory/exp_video/result/self_supervised/exp2/round0/pseudo_label/hmm_params.pkl
2025-12-20 20:39:30,679 - INFO: Round 1: acc(valid)=0.8950, acc(test)=0.9156
2025-12-20 20:39:30,683 - INFO: ====================
2025-12-20 20:39:30,683 - INFO: Round 2: Fine-tuning iteration
2025-12-20 20:39:30,683 - INFO: ====================
2025-12-20 20:39:30,691 - INFO: Round 2 Part 1: Fine-tuning embedding model
2025-12-20 20:39:30,698 - INFO: Using pseudo-label file: runs/the big bang theory/exp_video/result/self_supervised/exp2/round1/pseudo_label/pseudo_labels_audio_nested_hmm_full(unreliable_pp=5.0).json
2025-12-20 20:39:30,803 - INFO: Fine-tuning embedding model for 20 epochs...
2025-12-20 20:39:31,223 - INFO: Epoch: [0][  0/107]	Time  0.412 ( 0.412)	Loss 4.0256e-01 (4.0256e-01)	Acc pseudo  87.50 ( 87.50)	Lr 1.000e-03 (1.000e-03)
2025-12-20 20:39:31,466 - INFO: Epoch: [0][ 50/107]	Time  0.004 ( 0.013)	Loss 9.4557e-02 (1.6063e-01)	Acc pseudo  98.44 ( 95.86)	Lr 1.000e-03 (1.000e-03)
2025-12-20 20:39:31,654 - INFO: Epoch: [0][100/107]	Time  0.002 ( 0.008)	Loss 1.0842e-01 (1.7614e-01)	Acc pseudo  96.88 ( 96.10)	Lr 1.000e-03 (1.000e-03)
2025-12-20 20:39:31,762 - INFO: Round 2, Fine-tune Epoch 0: loss=0.1740, acc(pseudo)=96.12%
2025-12-20 20:39:42,359 - INFO: Round 2, Fine-tune Epoch 0: acc(valid_pseudo): 0.9891, acc(valid): 0.8900
2025-12-20 20:39:43,183 - INFO: Epoch: [1][  0/107]	Time  0.369 ( 0.369)	Loss 1.6638e-01 (1.6638e-01)	Acc pseudo  96.88 ( 96.88)	Lr 1.000e-03 (1.000e-03)
2025-12-20 20:39:43,430 - INFO: Epoch: [1][ 50/107]	Time  0.005 ( 0.012)	Loss 8.1093e-02 (1.1809e-01)	Acc pseudo  95.31 ( 96.88)	Lr 1.000e-03 (1.000e-03)
2025-12-20 20:39:43,642 - INFO: Epoch: [1][100/107]	Time  0.003 ( 0.008)	Loss 1.2600e-01 (1.2373e-01)	Acc pseudo  95.31 ( 96.61)	Lr 1.000e-03 (1.000e-03)
2025-12-20 20:39:43,738 - INFO: Round 2, Fine-tune Epoch 1: loss=0.1252, acc(pseudo)=96.54%
2025-12-20 20:39:54,292 - INFO: Round 2, Fine-tune Epoch 1: acc(valid_pseudo): 0.9674, acc(valid): 0.8300
2025-12-20 20:39:54,292 - INFO: Round 2, Fine-tune Epoch 1: No improvement in validation accuracy. Patience(epoch): 1/3
2025-12-20 20:39:54,488 - INFO: Epoch: [2][  0/107]	Time  0.189 ( 0.189)	Loss 1.3977e-01 (1.3977e-01)	Acc pseudo  95.31 ( 95.31)	Lr 1.000e-03 (1.000e-03)
2025-12-20 20:39:54,713 - INFO: Epoch: [2][ 50/107]	Time  0.004 ( 0.008)	Loss 1.3166e-01 (1.0871e-01)	Acc pseudo  93.75 ( 96.91)	Lr 1.000e-03 (1.000e-03)
2025-12-20 20:39:54,905 - INFO: Epoch: [2][100/107]	Time  0.003 ( 0.006)	Loss 6.6621e-03 (1.0229e-01)	Acc pseudo 100.00 ( 97.06)	Lr 1.000e-03 (1.000e-03)
2025-12-20 20:39:54,994 - INFO: Round 2, Fine-tune Epoch 2: loss=0.1037, acc(pseudo)=97.03%
2025-12-20 20:40:04,952 - INFO: Round 2, Fine-tune Epoch 2: acc(valid_pseudo): 0.9540, acc(valid): 0.8525
2025-12-20 20:40:04,952 - INFO: Round 2, Fine-tune Epoch 2: No improvement in validation accuracy. Patience(epoch): 2/3
2025-12-20 20:40:05,307 - INFO: Epoch: [3][  0/107]	Time  0.346 ( 0.346)	Loss 7.3892e-03 (7.3892e-03)	Acc pseudo 100.00 (100.00)	Lr 1.000e-03 (1.000e-03)
2025-12-20 20:40:05,573 - INFO: Epoch: [3][ 50/107]	Time  0.005 ( 0.012)	Loss 5.8636e-02 (1.3433e-01)	Acc pseudo  98.44 ( 96.32)	Lr 1.000e-03 (1.000e-03)
2025-12-20 20:40:05,803 - INFO: Epoch: [3][100/107]	Time  0.004 ( 0.008)	Loss 8.8583e-02 (1.1617e-01)	Acc pseudo  96.88 ( 96.66)	Lr 1.000e-03 (1.000e-03)
2025-12-20 20:40:05,924 - INFO: Round 2, Fine-tune Epoch 3: loss=0.1149, acc(pseudo)=96.65%
2025-12-20 20:40:17,734 - INFO: Round 2, Fine-tune Epoch 3: acc(valid_pseudo): 0.9732, acc(valid): 0.8900
2025-12-20 20:40:17,734 - INFO: Round 2, Fine-tune Epoch 3: No improvement in validation accuracy. Patience(epoch): 3/3
2025-12-20 20:40:17,734 - INFO: Early stopping at epoch 3 due to no improvement in validation accuracy for 3 epochs.
2025-12-20 20:40:17,736 - INFO: Round 2: Best fine-tuned epoch=0, acc(valid_pseudo)=0.9891
2025-12-20 20:40:17,758 - INFO: Using HMM model from previous round: runs/the big bang theory/exp_video/result/self_supervised/exp2/round1/pseudo_label/hmm_params.pkl
2025-12-20 20:48:41,239 - INFO: Round 2: acc(valid)=0.9000, acc(test)=0.9175
2025-12-20 20:48:41,242 - INFO: ====================
2025-12-20 20:48:41,242 - INFO: Round 3: Fine-tuning iteration
2025-12-20 20:48:41,242 - INFO: ====================
2025-12-20 20:48:41,259 - INFO: Round 3 Part 1: Fine-tuning embedding model
2025-12-20 20:48:41,261 - INFO: Using pseudo-label file: runs/the big bang theory/exp_video/result/self_supervised/exp2/round2/pseudo_label/pseudo_labels_audio_nested_hmm_full(unreliable_pp=5.0).json
2025-12-20 20:48:41,355 - INFO: Fine-tuning embedding model for 20 epochs...
2025-12-20 20:48:41,568 - INFO: Epoch: [0][  0/107]	Time  0.209 ( 0.209)	Loss 1.3188e-01 (1.3188e-01)	Acc pseudo  93.75 ( 93.75)	Lr 1.000e-03 (1.000e-03)
2025-12-20 20:48:41,775 - INFO: Epoch: [0][ 50/107]	Time  0.005 ( 0.008)	Loss 6.7321e-02 (1.4394e-01)	Acc pseudo  98.44 ( 96.78)	Lr 1.000e-03 (1.000e-03)
2025-12-20 20:48:41,968 - INFO: Epoch: [0][100/107]	Time  0.003 ( 0.006)	Loss 1.2038e-01 (1.6416e-01)	Acc pseudo  95.31 ( 96.74)	Lr 1.000e-03 (1.000e-03)
2025-12-20 20:48:42,083 - INFO: Round 3, Fine-tune Epoch 0: loss=0.1703, acc(pseudo)=96.72%
2025-12-20 20:48:52,226 - INFO: Round 3, Fine-tune Epoch 0: acc(valid_pseudo): 0.9741, acc(valid): 0.8900
2025-12-20 20:48:52,754 - INFO: Epoch: [1][  0/107]	Time  0.218 ( 0.218)	Loss 2.7211e-01 (2.7211e-01)	Acc pseudo  96.88 ( 96.88)	Lr 1.000e-03 (1.000e-03)
2025-12-20 20:48:52,974 - INFO: Epoch: [1][ 50/107]	Time  0.004 ( 0.008)	Loss 1.1674e-01 (1.0019e-01)	Acc pseudo  96.88 ( 97.27)	Lr 1.000e-03 (1.000e-03)
2025-12-20 20:48:53,167 - INFO: Epoch: [1][100/107]	Time  0.003 ( 0.006)	Loss 1.9962e-01 (1.0269e-01)	Acc pseudo  93.75 ( 97.22)	Lr 1.000e-03 (1.000e-03)
2025-12-20 20:48:53,243 - INFO: Round 3, Fine-tune Epoch 1: loss=0.1013, acc(pseudo)=97.23%
2025-12-20 20:49:04,292 - INFO: Round 3, Fine-tune Epoch 1: acc(valid_pseudo): 0.9908, acc(valid): 0.8925
2025-12-20 20:49:05,102 - INFO: Epoch: [2][  0/107]	Time  0.235 ( 0.235)	Loss 2.8660e-01 (2.8660e-01)	Acc pseudo  96.88 ( 96.88)	Lr 1.000e-03 (1.000e-03)
2025-12-20 20:49:05,297 - INFO: Epoch: [2][ 50/107]	Time  0.004 ( 0.008)	Loss 1.0443e-01 (1.0102e-01)	Acc pseudo  95.31 ( 97.37)	Lr 1.000e-03 (1.000e-03)
2025-12-20 20:49:05,478 - INFO: Epoch: [2][100/107]	Time  0.002 ( 0.006)	Loss 5.5638e-03 (9.2569e-02)	Acc pseudo 100.00 ( 97.49)	Lr 1.000e-03 (1.000e-03)
2025-12-20 20:49:05,553 - INFO: Round 3, Fine-tune Epoch 2: loss=0.0982, acc(pseudo)=97.41%
2025-12-20 20:49:15,016 - INFO: Round 3, Fine-tune Epoch 2: acc(valid_pseudo): 0.9975, acc(valid): 0.8975
2025-12-20 20:49:15,563 - INFO: Epoch: [3][  0/107]	Time  0.237 ( 0.237)	Loss 9.3007e-02 (9.3007e-02)	Acc pseudo  98.44 ( 98.44)	Lr 1.000e-03 (1.000e-03)
2025-12-20 20:49:15,787 - INFO: Epoch: [3][ 50/107]	Time  0.004 ( 0.009)	Loss 5.3638e-02 (8.8170e-02)	Acc pseudo  96.88 ( 97.58)	Lr 1.000e-03 (1.000e-03)
2025-12-20 20:49:15,994 - INFO: Epoch: [3][100/107]	Time  0.003 ( 0.006)	Loss 9.2782e-02 (9.8016e-02)	Acc pseudo  93.75 ( 97.06)	Lr 1.000e-03 (1.000e-03)
2025-12-20 20:49:16,065 - INFO: Round 3, Fine-tune Epoch 3: loss=0.0966, acc(pseudo)=97.06%
2025-12-20 20:49:26,569 - INFO: Round 3, Fine-tune Epoch 3: acc(valid_pseudo): 0.9757, acc(valid): 0.8950
2025-12-20 20:49:26,569 - INFO: Round 3, Fine-tune Epoch 3: No improvement in validation accuracy. Patience(epoch): 1/3
2025-12-20 20:49:26,769 - INFO: Epoch: [4][  0/107]	Time  0.193 ( 0.193)	Loss 1.9238e-01 (1.9238e-01)	Acc pseudo  95.31 ( 95.31)	Lr 1.000e-03 (1.000e-03)
2025-12-20 20:49:26,963 - INFO: Epoch: [4][ 50/107]	Time  0.004 ( 0.007)	Loss 7.5137e-02 (1.2897e-01)	Acc pseudo  98.44 ( 96.32)	Lr 1.000e-03 (1.000e-03)
2025-12-20 20:49:27,132 - INFO: Epoch: [4][100/107]	Time  0.002 ( 0.005)	Loss 9.8882e-02 (1.2636e-01)	Acc pseudo  96.88 ( 96.33)	Lr 1.000e-03 (1.000e-03)
2025-12-20 20:49:27,226 - INFO: Round 3, Fine-tune Epoch 4: loss=0.1258, acc(pseudo)=96.34%
2025-12-20 20:49:37,271 - INFO: Round 3, Fine-tune Epoch 4: acc(valid_pseudo): 0.9858, acc(valid): 0.8850
2025-12-20 20:49:37,271 - INFO: Round 3, Fine-tune Epoch 4: No improvement in validation accuracy. Patience(epoch): 2/3
2025-12-20 20:49:37,462 - INFO: Epoch: [5][  0/107]	Time  0.185 ( 0.185)	Loss 3.5834e-02 (3.5834e-02)	Acc pseudo  98.44 ( 98.44)	Lr 1.000e-03 (1.000e-03)
2025-12-20 20:49:37,651 - INFO: Epoch: [5][ 50/107]	Time  0.003 ( 0.007)	Loss 8.4270e-02 (1.1382e-01)	Acc pseudo  96.88 ( 96.75)	Lr 1.000e-03 (1.000e-03)
2025-12-20 20:49:37,809 - INFO: Epoch: [5][100/107]	Time  0.002 ( 0.005)	Loss 1.1167e-02 (1.2417e-01)	Acc pseudo 100.00 ( 96.50)	Lr 1.000e-03 (1.000e-03)
2025-12-20 20:49:37,885 - INFO: Round 3, Fine-tune Epoch 5: loss=0.1287, acc(pseudo)=96.44%
2025-12-20 20:49:47,494 - INFO: Round 3, Fine-tune Epoch 5: acc(valid_pseudo): 0.9766, acc(valid): 0.8775
2025-12-20 20:49:47,494 - INFO: Round 3, Fine-tune Epoch 5: No improvement in validation accuracy. Patience(epoch): 3/3
2025-12-20 20:49:47,494 - INFO: Early stopping at epoch 5 due to no improvement in validation accuracy for 3 epochs.
2025-12-20 20:49:47,496 - INFO: Round 3: Best fine-tuned epoch=2, acc(valid_pseudo)=0.9975
2025-12-20 20:49:47,521 - INFO: Using HMM model from previous round: runs/the big bang theory/exp_video/result/self_supervised/exp2/round2/pseudo_label/hmm_params.pkl
2025-12-20 20:56:15,633 - INFO: Round 3: acc(valid)=0.8975, acc(test)=0.9175
2025-12-20 20:56:15,636 - INFO: ====================
2025-12-20 20:56:15,636 - INFO: Round 4: Fine-tuning iteration
2025-12-20 20:56:15,636 - INFO: ====================
2025-12-20 20:56:15,644 - INFO: Round 4 Part 1: Fine-tuning embedding model
2025-12-20 20:56:15,647 - INFO: Using pseudo-label file: runs/the big bang theory/exp_video/result/self_supervised/exp2/round3/pseudo_label/pseudo_labels_audio_nested_hmm_full(unreliable_pp=5.0).json
2025-12-20 20:56:15,727 - INFO: Fine-tuning embedding model for 20 epochs...
2025-12-20 20:56:15,918 - INFO: Epoch: [0][  0/107]	Time  0.187 ( 0.187)	Loss 4.5276e-01 (4.5276e-01)	Acc pseudo  95.31 ( 95.31)	Lr 1.000e-03 (1.000e-03)
2025-12-20 20:56:16,127 - INFO: Epoch: [0][ 50/107]	Time  0.004 ( 0.008)	Loss 2.2442e-01 (2.6049e-01)	Acc pseudo  98.44 ( 96.60)	Lr 1.000e-03 (1.000e-03)
2025-12-20 20:56:16,318 - INFO: Epoch: [0][100/107]	Time  0.002 ( 0.006)	Loss 6.3945e-01 (2.3763e-01)	Acc pseudo  95.31 ( 96.44)	Lr 1.000e-03 (1.000e-03)
2025-12-20 20:56:16,414 - INFO: Round 4, Fine-tune Epoch 0: loss=0.2374, acc(pseudo)=96.44%
2025-12-20 20:56:28,352 - INFO: Round 4, Fine-tune Epoch 0: acc(valid_pseudo): 0.9674, acc(valid): 0.8475
2025-12-20 20:56:28,846 - INFO: Epoch: [1][  0/107]	Time  0.192 ( 0.192)	Loss 3.0348e-01 (3.0348e-01)	Acc pseudo  93.75 ( 93.75)	Lr 1.000e-03 (1.000e-03)
2025-12-20 20:56:29,034 - INFO: Epoch: [1][ 50/107]	Time  0.003 ( 0.007)	Loss 4.3226e-02 (1.3351e-01)	Acc pseudo 100.00 ( 97.46)	Lr 1.000e-03 (1.000e-03)
2025-12-20 20:56:29,195 - INFO: Epoch: [1][100/107]	Time  0.002 ( 0.005)	Loss 7.9380e-02 (1.4367e-01)	Acc pseudo  96.88 ( 97.11)	Lr 1.000e-03 (1.000e-03)
2025-12-20 20:56:29,302 - INFO: Round 4, Fine-tune Epoch 1: loss=0.1440, acc(pseudo)=97.09%
2025-12-20 20:56:41,295 - INFO: Round 4, Fine-tune Epoch 1: acc(valid_pseudo): 0.9548, acc(valid): 0.8750
2025-12-20 20:56:41,295 - INFO: Round 4, Fine-tune Epoch 1: No improvement in validation accuracy. Patience(epoch): 1/3
2025-12-20 20:56:41,645 - INFO: Epoch: [2][  0/107]	Time  0.342 ( 0.342)	Loss 1.1489e-01 (1.1489e-01)	Acc pseudo  98.44 ( 98.44)	Lr 1.000e-03 (1.000e-03)
2025-12-20 20:56:41,905 - INFO: Epoch: [2][ 50/107]	Time  0.005 ( 0.012)	Loss 2.3538e-01 (1.3307e-01)	Acc pseudo  92.19 ( 97.33)	Lr 1.000e-03 (1.000e-03)
2025-12-20 20:56:42,147 - INFO: Epoch: [2][100/107]	Time  0.004 ( 0.008)	Loss 2.2297e-02 (1.2000e-01)	Acc pseudo  98.44 ( 97.15)	Lr 1.000e-03 (1.000e-03)
2025-12-20 20:56:42,264 - INFO: Round 4, Fine-tune Epoch 2: loss=0.1220, acc(pseudo)=97.17%
2025-12-20 20:56:52,762 - INFO: Round 4, Fine-tune Epoch 2: acc(valid_pseudo): 0.9925, acc(valid): 0.8950
2025-12-20 20:56:53,571 - INFO: Epoch: [3][  0/107]	Time  0.359 ( 0.359)	Loss 4.7744e-02 (4.7744e-02)	Acc pseudo 100.00 (100.00)	Lr 1.000e-03 (1.000e-03)
2025-12-20 20:56:53,769 - INFO: Epoch: [3][ 50/107]	Time  0.003 ( 0.011)	Loss 8.1387e-02 (1.1036e-01)	Acc pseudo  96.88 ( 97.52)	Lr 1.000e-03 (1.000e-03)
2025-12-20 20:56:53,942 - INFO: Epoch: [3][100/107]	Time  0.002 ( 0.007)	Loss 9.8990e-02 (1.1135e-01)	Acc pseudo  96.88 ( 97.28)	Lr 1.000e-03 (1.000e-03)
2025-12-20 20:56:54,035 - INFO: Round 4, Fine-tune Epoch 3: loss=0.1086, acc(pseudo)=97.32%
2025-12-20 20:57:05,671 - INFO: Round 4, Fine-tune Epoch 3: acc(valid_pseudo): 0.9941, acc(valid): 0.9025
2025-12-20 20:57:06,492 - INFO: Epoch: [4][  0/107]	Time  0.353 ( 0.353)	Loss 2.0182e-01 (2.0182e-01)	Acc pseudo  96.88 ( 96.88)	Lr 1.000e-03 (1.000e-03)
2025-12-20 20:57:06,723 - INFO: Epoch: [4][ 50/107]	Time  0.005 ( 0.011)	Loss 3.6865e-02 (1.0221e-01)	Acc pseudo 100.00 ( 97.37)	Lr 1.000e-03 (1.000e-03)
2025-12-20 20:57:06,965 - INFO: Epoch: [4][100/107]	Time  0.003 ( 0.008)	Loss 1.0808e-01 (1.0544e-01)	Acc pseudo  95.31 ( 97.22)	Lr 1.000e-03 (1.000e-03)
2025-12-20 20:57:07,078 - INFO: Round 4, Fine-tune Epoch 4: loss=0.1037, acc(pseudo)=97.32%
2025-12-20 20:57:19,924 - INFO: Round 4, Fine-tune Epoch 4: acc(valid_pseudo): 0.9958, acc(valid): 0.9075
2025-12-20 20:57:20,422 - INFO: Epoch: [5][  0/107]	Time  0.189 ( 0.189)	Loss 6.6201e-03 (6.6201e-03)	Acc pseudo 100.00 (100.00)	Lr 1.000e-03 (1.000e-03)
2025-12-20 20:57:20,596 - INFO: Epoch: [5][ 50/107]	Time  0.003 ( 0.007)	Loss 2.6010e-02 (9.1113e-02)	Acc pseudo 100.00 ( 97.58)	Lr 1.000e-03 (1.000e-03)
2025-12-20 20:57:20,770 - INFO: Epoch: [5][100/107]	Time  0.003 ( 0.005)	Loss 5.4636e-02 (1.0227e-01)	Acc pseudo 100.00 ( 97.34)	Lr 1.000e-03 (1.000e-03)
2025-12-20 20:57:20,830 - INFO: Round 4, Fine-tune Epoch 5: loss=0.1027, acc(pseudo)=97.35%
2025-12-20 20:57:30,871 - INFO: Round 4, Fine-tune Epoch 5: acc(valid_pseudo): 0.9967, acc(valid): 0.8950
2025-12-20 20:57:31,392 - INFO: Epoch: [6][  0/107]	Time  0.202 ( 0.202)	Loss 1.9928e-02 (1.9928e-02)	Acc pseudo 100.00 (100.00)	Lr 1.000e-03 (1.000e-03)
2025-12-20 20:57:31,570 - INFO: Epoch: [6][ 50/107]	Time  0.003 ( 0.007)	Loss 7.5127e-02 (1.0518e-01)	Acc pseudo  98.44 ( 97.52)	Lr 1.000e-03 (1.000e-03)
2025-12-20 20:57:31,723 - INFO: Epoch: [6][100/107]	Time  0.002 ( 0.005)	Loss 8.5172e-02 (1.2705e-01)	Acc pseudo  96.88 ( 96.74)	Lr 1.000e-03 (1.000e-03)
2025-12-20 20:57:31,816 - INFO: Round 4, Fine-tune Epoch 6: loss=0.1286, acc(pseudo)=96.68%
2025-12-20 20:57:42,141 - INFO: Round 4, Fine-tune Epoch 6: acc(valid_pseudo): 0.9925, acc(valid): 0.8950
2025-12-20 20:57:42,141 - INFO: Round 4, Fine-tune Epoch 6: No improvement in validation accuracy. Patience(epoch): 1/3
2025-12-20 20:57:42,339 - INFO: Epoch: [7][  0/107]	Time  0.192 ( 0.192)	Loss 1.0398e-01 (1.0398e-01)	Acc pseudo  96.88 ( 96.88)	Lr 1.000e-03 (1.000e-03)
2025-12-20 20:57:42,543 - INFO: Epoch: [7][ 50/107]	Time  0.004 ( 0.008)	Loss 1.0883e-01 (1.0288e-01)	Acc pseudo  98.44 ( 97.52)	Lr 1.000e-03 (1.000e-03)
2025-12-20 20:57:42,726 - INFO: Epoch: [7][100/107]	Time  0.002 ( 0.006)	Loss 4.3866e-02 (1.0829e-01)	Acc pseudo  98.44 ( 97.32)	Lr 1.000e-03 (1.000e-03)
2025-12-20 20:57:42,845 - INFO: Round 4, Fine-tune Epoch 7: loss=0.1109, acc(pseudo)=97.28%
2025-12-20 20:57:55,573 - INFO: Round 4, Fine-tune Epoch 7: acc(valid_pseudo): 0.9958, acc(valid): 0.8925
2025-12-20 20:57:55,574 - INFO: Round 4, Fine-tune Epoch 7: No improvement in validation accuracy. Patience(epoch): 2/3
2025-12-20 20:57:55,768 - INFO: Epoch: [8][  0/107]	Time  0.188 ( 0.188)	Loss 5.4714e-02 (5.4714e-02)	Acc pseudo  98.44 ( 98.44)	Lr 1.000e-03 (1.000e-03)
2025-12-20 20:57:55,990 - INFO: Epoch: [8][ 50/107]	Time  0.004 ( 0.008)	Loss 1.3693e-02 (1.0030e-01)	Acc pseudo 100.00 ( 97.40)	Lr 1.000e-03 (1.000e-03)
2025-12-20 20:57:56,179 - INFO: Epoch: [8][100/107]	Time  0.002 ( 0.006)	Loss 1.7408e-01 (1.1348e-01)	Acc pseudo  95.31 ( 97.14)	Lr 1.000e-03 (1.000e-03)
2025-12-20 20:57:56,274 - INFO: Round 4, Fine-tune Epoch 8: loss=0.1162, acc(pseudo)=97.09%
2025-12-20 20:58:07,825 - INFO: Round 4, Fine-tune Epoch 8: acc(valid_pseudo): 0.9958, acc(valid): 0.8975
2025-12-20 20:58:07,826 - INFO: Round 4, Fine-tune Epoch 8: No improvement in validation accuracy. Patience(epoch): 3/3
2025-12-20 20:58:07,826 - INFO: Early stopping at epoch 8 due to no improvement in validation accuracy for 3 epochs.
2025-12-20 20:58:07,827 - INFO: Round 4: Best fine-tuned epoch=5, acc(valid_pseudo)=0.9967
2025-12-20 20:58:07,851 - INFO: Using HMM model from previous round: runs/the big bang theory/exp_video/result/self_supervised/exp2/round3/pseudo_label/hmm_params.pkl
2025-12-20 21:02:13,741 - INFO: Round 4: acc(valid)=0.8975, acc(test)=0.9175
2025-12-20 21:02:13,744 - INFO: ====================
2025-12-20 21:02:13,744 - INFO: Round 5: Fine-tuning iteration
2025-12-20 21:02:13,744 - INFO: ====================
2025-12-20 21:02:13,755 - INFO: Round 5 Part 1: Fine-tuning embedding model
2025-12-20 21:02:13,758 - INFO: Using pseudo-label file: runs/the big bang theory/exp_video/result/self_supervised/exp2/round4/pseudo_label/pseudo_labels_audio_nested_hmm_full(unreliable_pp=5.0).json
2025-12-20 21:02:13,849 - INFO: Fine-tuning embedding model for 20 epochs...
2025-12-20 21:02:14,038 - INFO: Epoch: [0][  0/107]	Time  0.184 ( 0.184)	Loss 4.7544e-01 (4.7544e-01)	Acc pseudo  95.31 ( 95.31)	Lr 1.000e-03 (1.000e-03)
2025-12-20 21:02:14,227 - INFO: Epoch: [0][ 50/107]	Time  0.003 ( 0.007)	Loss 4.9403e-02 (1.3421e-01)	Acc pseudo 100.00 ( 97.89)	Lr 1.000e-03 (1.000e-03)
2025-12-20 21:02:14,390 - INFO: Epoch: [0][100/107]	Time  0.002 ( 0.005)	Loss 8.7406e-02 (1.4318e-01)	Acc pseudo  95.31 ( 97.34)	Lr 1.000e-03 (1.000e-03)
2025-12-20 21:02:14,464 - INFO: Round 5, Fine-tune Epoch 0: loss=0.1398, acc(pseudo)=97.39%
2025-12-20 21:02:24,604 - INFO: Round 5, Fine-tune Epoch 0: acc(valid_pseudo): 0.9406, acc(valid): 0.8125
2025-12-20 21:02:25,136 - INFO: Epoch: [1][  0/107]	Time  0.225 ( 0.225)	Loss 1.6437e-01 (1.6437e-01)	Acc pseudo  96.88 ( 96.88)	Lr 1.000e-03 (1.000e-03)
2025-12-20 21:02:25,318 - INFO: Epoch: [1][ 50/107]	Time  0.003 ( 0.008)	Loss 2.5603e-02 (9.9162e-02)	Acc pseudo 100.00 ( 97.43)	Lr 1.000e-03 (1.000e-03)
2025-12-20 21:02:25,481 - INFO: Epoch: [1][100/107]	Time  0.002 ( 0.006)	Loss 1.5730e-01 (1.0412e-01)	Acc pseudo  93.75 ( 97.42)	Lr 1.000e-03 (1.000e-03)
2025-12-20 21:02:25,553 - INFO: Round 5, Fine-tune Epoch 1: loss=0.1028, acc(pseudo)=97.44%
2025-12-20 21:02:39,735 - INFO: Round 5, Fine-tune Epoch 1: acc(valid_pseudo): 0.9950, acc(valid): 0.9025
2025-12-20 21:02:40,343 - INFO: Epoch: [2][  0/107]	Time  0.248 ( 0.248)	Loss 1.1203e-01 (1.1203e-01)	Acc pseudo  96.88 ( 96.88)	Lr 1.000e-03 (1.000e-03)
2025-12-20 21:02:40,577 - INFO: Epoch: [2][ 50/107]	Time  0.004 ( 0.009)	Loss 1.4015e-01 (8.0257e-02)	Acc pseudo  95.31 ( 98.04)	Lr 1.000e-03 (1.000e-03)
2025-12-20 21:02:40,767 - INFO: Epoch: [2][100/107]	Time  0.002 ( 0.007)	Loss 2.9638e-04 (7.4261e-02)	Acc pseudo 100.00 ( 98.13)	Lr 1.000e-03 (1.000e-03)
2025-12-20 21:02:40,846 - INFO: Round 5, Fine-tune Epoch 2: loss=0.0729, acc(pseudo)=98.15%
2025-12-20 21:02:50,731 - INFO: Round 5, Fine-tune Epoch 2: acc(valid_pseudo): 0.9967, acc(valid): 0.8900
2025-12-20 21:02:51,267 - INFO: Epoch: [3][  0/107]	Time  0.219 ( 0.219)	Loss 3.3542e-03 (3.3542e-03)	Acc pseudo 100.00 (100.00)	Lr 1.000e-03 (1.000e-03)
2025-12-20 21:02:51,501 - INFO: Epoch: [3][ 50/107]	Time  0.004 ( 0.009)	Loss 3.7400e-02 (7.2857e-02)	Acc pseudo 100.00 ( 98.19)	Lr 1.000e-03 (1.000e-03)
2025-12-20 21:02:51,707 - INFO: Epoch: [3][100/107]	Time  0.003 ( 0.006)	Loss 7.0124e-02 (7.4364e-02)	Acc pseudo  96.88 ( 98.08)	Lr 1.000e-03 (1.000e-03)
2025-12-20 21:02:51,787 - INFO: Round 5, Fine-tune Epoch 3: loss=0.0716, acc(pseudo)=98.14%
2025-12-20 21:03:01,264 - INFO: Round 5, Fine-tune Epoch 3: acc(valid_pseudo): 0.9975, acc(valid): 0.8925
2025-12-20 21:03:01,764 - INFO: Epoch: [4][  0/107]	Time  0.186 ( 0.186)	Loss 8.7803e-02 (8.7803e-02)	Acc pseudo  98.44 ( 98.44)	Lr 1.000e-03 (1.000e-03)
2025-12-20 21:03:01,943 - INFO: Epoch: [4][ 50/107]	Time  0.003 ( 0.007)	Loss 1.1677e-02 (9.9370e-02)	Acc pseudo 100.00 ( 97.73)	Lr 1.000e-03 (1.000e-03)
2025-12-20 21:03:02,101 - INFO: Epoch: [4][100/107]	Time  0.002 ( 0.005)	Loss 8.7041e-02 (9.4282e-02)	Acc pseudo  96.88 ( 97.48)	Lr 1.000e-03 (1.000e-03)
2025-12-20 21:03:02,176 - INFO: Round 5, Fine-tune Epoch 4: loss=0.0936, acc(pseudo)=97.54%
2025-12-20 21:03:12,312 - INFO: Round 5, Fine-tune Epoch 4: acc(valid_pseudo): 0.9983, acc(valid): 0.9025
2025-12-20 21:03:12,797 - INFO: Epoch: [5][  0/107]	Time  0.189 ( 0.189)	Loss 1.2215e-02 (1.2215e-02)	Acc pseudo 100.00 (100.00)	Lr 1.000e-03 (1.000e-03)
2025-12-20 21:03:13,010 - INFO: Epoch: [5][ 50/107]	Time  0.004 ( 0.008)	Loss 8.2078e-02 (8.6519e-02)	Acc pseudo  98.44 ( 97.89)	Lr 1.000e-03 (1.000e-03)
2025-12-20 21:03:13,207 - INFO: Epoch: [5][100/107]	Time  0.003 ( 0.006)	Loss 2.9676e-02 (9.1488e-02)	Acc pseudo 100.00 ( 97.79)	Lr 1.000e-03 (1.000e-03)
2025-12-20 21:03:13,285 - INFO: Round 5, Fine-tune Epoch 5: loss=0.0943, acc(pseudo)=97.76%
2025-12-20 21:03:24,343 - INFO: Round 5, Fine-tune Epoch 5: acc(valid_pseudo): 0.9967, acc(valid): 0.8875
2025-12-20 21:03:24,344 - INFO: Round 5, Fine-tune Epoch 5: No improvement in validation accuracy. Patience(epoch): 1/3
2025-12-20 21:03:24,583 - INFO: Epoch: [6][  0/107]	Time  0.233 ( 0.233)	Loss 7.2423e-02 (7.2423e-02)	Acc pseudo  96.88 ( 96.88)	Lr 1.000e-03 (1.000e-03)
2025-12-20 21:03:24,780 - INFO: Epoch: [6][ 50/107]	Time  0.004 ( 0.008)	Loss 2.4933e-02 (5.9876e-02)	Acc pseudo  98.44 ( 98.07)	Lr 1.000e-03 (1.000e-03)
2025-12-20 21:03:24,964 - INFO: Epoch: [6][100/107]	Time  0.003 ( 0.006)	Loss 3.2627e-02 (7.8022e-02)	Acc pseudo  98.44 ( 97.91)	Lr 1.000e-03 (1.000e-03)
2025-12-20 21:03:25,040 - INFO: Round 5, Fine-tune Epoch 6: loss=0.0789, acc(pseudo)=97.94%
2025-12-20 21:03:35,449 - INFO: Round 5, Fine-tune Epoch 6: acc(valid_pseudo): 0.9958, acc(valid): 0.8950
2025-12-20 21:03:35,449 - INFO: Round 5, Fine-tune Epoch 6: No improvement in validation accuracy. Patience(epoch): 2/3
2025-12-20 21:03:35,684 - INFO: Epoch: [7][  0/107]	Time  0.228 ( 0.228)	Loss 2.7047e-02 (2.7047e-02)	Acc pseudo 100.00 (100.00)	Lr 1.000e-03 (1.000e-03)
2025-12-20 21:03:35,875 - INFO: Epoch: [7][ 50/107]	Time  0.003 ( 0.008)	Loss 7.7662e-02 (5.7181e-02)	Acc pseudo  98.44 ( 98.10)	Lr 1.000e-03 (1.000e-03)
2025-12-20 21:03:36,054 - INFO: Epoch: [7][100/107]	Time  0.004 ( 0.006)	Loss 2.1781e-01 (7.3025e-02)	Acc pseudo  96.88 ( 97.94)	Lr 1.000e-03 (1.000e-03)
2025-12-20 21:03:36,130 - INFO: Round 5, Fine-tune Epoch 7: loss=0.0766, acc(pseudo)=97.86%
2025-12-20 21:03:45,451 - INFO: Round 5, Fine-tune Epoch 7: acc(valid_pseudo): 0.9331, acc(valid): 0.8200
2025-12-20 21:03:45,451 - INFO: Round 5, Fine-tune Epoch 7: No improvement in validation accuracy. Patience(epoch): 3/3
2025-12-20 21:03:45,451 - INFO: Early stopping at epoch 7 due to no improvement in validation accuracy for 3 epochs.
2025-12-20 21:03:45,453 - INFO: Round 5: Best fine-tuned epoch=4, acc(valid_pseudo)=0.9983
2025-12-20 21:03:45,477 - INFO: Using HMM model from previous round: runs/the big bang theory/exp_video/result/self_supervised/exp2/round4/pseudo_label/hmm_params.pkl
2025-12-20 21:12:03,651 - INFO: Round 5: acc(valid)=0.8975, acc(test)=0.9169
2025-12-20 21:12:03,656 - INFO: ====================
2025-12-20 21:12:03,657 - INFO: Round 6: Fine-tuning iteration
2025-12-20 21:12:03,657 - INFO: ====================
2025-12-20 21:12:03,672 - INFO: Round 6 Part 1: Fine-tuning embedding model
2025-12-20 21:12:03,674 - INFO: Using pseudo-label file: runs/the big bang theory/exp_video/result/self_supervised/exp2/round5/pseudo_label/pseudo_labels_audio_nested_hmm_full(unreliable_pp=5.0).json
2025-12-20 21:12:03,810 - INFO: Fine-tuning embedding model for 20 epochs...
2025-12-20 21:12:04,201 - INFO: Epoch: [0][  0/107]	Time  0.379 ( 0.379)	Loss 1.0450e-01 (1.0450e-01)	Acc pseudo  96.88 ( 96.88)	Lr 1.000e-03 (1.000e-03)
2025-12-20 21:12:04,395 - INFO: Epoch: [0][ 50/107]	Time  0.003 ( 0.011)	Loss 6.9182e-02 (1.0446e-01)	Acc pseudo  98.44 ( 97.98)	Lr 1.000e-03 (1.000e-03)
2025-12-20 21:12:04,572 - INFO: Epoch: [0][100/107]	Time  0.002 ( 0.007)	Loss 2.3457e-01 (1.1644e-01)	Acc pseudo  93.75 ( 97.66)	Lr 1.000e-03 (1.000e-03)
2025-12-20 21:12:04,642 - INFO: Round 6, Fine-tune Epoch 0: loss=0.1166, acc(pseudo)=97.66%
2025-12-20 21:12:14,975 - INFO: Round 6, Fine-tune Epoch 0: acc(valid_pseudo): 0.9782, acc(valid): 0.8850
2025-12-20 21:12:15,512 - INFO: Epoch: [1][  0/107]	Time  0.231 ( 0.231)	Loss 9.5215e-02 (9.5215e-02)	Acc pseudo  96.88 ( 96.88)	Lr 1.000e-03 (1.000e-03)
2025-12-20 21:12:15,703 - INFO: Epoch: [1][ 50/107]	Time  0.003 ( 0.008)	Loss 1.1358e-02 (8.7866e-02)	Acc pseudo 100.00 ( 97.67)	Lr 1.000e-03 (1.000e-03)
2025-12-20 21:12:15,880 - INFO: Epoch: [1][100/107]	Time  0.002 ( 0.006)	Loss 4.5609e-02 (8.7689e-02)	Acc pseudo  96.88 ( 97.90)	Lr 1.000e-03 (1.000e-03)
2025-12-20 21:12:15,969 - INFO: Round 6, Fine-tune Epoch 1: loss=0.0873, acc(pseudo)=97.86%
2025-12-20 21:12:25,612 - INFO: Round 6, Fine-tune Epoch 1: acc(valid_pseudo): 0.9983, acc(valid): 0.8975
2025-12-20 21:12:26,116 - INFO: Epoch: [2][  0/107]	Time  0.195 ( 0.195)	Loss 1.7090e-01 (1.7090e-01)	Acc pseudo  96.88 ( 96.88)	Lr 1.000e-03 (1.000e-03)
2025-12-20 21:12:26,303 - INFO: Epoch: [2][ 50/107]	Time  0.004 ( 0.007)	Loss 1.8881e-01 (9.0737e-02)	Acc pseudo  96.88 ( 97.82)	Lr 1.000e-03 (1.000e-03)
2025-12-20 21:12:26,472 - INFO: Epoch: [2][100/107]	Time  0.002 ( 0.005)	Loss 3.0086e-04 (8.5247e-02)	Acc pseudo 100.00 ( 97.90)	Lr 1.000e-03 (1.000e-03)
2025-12-20 21:12:26,551 - INFO: Round 6, Fine-tune Epoch 2: loss=0.0842, acc(pseudo)=97.86%
2025-12-20 21:12:38,052 - INFO: Round 6, Fine-tune Epoch 2: acc(valid_pseudo): 0.9975, acc(valid): 0.9000
2025-12-20 21:12:38,052 - INFO: Round 6, Fine-tune Epoch 2: No improvement in validation accuracy. Patience(epoch): 1/3
2025-12-20 21:12:38,254 - INFO: Epoch: [3][  0/107]	Time  0.191 ( 0.191)	Loss 1.3636e-01 (1.3636e-01)	Acc pseudo  98.44 ( 98.44)	Lr 1.000e-03 (1.000e-03)
2025-12-20 21:12:38,443 - INFO: Epoch: [3][ 50/107]	Time  0.003 ( 0.007)	Loss 2.7885e-03 (6.6418e-02)	Acc pseudo 100.00 ( 98.22)	Lr 1.000e-03 (1.000e-03)
2025-12-20 21:12:38,611 - INFO: Epoch: [3][100/107]	Time  0.002 ( 0.005)	Loss 6.3458e-02 (6.7720e-02)	Acc pseudo  96.88 ( 98.19)	Lr 1.000e-03 (1.000e-03)
2025-12-20 21:12:38,688 - INFO: Round 6, Fine-tune Epoch 3: loss=0.0664, acc(pseudo)=98.15%
2025-12-20 21:12:48,801 - INFO: Round 6, Fine-tune Epoch 3: acc(valid_pseudo): 0.9046, acc(valid): 0.8625
2025-12-20 21:12:48,801 - INFO: Round 6, Fine-tune Epoch 3: No improvement in validation accuracy. Patience(epoch): 2/3
2025-12-20 21:12:48,802 - INFO: Early stopping at epoch 3 due to significant drop in pseudo-label validation accuracy: 0.9975 -> 0.9046.
2025-12-20 21:12:48,803 - INFO: Round 6: Best fine-tuned epoch=1, acc(valid_pseudo)=0.9983
2025-12-20 21:12:48,821 - INFO: Using HMM model from previous round: runs/the big bang theory/exp_video/result/self_supervised/exp2/round5/pseudo_label/hmm_params.pkl
2025-12-20 21:16:28,482 - INFO: Round 6: acc(valid)=0.8975, acc(test)=0.9175
2025-12-20 21:16:28,484 - INFO: ====================
2025-12-20 21:16:28,485 - INFO: Round 7: Fine-tuning iteration
2025-12-20 21:16:28,485 - INFO: ====================
2025-12-20 21:16:28,494 - INFO: Round 7 Part 1: Fine-tuning embedding model
2025-12-20 21:16:28,497 - INFO: Using pseudo-label file: runs/the big bang theory/exp_video/result/self_supervised/exp2/round6/pseudo_label/pseudo_labels_audio_nested_hmm_full(unreliable_pp=5.0).json
2025-12-20 21:16:28,573 - INFO: Fine-tuning embedding model for 20 epochs...
2025-12-20 21:16:28,788 - INFO: Epoch: [0][  0/107]	Time  0.210 ( 0.210)	Loss 1.0198e-01 (1.0198e-01)	Acc pseudo  95.31 ( 95.31)	Lr 1.000e-03 (1.000e-03)
2025-12-20 21:16:28,985 - INFO: Epoch: [0][ 50/107]	Time  0.004 ( 0.008)	Loss 7.6993e-03 (1.5809e-01)	Acc pseudo 100.00 ( 98.01)	Lr 1.000e-03 (1.000e-03)
2025-12-20 21:16:29,160 - INFO: Epoch: [0][100/107]	Time  0.002 ( 0.006)	Loss 1.5237e-01 (1.4389e-01)	Acc pseudo  95.31 ( 97.87)	Lr 1.000e-03 (1.000e-03)
2025-12-20 21:16:29,272 - INFO: Round 7, Fine-tune Epoch 0: loss=0.1414, acc(pseudo)=97.88%
2025-12-20 21:16:39,165 - INFO: Round 7, Fine-tune Epoch 0: acc(valid_pseudo): 0.9858, acc(valid): 0.8775
2025-12-20 21:16:39,680 - INFO: Epoch: [1][  0/107]	Time  0.218 ( 0.218)	Loss 4.8106e-02 (4.8106e-02)	Acc pseudo  98.44 ( 98.44)	Lr 1.000e-03 (1.000e-03)
2025-12-20 21:16:39,915 - INFO: Epoch: [1][ 50/107]	Time  0.004 ( 0.009)	Loss 1.3114e-02 (9.5463e-02)	Acc pseudo 100.00 ( 98.07)	Lr 1.000e-03 (1.000e-03)
2025-12-20 21:16:40,104 - INFO: Epoch: [1][100/107]	Time  0.005 ( 0.006)	Loss 1.3383e-01 (8.8205e-02)	Acc pseudo  95.31 ( 97.96)	Lr 1.000e-03 (1.000e-03)
2025-12-20 21:16:40,196 - INFO: Round 7, Fine-tune Epoch 1: loss=0.0899, acc(pseudo)=97.91%
2025-12-20 21:16:49,772 - INFO: Round 7, Fine-tune Epoch 1: acc(valid_pseudo): 0.9941, acc(valid): 0.8975
2025-12-20 21:16:50,417 - INFO: Epoch: [2][  0/107]	Time  0.338 ( 0.338)	Loss 2.7975e-02 (2.7975e-02)	Acc pseudo 100.00 (100.00)	Lr 1.000e-03 (1.000e-03)
2025-12-20 21:16:50,659 - INFO: Epoch: [2][ 50/107]	Time  0.003 ( 0.011)	Loss 1.6729e-01 (7.6548e-02)	Acc pseudo  96.88 ( 98.10)	Lr 1.000e-03 (1.000e-03)
2025-12-20 21:16:50,834 - INFO: Epoch: [2][100/107]	Time  0.002 ( 0.007)	Loss 7.8873e-03 (9.6884e-02)	Acc pseudo 100.00 ( 97.85)	Lr 1.000e-03 (1.000e-03)
2025-12-20 21:16:50,903 - INFO: Round 7, Fine-tune Epoch 2: loss=0.0970, acc(pseudo)=97.82%
2025-12-20 21:17:00,278 - INFO: Round 7, Fine-tune Epoch 2: acc(valid_pseudo): 0.9967, acc(valid): 0.9000
2025-12-20 21:17:01,054 - INFO: Epoch: [3][  0/107]	Time  0.191 ( 0.191)	Loss 7.9818e-02 (7.9818e-02)	Acc pseudo  98.44 ( 98.44)	Lr 1.000e-03 (1.000e-03)
2025-12-20 21:17:01,240 - INFO: Epoch: [3][ 50/107]	Time  0.003 ( 0.007)	Loss 3.9315e-02 (6.7138e-02)	Acc pseudo  98.44 ( 98.35)	Lr 1.000e-03 (1.000e-03)
2025-12-20 21:17:01,441 - INFO: Epoch: [3][100/107]	Time  0.003 ( 0.006)	Loss 7.6949e-02 (6.8191e-02)	Acc pseudo  96.88 ( 98.24)	Lr 1.000e-03 (1.000e-03)
2025-12-20 21:17:01,515 - INFO: Round 7, Fine-tune Epoch 3: loss=0.0696, acc(pseudo)=98.23%
2025-12-20 21:17:13,518 - INFO: Round 7, Fine-tune Epoch 3: acc(valid_pseudo): 0.9958, acc(valid): 0.8975
2025-12-20 21:17:13,518 - INFO: Round 7, Fine-tune Epoch 3: No improvement in validation accuracy. Patience(epoch): 1/3
2025-12-20 21:17:13,709 - INFO: Epoch: [4][  0/107]	Time  0.184 ( 0.184)	Loss 1.6594e-01 (1.6594e-01)	Acc pseudo  96.88 ( 96.88)	Lr 1.000e-03 (1.000e-03)
2025-12-20 21:17:13,887 - INFO: Epoch: [4][ 50/107]	Time  0.003 ( 0.007)	Loss 9.2751e-03 (8.4894e-02)	Acc pseudo 100.00 ( 97.61)	Lr 1.000e-03 (1.000e-03)
2025-12-20 21:17:14,044 - INFO: Epoch: [4][100/107]	Time  0.002 ( 0.005)	Loss 5.0671e-02 (8.9168e-02)	Acc pseudo  98.44 ( 97.63)	Lr 1.000e-03 (1.000e-03)
2025-12-20 21:17:14,116 - INFO: Round 7, Fine-tune Epoch 4: loss=0.0895, acc(pseudo)=97.69%
2025-12-20 21:17:24,042 - INFO: Round 7, Fine-tune Epoch 4: acc(valid_pseudo): 0.9866, acc(valid): 0.8950
2025-12-20 21:17:24,042 - INFO: Round 7, Fine-tune Epoch 4: No improvement in validation accuracy. Patience(epoch): 2/3
2025-12-20 21:17:24,247 - INFO: Epoch: [5][  0/107]	Time  0.198 ( 0.198)	Loss 1.4202e-03 (1.4202e-03)	Acc pseudo 100.00 (100.00)	Lr 1.000e-03 (1.000e-03)
2025-12-20 21:17:24,438 - INFO: Epoch: [5][ 50/107]	Time  0.003 ( 0.007)	Loss 5.8828e-02 (8.4148e-02)	Acc pseudo  98.44 ( 97.67)	Lr 1.000e-03 (1.000e-03)
2025-12-20 21:17:24,609 - INFO: Epoch: [5][100/107]	Time  0.002 ( 0.005)	Loss 2.4906e-01 (9.2948e-02)	Acc pseudo  96.88 ( 97.80)	Lr 1.000e-03 (1.000e-03)
2025-12-20 21:17:24,713 - INFO: Round 7, Fine-tune Epoch 5: loss=0.0924, acc(pseudo)=97.77%
2025-12-20 21:17:35,000 - INFO: Round 7, Fine-tune Epoch 5: acc(valid_pseudo): 0.9933, acc(valid): 0.8875
2025-12-20 21:17:35,001 - INFO: Round 7, Fine-tune Epoch 5: No improvement in validation accuracy. Patience(epoch): 3/3
2025-12-20 21:17:35,001 - INFO: Early stopping at epoch 5 due to no improvement in validation accuracy for 3 epochs.
2025-12-20 21:17:35,002 - INFO: Round 7: Best fine-tuned epoch=2, acc(valid_pseudo)=0.9967
2025-12-20 21:17:35,018 - INFO: Using HMM model from previous round: runs/the big bang theory/exp_video/result/self_supervised/exp2/round6/pseudo_label/hmm_params.pkl
2025-12-20 21:20:32,186 - INFO: Round 7: acc(valid)=0.8975, acc(test)=0.9169
2025-12-20 21:20:32,190 - INFO: ====================
2025-12-20 21:20:32,190 - INFO: Round 8: Fine-tuning iteration
2025-12-20 21:20:32,190 - INFO: ====================
2025-12-20 21:20:32,203 - INFO: Round 8 Part 1: Fine-tuning embedding model
2025-12-20 21:20:32,207 - INFO: Using pseudo-label file: runs/the big bang theory/exp_video/result/self_supervised/exp2/round7/pseudo_label/pseudo_labels_audio_nested_hmm_full(unreliable_pp=5.0).json
2025-12-20 21:20:32,576 - INFO: Fine-tuning embedding model for 20 epochs...
2025-12-20 21:20:33,579 - INFO: Epoch: [0][  0/107]	Time  0.953 ( 0.953)	Loss 1.7058e-01 (1.7058e-01)	Acc pseudo  95.31 ( 95.31)	Lr 1.000e-03 (1.000e-03)
2025-12-20 21:20:33,837 - INFO: Epoch: [0][ 50/107]	Time  0.004 ( 0.024)	Loss 1.4759e-02 (9.2624e-02)	Acc pseudo 100.00 ( 98.35)	Lr 1.000e-03 (1.000e-03)
2025-12-20 21:20:34,017 - INFO: Epoch: [0][100/107]	Time  0.002 ( 0.014)	Loss 4.1746e-02 (9.5755e-02)	Acc pseudo  98.44 ( 98.19)	Lr 1.000e-03 (1.000e-03)
2025-12-20 21:20:34,111 - INFO: Round 8, Fine-tune Epoch 0: loss=0.0933, acc(pseudo)=98.23%
2025-12-20 21:20:44,938 - INFO: Round 8, Fine-tune Epoch 0: acc(valid_pseudo): 0.9925, acc(valid): 0.9050
2025-12-20 21:20:45,799 - INFO: Epoch: [1][  0/107]	Time  0.356 ( 0.356)	Loss 1.0404e-02 (1.0404e-02)	Acc pseudo 100.00 (100.00)	Lr 1.000e-03 (1.000e-03)
2025-12-20 21:20:46,011 - INFO: Epoch: [1][ 50/107]	Time  0.003 ( 0.011)	Loss 3.6045e-02 (7.4093e-02)	Acc pseudo 100.00 ( 98.19)	Lr 1.000e-03 (1.000e-03)
2025-12-20 21:20:46,183 - INFO: Epoch: [1][100/107]	Time  0.002 ( 0.007)	Loss 5.6711e-02 (6.7132e-02)	Acc pseudo  98.44 ( 98.34)	Lr 1.000e-03 (1.000e-03)
2025-12-20 21:20:46,297 - INFO: Round 8, Fine-tune Epoch 1: loss=0.0694, acc(pseudo)=98.32%
2025-12-20 21:20:57,353 - INFO: Round 8, Fine-tune Epoch 1: acc(valid_pseudo): 0.9950, acc(valid): 0.8900
2025-12-20 21:20:58,166 - INFO: Epoch: [2][  0/107]	Time  0.313 ( 0.313)	Loss 2.8063e-02 (2.8063e-02)	Acc pseudo  98.44 ( 98.44)	Lr 1.000e-03 (1.000e-03)
2025-12-20 21:20:58,338 - INFO: Epoch: [2][ 50/107]	Time  0.002 ( 0.009)	Loss 6.7530e-02 (6.2069e-02)	Acc pseudo  96.88 ( 98.31)	Lr 1.000e-03 (1.000e-03)
2025-12-20 21:20:58,493 - INFO: Epoch: [2][100/107]	Time  0.002 ( 0.006)	Loss 1.4773e-04 (5.6332e-02)	Acc pseudo 100.00 ( 98.47)	Lr 1.000e-03 (1.000e-03)
2025-12-20 21:20:58,585 - INFO: Round 8, Fine-tune Epoch 2: loss=0.0568, acc(pseudo)=98.46%
2025-12-20 21:21:10,489 - INFO: Round 8, Fine-tune Epoch 2: acc(valid_pseudo): 0.9975, acc(valid): 0.9075
2025-12-20 21:21:11,030 - INFO: Epoch: [3][  0/107]	Time  0.220 ( 0.220)	Loss 5.5883e-05 (5.5883e-05)	Acc pseudo 100.00 (100.00)	Lr 1.000e-03 (1.000e-03)
2025-12-20 21:21:11,275 - INFO: Epoch: [3][ 50/107]	Time  0.005 ( 0.009)	Loss 2.7000e-03 (5.7407e-02)	Acc pseudo 100.00 ( 98.38)	Lr 1.000e-03 (1.000e-03)
2025-12-20 21:21:11,522 - INFO: Epoch: [3][100/107]	Time  0.004 ( 0.007)	Loss 9.0257e-02 (6.5717e-02)	Acc pseudo  98.44 ( 98.27)	Lr 1.000e-03 (1.000e-03)
2025-12-20 21:21:11,646 - INFO: Round 8, Fine-tune Epoch 3: loss=0.0649, acc(pseudo)=98.29%
2025-12-20 21:21:22,813 - INFO: Round 8, Fine-tune Epoch 3: acc(valid_pseudo): 0.9891, acc(valid): 0.9050
2025-12-20 21:21:22,813 - INFO: Round 8, Fine-tune Epoch 3: No improvement in validation accuracy. Patience(epoch): 1/3
2025-12-20 21:21:23,041 - INFO: Epoch: [4][  0/107]	Time  0.222 ( 0.222)	Loss 2.0384e-02 (2.0384e-02)	Acc pseudo 100.00 (100.00)	Lr 1.000e-03 (1.000e-03)
2025-12-20 21:21:23,220 - INFO: Epoch: [4][ 50/107]	Time  0.003 ( 0.008)	Loss 4.6932e-03 (7.1716e-02)	Acc pseudo 100.00 ( 98.07)	Lr 1.000e-03 (1.000e-03)
2025-12-20 21:21:23,401 - INFO: Epoch: [4][100/107]	Time  0.002 ( 0.006)	Loss 2.1310e-01 (7.0867e-02)	Acc pseudo  96.88 ( 98.07)	Lr 1.000e-03 (1.000e-03)
2025-12-20 21:21:23,500 - INFO: Round 8, Fine-tune Epoch 4: loss=0.0686, acc(pseudo)=98.13%
2025-12-20 21:21:35,174 - INFO: Round 8, Fine-tune Epoch 4: acc(valid_pseudo): 0.9983, acc(valid): 0.9050
2025-12-20 21:21:35,711 - INFO: Epoch: [5][  0/107]	Time  0.216 ( 0.216)	Loss 4.4398e-02 (4.4398e-02)	Acc pseudo  98.44 ( 98.44)	Lr 1.000e-03 (1.000e-03)
2025-12-20 21:21:35,903 - INFO: Epoch: [5][ 50/107]	Time  0.004 ( 0.008)	Loss 1.3579e-02 (5.4117e-02)	Acc pseudo 100.00 ( 98.38)	Lr 1.000e-03 (1.000e-03)
2025-12-20 21:21:36,074 - INFO: Epoch: [5][100/107]	Time  0.002 ( 0.006)	Loss 4.3819e-02 (6.4320e-02)	Acc pseudo  98.44 ( 98.31)	Lr 1.000e-03 (1.000e-03)
2025-12-20 21:21:36,149 - INFO: Round 8, Fine-tune Epoch 5: loss=0.0673, acc(pseudo)=98.24%
2025-12-20 21:21:49,010 - INFO: Round 8, Fine-tune Epoch 5: acc(valid_pseudo): 0.9958, acc(valid): 0.8850
2025-12-20 21:21:49,010 - INFO: Round 8, Fine-tune Epoch 5: No improvement in validation accuracy. Patience(epoch): 1/3
2025-12-20 21:21:49,236 - INFO: Epoch: [6][  0/107]	Time  0.220 ( 0.220)	Loss 4.1853e-02 (4.1853e-02)	Acc pseudo  98.44 ( 98.44)	Lr 1.000e-03 (1.000e-03)
2025-12-20 21:21:49,484 - INFO: Epoch: [6][ 50/107]	Time  0.005 ( 0.009)	Loss 8.6814e-02 (8.1426e-02)	Acc pseudo  98.44 ( 98.22)	Lr 1.000e-03 (1.000e-03)
2025-12-20 21:21:49,718 - INFO: Epoch: [6][100/107]	Time  0.003 ( 0.007)	Loss 1.0948e-01 (9.3353e-02)	Acc pseudo  96.88 ( 97.93)	Lr 1.000e-03 (1.000e-03)
2025-12-20 21:21:49,822 - INFO: Round 8, Fine-tune Epoch 6: loss=0.0915, acc(pseudo)=97.96%
2025-12-20 21:21:59,781 - INFO: Round 8, Fine-tune Epoch 6: acc(valid_pseudo): 0.9933, acc(valid): 0.8850
2025-12-20 21:21:59,782 - INFO: Round 8, Fine-tune Epoch 6: No improvement in validation accuracy. Patience(epoch): 2/3
2025-12-20 21:22:00,007 - INFO: Epoch: [7][  0/107]	Time  0.219 ( 0.219)	Loss 1.9958e-02 (1.9958e-02)	Acc pseudo 100.00 (100.00)	Lr 1.000e-03 (1.000e-03)
2025-12-20 21:22:00,292 - INFO: Epoch: [7][ 50/107]	Time  0.005 ( 0.010)	Loss 4.8025e-02 (8.7792e-02)	Acc pseudo  98.44 ( 97.95)	Lr 1.000e-03 (1.000e-03)
2025-12-20 21:22:00,530 - INFO: Epoch: [7][100/107]	Time  0.003 ( 0.007)	Loss 3.0282e-02 (8.9412e-02)	Acc pseudo 100.00 ( 97.80)	Lr 1.000e-03 (1.000e-03)
2025-12-20 21:22:00,612 - INFO: Round 8, Fine-tune Epoch 7: loss=0.0911, acc(pseudo)=97.77%
2025-12-20 21:22:10,252 - INFO: Round 8, Fine-tune Epoch 7: acc(valid_pseudo): 0.9933, acc(valid): 0.9025
2025-12-20 21:22:10,253 - INFO: Round 8, Fine-tune Epoch 7: No improvement in validation accuracy. Patience(epoch): 3/3
2025-12-20 21:22:10,253 - INFO: Early stopping at epoch 7 due to no improvement in validation accuracy for 3 epochs.
2025-12-20 21:22:10,254 - INFO: Round 8: Best fine-tuned epoch=4, acc(valid_pseudo)=0.9983
2025-12-20 21:22:10,271 - INFO: Using HMM model from previous round: runs/the big bang theory/exp_video/result/self_supervised/exp2/round7/pseudo_label/hmm_params.pkl
2025-12-20 21:24:54,531 - INFO: Round 8: acc(valid)=0.8975, acc(test)=0.9194
2025-12-20 21:24:54,558 - INFO: ====================
2025-12-20 21:24:54,558 - INFO: Round 9: Fine-tuning iteration
2025-12-20 21:24:54,558 - INFO: ====================
2025-12-20 21:24:54,627 - INFO: Round 9 Part 1: Fine-tuning embedding model
2025-12-20 21:24:54,632 - INFO: Using pseudo-label file: runs/the big bang theory/exp_video/result/self_supervised/exp2/round8/pseudo_label/pseudo_labels_audio_nested_hmm_full(unreliable_pp=5.0).json
2025-12-20 21:24:54,841 - INFO: Fine-tuning embedding model for 20 epochs...
2025-12-20 21:24:55,036 - INFO: Epoch: [0][  0/107]	Time  0.190 ( 0.190)	Loss 7.2191e-02 (7.2191e-02)	Acc pseudo  96.88 ( 96.88)	Lr 1.000e-03 (1.000e-03)
2025-12-20 21:24:55,252 - INFO: Epoch: [0][ 50/107]	Time  0.003 ( 0.008)	Loss 1.4649e-02 (1.1344e-01)	Acc pseudo 100.00 ( 98.04)	Lr 1.000e-03 (1.000e-03)
2025-12-20 21:24:55,435 - INFO: Epoch: [0][100/107]	Time  0.002 ( 0.006)	Loss 1.4440e-01 (1.2905e-01)	Acc pseudo  96.88 ( 98.00)	Lr 1.000e-03 (1.000e-03)
2025-12-20 21:24:55,546 - INFO: Round 9, Fine-tune Epoch 0: loss=0.1258, acc(pseudo)=98.02%
2025-12-20 21:25:08,097 - INFO: Round 9, Fine-tune Epoch 0: acc(valid_pseudo): 0.9975, acc(valid): 0.9000
2025-12-20 21:25:08,897 - INFO: Epoch: [1][  0/107]	Time  0.357 ( 0.357)	Loss 8.3403e-02 (8.3403e-02)	Acc pseudo  98.44 ( 98.44)	Lr 1.000e-03 (1.000e-03)
2025-12-20 21:25:09,163 - INFO: Epoch: [1][ 50/107]	Time  0.005 ( 0.012)	Loss 1.0785e-02 (7.3499e-02)	Acc pseudo 100.00 ( 97.98)	Lr 1.000e-03 (1.000e-03)
2025-12-20 21:25:09,399 - INFO: Epoch: [1][100/107]	Time  0.004 ( 0.008)	Loss 4.5318e-02 (6.4085e-02)	Acc pseudo  98.44 ( 98.41)	Lr 1.000e-03 (1.000e-03)
2025-12-20 21:25:09,512 - INFO: Round 9, Fine-tune Epoch 1: loss=0.0660, acc(pseudo)=98.37%
2025-12-20 21:25:19,552 - INFO: Round 9, Fine-tune Epoch 1: acc(valid_pseudo): 0.9950, acc(valid): 0.9000
2025-12-20 21:25:19,552 - INFO: Round 9, Fine-tune Epoch 1: No improvement in validation accuracy. Patience(epoch): 1/3
2025-12-20 21:25:19,745 - INFO: Epoch: [2][  0/107]	Time  0.187 ( 0.187)	Loss 1.6586e-02 (1.6586e-02)	Acc pseudo 100.00 (100.00)	Lr 1.000e-03 (1.000e-03)
2025-12-20 21:25:19,935 - INFO: Epoch: [2][ 50/107]	Time  0.003 ( 0.007)	Loss 4.8236e-02 (5.6066e-02)	Acc pseudo 100.00 ( 98.62)	Lr 1.000e-03 (1.000e-03)
2025-12-20 21:25:20,087 - INFO: Epoch: [2][100/107]	Time  0.002 ( 0.005)	Loss 4.7907e-04 (5.0627e-02)	Acc pseudo 100.00 ( 98.69)	Lr 1.000e-03 (1.000e-03)
2025-12-20 21:25:20,162 - INFO: Round 9, Fine-tune Epoch 2: loss=0.0522, acc(pseudo)=98.56%
2025-12-20 21:25:30,232 - INFO: Round 9, Fine-tune Epoch 2: acc(valid_pseudo): 0.9975, acc(valid): 0.8975
2025-12-20 21:25:30,232 - INFO: Round 9, Fine-tune Epoch 2: No improvement in validation accuracy. Patience(epoch): 2/3
2025-12-20 21:25:30,459 - INFO: Epoch: [3][  0/107]	Time  0.221 ( 0.221)	Loss 6.9623e-04 (6.9623e-04)	Acc pseudo 100.00 (100.00)	Lr 1.000e-03 (1.000e-03)
2025-12-20 21:25:30,659 - INFO: Epoch: [3][ 50/107]	Time  0.004 ( 0.008)	Loss 2.5077e-02 (6.2481e-02)	Acc pseudo  98.44 ( 98.56)	Lr 1.000e-03 (1.000e-03)
2025-12-20 21:25:30,834 - INFO: Epoch: [3][100/107]	Time  0.002 ( 0.006)	Loss 2.9036e-02 (5.4467e-02)	Acc pseudo  98.44 ( 98.53)	Lr 1.000e-03 (1.000e-03)
2025-12-20 21:25:30,906 - INFO: Round 9, Fine-tune Epoch 3: loss=0.0531, acc(pseudo)=98.58%
2025-12-20 21:25:41,676 - INFO: Round 9, Fine-tune Epoch 3: acc(valid_pseudo): 0.9983, acc(valid): 0.9000
2025-12-20 21:25:42,188 - INFO: Epoch: [4][  0/107]	Time  0.201 ( 0.201)	Loss 9.5788e-02 (9.5788e-02)	Acc pseudo  98.44 ( 98.44)	Lr 1.000e-03 (1.000e-03)
2025-12-20 21:25:42,365 - INFO: Epoch: [4][ 50/107]	Time  0.003 ( 0.007)	Loss 1.2866e-02 (4.2397e-02)	Acc pseudo  98.44 ( 98.68)	Lr 1.000e-03 (1.000e-03)
2025-12-20 21:25:42,525 - INFO: Epoch: [4][100/107]	Time  0.002 ( 0.005)	Loss 2.6715e-02 (5.0874e-02)	Acc pseudo  98.44 ( 98.61)	Lr 1.000e-03 (1.000e-03)
2025-12-20 21:25:42,599 - INFO: Round 9, Fine-tune Epoch 4: loss=0.0509, acc(pseudo)=98.61%
2025-12-20 21:25:54,449 - INFO: Round 9, Fine-tune Epoch 4: acc(valid_pseudo): 0.9925, acc(valid): 0.8775
2025-12-20 21:25:54,449 - INFO: Round 9, Fine-tune Epoch 4: No improvement in validation accuracy. Patience(epoch): 1/3
2025-12-20 21:25:54,642 - INFO: Epoch: [5][  0/107]	Time  0.187 ( 0.187)	Loss 2.5539e-02 (2.5539e-02)	Acc pseudo  98.44 ( 98.44)	Lr 1.000e-03 (1.000e-03)
2025-12-20 21:25:54,855 - INFO: Epoch: [5][ 50/107]	Time  0.003 ( 0.008)	Loss 6.0354e-02 (5.8411e-02)	Acc pseudo  98.44 ( 98.56)	Lr 1.000e-03 (1.000e-03)
2025-12-20 21:25:55,024 - INFO: Epoch: [5][100/107]	Time  0.002 ( 0.006)	Loss 1.7476e-01 (5.5119e-02)	Acc pseudo  95.31 ( 98.58)	Lr 1.000e-03 (1.000e-03)
2025-12-20 21:25:55,097 - INFO: Round 9, Fine-tune Epoch 5: loss=0.0565, acc(pseudo)=98.51%
2025-12-20 21:26:06,092 - INFO: Round 9, Fine-tune Epoch 5: acc(valid_pseudo): 0.9874, acc(valid): 0.8800
2025-12-20 21:26:06,092 - INFO: Round 9, Fine-tune Epoch 5: No improvement in validation accuracy. Patience(epoch): 2/3
2025-12-20 21:26:06,308 - INFO: Epoch: [6][  0/107]	Time  0.210 ( 0.210)	Loss 3.2958e-02 (3.2958e-02)	Acc pseudo  98.44 ( 98.44)	Lr 1.000e-03 (1.000e-03)
2025-12-20 21:26:06,487 - INFO: Epoch: [6][ 50/107]	Time  0.004 ( 0.008)	Loss 1.8111e-03 (6.2634e-02)	Acc pseudo 100.00 ( 98.22)	Lr 1.000e-03 (1.000e-03)
2025-12-20 21:26:06,649 - INFO: Epoch: [6][100/107]	Time  0.002 ( 0.005)	Loss 2.3517e-02 (6.6928e-02)	Acc pseudo  98.44 ( 98.00)	Lr 1.000e-03 (1.000e-03)
2025-12-20 21:26:06,759 - INFO: Round 9, Fine-tune Epoch 6: loss=0.0671, acc(pseudo)=98.01%
2025-12-20 21:26:16,406 - INFO: Round 9, Fine-tune Epoch 6: acc(valid_pseudo): 0.9941, acc(valid): 0.8925
2025-12-20 21:26:16,407 - INFO: Round 9, Fine-tune Epoch 6: No improvement in validation accuracy. Patience(epoch): 3/3
2025-12-20 21:26:16,407 - INFO: Early stopping at epoch 6 due to no improvement in validation accuracy for 3 epochs.
2025-12-20 21:26:16,408 - INFO: Round 9: Best fine-tuned epoch=3, acc(valid_pseudo)=0.9983
2025-12-20 21:26:16,425 - INFO: Using HMM model from previous round: runs/the big bang theory/exp_video/result/self_supervised/exp2/round8/pseudo_label/hmm_params.pkl
2025-12-20 21:28:55,769 - INFO: Round 9: acc(valid)=0.8975, acc(test)=0.9181
2025-12-20 21:28:55,772 - INFO: ====================
2025-12-20 21:28:55,772 - INFO: Self-supervised fine-tuning completed!
2025-12-20 21:28:55,772 - INFO: Initial: acc(valid)=0.9000, acc(test)=0.9162
2025-12-20 21:28:55,772 - INFO: Final at round 9: acc(valid)=0.8975, acc(test)=0.9181
2025-12-20 21:28:55,772 - INFO: Improvement for acc(valid): -0.0025 (-0.28%)
2025-12-20 21:28:55,772 - INFO: Improvement for acc(test): 0.0019 (0.21%)
2025-12-20 21:28:55,772 - INFO: ====================
