2025-12-24 20:56:12,376 - INFO: Starting self-supervised fine-tuning pipeline
2025-12-24 20:56:12,378 - INFO: Device: cuda:0
2025-12-24 20:56:12,382 - INFO: Saved arguments to runs/I love my family/exp_video/result/self_supervised/exp0/args.json
2025-12-24 20:56:12,382 - INFO: ====================
2025-12-24 20:56:12,382 - INFO: Initialization: Initial clustering with HMM correction
2025-12-24 20:56:12,382 - INFO: ====================
2025-12-24 23:25:20,435 - INFO: Saved initial clustering results to runs/I love my family/exp_video/result/self_supervised/exp0/initial
2025-12-24 23:25:20,437 - INFO: Initial: speaker_acc=0.8065
2025-12-24 23:25:20,437 - INFO: Initial: face_acc=0.8491
2025-12-24 23:25:20,481 - INFO: ====================
2025-12-24 23:25:20,481 - INFO: Round 0: Fine-tuning iteration
2025-12-24 23:25:20,481 - INFO: ====================
2025-12-24 23:25:20,545 - INFO: Round 0 Part 1: Fine-tuning embedding model
2025-12-24 23:25:20,549 - INFO: Using pseudo-label file: runs/I love my family/exp_video/result/self_supervised/exp0/initial/pseudo_label/pseudo_labels_audio_nested_hmm_full(unreliable_pp=100.0).json
2025-12-24 23:25:24,442 - INFO: Speaker embedding dimension: 512
2025-12-24 23:25:25,319 - INFO: Saved speaker config_model to runs/I love my family/exp_video/result/self_supervised/exp0/round0/config_model_speaker.json
2025-12-24 23:25:26,545 - INFO: Face embedding dimension: 512
2025-12-24 23:25:26,545 - INFO: Loading face pretrained model from pretrained_models/pytorch_model_tongyi.bin
2025-12-24 23:25:28,667 - INFO: Face model weights loaded successfully
2025-12-24 23:28:09,411 - INFO: Extracting hidden features for all speaker samples, which are outputs of StatsPool layer...
2025-12-24 23:28:09,411 - INFO: args.unfrozen_layers_num=2 is not used when extracting hidden features.
2025-12-24 23:40:11,882 - INFO: Hidden features extracted for 19225 speaker samples
2025-12-24 23:40:12,446 - INFO: For training, Using face pseudo-label file: runs/I love my family/exp_video/result/self_supervised/exp0/initial/pseudo_label/pseudo_labels_faces_mid_frame_train_nested_hmm_full.json
2025-12-24 23:40:12,454 - INFO: For infering, Using face pseudo-label file: runs/I love my family/exp_video/result/self_supervised/exp0/initial/pseudo_label/pseudo_labels_faces_mid_frame_all_nested_hmm_full.json
2025-12-24 23:40:12,618 - INFO: Created face dataloader with 27670 samples
2025-12-24 23:40:12,631 - INFO: Warmup training speaker classifier for 2 epochs...
2025-12-24 23:40:14,416 - INFO: Epoch: [0][  0/301]	Time  1.543 ( 1.543)	Loss 2.6327e+00 (2.6327e+00)	Acc pseudo  10.94 ( 10.94)	Lr 1.000e-03 (1.000e-03)
2025-12-24 23:40:14,590 - INFO: Epoch: [0][ 50/301]	Time  0.003 ( 0.034)	Loss 1.6600e+00 (1.8221e+00)	Acc pseudo  54.69 ( 54.26)	Lr 1.000e-03 (1.000e-03)
2025-12-24 23:40:14,756 - INFO: Epoch: [0][100/301]	Time  0.003 ( 0.019)	Loss 1.2808e+00 (1.5046e+00)	Acc pseudo  70.31 ( 62.19)	Lr 1.000e-03 (1.000e-03)
2025-12-24 23:40:14,923 - INFO: Epoch: [0][150/301]	Time  0.003 ( 0.013)	Loss 1.2859e+00 (1.3603e+00)	Acc pseudo  70.31 ( 65.45)	Lr 1.000e-03 (1.000e-03)
2025-12-24 23:40:15,081 - INFO: Epoch: [0][200/301]	Time  0.003 ( 0.011)	Loss 8.2643e-01 (1.2557e+00)	Acc pseudo  81.25 ( 67.60)	Lr 1.000e-03 (1.000e-03)
2025-12-24 23:40:15,240 - INFO: Epoch: [0][250/301]	Time  0.003 ( 0.009)	Loss 1.2060e+00 (1.2037e+00)	Acc pseudo  76.56 ( 68.77)	Lr 1.000e-03 (1.000e-03)
2025-12-24 23:40:15,386 - INFO: Epoch: [0][300/301]	Time  0.004 ( 0.008)	Loss 8.2923e-01 (1.1637e+00)	Acc pseudo  76.00 ( 69.77)	Lr 1.000e-03 (1.000e-03)
2025-12-24 23:40:15,484 - INFO: Round 0, Speaker Warmup Epoch 0: loss=1.1637, acc(pseudo)=69.77%
2025-12-24 23:40:15,863 - INFO: Epoch: [1][  0/301]	Time  0.373 ( 0.373)	Loss 1.1313e+00 (1.1313e+00)	Acc pseudo  70.31 ( 70.31)	Lr 1.000e-03 (1.000e-03)
2025-12-24 23:40:16,036 - INFO: Epoch: [1][ 50/301]	Time  0.003 ( 0.011)	Loss 5.0151e-01 (9.1776e-01)	Acc pseudo  82.81 ( 75.03)	Lr 1.000e-03 (1.000e-03)
2025-12-24 23:40:16,205 - INFO: Epoch: [1][100/301]	Time  0.003 ( 0.007)	Loss 7.1971e-01 (9.0376e-01)	Acc pseudo  81.25 ( 75.36)	Lr 1.000e-03 (1.000e-03)
2025-12-24 23:40:16,373 - INFO: Epoch: [1][150/301]	Time  0.003 ( 0.006)	Loss 9.3659e-01 (8.9767e-01)	Acc pseudo  67.19 ( 75.26)	Lr 1.000e-03 (1.000e-03)
2025-12-24 23:40:16,537 - INFO: Epoch: [1][200/301]	Time  0.003 ( 0.005)	Loss 8.4780e-01 (9.0380e-01)	Acc pseudo  75.00 ( 75.17)	Lr 1.000e-03 (1.000e-03)
2025-12-24 23:40:16,701 - INFO: Epoch: [1][250/301]	Time  0.003 ( 0.005)	Loss 1.0430e+00 (9.0278e-01)	Acc pseudo  76.56 ( 75.34)	Lr 1.000e-03 (1.000e-03)
2025-12-24 23:40:16,857 - INFO: Epoch: [1][300/301]	Time  0.002 ( 0.004)	Loss 8.1284e-01 (9.0516e-01)	Acc pseudo  56.00 ( 75.32)	Lr 1.000e-03 (1.000e-03)
2025-12-24 23:40:16,961 - INFO: Round 0, Speaker Warmup Epoch 1: loss=0.9052, acc(pseudo)=75.32%
2025-12-24 23:40:16,966 - INFO: Warmup training face classifier for 2 epochs...
2025-12-24 23:40:19,269 - INFO: Epoch: [0][  0/433]	Time  2.270 ( 2.270)	Loss 2.6095e+00 (2.6095e+00)	Acc pseudo   9.38 (  9.38)	Lr 1.000e-03 (1.000e-03)
2025-12-24 23:40:32,994 - INFO: Epoch: [0][ 50/433]	Time  0.227 ( 0.251)	Loss 1.7845e+00 (2.1398e+00)	Acc pseudo  68.75 ( 44.03)	Lr 1.000e-03 (1.000e-03)
2025-12-24 23:40:47,122 - INFO: Epoch: [0][100/433]	Time  0.233 ( 0.237)	Loss 1.4228e+00 (1.8433e+00)	Acc pseudo  59.38 ( 53.62)	Lr 1.000e-03 (1.000e-03)
2025-12-24 23:41:01,292 - INFO: Epoch: [0][150/433]	Time  0.027 ( 0.231)	Loss 1.3856e+00 (1.6502e+00)	Acc pseudo  54.69 ( 58.84)	Lr 1.000e-03 (1.000e-03)
2025-12-24 23:41:12,909 - INFO: Epoch: [0][200/433]	Time  0.343 ( 0.216)	Loss 1.4547e+00 (1.5159e+00)	Acc pseudo  65.62 ( 62.20)	Lr 1.000e-03 (1.000e-03)
2025-12-24 23:41:24,303 - INFO: Epoch: [0][250/433]	Time  0.033 ( 0.206)	Loss 8.6647e-01 (1.4196e+00)	Acc pseudo  76.56 ( 64.52)	Lr 1.000e-03 (1.000e-03)
2025-12-24 23:41:34,826 - INFO: Epoch: [0][300/433]	Time  0.029 ( 0.197)	Loss 9.4924e-01 (1.3394e+00)	Acc pseudo  75.00 ( 66.25)	Lr 1.000e-03 (1.000e-03)
2025-12-24 23:41:45,620 - INFO: Epoch: [0][350/433]	Time  0.138 ( 0.190)	Loss 9.4848e-01 (1.2864e+00)	Acc pseudo  70.31 ( 67.34)	Lr 1.000e-03 (1.000e-03)
2025-12-24 23:41:56,158 - INFO: Epoch: [0][400/433]	Time  0.027 ( 0.185)	Loss 1.0321e+00 (1.2373e+00)	Acc pseudo  68.75 ( 68.43)	Lr 1.000e-03 (1.000e-03)
2025-12-24 23:42:02,346 - INFO: Round 0, Face Warmup Epoch 0: loss=1.2094, acc(pseudo)=68.98%
2025-12-24 23:42:02,853 - INFO: Epoch: [1][  0/433]	Time  0.467 ( 0.467)	Loss 8.2556e-01 (8.2556e-01)	Acc pseudo  81.25 ( 81.25)	Lr 1.000e-03 (1.000e-03)
2025-12-24 23:42:07,501 - INFO: Epoch: [1][ 50/433]	Time  0.030 ( 0.043)	Loss 7.5564e-01 (8.5984e-01)	Acc pseudo  78.12 ( 75.25)	Lr 1.000e-03 (1.000e-03)
2025-12-24 23:42:12,163 - INFO: Epoch: [1][100/433]	Time  0.039 ( 0.040)	Loss 1.0318e+00 (8.3431e-01)	Acc pseudo  65.62 ( 76.31)	Lr 1.000e-03 (1.000e-03)
2025-12-24 23:42:16,829 - INFO: Epoch: [1][150/433]	Time  0.027 ( 0.038)	Loss 1.0767e+00 (8.1026e-01)	Acc pseudo  70.31 ( 77.13)	Lr 1.000e-03 (1.000e-03)
2025-12-24 23:42:21,500 - INFO: Epoch: [1][200/433]	Time  0.030 ( 0.037)	Loss 6.1672e-01 (7.9647e-01)	Acc pseudo  84.38 ( 77.37)	Lr 1.000e-03 (1.000e-03)
2025-12-24 23:42:26,249 - INFO: Epoch: [1][250/433]	Time  0.036 ( 0.037)	Loss 8.5812e-01 (7.9361e-01)	Acc pseudo  81.25 ( 77.28)	Lr 1.000e-03 (1.000e-03)
2025-12-24 23:42:30,957 - INFO: Epoch: [1][300/433]	Time  0.026 ( 0.036)	Loss 6.4311e-01 (7.9537e-01)	Acc pseudo  82.81 ( 77.20)	Lr 1.000e-03 (1.000e-03)
2025-12-24 23:42:35,622 - INFO: Epoch: [1][350/433]	Time  0.026 ( 0.035)	Loss 7.3984e-01 (7.9290e-01)	Acc pseudo  73.44 ( 77.15)	Lr 1.000e-03 (1.000e-03)
2025-12-24 23:42:40,290 - INFO: Epoch: [1][400/433]	Time  0.029 ( 0.034)	Loss 6.3492e-01 (7.8791e-01)	Acc pseudo  81.25 ( 77.19)	Lr 1.000e-03 (1.000e-03)
2025-12-24 23:42:43,333 - INFO: Round 0, Face Warmup Epoch 1: loss=0.7826, acc(pseudo)=77.31%
2025-12-24 23:42:43,344 - INFO: Fine-tuning speaker embedding model for 20 epochs...
2025-12-24 23:42:44,348 - INFO: Epoch: [0][  0/301]	Time  1.001 ( 1.001)	Loss 7.4442e-01 (7.4442e-01)	Acc pseudo  78.12 ( 78.12)	Lr 1.000e-03 (1.000e-03)
2025-12-24 23:42:44,514 - INFO: Epoch: [0][ 50/301]	Time  0.003 ( 0.023)	Loss 1.2187e+00 (1.0535e+00)	Acc pseudo  67.19 ( 71.29)	Lr 1.000e-03 (1.000e-03)
2025-12-24 23:42:44,661 - INFO: Epoch: [0][100/301]	Time  0.003 ( 0.013)	Loss 1.4154e+00 (1.0434e+00)	Acc pseudo  70.31 ( 71.26)	Lr 1.000e-03 (1.000e-03)
2025-12-24 23:42:44,813 - INFO: Epoch: [0][150/301]	Time  0.003 ( 0.010)	Loss 6.6633e-01 (1.0338e+00)	Acc pseudo  76.56 ( 71.32)	Lr 1.000e-03 (1.000e-03)
2025-12-24 23:42:44,956 - INFO: Epoch: [0][200/301]	Time  0.003 ( 0.008)	Loss 5.7558e-01 (1.0159e+00)	Acc pseudo  79.69 ( 71.82)	Lr 1.000e-03 (1.000e-03)
2025-12-24 23:42:45,099 - INFO: Epoch: [0][250/301]	Time  0.003 ( 0.007)	Loss 1.1383e+00 (1.0034e+00)	Acc pseudo  82.81 ( 72.13)	Lr 1.000e-03 (1.000e-03)
2025-12-24 23:42:45,238 - INFO: Epoch: [0][300/301]	Time  0.004 ( 0.006)	Loss 1.0163e+00 (1.0088e+00)	Acc pseudo  80.00 ( 72.00)	Lr 1.000e-03 (1.000e-03)
2025-12-24 23:42:45,301 - INFO: Round 0, Fine-tune Epoch 0: loss=1.0088, acc(pseudo)=72.00%
2025-12-24 23:42:53,242 - INFO: Round 0, Fine-tune Epoch 0: acc(valid_pseudo): 0.8190, acc: 0.7270
2025-12-24 23:42:59,727 - INFO: Epoch: [1][  0/301]	Time  0.350 ( 0.350)	Loss 8.3969e-01 (8.3969e-01)	Acc pseudo  71.88 ( 71.88)	Lr 1.000e-03 (1.000e-03)
2025-12-24 23:42:59,907 - INFO: Epoch: [1][ 50/301]	Time  0.003 ( 0.010)	Loss 9.3725e-01 (8.6832e-01)	Acc pseudo  70.31 ( 74.48)	Lr 1.000e-03 (1.000e-03)
2025-12-24 23:43:00,063 - INFO: Epoch: [1][100/301]	Time  0.003 ( 0.007)	Loss 1.1689e+00 (8.6170e-01)	Acc pseudo  68.75 ( 74.69)	Lr 1.000e-03 (1.000e-03)
2025-12-24 23:43:00,222 - INFO: Epoch: [1][150/301]	Time  0.003 ( 0.006)	Loss 9.8167e-01 (8.7580e-01)	Acc pseudo  79.69 ( 74.76)	Lr 1.000e-03 (1.000e-03)
2025-12-24 23:43:00,376 - INFO: Epoch: [1][200/301]	Time  0.003 ( 0.005)	Loss 9.7143e-01 (8.7826e-01)	Acc pseudo  68.75 ( 74.64)	Lr 1.000e-03 (1.000e-03)
2025-12-24 23:43:00,560 - INFO: Epoch: [1][250/301]	Time  0.004 ( 0.005)	Loss 6.9259e-01 (8.7312e-01)	Acc pseudo  73.44 ( 74.86)	Lr 1.000e-03 (1.000e-03)
2025-12-24 23:43:00,738 - INFO: Epoch: [1][300/301]	Time  0.002 ( 0.004)	Loss 1.4403e+00 (8.7967e-01)	Acc pseudo  72.00 ( 74.65)	Lr 1.000e-03 (1.000e-03)
2025-12-24 23:43:00,843 - INFO: Round 0, Fine-tune Epoch 1: loss=0.8797, acc(pseudo)=74.65%
2025-12-24 23:43:09,157 - INFO: Round 0, Fine-tune Epoch 1: acc(valid_pseudo): 0.8780, acc: 0.7710
2025-12-24 23:43:15,012 - INFO: Epoch: [2][  0/301]	Time  0.449 ( 0.449)	Loss 9.5293e-01 (9.5293e-01)	Acc pseudo  68.75 ( 68.75)	Lr 1.000e-03 (1.000e-03)
2025-12-24 23:43:15,284 - INFO: Epoch: [2][ 50/301]	Time  0.004 ( 0.014)	Loss 1.0292e+00 (8.2350e-01)	Acc pseudo  75.00 ( 75.92)	Lr 1.000e-03 (1.000e-03)
2025-12-24 23:43:15,481 - INFO: Epoch: [2][100/301]	Time  0.003 ( 0.009)	Loss 9.2880e-01 (8.4354e-01)	Acc pseudo  78.12 ( 75.91)	Lr 1.000e-03 (1.000e-03)
2025-12-24 23:43:15,646 - INFO: Epoch: [2][150/301]	Time  0.003 ( 0.007)	Loss 8.6228e-01 (8.4265e-01)	Acc pseudo  71.88 ( 75.86)	Lr 1.000e-03 (1.000e-03)
2025-12-24 23:43:15,807 - INFO: Epoch: [2][200/301]	Time  0.003 ( 0.006)	Loss 8.8910e-01 (8.4343e-01)	Acc pseudo  70.31 ( 75.93)	Lr 1.000e-03 (1.000e-03)
2025-12-24 23:43:15,969 - INFO: Epoch: [2][250/301]	Time  0.003 ( 0.006)	Loss 6.7032e-01 (8.3818e-01)	Acc pseudo  87.50 ( 75.88)	Lr 1.000e-03 (1.000e-03)
2025-12-24 23:43:16,123 - INFO: Epoch: [2][300/301]	Time  0.003 ( 0.005)	Loss 6.9812e-01 (8.3436e-01)	Acc pseudo  76.00 ( 76.09)	Lr 1.000e-03 (1.000e-03)
2025-12-24 23:43:16,190 - INFO: Round 0, Fine-tune Epoch 2: loss=0.8344, acc(pseudo)=76.09%
2025-12-24 23:43:23,063 - INFO: Round 0, Fine-tune Epoch 2: acc(valid_pseudo): 0.9319, acc: 0.7845
2025-12-24 23:43:27,465 - INFO: Epoch: [3][  0/301]	Time  0.258 ( 0.258)	Loss 5.5880e-01 (5.5880e-01)	Acc pseudo  76.56 ( 76.56)	Lr 1.000e-03 (1.000e-03)
2025-12-24 23:43:27,689 - INFO: Epoch: [3][ 50/301]	Time  0.004 ( 0.009)	Loss 7.0544e-01 (7.8165e-01)	Acc pseudo  78.12 ( 77.18)	Lr 1.000e-03 (1.000e-03)
2025-12-24 23:43:27,884 - INFO: Epoch: [3][100/301]	Time  0.004 ( 0.007)	Loss 9.5283e-01 (7.8070e-01)	Acc pseudo  73.44 ( 77.12)	Lr 1.000e-03 (1.000e-03)
2025-12-24 23:43:28,085 - INFO: Epoch: [3][150/301]	Time  0.004 ( 0.006)	Loss 4.8416e-01 (7.8592e-01)	Acc pseudo  82.81 ( 77.18)	Lr 1.000e-03 (1.000e-03)
2025-12-24 23:43:28,268 - INFO: Epoch: [3][200/301]	Time  0.003 ( 0.005)	Loss 1.0584e+00 (8.0043e-01)	Acc pseudo  78.12 ( 76.94)	Lr 1.000e-03 (1.000e-03)
2025-12-24 23:43:28,449 - INFO: Epoch: [3][250/301]	Time  0.004 ( 0.005)	Loss 9.2228e-01 (8.0011e-01)	Acc pseudo  76.56 ( 76.89)	Lr 1.000e-03 (1.000e-03)
2025-12-24 23:43:28,638 - INFO: Epoch: [3][300/301]	Time  0.003 ( 0.005)	Loss 1.2777e+00 (8.0337e-01)	Acc pseudo  72.00 ( 76.79)	Lr 1.000e-03 (1.000e-03)
2025-12-24 23:43:28,726 - INFO: Round 0, Fine-tune Epoch 3: loss=0.8034, acc(pseudo)=76.79%
2025-12-24 23:43:36,289 - INFO: Round 0, Fine-tune Epoch 3: acc(valid_pseudo): 0.9178, acc: 0.7745
2025-12-24 23:43:36,289 - INFO: Round 0, Speaker Fine-tune Epoch 3: No improvement in validation accuracy. Patience(epoch): 1/3
2025-12-24 23:43:36,694 - INFO: Epoch: [4][  0/301]	Time  0.397 ( 0.397)	Loss 1.1301e+00 (1.1301e+00)	Acc pseudo  67.19 ( 67.19)	Lr 1.000e-03 (1.000e-03)
2025-12-24 23:43:36,910 - INFO: Epoch: [4][ 50/301]	Time  0.004 ( 0.012)	Loss 5.5460e-01 (8.2587e-01)	Acc pseudo  82.81 ( 76.78)	Lr 1.000e-03 (1.000e-03)
2025-12-24 23:43:37,096 - INFO: Epoch: [4][100/301]	Time  0.004 ( 0.008)	Loss 9.9131e-01 (7.9853e-01)	Acc pseudo  81.25 ( 76.62)	Lr 1.000e-03 (1.000e-03)
2025-12-24 23:43:37,279 - INFO: Epoch: [4][150/301]	Time  0.004 ( 0.006)	Loss 7.6776e-01 (7.9329e-01)	Acc pseudo  84.38 ( 76.77)	Lr 1.000e-03 (1.000e-03)
2025-12-24 23:43:37,473 - INFO: Epoch: [4][200/301]	Time  0.003 ( 0.006)	Loss 1.2153e+00 (7.8930e-01)	Acc pseudo  67.19 ( 77.03)	Lr 1.000e-03 (1.000e-03)
2025-12-24 23:43:37,670 - INFO: Epoch: [4][250/301]	Time  0.004 ( 0.005)	Loss 8.5155e-01 (7.8232e-01)	Acc pseudo  75.00 ( 77.28)	Lr 1.000e-03 (1.000e-03)
2025-12-24 23:43:37,851 - INFO: Epoch: [4][300/301]	Time  0.002 ( 0.005)	Loss 4.8391e-01 (7.8439e-01)	Acc pseudo  92.00 ( 77.21)	Lr 1.000e-03 (1.000e-03)
2025-12-24 23:43:37,954 - INFO: Round 0, Fine-tune Epoch 4: loss=0.7844, acc(pseudo)=77.21%
2025-12-24 23:43:45,011 - INFO: Round 0, Fine-tune Epoch 4: acc(valid_pseudo): 0.9503, acc: 0.8250
2025-12-24 23:43:49,456 - INFO: Epoch: [5][  0/301]	Time  0.279 ( 0.279)	Loss 8.7085e-01 (8.7085e-01)	Acc pseudo  75.00 ( 75.00)	Lr 1.000e-03 (1.000e-03)
2025-12-24 23:43:49,642 - INFO: Epoch: [5][ 50/301]	Time  0.003 ( 0.009)	Loss 4.6708e-01 (7.6756e-01)	Acc pseudo  84.38 ( 77.70)	Lr 1.000e-03 (1.000e-03)
2025-12-24 23:43:49,836 - INFO: Epoch: [5][100/301]	Time  0.004 ( 0.006)	Loss 5.4934e-01 (7.5544e-01)	Acc pseudo  78.12 ( 77.83)	Lr 1.000e-03 (1.000e-03)
2025-12-24 23:43:50,035 - INFO: Epoch: [5][150/301]	Time  0.004 ( 0.006)	Loss 7.9466e-01 (7.6687e-01)	Acc pseudo  75.00 ( 77.41)	Lr 1.000e-03 (1.000e-03)
2025-12-24 23:43:50,235 - INFO: Epoch: [5][200/301]	Time  0.004 ( 0.005)	Loss 9.4821e-01 (7.6683e-01)	Acc pseudo  81.25 ( 77.60)	Lr 1.000e-03 (1.000e-03)
2025-12-24 23:43:50,415 - INFO: Epoch: [5][250/301]	Time  0.003 ( 0.005)	Loss 1.0726e+00 (7.6487e-01)	Acc pseudo  68.75 ( 77.41)	Lr 1.000e-03 (1.000e-03)
2025-12-24 23:43:50,578 - INFO: Epoch: [5][300/301]	Time  0.003 ( 0.005)	Loss 4.6949e-01 (7.5484e-01)	Acc pseudo  88.00 ( 77.66)	Lr 1.000e-03 (1.000e-03)
2025-12-24 23:43:50,665 - INFO: Round 0, Fine-tune Epoch 5: loss=0.7548, acc(pseudo)=77.66%
2025-12-24 23:43:59,265 - INFO: Round 0, Fine-tune Epoch 5: acc(valid_pseudo): 0.9111, acc: 0.7555
2025-12-24 23:43:59,266 - INFO: Round 0, Speaker Fine-tune Epoch 5: No improvement in validation accuracy. Patience(epoch): 1/3
2025-12-24 23:43:59,524 - INFO: Epoch: [6][  0/301]	Time  0.253 ( 0.253)	Loss 5.9173e-01 (5.9173e-01)	Acc pseudo  81.25 ( 81.25)	Lr 1.000e-03 (1.000e-03)
2025-12-24 23:43:59,765 - INFO: Epoch: [6][ 50/301]	Time  0.004 ( 0.010)	Loss 6.3571e-01 (6.8570e-01)	Acc pseudo  84.38 ( 79.35)	Lr 1.000e-03 (1.000e-03)
2025-12-24 23:43:59,952 - INFO: Epoch: [6][100/301]	Time  0.004 ( 0.007)	Loss 8.6569e-01 (7.2553e-01)	Acc pseudo  71.88 ( 78.11)	Lr 1.000e-03 (1.000e-03)
2025-12-24 23:44:00,125 - INFO: Epoch: [6][150/301]	Time  0.004 ( 0.006)	Loss 7.6230e-01 (7.3143e-01)	Acc pseudo  78.12 ( 78.06)	Lr 1.000e-03 (1.000e-03)
2025-12-24 23:44:00,311 - INFO: Epoch: [6][200/301]	Time  0.004 ( 0.005)	Loss 6.7232e-01 (7.4554e-01)	Acc pseudo  82.81 ( 77.67)	Lr 1.000e-03 (1.000e-03)
2025-12-24 23:44:00,493 - INFO: Epoch: [6][250/301]	Time  0.004 ( 0.005)	Loss 7.7931e-01 (7.4479e-01)	Acc pseudo  78.12 ( 77.58)	Lr 1.000e-03 (1.000e-03)
2025-12-24 23:44:00,680 - INFO: Epoch: [6][300/301]	Time  0.003 ( 0.005)	Loss 9.0631e-01 (7.4418e-01)	Acc pseudo  68.00 ( 77.49)	Lr 1.000e-03 (1.000e-03)
2025-12-24 23:44:00,774 - INFO: Round 0, Fine-tune Epoch 6: loss=0.7442, acc(pseudo)=77.49%
2025-12-24 23:44:09,268 - INFO: Round 0, Fine-tune Epoch 6: acc(valid_pseudo): 0.9547, acc: 0.7755
2025-12-24 23:44:16,017 - INFO: Epoch: [7][  0/301]	Time  0.378 ( 0.378)	Loss 5.0281e-01 (5.0281e-01)	Acc pseudo  82.81 ( 82.81)	Lr 1.000e-03 (1.000e-03)
2025-12-24 23:44:16,413 - INFO: Epoch: [7][ 50/301]	Time  0.004 ( 0.015)	Loss 1.2440e+00 (6.6620e-01)	Acc pseudo  70.31 ( 79.81)	Lr 1.000e-03 (1.000e-03)
2025-12-24 23:44:16,622 - INFO: Epoch: [7][100/301]	Time  0.003 ( 0.010)	Loss 5.9785e-01 (7.0164e-01)	Acc pseudo  78.12 ( 78.79)	Lr 1.000e-03 (1.000e-03)
2025-12-24 23:44:16,820 - INFO: Epoch: [7][150/301]	Time  0.004 ( 0.008)	Loss 5.9962e-01 (7.0836e-01)	Acc pseudo  81.25 ( 78.57)	Lr 1.000e-03 (1.000e-03)
2025-12-24 23:44:17,023 - INFO: Epoch: [7][200/301]	Time  0.004 ( 0.007)	Loss 7.7145e-01 (7.1315e-01)	Acc pseudo  78.12 ( 78.45)	Lr 1.000e-03 (1.000e-03)
2025-12-24 23:44:17,223 - INFO: Epoch: [7][250/301]	Time  0.004 ( 0.006)	Loss 7.3922e-01 (7.1186e-01)	Acc pseudo  76.56 ( 78.62)	Lr 1.000e-03 (1.000e-03)
2025-12-24 23:44:17,399 - INFO: Epoch: [7][300/301]	Time  0.002 ( 0.006)	Loss 6.5643e-01 (7.2082e-01)	Acc pseudo  64.00 ( 78.40)	Lr 1.000e-03 (1.000e-03)
2025-12-24 23:44:17,484 - INFO: Round 0, Fine-tune Epoch 7: loss=0.7208, acc(pseudo)=78.40%
2025-12-24 23:44:26,479 - INFO: Round 0, Fine-tune Epoch 7: acc(valid_pseudo): 0.8968, acc: 0.7405
2025-12-24 23:44:26,479 - INFO: Round 0, Speaker Fine-tune Epoch 7: No improvement in validation accuracy. Patience(epoch): 1/3
2025-12-24 23:44:26,479 - INFO: Early stopping at epoch 7 due to significant drop in pseudo-label validation accuracy: 0.9547 -> 0.8968.
2025-12-24 23:44:26,481 - INFO: Round 0: Best speaker fine-tuned epoch=6, acc(valid_pseudo)=0.9547
2025-12-24 23:44:26,486 - INFO: Fine-tuning face embedding model for 20 epochs...
2025-12-24 23:44:27,178 - INFO: Epoch: [0][  0/433]	Time  0.689 ( 0.689)	Loss 5.1523e-01 (5.1523e-01)	Acc pseudo  85.94 ( 85.94)	Lr 1.000e-03 (1.000e-03)
2025-12-24 23:44:32,588 - INFO: Epoch: [0][ 50/433]	Time  0.031 ( 0.058)	Loss 1.9074e+00 (1.6036e+00)	Acc pseudo  68.75 ( 68.47)	Lr 1.000e-03 (1.000e-03)
2025-12-24 23:44:37,288 - INFO: Epoch: [0][100/433]	Time  0.032 ( 0.044)	Loss 6.9372e-01 (1.3418e+00)	Acc pseudo  78.12 ( 71.80)	Lr 1.000e-03 (1.000e-03)
2025-12-24 23:44:42,005 - INFO: Epoch: [0][150/433]	Time  0.032 ( 0.040)	Loss 8.9432e-01 (1.1831e+00)	Acc pseudo  73.44 ( 73.43)	Lr 1.000e-03 (1.000e-03)
2025-12-24 23:44:46,761 - INFO: Epoch: [0][200/433]	Time  0.043 ( 0.040)	Loss 9.3984e-01 (1.0825e+00)	Acc pseudo  73.44 ( 74.61)	Lr 1.000e-03 (1.000e-03)
2025-12-24 23:44:51,496 - INFO: Epoch: [0][250/433]	Time  0.053 ( 0.040)	Loss 4.4999e-01 (1.0088e+00)	Acc pseudo  84.38 ( 75.72)	Lr 1.000e-03 (1.000e-03)
2025-12-24 23:44:56,232 - INFO: Epoch: [0][300/433]	Time  0.042 ( 0.040)	Loss 4.0807e-01 (9.5045e-01)	Acc pseudo  87.50 ( 76.79)	Lr 1.000e-03 (1.000e-03)
2025-12-24 23:45:00,973 - INFO: Epoch: [0][350/433]	Time  0.032 ( 0.040)	Loss 7.0030e-01 (9.0918e-01)	Acc pseudo  76.56 ( 77.27)	Lr 1.000e-03 (1.000e-03)
2025-12-24 23:45:05,713 - INFO: Epoch: [0][400/433]	Time  0.032 ( 0.040)	Loss 5.3031e-01 (8.7670e-01)	Acc pseudo  81.25 ( 77.84)	Lr 1.000e-03 (1.000e-03)
2025-12-24 23:45:08,799 - INFO: Round 0, Face Fine-tune Epoch 0: loss=0.8580, acc(pseudo)=78.15%
2025-12-24 23:46:13,697 - INFO: Round 0, Face Fine-tune Epoch 0: acc(valid_pseudo): 0.9377, acc: 0.8014
2025-12-24 23:46:14,886 - INFO: Epoch: [1][  0/433]	Time  0.598 ( 0.598)	Loss 4.1623e-01 (4.1623e-01)	Acc pseudo  85.94 ( 85.94)	Lr 1.000e-03 (1.000e-03)
2025-12-24 23:46:19,767 - INFO: Epoch: [1][ 50/433]	Time  0.032 ( 0.053)	Loss 3.8414e-01 (4.7717e-01)	Acc pseudo  84.38 ( 84.16)	Lr 1.000e-03 (1.000e-03)
2025-12-24 23:46:24,513 - INFO: Epoch: [1][100/433]	Time  0.038 ( 0.045)	Loss 7.9661e-01 (4.6128e-01)	Acc pseudo  81.25 ( 85.33)	Lr 1.000e-03 (1.000e-03)
2025-12-24 23:46:29,262 - INFO: Epoch: [1][150/433]	Time  0.030 ( 0.042)	Loss 7.9883e-01 (4.5240e-01)	Acc pseudo  79.69 ( 85.51)	Lr 1.000e-03 (1.000e-03)
2025-12-24 23:46:34,017 - INFO: Epoch: [1][200/433]	Time  0.036 ( 0.041)	Loss 2.4296e-01 (4.4489e-01)	Acc pseudo  92.19 ( 85.81)	Lr 1.000e-03 (1.000e-03)
2025-12-24 23:46:38,776 - INFO: Epoch: [1][250/433]	Time  0.038 ( 0.040)	Loss 6.0536e-01 (4.3420e-01)	Acc pseudo  87.50 ( 85.94)	Lr 1.000e-03 (1.000e-03)
2025-12-24 23:46:43,527 - INFO: Epoch: [1][300/433]	Time  0.030 ( 0.039)	Loss 3.3204e-01 (4.3580e-01)	Acc pseudo  87.50 ( 85.95)	Lr 1.000e-03 (1.000e-03)
2025-12-24 23:46:48,275 - INFO: Epoch: [1][350/433]	Time  0.029 ( 0.037)	Loss 2.8357e-01 (4.3810e-01)	Acc pseudo  89.06 ( 85.91)	Lr 1.000e-03 (1.000e-03)
2025-12-24 23:46:53,021 - INFO: Epoch: [1][400/433]	Time  0.028 ( 0.036)	Loss 2.3127e-01 (4.3900e-01)	Acc pseudo  92.19 ( 85.90)	Lr 1.000e-03 (1.000e-03)
2025-12-24 23:46:56,110 - INFO: Round 0, Face Fine-tune Epoch 1: loss=0.4348, acc(pseudo)=86.01%
2025-12-24 23:47:57,528 - INFO: Round 0, Face Fine-tune Epoch 1: acc(valid_pseudo): 0.9611, acc: 0.8092
2025-12-24 23:47:58,263 - INFO: Epoch: [2][  0/433]	Time  0.482 ( 0.482)	Loss 2.0545e-01 (2.0545e-01)	Acc pseudo  92.19 ( 92.19)	Lr 1.000e-03 (1.000e-03)
2025-12-24 23:48:03,000 - INFO: Epoch: [2][ 50/433]	Time  0.034 ( 0.039)	Loss 1.6907e-01 (3.3965e-01)	Acc pseudo  92.19 ( 88.27)	Lr 1.000e-03 (1.000e-03)
2025-12-24 23:48:07,748 - INFO: Epoch: [2][100/433]	Time  0.030 ( 0.035)	Loss 4.5509e-01 (3.4625e-01)	Acc pseudo  82.81 ( 88.58)	Lr 1.000e-03 (1.000e-03)
2025-12-24 23:48:12,505 - INFO: Epoch: [2][150/433]	Time  0.030 ( 0.034)	Loss 4.1506e-01 (3.5328e-01)	Acc pseudo  87.50 ( 88.67)	Lr 1.000e-03 (1.000e-03)
2025-12-24 23:48:17,267 - INFO: Epoch: [2][200/433]	Time  0.030 ( 0.033)	Loss 3.1280e-01 (3.6574e-01)	Acc pseudo  85.94 ( 88.23)	Lr 1.000e-03 (1.000e-03)
2025-12-24 23:48:22,031 - INFO: Epoch: [2][250/433]	Time  0.030 ( 0.034)	Loss 4.5729e-01 (3.7017e-01)	Acc pseudo  92.19 ( 88.04)	Lr 1.000e-03 (1.000e-03)
2025-12-24 23:48:26,792 - INFO: Epoch: [2][300/433]	Time  0.029 ( 0.033)	Loss 4.4965e-01 (3.7983e-01)	Acc pseudo  87.50 ( 87.81)	Lr 1.000e-03 (1.000e-03)
2025-12-24 23:48:31,547 - INFO: Epoch: [2][350/433]	Time  0.029 ( 0.033)	Loss 6.3665e-01 (3.8519e-01)	Acc pseudo  84.38 ( 87.67)	Lr 1.000e-03 (1.000e-03)
2025-12-24 23:48:36,299 - INFO: Epoch: [2][400/433]	Time  0.031 ( 0.033)	Loss 6.0412e-01 (3.8630e-01)	Acc pseudo  79.69 ( 87.69)	Lr 1.000e-03 (1.000e-03)
2025-12-24 23:48:39,402 - INFO: Round 0, Face Fine-tune Epoch 2: loss=0.3899, acc(pseudo)=87.56%
2025-12-24 23:49:44,913 - INFO: Round 0, Face Fine-tune Epoch 2: acc(valid_pseudo): 0.9673, acc: 0.8267
2025-12-24 23:49:45,853 - INFO: Epoch: [3][  0/433]	Time  0.487 ( 0.487)	Loss 3.2694e-01 (3.2694e-01)	Acc pseudo  87.50 ( 87.50)	Lr 1.000e-03 (1.000e-03)
2025-12-24 23:49:50,623 - INFO: Epoch: [3][ 50/433]	Time  0.037 ( 0.049)	Loss 2.6107e-01 (3.0174e-01)	Acc pseudo  87.50 ( 89.31)	Lr 1.000e-03 (1.000e-03)
2025-12-24 23:49:55,377 - INFO: Epoch: [3][100/433]	Time  0.038 ( 0.043)	Loss 1.4901e-01 (3.0404e-01)	Acc pseudo  95.31 ( 89.59)	Lr 1.000e-03 (1.000e-03)
2025-12-24 23:50:00,135 - INFO: Epoch: [3][150/433]	Time  0.036 ( 0.041)	Loss 4.5679e-01 (3.1042e-01)	Acc pseudo  81.25 ( 89.45)	Lr 1.000e-03 (1.000e-03)
2025-12-24 23:50:04,900 - INFO: Epoch: [3][200/433]	Time  0.036 ( 0.040)	Loss 4.0540e-01 (3.0975e-01)	Acc pseudo  84.38 ( 89.40)	Lr 1.000e-03 (1.000e-03)
2025-12-24 23:50:09,665 - INFO: Epoch: [3][250/433]	Time  0.031 ( 0.039)	Loss 2.5210e-01 (3.2209e-01)	Acc pseudo  89.06 ( 89.26)	Lr 1.000e-03 (1.000e-03)
2025-12-24 23:50:14,423 - INFO: Epoch: [3][300/433]	Time  0.030 ( 0.038)	Loss 3.8896e-01 (3.2918e-01)	Acc pseudo  82.81 ( 88.92)	Lr 1.000e-03 (1.000e-03)
2025-12-24 23:50:19,189 - INFO: Epoch: [3][350/433]	Time  0.035 ( 0.038)	Loss 5.4927e-01 (3.3056e-01)	Acc pseudo  87.50 ( 88.89)	Lr 1.000e-03 (1.000e-03)
2025-12-24 23:50:23,956 - INFO: Epoch: [3][400/433]	Time  0.036 ( 0.038)	Loss 5.1070e-01 (3.3494e-01)	Acc pseudo  82.81 ( 88.82)	Lr 1.000e-03 (1.000e-03)
2025-12-24 23:50:27,066 - INFO: Round 0, Face Fine-tune Epoch 3: loss=0.3355, acc(pseudo)=88.76%
2025-12-24 23:51:29,901 - INFO: Round 0, Face Fine-tune Epoch 3: acc(valid_pseudo): 0.9747, acc: 0.8169
2025-12-24 23:51:30,705 - INFO: Epoch: [4][  0/433]	Time  0.542 ( 0.542)	Loss 2.1813e-01 (2.1813e-01)	Acc pseudo  92.19 ( 92.19)	Lr 1.000e-03 (1.000e-03)
2025-12-24 23:51:35,466 - INFO: Epoch: [4][ 50/433]	Time  0.037 ( 0.051)	Loss 1.3333e-01 (2.7110e-01)	Acc pseudo  98.44 ( 90.44)	Lr 1.000e-03 (1.000e-03)
2025-12-24 23:51:40,220 - INFO: Epoch: [4][100/433]	Time  0.031 ( 0.043)	Loss 1.9806e-01 (2.7281e-01)	Acc pseudo  95.31 ( 90.47)	Lr 1.000e-03 (1.000e-03)
2025-12-24 23:51:44,988 - INFO: Epoch: [4][150/433]	Time  0.029 ( 0.041)	Loss 2.1172e-01 (2.7812e-01)	Acc pseudo  92.19 ( 90.32)	Lr 1.000e-03 (1.000e-03)
2025-12-24 23:51:50,075 - INFO: Epoch: [4][200/433]	Time  0.028 ( 0.040)	Loss 4.7730e-01 (2.8591e-01)	Acc pseudo  79.69 ( 90.18)	Lr 1.000e-03 (1.000e-03)
2025-12-24 23:51:54,824 - INFO: Epoch: [4][250/433]	Time  0.029 ( 0.038)	Loss 5.0355e-01 (2.9702e-01)	Acc pseudo  82.81 ( 89.78)	Lr 1.000e-03 (1.000e-03)
2025-12-24 23:51:59,574 - INFO: Epoch: [4][300/433]	Time  0.029 ( 0.036)	Loss 2.6703e-01 (3.0114e-01)	Acc pseudo  87.50 ( 89.53)	Lr 1.000e-03 (1.000e-03)
2025-12-24 23:52:04,330 - INFO: Epoch: [4][350/433]	Time  0.031 ( 0.036)	Loss 2.1856e-01 (3.0185e-01)	Acc pseudo  89.06 ( 89.57)	Lr 1.000e-03 (1.000e-03)
2025-12-24 23:52:09,095 - INFO: Epoch: [4][400/433]	Time  0.048 ( 0.036)	Loss 4.2495e-01 (3.0057e-01)	Acc pseudo  92.19 ( 89.61)	Lr 1.000e-03 (1.000e-03)
2025-12-24 23:52:12,259 - INFO: Round 0, Face Fine-tune Epoch 4: loss=0.3022, acc(pseudo)=89.57%
2025-12-24 23:53:15,916 - INFO: Round 0, Face Fine-tune Epoch 4: acc(valid_pseudo): 0.9775, acc: 0.8238
2025-12-24 23:53:16,727 - INFO: Epoch: [5][  0/433]	Time  0.547 ( 0.547)	Loss 1.7102e-01 (1.7102e-01)	Acc pseudo  90.62 ( 90.62)	Lr 1.000e-03 (1.000e-03)
2025-12-24 23:53:21,494 - INFO: Epoch: [5][ 50/433]	Time  0.048 ( 0.050)	Loss 2.8981e-01 (2.6573e-01)	Acc pseudo  90.62 ( 90.99)	Lr 1.000e-03 (1.000e-03)
2025-12-24 23:53:26,255 - INFO: Epoch: [5][100/433]	Time  0.034 ( 0.043)	Loss 1.3426e-01 (2.8187e-01)	Acc pseudo  90.62 ( 90.56)	Lr 1.000e-03 (1.000e-03)
2025-12-24 23:53:31,006 - INFO: Epoch: [5][150/433]	Time  0.029 ( 0.038)	Loss 3.2847e-01 (2.8510e-01)	Acc pseudo  90.62 ( 90.49)	Lr 1.000e-03 (1.000e-03)
2025-12-24 23:53:35,764 - INFO: Epoch: [5][200/433]	Time  0.043 ( 0.038)	Loss 4.0495e-01 (2.8761e-01)	Acc pseudo  87.50 ( 90.33)	Lr 1.000e-03 (1.000e-03)
2025-12-24 23:53:40,533 - INFO: Epoch: [5][250/433]	Time  0.029 ( 0.038)	Loss 4.8573e-01 (2.8707e-01)	Acc pseudo  89.06 ( 90.32)	Lr 1.000e-03 (1.000e-03)
2025-12-24 23:53:45,300 - INFO: Epoch: [5][300/433]	Time  0.038 ( 0.038)	Loss 4.8771e-01 (2.8818e-01)	Acc pseudo  87.50 ( 90.27)	Lr 1.000e-03 (1.000e-03)
2025-12-24 23:53:50,068 - INFO: Epoch: [5][350/433]	Time  0.038 ( 0.038)	Loss 3.3503e-01 (2.8629e-01)	Acc pseudo  84.38 ( 90.34)	Lr 1.000e-03 (1.000e-03)
2025-12-24 23:53:54,835 - INFO: Epoch: [5][400/433]	Time  0.036 ( 0.038)	Loss 2.8892e-01 (2.8688e-01)	Acc pseudo  92.19 ( 90.32)	Lr 1.000e-03 (1.000e-03)
2025-12-24 23:53:57,974 - INFO: Round 0, Face Fine-tune Epoch 5: loss=0.2868, acc(pseudo)=90.29%
2025-12-24 23:55:02,222 - INFO: Round 0, Face Fine-tune Epoch 5: acc(valid_pseudo): 0.9797, acc: 0.8257
2025-12-24 23:55:03,072 - INFO: Epoch: [6][  0/433]	Time  0.561 ( 0.561)	Loss 2.8562e-01 (2.8562e-01)	Acc pseudo  87.50 ( 87.50)	Lr 1.000e-03 (1.000e-03)
2025-12-24 23:55:08,056 - INFO: Epoch: [6][ 50/433]	Time  0.029 ( 0.051)	Loss 2.3333e-01 (2.3792e-01)	Acc pseudo  89.06 ( 91.12)	Lr 1.000e-03 (1.000e-03)
2025-12-24 23:55:12,799 - INFO: Epoch: [6][100/433]	Time  0.029 ( 0.040)	Loss 3.0867e-01 (2.4285e-01)	Acc pseudo  90.62 ( 91.09)	Lr 1.000e-03 (1.000e-03)
2025-12-24 23:55:17,549 - INFO: Epoch: [6][150/433]	Time  0.052 ( 0.038)	Loss 1.9137e-01 (2.5412e-01)	Acc pseudo  89.06 ( 90.94)	Lr 1.000e-03 (1.000e-03)
2025-12-24 23:55:22,315 - INFO: Epoch: [6][200/433]	Time  0.032 ( 0.038)	Loss 1.7587e-01 (2.6003e-01)	Acc pseudo  96.88 ( 90.85)	Lr 1.000e-03 (1.000e-03)
2025-12-24 23:55:27,079 - INFO: Epoch: [6][250/433]	Time  0.055 ( 0.037)	Loss 2.1283e-01 (2.6632e-01)	Acc pseudo  92.19 ( 90.85)	Lr 1.000e-03 (1.000e-03)
2025-12-24 23:55:31,853 - INFO: Epoch: [6][300/433]	Time  0.034 ( 0.037)	Loss 2.2576e-01 (2.7238e-01)	Acc pseudo  89.06 ( 90.76)	Lr 1.000e-03 (1.000e-03)
2025-12-24 23:55:36,630 - INFO: Epoch: [6][350/433]	Time  0.048 ( 0.038)	Loss 1.9278e-01 (2.7837e-01)	Acc pseudo  90.62 ( 90.55)	Lr 1.000e-03 (1.000e-03)
2025-12-24 23:55:41,405 - INFO: Epoch: [6][400/433]	Time  0.060 ( 0.039)	Loss 2.6730e-01 (2.8465e-01)	Acc pseudo  89.06 ( 90.30)	Lr 1.000e-03 (1.000e-03)
2025-12-24 23:55:44,537 - INFO: Round 0, Face Fine-tune Epoch 6: loss=0.2842, acc(pseudo)=90.31%
2025-12-24 23:56:48,712 - INFO: Round 0, Face Fine-tune Epoch 6: acc(valid_pseudo): 0.9797, acc: 0.8238
2025-12-24 23:56:48,716 - INFO: Round 0, Face Fine-tune Epoch 6: No improvement. Patience(epoch): 1/3
2025-12-24 23:56:49,377 - INFO: Epoch: [7][  0/433]	Time  0.627 ( 0.627)	Loss 7.6023e-02 (7.6023e-02)	Acc pseudo  98.44 ( 98.44)	Lr 1.000e-03 (1.000e-03)
2025-12-24 23:56:54,128 - INFO: Epoch: [7][ 50/433]	Time  0.029 ( 0.045)	Loss 4.3193e-01 (2.7346e-01)	Acc pseudo  87.50 ( 90.93)	Lr 1.000e-03 (1.000e-03)
2025-12-24 23:56:58,867 - INFO: Epoch: [7][100/433]	Time  0.028 ( 0.037)	Loss 3.5319e-01 (2.7102e-01)	Acc pseudo  84.38 ( 90.97)	Lr 1.000e-03 (1.000e-03)
2025-12-24 23:57:03,614 - INFO: Epoch: [7][150/433]	Time  0.033 ( 0.035)	Loss 5.5215e-01 (2.8177e-01)	Acc pseudo  89.06 ( 90.65)	Lr 1.000e-03 (1.000e-03)
2025-12-24 23:57:08,378 - INFO: Epoch: [7][200/433]	Time  0.031 ( 0.035)	Loss 1.3007e-01 (2.7825e-01)	Acc pseudo  98.44 ( 90.70)	Lr 1.000e-03 (1.000e-03)
2025-12-24 23:57:13,142 - INFO: Epoch: [7][250/433]	Time  0.047 ( 0.035)	Loss 5.4330e-01 (2.7600e-01)	Acc pseudo  85.94 ( 90.63)	Lr 1.000e-03 (1.000e-03)
2025-12-24 23:57:17,913 - INFO: Epoch: [7][300/433]	Time  0.051 ( 0.036)	Loss 3.8024e-01 (2.7388e-01)	Acc pseudo  89.06 ( 90.70)	Lr 1.000e-03 (1.000e-03)
2025-12-24 23:57:22,688 - INFO: Epoch: [7][350/433]	Time  0.035 ( 0.037)	Loss 2.9751e-01 (2.6715e-01)	Acc pseudo  89.06 ( 90.75)	Lr 1.000e-03 (1.000e-03)
2025-12-24 23:57:27,455 - INFO: Epoch: [7][400/433]	Time  0.027 ( 0.036)	Loss 2.7895e-01 (2.7332e-01)	Acc pseudo  92.19 ( 90.64)	Lr 1.000e-03 (1.000e-03)
2025-12-24 23:57:30,556 - INFO: Round 0, Face Fine-tune Epoch 7: loss=0.2759, acc(pseudo)=90.65%
2025-12-24 23:58:33,221 - INFO: Round 0, Face Fine-tune Epoch 7: acc(valid_pseudo): 0.9767, acc: 0.8247
2025-12-24 23:58:33,222 - INFO: Round 0, Face Fine-tune Epoch 7: No improvement. Patience(epoch): 2/3
2025-12-24 23:58:33,786 - INFO: Epoch: [8][  0/433]	Time  0.512 ( 0.512)	Loss 2.0837e-01 (2.0837e-01)	Acc pseudo  89.06 ( 89.06)	Lr 1.000e-03 (1.000e-03)
2025-12-24 23:58:38,538 - INFO: Epoch: [8][ 50/433]	Time  0.032 ( 0.046)	Loss 2.8093e-01 (2.3651e-01)	Acc pseudo  92.19 ( 91.12)	Lr 1.000e-03 (1.000e-03)
2025-12-24 23:58:43,291 - INFO: Epoch: [8][100/433]	Time  0.033 ( 0.039)	Loss 2.0272e-01 (2.6757e-01)	Acc pseudo  92.19 ( 90.72)	Lr 1.000e-03 (1.000e-03)
2025-12-24 23:58:48,048 - INFO: Epoch: [8][150/433]	Time  0.029 ( 0.037)	Loss 2.8345e-01 (2.6692e-01)	Acc pseudo  93.75 ( 90.53)	Lr 1.000e-03 (1.000e-03)
2025-12-24 23:58:52,796 - INFO: Epoch: [8][200/433]	Time  0.027 ( 0.034)	Loss 2.1410e-01 (2.6392e-01)	Acc pseudo  90.62 ( 90.62)	Lr 1.000e-03 (1.000e-03)
2025-12-24 23:58:57,549 - INFO: Epoch: [8][250/433]	Time  0.028 ( 0.033)	Loss 2.9350e-01 (2.6279e-01)	Acc pseudo  87.50 ( 90.70)	Lr 1.000e-03 (1.000e-03)
2025-12-24 23:59:02,310 - INFO: Epoch: [8][300/433]	Time  0.050 ( 0.034)	Loss 1.3527e-01 (2.6159e-01)	Acc pseudo  93.75 ( 90.79)	Lr 1.000e-03 (1.000e-03)
2025-12-24 23:59:07,127 - INFO: Epoch: [8][350/433]	Time  0.032 ( 0.034)	Loss 1.6675e-01 (2.6113e-01)	Acc pseudo  93.75 ( 90.92)	Lr 1.000e-03 (1.000e-03)
2025-12-24 23:59:11,895 - INFO: Epoch: [8][400/433]	Time  0.043 ( 0.034)	Loss 1.1756e-01 (2.6208e-01)	Acc pseudo  95.31 ( 90.89)	Lr 1.000e-03 (1.000e-03)
2025-12-24 23:59:15,051 - INFO: Round 0, Face Fine-tune Epoch 8: loss=0.2582, acc(pseudo)=91.01%
2025-12-25 00:00:20,804 - INFO: Round 0, Face Fine-tune Epoch 8: acc(valid_pseudo): 0.9834, acc: 0.8306
2025-12-25 00:00:21,627 - INFO: Epoch: [9][  0/433]	Time  0.535 ( 0.535)	Loss 8.1003e-02 (8.1003e-02)	Acc pseudo  95.31 ( 95.31)	Lr 1.000e-03 (1.000e-03)
2025-12-25 00:00:26,381 - INFO: Epoch: [9][ 50/433]	Time  0.033 ( 0.049)	Loss 7.7038e-02 (2.2277e-01)	Acc pseudo  96.88 ( 92.13)	Lr 1.000e-03 (1.000e-03)
2025-12-25 00:00:31,141 - INFO: Epoch: [9][100/433]	Time  0.044 ( 0.044)	Loss 1.5523e-01 (2.2907e-01)	Acc pseudo  89.06 ( 91.99)	Lr 1.000e-03 (1.000e-03)
2025-12-25 00:00:35,906 - INFO: Epoch: [9][150/433]	Time  0.035 ( 0.046)	Loss 1.5780e-01 (2.3859e-01)	Acc pseudo  93.75 ( 91.81)	Lr 1.000e-03 (1.000e-03)
2025-12-25 00:00:40,658 - INFO: Epoch: [9][200/433]	Time  0.030 ( 0.042)	Loss 1.6113e-01 (2.3453e-01)	Acc pseudo  93.75 ( 91.85)	Lr 1.000e-03 (1.000e-03)
2025-12-25 00:00:45,422 - INFO: Epoch: [9][250/433]	Time  0.031 ( 0.040)	Loss 2.9329e-01 (2.3496e-01)	Acc pseudo  89.06 ( 91.75)	Lr 1.000e-03 (1.000e-03)
2025-12-25 00:00:50,191 - INFO: Epoch: [9][300/433]	Time  0.039 ( 0.040)	Loss 1.7672e-01 (2.3702e-01)	Acc pseudo  92.19 ( 91.65)	Lr 1.000e-03 (1.000e-03)
2025-12-25 00:00:54,956 - INFO: Epoch: [9][350/433]	Time  0.030 ( 0.039)	Loss 2.3349e-01 (2.3920e-01)	Acc pseudo  87.50 ( 91.49)	Lr 1.000e-03 (1.000e-03)
2025-12-25 00:00:59,718 - INFO: Epoch: [9][400/433]	Time  0.037 ( 0.038)	Loss 2.1471e-01 (2.4205e-01)	Acc pseudo  89.06 ( 91.45)	Lr 1.000e-03 (1.000e-03)
2025-12-25 00:01:02,862 - INFO: Round 0, Face Fine-tune Epoch 9: loss=0.2423, acc(pseudo)=91.41%
2025-12-25 00:02:06,039 - INFO: Round 0, Face Fine-tune Epoch 9: acc(valid_pseudo): 0.9876, acc: 0.8403
2025-12-25 00:02:07,054 - INFO: Epoch: [10][  0/433]	Time  0.510 ( 0.510)	Loss 1.6284e-01 (1.6284e-01)	Acc pseudo  96.88 ( 96.88)	Lr 1.000e-03 (1.000e-03)
2025-12-25 00:02:11,805 - INFO: Epoch: [10][ 50/433]	Time  0.047 ( 0.045)	Loss 2.3324e-01 (2.2126e-01)	Acc pseudo  90.62 ( 91.73)	Lr 1.000e-03 (1.000e-03)
2025-12-25 00:02:16,562 - INFO: Epoch: [10][100/433]	Time  0.031 ( 0.041)	Loss 9.9600e-02 (2.2978e-01)	Acc pseudo  98.44 ( 91.72)	Lr 1.000e-03 (1.000e-03)
2025-12-25 00:02:21,319 - INFO: Epoch: [10][150/433]	Time  0.031 ( 0.038)	Loss 3.1505e-01 (2.3237e-01)	Acc pseudo  92.19 ( 91.96)	Lr 1.000e-03 (1.000e-03)
2025-12-25 00:02:26,078 - INFO: Epoch: [10][200/433]	Time  0.039 ( 0.037)	Loss 1.5148e-01 (2.4408e-01)	Acc pseudo  95.31 ( 91.82)	Lr 1.000e-03 (1.000e-03)
2025-12-25 00:02:30,851 - INFO: Epoch: [10][250/433]	Time  0.030 ( 0.037)	Loss 3.5160e-01 (2.4830e-01)	Acc pseudo  90.62 ( 91.61)	Lr 1.000e-03 (1.000e-03)
2025-12-25 00:02:35,605 - INFO: Epoch: [10][300/433]	Time  0.031 ( 0.035)	Loss 3.3996e-01 (2.5113e-01)	Acc pseudo  90.62 ( 91.51)	Lr 1.000e-03 (1.000e-03)
2025-12-25 00:02:40,356 - INFO: Epoch: [10][350/433]	Time  0.029 ( 0.034)	Loss 2.4608e-01 (2.4737e-01)	Acc pseudo  92.19 ( 91.58)	Lr 1.000e-03 (1.000e-03)
2025-12-25 00:02:45,121 - INFO: Epoch: [10][400/433]	Time  0.041 ( 0.035)	Loss 1.1635e-01 (2.4674e-01)	Acc pseudo  98.44 ( 91.56)	Lr 1.000e-03 (1.000e-03)
2025-12-25 00:02:48,298 - INFO: Round 0, Face Fine-tune Epoch 10: loss=0.2472, acc(pseudo)=91.58%
2025-12-25 00:03:50,705 - INFO: Round 0, Face Fine-tune Epoch 10: acc(valid_pseudo): 0.9859, acc: 0.8374
2025-12-25 00:03:50,705 - INFO: Round 0, Face Fine-tune Epoch 10: No improvement. Patience(epoch): 1/3
2025-12-25 00:03:51,307 - INFO: Epoch: [11][  0/433]	Time  0.557 ( 0.557)	Loss 2.8458e-01 (2.8458e-01)	Acc pseudo  85.94 ( 85.94)	Lr 1.000e-03 (1.000e-03)
2025-12-25 00:03:56,059 - INFO: Epoch: [11][ 50/433]	Time  0.032 ( 0.045)	Loss 2.0634e-01 (2.3914e-01)	Acc pseudo  95.31 ( 91.91)	Lr 1.000e-03 (1.000e-03)
2025-12-25 00:04:00,821 - INFO: Epoch: [11][100/433]	Time  0.034 ( 0.040)	Loss 2.8064e-01 (2.2061e-01)	Acc pseudo  95.31 ( 92.26)	Lr 1.000e-03 (1.000e-03)
2025-12-25 00:04:05,584 - INFO: Epoch: [11][150/433]	Time  0.034 ( 0.037)	Loss 2.8914e-01 (2.3587e-01)	Acc pseudo  90.62 ( 91.89)	Lr 1.000e-03 (1.000e-03)
2025-12-25 00:04:10,348 - INFO: Epoch: [11][200/433]	Time  0.035 ( 0.036)	Loss 2.4780e-01 (2.3675e-01)	Acc pseudo  90.62 ( 91.81)	Lr 1.000e-03 (1.000e-03)
2025-12-25 00:04:15,102 - INFO: Epoch: [11][250/433]	Time  0.029 ( 0.035)	Loss 1.6729e-01 (2.3665e-01)	Acc pseudo  90.62 ( 91.85)	Lr 1.000e-03 (1.000e-03)
2025-12-25 00:04:19,856 - INFO: Epoch: [11][300/433]	Time  0.029 ( 0.034)	Loss 4.9059e-01 (2.3896e-01)	Acc pseudo  85.94 ( 91.84)	Lr 1.000e-03 (1.000e-03)
2025-12-25 00:04:24,611 - INFO: Epoch: [11][350/433]	Time  0.030 ( 0.034)	Loss 2.3521e-01 (2.4208e-01)	Acc pseudo  92.19 ( 91.68)	Lr 1.000e-03 (1.000e-03)
2025-12-25 00:04:29,372 - INFO: Epoch: [11][400/433]	Time  0.040 ( 0.034)	Loss 3.2467e-01 (2.3908e-01)	Acc pseudo  85.94 ( 91.75)	Lr 1.000e-03 (1.000e-03)
2025-12-25 00:04:32,589 - INFO: Round 0, Face Fine-tune Epoch 11: loss=0.2381, acc(pseudo)=91.75%
2025-12-25 00:05:37,455 - INFO: Round 0, Face Fine-tune Epoch 11: acc(valid_pseudo): 0.9878, acc: 0.8393
2025-12-25 00:05:38,553 - INFO: Epoch: [12][  0/433]	Time  0.569 ( 0.569)	Loss 3.3366e-01 (3.3366e-01)	Acc pseudo  85.94 ( 85.94)	Lr 1.000e-03 (1.000e-03)
2025-12-25 00:05:43,317 - INFO: Epoch: [12][ 50/433]	Time  0.056 ( 0.053)	Loss 1.4362e-01 (1.9913e-01)	Acc pseudo  93.75 ( 92.49)	Lr 1.000e-03 (1.000e-03)
2025-12-25 00:05:48,059 - INFO: Epoch: [12][100/433]	Time  0.029 ( 0.042)	Loss 2.4859e-01 (1.9800e-01)	Acc pseudo  89.06 ( 92.78)	Lr 1.000e-03 (1.000e-03)
2025-12-25 00:05:52,806 - INFO: Epoch: [12][150/433]	Time  0.031 ( 0.038)	Loss 1.4188e-01 (1.9994e-01)	Acc pseudo  96.88 ( 93.02)	Lr 1.000e-03 (1.000e-03)
2025-12-25 00:05:57,557 - INFO: Epoch: [12][200/433]	Time  0.051 ( 0.037)	Loss 2.3281e-01 (2.1542e-01)	Acc pseudo  90.62 ( 92.53)	Lr 1.000e-03 (1.000e-03)
2025-12-25 00:06:02,329 - INFO: Epoch: [12][250/433]	Time  0.032 ( 0.038)	Loss 2.0588e-01 (2.1750e-01)	Acc pseudo  95.31 ( 92.52)	Lr 1.000e-03 (1.000e-03)
2025-12-25 00:06:07,089 - INFO: Epoch: [12][300/433]	Time  0.030 ( 0.037)	Loss 1.9057e-01 (2.2300e-01)	Acc pseudo  92.19 ( 92.43)	Lr 1.000e-03 (1.000e-03)
2025-12-25 00:06:11,851 - INFO: Epoch: [12][350/433]	Time  0.033 ( 0.037)	Loss 2.0100e-01 (2.2353e-01)	Acc pseudo  95.31 ( 92.29)	Lr 1.000e-03 (1.000e-03)
2025-12-25 00:06:16,610 - INFO: Epoch: [12][400/433]	Time  0.031 ( 0.036)	Loss 1.2510e-01 (2.2630e-01)	Acc pseudo  92.19 ( 92.28)	Lr 1.000e-03 (1.000e-03)
2025-12-25 00:06:19,766 - INFO: Round 0, Face Fine-tune Epoch 12: loss=0.2279, acc(pseudo)=92.23%
2025-12-25 00:07:23,401 - INFO: Round 0, Face Fine-tune Epoch 12: acc(valid_pseudo): 0.9839, acc: 0.8452
2025-12-25 00:07:23,402 - INFO: Round 0, Face Fine-tune Epoch 12: No improvement. Patience(epoch): 1/3
2025-12-25 00:07:24,192 - INFO: Epoch: [13][  0/433]	Time  0.733 ( 0.733)	Loss 2.3187e-01 (2.3187e-01)	Acc pseudo  89.06 ( 89.06)	Lr 1.000e-03 (1.000e-03)
2025-12-25 00:07:28,956 - INFO: Epoch: [13][ 50/433]	Time  0.054 ( 0.058)	Loss 1.0122e-01 (2.0132e-01)	Acc pseudo 100.00 ( 92.98)	Lr 1.000e-03 (1.000e-03)
2025-12-25 00:07:33,720 - INFO: Epoch: [13][100/433]	Time  0.037 ( 0.050)	Loss 1.2022e-01 (1.9073e-01)	Acc pseudo  95.31 ( 93.18)	Lr 1.000e-03 (1.000e-03)
2025-12-25 00:07:38,482 - INFO: Epoch: [13][150/433]	Time  0.038 ( 0.046)	Loss 1.7836e-01 (2.0220e-01)	Acc pseudo  95.31 ( 92.97)	Lr 1.000e-03 (1.000e-03)
2025-12-25 00:07:43,240 - INFO: Epoch: [13][200/433]	Time  0.031 ( 0.043)	Loss 1.3860e-01 (2.0552e-01)	Acc pseudo  89.06 ( 92.72)	Lr 1.000e-03 (1.000e-03)
2025-12-25 00:07:48,003 - INFO: Epoch: [13][250/433]	Time  0.038 ( 0.042)	Loss 2.1224e-01 (2.0613e-01)	Acc pseudo  92.19 ( 92.67)	Lr 1.000e-03 (1.000e-03)
2025-12-25 00:07:52,768 - INFO: Epoch: [13][300/433]	Time  0.032 ( 0.041)	Loss 2.9281e-01 (2.0586e-01)	Acc pseudo  89.06 ( 92.70)	Lr 1.000e-03 (1.000e-03)
2025-12-25 00:07:57,548 - INFO: Epoch: [13][350/433]	Time  0.034 ( 0.040)	Loss 2.2254e-01 (2.0666e-01)	Acc pseudo  89.06 ( 92.59)	Lr 1.000e-03 (1.000e-03)
2025-12-25 00:08:02,310 - INFO: Epoch: [13][400/433]	Time  0.038 ( 0.039)	Loss 1.0543e-01 (2.0991e-01)	Acc pseudo  95.31 ( 92.43)	Lr 1.000e-03 (1.000e-03)
2025-12-25 00:08:05,452 - INFO: Round 0, Face Fine-tune Epoch 13: loss=0.2111, acc(pseudo)=92.40%
2025-12-25 00:09:08,071 - INFO: Round 0, Face Fine-tune Epoch 13: acc(valid_pseudo): 0.9892, acc: 0.8423
2025-12-25 00:09:09,092 - INFO: Epoch: [14][  0/433]	Time  0.633 ( 0.633)	Loss 1.4237e-01 (1.4237e-01)	Acc pseudo  95.31 ( 95.31)	Lr 1.000e-03 (1.000e-03)
2025-12-25 00:09:13,840 - INFO: Epoch: [14][ 50/433]	Time  0.037 ( 0.051)	Loss 1.6109e-01 (2.2459e-01)	Acc pseudo  95.31 ( 92.06)	Lr 1.000e-03 (1.000e-03)
2025-12-25 00:09:18,594 - INFO: Epoch: [14][100/433]	Time  0.045 ( 0.044)	Loss 1.3097e-01 (2.1754e-01)	Acc pseudo  96.88 ( 91.96)	Lr 1.000e-03 (1.000e-03)
2025-12-25 00:09:23,352 - INFO: Epoch: [14][150/433]	Time  0.042 ( 0.042)	Loss 2.2013e-01 (2.1137e-01)	Acc pseudo  90.62 ( 92.28)	Lr 1.000e-03 (1.000e-03)
2025-12-25 00:09:28,119 - INFO: Epoch: [14][200/433]	Time  0.031 ( 0.043)	Loss 9.3916e-02 (2.0154e-01)	Acc pseudo  95.31 ( 92.56)	Lr 1.000e-03 (1.000e-03)
2025-12-25 00:09:32,869 - INFO: Epoch: [14][250/433]	Time  0.032 ( 0.040)	Loss 7.8295e-02 (1.9915e-01)	Acc pseudo  96.88 ( 92.64)	Lr 1.000e-03 (1.000e-03)
2025-12-25 00:09:37,624 - INFO: Epoch: [14][300/433]	Time  0.029 ( 0.038)	Loss 2.5193e-01 (2.0444e-01)	Acc pseudo  92.19 ( 92.62)	Lr 1.000e-03 (1.000e-03)
2025-12-25 00:09:42,389 - INFO: Epoch: [14][350/433]	Time  0.031 ( 0.038)	Loss 1.9814e-01 (2.0776e-01)	Acc pseudo  89.06 ( 92.49)	Lr 1.000e-03 (1.000e-03)
2025-12-25 00:09:47,153 - INFO: Epoch: [14][400/433]	Time  0.057 ( 0.038)	Loss 1.7000e-01 (2.1196e-01)	Acc pseudo  93.75 ( 92.32)	Lr 1.000e-03 (1.000e-03)
2025-12-25 00:09:50,315 - INFO: Round 0, Face Fine-tune Epoch 14: loss=0.2119, acc(pseudo)=92.39%
2025-12-25 00:10:53,696 - INFO: Round 0, Face Fine-tune Epoch 14: acc(valid_pseudo): 0.9902, acc: 0.8481
2025-12-25 00:10:54,651 - INFO: Epoch: [15][  0/433]	Time  0.491 ( 0.491)	Loss 8.2154e-02 (8.2154e-02)	Acc pseudo  95.31 ( 95.31)	Lr 1.000e-03 (1.000e-03)
2025-12-25 00:10:59,394 - INFO: Epoch: [15][ 50/433]	Time  0.036 ( 0.040)	Loss 1.1595e-01 (1.9687e-01)	Acc pseudo  98.44 ( 93.01)	Lr 1.000e-03 (1.000e-03)
2025-12-25 00:11:04,141 - INFO: Epoch: [15][100/433]	Time  0.030 ( 0.035)	Loss 2.2341e-01 (1.9982e-01)	Acc pseudo  89.06 ( 93.13)	Lr 1.000e-03 (1.000e-03)
2025-12-25 00:11:08,904 - INFO: Epoch: [15][150/433]	Time  0.029 ( 0.037)	Loss 1.8602e-01 (2.1248e-01)	Acc pseudo  89.06 ( 92.73)	Lr 1.000e-03 (1.000e-03)
2025-12-25 00:11:13,672 - INFO: Epoch: [15][200/433]	Time  0.030 ( 0.037)	Loss 1.0404e-01 (2.1000e-01)	Acc pseudo  95.31 ( 92.73)	Lr 1.000e-03 (1.000e-03)
2025-12-25 00:11:18,440 - INFO: Epoch: [15][250/433]	Time  0.041 ( 0.038)	Loss 2.4867e-01 (2.1211e-01)	Acc pseudo  87.50 ( 92.58)	Lr 1.000e-03 (1.000e-03)
2025-12-25 00:11:23,207 - INFO: Epoch: [15][300/433]	Time  0.031 ( 0.037)	Loss 2.1681e-01 (2.1232e-01)	Acc pseudo  90.62 ( 92.49)	Lr 1.000e-03 (1.000e-03)
2025-12-25 00:11:27,978 - INFO: Epoch: [15][350/433]	Time  0.061 ( 0.039)	Loss 5.1879e-01 (2.1891e-01)	Acc pseudo  82.81 ( 92.35)	Lr 1.000e-03 (1.000e-03)
2025-12-25 00:11:32,746 - INFO: Epoch: [15][400/433]	Time  0.062 ( 0.041)	Loss 2.6908e-01 (2.2075e-01)	Acc pseudo  96.88 ( 92.33)	Lr 1.000e-03 (1.000e-03)
2025-12-25 00:11:35,916 - INFO: Round 0, Face Fine-tune Epoch 15: loss=0.2186, acc(pseudo)=92.36%
2025-12-25 00:12:38,367 - INFO: Round 0, Face Fine-tune Epoch 15: acc(valid_pseudo): 0.9898, acc: 0.8462
2025-12-25 00:12:38,367 - INFO: Round 0, Face Fine-tune Epoch 15: No improvement. Patience(epoch): 1/3
2025-12-25 00:12:38,937 - INFO: Epoch: [16][  0/433]	Time  0.518 ( 0.518)	Loss 5.0240e-02 (5.0240e-02)	Acc pseudo  98.44 ( 98.44)	Lr 1.000e-03 (1.000e-03)
2025-12-25 00:12:43,961 - INFO: Epoch: [16][ 50/433]	Time  0.042 ( 0.055)	Loss 1.9843e-01 (2.1883e-01)	Acc pseudo  93.75 ( 92.25)	Lr 1.000e-03 (1.000e-03)
2025-12-25 00:12:48,717 - INFO: Epoch: [16][100/433]	Time  0.031 ( 0.044)	Loss 2.6680e-01 (2.1375e-01)	Acc pseudo  90.62 ( 92.54)	Lr 1.000e-03 (1.000e-03)
2025-12-25 00:12:53,492 - INFO: Epoch: [16][150/433]	Time  0.032 ( 0.043)	Loss 1.8298e-01 (2.0608e-01)	Acc pseudo  89.06 ( 92.68)	Lr 1.000e-03 (1.000e-03)
2025-12-25 00:12:58,261 - INFO: Epoch: [16][200/433]	Time  0.050 ( 0.042)	Loss 1.4779e-01 (2.0129e-01)	Acc pseudo  92.19 ( 92.91)	Lr 1.000e-03 (1.000e-03)
2025-12-25 00:13:03,020 - INFO: Epoch: [16][250/433]	Time  0.030 ( 0.040)	Loss 2.0395e-01 (2.0092e-01)	Acc pseudo  92.19 ( 92.92)	Lr 1.000e-03 (1.000e-03)
2025-12-25 00:13:07,772 - INFO: Epoch: [16][300/433]	Time  0.029 ( 0.039)	Loss 1.4875e-01 (1.9949e-01)	Acc pseudo  96.88 ( 93.10)	Lr 1.000e-03 (1.000e-03)
2025-12-25 00:13:12,536 - INFO: Epoch: [16][350/433]	Time  0.040 ( 0.038)	Loss 1.9412e-01 (1.9750e-01)	Acc pseudo  95.31 ( 93.13)	Lr 1.000e-03 (1.000e-03)
2025-12-25 00:13:17,301 - INFO: Epoch: [16][400/433]	Time  0.031 ( 0.038)	Loss 7.1026e-01 (2.0209e-01)	Acc pseudo  93.75 ( 93.05)	Lr 1.000e-03 (1.000e-03)
2025-12-25 00:13:20,454 - INFO: Round 0, Face Fine-tune Epoch 16: loss=0.2028, acc(pseudo)=92.96%
2025-12-25 00:14:22,738 - INFO: Round 0, Face Fine-tune Epoch 16: acc(valid_pseudo): 0.9925, acc: 0.8462
2025-12-25 00:14:23,720 - INFO: Epoch: [17][  0/433]	Time  0.517 ( 0.517)	Loss 1.8351e-01 (1.8351e-01)	Acc pseudo  90.62 ( 90.62)	Lr 1.000e-03 (1.000e-03)
2025-12-25 00:14:28,461 - INFO: Epoch: [17][ 50/433]	Time  0.030 ( 0.041)	Loss 7.7303e-02 (1.7803e-01)	Acc pseudo  96.88 ( 93.41)	Lr 1.000e-03 (1.000e-03)
2025-12-25 00:14:33,218 - INFO: Epoch: [17][100/433]	Time  0.042 ( 0.040)	Loss 2.0398e-01 (1.8529e-01)	Acc pseudo  96.88 ( 93.52)	Lr 1.000e-03 (1.000e-03)
2025-12-25 00:14:37,989 - INFO: Epoch: [17][150/433]	Time  0.052 ( 0.041)	Loss 1.7652e-01 (1.8333e-01)	Acc pseudo  93.75 ( 93.45)	Lr 1.000e-03 (1.000e-03)
2025-12-25 00:14:42,756 - INFO: Epoch: [17][200/433]	Time  0.036 ( 0.041)	Loss 2.3674e-01 (1.8710e-01)	Acc pseudo  90.62 ( 93.38)	Lr 1.000e-03 (1.000e-03)
2025-12-25 00:14:47,517 - INFO: Epoch: [17][250/433]	Time  0.036 ( 0.040)	Loss 3.8784e-01 (1.9379e-01)	Acc pseudo  89.06 ( 93.14)	Lr 1.000e-03 (1.000e-03)
2025-12-25 00:14:52,280 - INFO: Epoch: [17][300/433]	Time  0.035 ( 0.039)	Loss 2.9419e-01 (1.9622e-01)	Acc pseudo  95.31 ( 93.06)	Lr 1.000e-03 (1.000e-03)
2025-12-25 00:14:57,040 - INFO: Epoch: [17][350/433]	Time  0.037 ( 0.038)	Loss 2.0401e-01 (1.9670e-01)	Acc pseudo  90.62 ( 93.06)	Lr 1.000e-03 (1.000e-03)
2025-12-25 00:15:01,806 - INFO: Epoch: [17][400/433]	Time  0.038 ( 0.038)	Loss 2.7770e-01 (2.0209e-01)	Acc pseudo  89.06 ( 92.96)	Lr 1.000e-03 (1.000e-03)
2025-12-25 00:15:04,953 - INFO: Round 0, Face Fine-tune Epoch 17: loss=0.2041, acc(pseudo)=92.89%
2025-12-25 00:16:07,506 - INFO: Round 0, Face Fine-tune Epoch 17: acc(valid_pseudo): 0.9901, acc: 0.8325
2025-12-25 00:16:07,507 - INFO: Round 0, Face Fine-tune Epoch 17: No improvement. Patience(epoch): 1/3
2025-12-25 00:16:08,050 - INFO: Epoch: [18][  0/433]	Time  0.497 ( 0.497)	Loss 1.3040e-01 (1.3040e-01)	Acc pseudo  95.31 ( 95.31)	Lr 1.000e-03 (1.000e-03)
2025-12-25 00:16:12,811 - INFO: Epoch: [18][ 50/433]	Time  0.054 ( 0.057)	Loss 2.4605e-01 (2.0445e-01)	Acc pseudo  93.75 ( 92.80)	Lr 1.000e-03 (1.000e-03)
2025-12-25 00:16:17,573 - INFO: Epoch: [18][100/433]	Time  0.056 ( 0.053)	Loss 1.2727e-01 (2.0650e-01)	Acc pseudo  95.31 ( 92.78)	Lr 1.000e-03 (1.000e-03)
2025-12-25 00:16:22,331 - INFO: Epoch: [18][150/433]	Time  0.031 ( 0.048)	Loss 1.6260e-01 (1.9952e-01)	Acc pseudo  95.31 ( 92.84)	Lr 1.000e-03 (1.000e-03)
2025-12-25 00:16:27,092 - INFO: Epoch: [18][200/433]	Time  0.032 ( 0.045)	Loss 1.8567e-01 (1.9748e-01)	Acc pseudo  87.50 ( 92.93)	Lr 1.000e-03 (1.000e-03)
2025-12-25 00:16:31,842 - INFO: Epoch: [18][250/433]	Time  0.031 ( 0.042)	Loss 1.3233e-01 (1.9378e-01)	Acc pseudo  95.31 ( 93.16)	Lr 1.000e-03 (1.000e-03)
2025-12-25 00:16:36,600 - INFO: Epoch: [18][300/433]	Time  0.033 ( 0.040)	Loss 3.2389e-01 (1.9389e-01)	Acc pseudo  89.06 ( 93.17)	Lr 1.000e-03 (1.000e-03)
2025-12-25 00:16:41,360 - INFO: Epoch: [18][350/433]	Time  0.030 ( 0.039)	Loss 2.1920e-01 (1.9795e-01)	Acc pseudo  90.62 ( 93.05)	Lr 1.000e-03 (1.000e-03)
2025-12-25 00:16:46,122 - INFO: Epoch: [18][400/433]	Time  0.044 ( 0.039)	Loss 8.3354e-02 (1.9589e-01)	Acc pseudo  98.44 ( 93.08)	Lr 1.000e-03 (1.000e-03)
2025-12-25 00:16:49,247 - INFO: Round 0, Face Fine-tune Epoch 18: loss=0.1971, acc(pseudo)=93.12%
2025-12-25 00:17:54,527 - INFO: Round 0, Face Fine-tune Epoch 18: acc(valid_pseudo): 0.9893, acc: 0.8432
2025-12-25 00:17:54,529 - INFO: Round 0, Face Fine-tune Epoch 18: No improvement. Patience(epoch): 2/3
2025-12-25 00:17:55,464 - INFO: Epoch: [19][  0/433]	Time  0.886 ( 0.886)	Loss 2.2845e-01 (2.2845e-01)	Acc pseudo  90.62 ( 90.62)	Lr 1.000e-03 (1.000e-03)
2025-12-25 00:18:00,203 - INFO: Epoch: [19][ 50/433]	Time  0.029 ( 0.049)	Loss 4.4525e-01 (1.9557e-01)	Acc pseudo  89.06 ( 92.77)	Lr 1.000e-03 (1.000e-03)
2025-12-25 00:18:04,959 - INFO: Epoch: [19][100/433]	Time  0.046 ( 0.044)	Loss 3.4479e-01 (1.9208e-01)	Acc pseudo  90.62 ( 93.13)	Lr 1.000e-03 (1.000e-03)
2025-12-25 00:18:09,729 - INFO: Epoch: [19][150/433]	Time  0.030 ( 0.044)	Loss 2.2201e-01 (1.9168e-01)	Acc pseudo  90.62 ( 92.96)	Lr 1.000e-03 (1.000e-03)
2025-12-25 00:18:14,484 - INFO: Epoch: [19][200/433]	Time  0.031 ( 0.041)	Loss 1.3289e-01 (1.8887e-01)	Acc pseudo  93.75 ( 93.04)	Lr 1.000e-03 (1.000e-03)
2025-12-25 00:18:19,248 - INFO: Epoch: [19][250/433]	Time  0.039 ( 0.040)	Loss 8.9995e-02 (1.8883e-01)	Acc pseudo  93.75 ( 93.01)	Lr 1.000e-03 (1.000e-03)
2025-12-25 00:18:24,014 - INFO: Epoch: [19][300/433]	Time  0.038 ( 0.040)	Loss 1.9619e-01 (1.9228e-01)	Acc pseudo  93.75 ( 92.96)	Lr 1.000e-03 (1.000e-03)
2025-12-25 00:18:28,783 - INFO: Epoch: [19][350/433]	Time  0.038 ( 0.040)	Loss 2.7318e-01 (1.8997e-01)	Acc pseudo  87.50 ( 93.01)	Lr 1.000e-03 (1.000e-03)
2025-12-25 00:18:33,547 - INFO: Epoch: [19][400/433]	Time  0.039 ( 0.040)	Loss 1.1243e-01 (1.8952e-01)	Acc pseudo  96.88 ( 92.97)	Lr 1.000e-03 (1.000e-03)
2025-12-25 00:18:36,701 - INFO: Round 0, Face Fine-tune Epoch 19: loss=0.1910, acc(pseudo)=92.98%
2025-12-25 00:19:38,342 - INFO: Round 0, Face Fine-tune Epoch 19: acc(valid_pseudo): 0.9902, acc: 0.8471
2025-12-25 00:19:38,342 - INFO: Round 0, Face Fine-tune Epoch 19: No improvement. Patience(epoch): 3/3
2025-12-25 00:19:38,342 - INFO: Early stopping at face epoch 19
2025-12-25 00:19:38,344 - INFO: Round 0: Best face fine-tuned epoch=16, acc(valid_pseudo)=0.9925
2025-12-25 00:19:38,386 - INFO: Using HMM model from previous round: runs/I love my family/exp_video/result/self_supervised/exp0/initial/pseudo_label/hmm_params.pkl
