2025-12-19 17:45:41,252 - INFO: Starting self-supervised fine-tuning pipeline
2025-12-19 17:45:41,255 - INFO: Device: cuda:0
2025-12-19 17:45:41,258 - INFO: Saved arguments to runs/the big bang theory/exp_video/result/self_supervised/exp1/args.json
2025-12-19 17:45:41,258 - INFO: ====================
2025-12-19 17:45:41,259 - INFO: Initialization: Initial clustering with HMM correction
2025-12-19 17:45:41,259 - INFO: ====================
2025-12-19 17:45:41,305 - INFO: Skipping initial clustering, using existing results.
2025-12-19 17:45:54,529 - INFO: Initial: acc(valid)=0.9000, acc(test)=0.9162
2025-12-19 17:45:54,553 - INFO: ====================
2025-12-19 17:45:54,553 - INFO: Round 0: Fine-tuning iteration
2025-12-19 17:45:54,553 - INFO: ====================
2025-12-19 17:45:54,560 - INFO: Round 0 Part 1: Fine-tuning embedding model
2025-12-19 17:45:54,562 - INFO: Using pseudo-label file: runs/the big bang theory/exp_video/result/self_supervised/exp1/initial/pseudo_label/pseudo_labels_audio_nested_hmm_full(unreliable_pp=5.0).json
2025-12-19 17:45:58,183 - INFO: Embedding dimension: 512
2025-12-19 17:45:58,757 - INFO: Saved config_model to runs/the big bang theory/exp_video/result/self_supervised/exp1/round0/config_model.json
2025-12-19 17:47:28,705 - INFO: Extracting hidden features for all samples,which are outputs of StatsPool layer...
2025-12-19 17:47:28,705 - INFO: args.unfrozen_layers_num=2 is not used when extracting hidden features.
2025-12-19 17:51:29,193 - INFO: Hidden features extracted for 6829 samples
2025-12-19 17:51:29,508 - INFO: Warmup training classifier for 2 epochs...
2025-12-19 17:51:30,200 - INFO: Epoch: [0][  0/107]	Time  0.688 ( 0.688)	Loss 2.4801e+00 (2.4801e+00)	Acc pseudo   6.25 (  6.25)	Lr 1.000e-03 (1.000e-03)
2025-12-19 17:51:30,414 - INFO: Epoch: [0][ 50/107]	Time  0.003 ( 0.018)	Loss 8.2399e-01 (1.2069e+00)	Acc pseudo  85.94 ( 77.94)	Lr 1.000e-03 (1.000e-03)
2025-12-19 17:51:30,542 - INFO: Epoch: [0][100/107]	Time  0.002 ( 0.010)	Loss 6.1822e-01 (8.6168e-01)	Acc pseudo  92.19 ( 84.93)	Lr 1.000e-03 (1.000e-03)
2025-12-19 17:51:30,607 - INFO: Round 0, Warmup Epoch 0: loss=0.8424, acc(pseudo)=85.22%
2025-12-19 17:51:30,792 - INFO: Epoch: [1][  0/107]	Time  0.181 ( 0.181)	Loss 4.9842e-01 (4.9842e-01)	Acc pseudo  93.75 ( 93.75)	Lr 1.000e-03 (1.000e-03)
2025-12-19 17:51:30,946 - INFO: Epoch: [1][ 50/107]	Time  0.003 ( 0.006)	Loss 3.2509e-01 (3.9057e-01)	Acc pseudo  90.62 ( 92.65)	Lr 1.000e-03 (1.000e-03)
2025-12-19 17:51:31,076 - INFO: Epoch: [1][100/107]	Time  0.002 ( 0.004)	Loss 3.2438e-01 (3.6539e-01)	Acc pseudo  89.06 ( 93.04)	Lr 1.000e-03 (1.000e-03)
2025-12-19 17:51:31,141 - INFO: Round 0, Warmup Epoch 1: loss=0.3661, acc(pseudo)=93.03%
2025-12-19 17:51:31,161 - INFO: Fine-tuning embedding model for 20 epochs...
2025-12-19 17:51:32,148 - INFO: Epoch: [0][  0/107]	Time  0.983 ( 0.983)	Loss 3.2925e-01 (3.2925e-01)	Acc pseudo  93.75 ( 93.75)	Lr 1.000e-03 (1.000e-03)
2025-12-19 17:51:32,305 - INFO: Epoch: [0][ 50/107]	Time  0.003 ( 0.022)	Loss 4.6008e-01 (5.2186e-01)	Acc pseudo  87.50 ( 89.74)	Lr 1.000e-03 (1.000e-03)
2025-12-19 17:51:32,453 - INFO: Epoch: [0][100/107]	Time  0.002 ( 0.013)	Loss 1.8281e-01 (4.7913e-01)	Acc pseudo  98.44 ( 90.24)	Lr 1.000e-03 (1.000e-03)
2025-12-19 17:51:32,513 - INFO: Round 0, Fine-tune Epoch 0: loss=0.4711, acc(pseudo)=90.32%
2025-12-19 17:51:36,991 - INFO: Round 0, Fine-tune Epoch 0: acc(valid_pseudo): 0.8803, acc(valid): 0.8475
2025-12-19 17:51:37,649 - INFO: Epoch: [1][  0/107]	Time  0.295 ( 0.295)	Loss 2.2221e-01 (2.2221e-01)	Acc pseudo  93.75 ( 93.75)	Lr 1.000e-03 (1.000e-03)
2025-12-19 17:51:37,839 - INFO: Epoch: [1][ 50/107]	Time  0.003 ( 0.009)	Loss 5.2685e-01 (3.4097e-01)	Acc pseudo  85.94 ( 92.40)	Lr 1.000e-03 (1.000e-03)
2025-12-19 17:51:37,996 - INFO: Epoch: [1][100/107]	Time  0.002 ( 0.006)	Loss 9.8334e-02 (3.2677e-01)	Acc pseudo  96.88 ( 92.70)	Lr 1.000e-03 (1.000e-03)
2025-12-19 17:51:38,055 - INFO: Round 0, Fine-tune Epoch 1: loss=0.3250, acc(pseudo)=92.81%
2025-12-19 17:51:41,887 - INFO: Round 0, Fine-tune Epoch 1: acc(valid_pseudo): 0.9741, acc(valid): 0.8650
2025-12-19 17:51:42,311 - INFO: Epoch: [2][  0/107]	Time  0.187 ( 0.187)	Loss 1.9160e-01 (1.9160e-01)	Acc pseudo  93.75 ( 93.75)	Lr 1.000e-03 (1.000e-03)
2025-12-19 17:51:42,541 - INFO: Epoch: [2][ 50/107]	Time  0.003 ( 0.008)	Loss 1.2780e-01 (2.7689e-01)	Acc pseudo  98.44 ( 93.84)	Lr 1.000e-03 (1.000e-03)
2025-12-19 17:51:42,688 - INFO: Epoch: [2][100/107]	Time  0.002 ( 0.005)	Loss 1.5568e-01 (2.6475e-01)	Acc pseudo  95.31 ( 93.83)	Lr 1.000e-03 (1.000e-03)
2025-12-19 17:51:42,747 - INFO: Round 0, Fine-tune Epoch 2: loss=0.2672, acc(pseudo)=93.92%
2025-12-19 17:51:47,380 - INFO: Round 0, Fine-tune Epoch 2: acc(valid_pseudo): 0.9757, acc(valid): 0.8875
2025-12-19 17:51:47,812 - INFO: Epoch: [3][  0/107]	Time  0.188 ( 0.188)	Loss 4.2735e-01 (4.2735e-01)	Acc pseudo  89.06 ( 89.06)	Lr 1.000e-03 (1.000e-03)
2025-12-19 17:51:48,003 - INFO: Epoch: [3][ 50/107]	Time  0.003 ( 0.007)	Loss 2.5664e-01 (2.2833e-01)	Acc pseudo  92.19 ( 94.58)	Lr 1.000e-03 (1.000e-03)
2025-12-19 17:51:48,148 - INFO: Epoch: [3][100/107]	Time  0.002 ( 0.005)	Loss 1.2246e-01 (2.3772e-01)	Acc pseudo  96.88 ( 94.45)	Lr 1.000e-03 (1.000e-03)
2025-12-19 17:51:48,206 - INFO: Round 0, Fine-tune Epoch 3: loss=0.2349, acc(pseudo)=94.52%
2025-12-19 17:51:52,974 - INFO: Round 0, Fine-tune Epoch 3: acc(valid_pseudo): 0.9866, acc(valid): 0.8650
2025-12-19 17:51:53,673 - INFO: Epoch: [4][  0/107]	Time  0.290 ( 0.290)	Loss 3.6168e-01 (3.6168e-01)	Acc pseudo  90.62 ( 90.62)	Lr 1.000e-03 (1.000e-03)
2025-12-19 17:51:53,907 - INFO: Epoch: [4][ 50/107]	Time  0.004 ( 0.010)	Loss 2.0092e-01 (2.1713e-01)	Acc pseudo  96.88 ( 94.15)	Lr 1.000e-03 (1.000e-03)
2025-12-19 17:51:54,056 - INFO: Epoch: [4][100/107]	Time  0.002 ( 0.007)	Loss 2.0796e-01 (2.1477e-01)	Acc pseudo  95.31 ( 94.65)	Lr 1.000e-03 (1.000e-03)
2025-12-19 17:51:54,115 - INFO: Round 0, Fine-tune Epoch 4: loss=0.2134, acc(pseudo)=94.60%
2025-12-19 17:51:58,044 - INFO: Round 0, Fine-tune Epoch 4: acc(valid_pseudo): 0.9891, acc(valid): 0.8925
2025-12-19 17:51:58,690 - INFO: Epoch: [5][  0/107]	Time  0.182 ( 0.182)	Loss 1.4428e-01 (1.4428e-01)	Acc pseudo  92.19 ( 92.19)	Lr 1.000e-03 (1.000e-03)
2025-12-19 17:51:58,852 - INFO: Epoch: [5][ 50/107]	Time  0.003 ( 0.007)	Loss 1.3023e-01 (1.6499e-01)	Acc pseudo  95.31 ( 95.47)	Lr 1.000e-03 (1.000e-03)
2025-12-19 17:51:59,012 - INFO: Epoch: [5][100/107]	Time  0.002 ( 0.005)	Loss 2.5896e-01 (1.7346e-01)	Acc pseudo  90.62 ( 95.48)	Lr 1.000e-03 (1.000e-03)
2025-12-19 17:51:59,072 - INFO: Round 0, Fine-tune Epoch 5: loss=0.1757, acc(pseudo)=95.40%
2025-12-19 17:52:04,152 - INFO: Round 0, Fine-tune Epoch 5: acc(valid_pseudo): 0.9791, acc(valid): 0.8375
2025-12-19 17:52:04,152 - INFO: Round 0, Fine-tune Epoch 5: No improvement in validation accuracy. Patience(epoch): 1/5
2025-12-19 17:52:04,355 - INFO: Epoch: [6][  0/107]	Time  0.198 ( 0.198)	Loss 1.3561e-01 (1.3561e-01)	Acc pseudo  95.31 ( 95.31)	Lr 1.000e-03 (1.000e-03)
2025-12-19 17:52:04,550 - INFO: Epoch: [6][ 50/107]	Time  0.004 ( 0.008)	Loss 8.5404e-02 (1.5637e-01)	Acc pseudo  98.44 ( 95.71)	Lr 1.000e-03 (1.000e-03)
2025-12-19 17:52:04,712 - INFO: Epoch: [6][100/107]	Time  0.002 ( 0.005)	Loss 8.0213e-02 (1.6676e-01)	Acc pseudo  98.44 ( 95.48)	Lr 1.000e-03 (1.000e-03)
2025-12-19 17:52:04,774 - INFO: Round 0, Fine-tune Epoch 6: loss=0.1705, acc(pseudo)=95.40%
2025-12-19 17:52:09,117 - INFO: Round 0, Fine-tune Epoch 6: acc(valid_pseudo): 0.9506, acc(valid): 0.8375
2025-12-19 17:52:09,118 - INFO: Round 0, Fine-tune Epoch 6: No improvement in validation accuracy. Patience(epoch): 2/5
2025-12-19 17:52:09,402 - INFO: Epoch: [7][  0/107]	Time  0.277 ( 0.277)	Loss 1.3978e-01 (1.3978e-01)	Acc pseudo  93.75 ( 93.75)	Lr 1.000e-03 (1.000e-03)
2025-12-19 17:52:09,592 - INFO: Epoch: [7][ 50/107]	Time  0.004 ( 0.009)	Loss 1.0028e-01 (1.6956e-01)	Acc pseudo  96.88 ( 95.25)	Lr 1.000e-03 (1.000e-03)
2025-12-19 17:52:09,782 - INFO: Epoch: [7][100/107]	Time  0.003 ( 0.006)	Loss 6.4659e-02 (1.6576e-01)	Acc pseudo  96.88 ( 95.36)	Lr 1.000e-03 (1.000e-03)
2025-12-19 17:52:09,846 - INFO: Round 0, Fine-tune Epoch 7: loss=0.1673, acc(pseudo)=95.40%
2025-12-19 17:52:14,150 - INFO: Round 0, Fine-tune Epoch 7: acc(valid_pseudo): 0.9741, acc(valid): 0.8800
2025-12-19 17:52:14,151 - INFO: Round 0, Fine-tune Epoch 7: No improvement in validation accuracy. Patience(epoch): 3/5
2025-12-19 17:52:14,443 - INFO: Epoch: [8][  0/107]	Time  0.284 ( 0.284)	Loss 8.1619e-02 (8.1619e-02)	Acc pseudo  98.44 ( 98.44)	Lr 1.000e-03 (1.000e-03)
2025-12-19 17:52:14,608 - INFO: Epoch: [8][ 50/107]	Time  0.003 ( 0.009)	Loss 1.9752e-01 (1.3555e-01)	Acc pseudo  93.75 ( 96.11)	Lr 1.000e-03 (1.000e-03)
2025-12-19 17:52:14,762 - INFO: Epoch: [8][100/107]	Time  0.002 ( 0.006)	Loss 2.5548e-01 (1.5576e-01)	Acc pseudo  98.44 ( 95.70)	Lr 1.000e-03 (1.000e-03)
2025-12-19 17:52:14,838 - INFO: Round 0, Fine-tune Epoch 8: loss=0.1552, acc(pseudo)=95.71%
2025-12-19 17:52:19,590 - INFO: Round 0, Fine-tune Epoch 8: acc(valid_pseudo): 0.9724, acc(valid): 0.8875
2025-12-19 17:52:19,590 - INFO: Round 0, Fine-tune Epoch 8: No improvement in validation accuracy. Patience(epoch): 4/5
2025-12-19 17:52:19,781 - INFO: Epoch: [9][  0/107]	Time  0.185 ( 0.185)	Loss 7.6910e-02 (7.6910e-02)	Acc pseudo  98.44 ( 98.44)	Lr 1.000e-03 (1.000e-03)
2025-12-19 17:52:19,943 - INFO: Epoch: [9][ 50/107]	Time  0.003 ( 0.007)	Loss 4.2792e-01 (1.4154e-01)	Acc pseudo  93.75 ( 95.77)	Lr 1.000e-03 (1.000e-03)
2025-12-19 17:52:20,090 - INFO: Epoch: [9][100/107]	Time  0.002 ( 0.005)	Loss 2.5412e-01 (1.3814e-01)	Acc pseudo  95.31 ( 96.09)	Lr 1.000e-03 (1.000e-03)
2025-12-19 17:52:20,167 - INFO: Round 0, Fine-tune Epoch 9: loss=0.1366, acc(pseudo)=96.21%
2025-12-19 17:52:24,227 - INFO: Round 0, Fine-tune Epoch 9: acc(valid_pseudo): 0.8636, acc(valid): 0.7275
2025-12-19 17:52:24,227 - INFO: Round 0, Fine-tune Epoch 9: No improvement in validation accuracy. Patience(epoch): 5/5
2025-12-19 17:52:24,227 - INFO: Early stopping at epoch 9 due to no improvement in validation accuracy for 5 epochs.
2025-12-19 17:52:24,228 - INFO: Round 0: Best fine-tuned epoch=4, acc(valid_pseudo)=0.9891
2025-12-19 17:52:24,262 - INFO: Using HMM model from previous round: runs/the big bang theory/exp_video/result/self_supervised/exp1/initial/pseudo_label/hmm_params.pkl
2025-12-19 18:07:03,202 - INFO: Round 0: acc(valid)=0.8975, acc(test)=0.9169
2025-12-19 18:07:03,203 - INFO: No improvement. Patience(round): 1/5
2025-12-19 18:07:03,207 - INFO: ====================
2025-12-19 18:07:03,207 - INFO: Round 1: Fine-tuning iteration
2025-12-19 18:07:03,207 - INFO: ====================
2025-12-19 18:07:03,215 - INFO: Round 1 Part 1: Fine-tuning embedding model
2025-12-19 18:07:03,216 - INFO: Using pseudo-label file: runs/the big bang theory/exp_video/result/self_supervised/exp1/round0/pseudo_label/pseudo_labels_audio_nested_hmm_full(unreliable_pp=5.0).json
2025-12-19 18:07:03,441 - INFO: Warmup training classifier for 2 epochs...
2025-12-19 18:07:03,616 - INFO: Epoch: [0][  0/107]	Time  0.172 ( 0.172)	Loss 2.5392e+00 (2.5392e+00)	Acc pseudo   1.56 (  1.56)	Lr 1.000e-03 (1.000e-03)
2025-12-19 18:07:03,765 - INFO: Epoch: [0][ 50/107]	Time  0.002 ( 0.006)	Loss 6.5406e-01 (1.2153e+00)	Acc pseudo  92.19 ( 76.81)	Lr 1.000e-03 (1.000e-03)
2025-12-19 18:07:03,887 - INFO: Epoch: [0][100/107]	Time  0.001 ( 0.004)	Loss 5.2980e-01 (8.6908e-01)	Acc pseudo  92.19 ( 84.28)	Lr 1.000e-03 (1.000e-03)
2025-12-19 18:07:03,952 - INFO: Round 1, Warmup Epoch 0: loss=0.8481, acc(pseudo)=84.68%
2025-12-19 18:07:04,139 - INFO: Epoch: [1][  0/107]	Time  0.182 ( 0.182)	Loss 3.7158e-01 (3.7158e-01)	Acc pseudo  95.31 ( 95.31)	Lr 1.000e-03 (1.000e-03)
2025-12-19 18:07:04,279 - INFO: Epoch: [1][ 50/107]	Time  0.003 ( 0.006)	Loss 3.8476e-01 (3.9562e-01)	Acc pseudo  90.62 ( 92.49)	Lr 1.000e-03 (1.000e-03)
2025-12-19 18:07:04,407 - INFO: Epoch: [1][100/107]	Time  0.002 ( 0.004)	Loss 3.8526e-01 (3.7597e-01)	Acc pseudo  90.62 ( 92.67)	Lr 1.000e-03 (1.000e-03)
2025-12-19 18:07:04,463 - INFO: Round 1, Warmup Epoch 1: loss=0.3782, acc(pseudo)=92.66%
2025-12-19 18:07:04,481 - INFO: Fine-tuning embedding model for 20 epochs...
2025-12-19 18:07:04,647 - INFO: Epoch: [0][  0/107]	Time  0.162 ( 0.162)	Loss 3.0708e-01 (3.0708e-01)	Acc pseudo  92.19 ( 92.19)	Lr 1.000e-03 (1.000e-03)
2025-12-19 18:07:04,800 - INFO: Epoch: [0][ 50/107]	Time  0.003 ( 0.006)	Loss 3.5839e-01 (5.1669e-01)	Acc pseudo  85.94 ( 89.22)	Lr 1.000e-03 (1.000e-03)
2025-12-19 18:07:04,950 - INFO: Epoch: [0][100/107]	Time  0.002 ( 0.005)	Loss 3.2404e-01 (4.5049e-01)	Acc pseudo  92.19 ( 90.47)	Lr 1.000e-03 (1.000e-03)
2025-12-19 18:07:05,005 - INFO: Round 1, Fine-tune Epoch 0: loss=0.4530, acc(pseudo)=90.57%
2025-12-19 18:07:08,788 - INFO: Round 1, Fine-tune Epoch 0: acc(valid_pseudo): 0.9105, acc(valid): 0.8400
2025-12-19 18:07:09,199 - INFO: Epoch: [1][  0/107]	Time  0.183 ( 0.183)	Loss 2.0565e-01 (2.0565e-01)	Acc pseudo  93.75 ( 93.75)	Lr 1.000e-03 (1.000e-03)
2025-12-19 18:07:09,354 - INFO: Epoch: [1][ 50/107]	Time  0.003 ( 0.007)	Loss 2.6700e-01 (3.0975e-01)	Acc pseudo  89.06 ( 92.59)	Lr 1.000e-03 (1.000e-03)
2025-12-19 18:07:09,492 - INFO: Epoch: [1][100/107]	Time  0.002 ( 0.005)	Loss 1.1374e-01 (3.1255e-01)	Acc pseudo  95.31 ( 92.76)	Lr 1.000e-03 (1.000e-03)
2025-12-19 18:07:09,548 - INFO: Round 1, Fine-tune Epoch 1: loss=0.3132, acc(pseudo)=92.81%
2025-12-19 18:07:13,255 - INFO: Round 1, Fine-tune Epoch 1: acc(valid_pseudo): 0.9682, acc(valid): 0.8625
2025-12-19 18:07:13,736 - INFO: Epoch: [2][  0/107]	Time  0.166 ( 0.166)	Loss 1.8016e-01 (1.8016e-01)	Acc pseudo  93.75 ( 93.75)	Lr 1.000e-03 (1.000e-03)
2025-12-19 18:07:13,907 - INFO: Epoch: [2][ 50/107]	Time  0.003 ( 0.007)	Loss 1.9945e-01 (2.6825e-01)	Acc pseudo  96.88 ( 93.54)	Lr 1.000e-03 (1.000e-03)
2025-12-19 18:07:14,046 - INFO: Epoch: [2][100/107]	Time  0.002 ( 0.005)	Loss 1.6383e-01 (2.6935e-01)	Acc pseudo  95.31 ( 93.64)	Lr 1.000e-03 (1.000e-03)
2025-12-19 18:07:14,106 - INFO: Round 1, Fine-tune Epoch 2: loss=0.2653, acc(pseudo)=93.76%
2025-12-19 18:07:18,505 - INFO: Round 1, Fine-tune Epoch 2: acc(valid_pseudo): 0.9490, acc(valid): 0.8425
2025-12-19 18:07:18,506 - INFO: Round 1, Fine-tune Epoch 2: No improvement in validation accuracy. Patience(epoch): 1/5
2025-12-19 18:07:18,696 - INFO: Epoch: [3][  0/107]	Time  0.185 ( 0.185)	Loss 2.0864e-01 (2.0864e-01)	Acc pseudo  92.19 ( 92.19)	Lr 1.000e-03 (1.000e-03)
2025-12-19 18:07:18,840 - INFO: Epoch: [3][ 50/107]	Time  0.003 ( 0.006)	Loss 3.1747e-01 (2.1286e-01)	Acc pseudo  93.75 ( 94.39)	Lr 1.000e-03 (1.000e-03)
2025-12-19 18:07:18,989 - INFO: Epoch: [3][100/107]	Time  0.002 ( 0.005)	Loss 1.1357e-01 (2.2905e-01)	Acc pseudo  96.88 ( 94.32)	Lr 1.000e-03 (1.000e-03)
2025-12-19 18:07:19,045 - INFO: Round 1, Fine-tune Epoch 3: loss=0.2262, acc(pseudo)=94.36%
2025-12-19 18:07:23,562 - INFO: Round 1, Fine-tune Epoch 3: acc(valid_pseudo): 0.9715, acc(valid): 0.8500
2025-12-19 18:07:24,004 - INFO: Epoch: [4][  0/107]	Time  0.190 ( 0.190)	Loss 1.7611e-01 (1.7611e-01)	Acc pseudo  92.19 ( 92.19)	Lr 1.000e-03 (1.000e-03)
2025-12-19 18:07:24,157 - INFO: Epoch: [4][ 50/107]	Time  0.003 ( 0.007)	Loss 2.1032e-01 (2.1027e-01)	Acc pseudo  96.88 ( 94.42)	Lr 1.000e-03 (1.000e-03)
2025-12-19 18:07:24,302 - INFO: Epoch: [4][100/107]	Time  0.002 ( 0.005)	Loss 2.1006e-01 (2.1250e-01)	Acc pseudo  93.75 ( 94.46)	Lr 1.000e-03 (1.000e-03)
2025-12-19 18:07:24,359 - INFO: Round 1, Fine-tune Epoch 4: loss=0.2130, acc(pseudo)=94.38%
2025-12-19 18:07:28,345 - INFO: Round 1, Fine-tune Epoch 4: acc(valid_pseudo): 0.9757, acc(valid): 0.8700
2025-12-19 18:07:28,764 - INFO: Epoch: [5][  0/107]	Time  0.185 ( 0.185)	Loss 1.3136e-01 (1.3136e-01)	Acc pseudo  96.88 ( 96.88)	Lr 1.000e-03 (1.000e-03)
2025-12-19 18:07:28,910 - INFO: Epoch: [5][ 50/107]	Time  0.003 ( 0.006)	Loss 8.9271e-02 (1.5982e-01)	Acc pseudo  98.44 ( 95.74)	Lr 1.000e-03 (1.000e-03)
2025-12-19 18:07:29,051 - INFO: Epoch: [5][100/107]	Time  0.002 ( 0.005)	Loss 1.5513e-01 (1.7791e-01)	Acc pseudo  93.75 ( 95.16)	Lr 1.000e-03 (1.000e-03)
2025-12-19 18:07:29,107 - INFO: Round 1, Fine-tune Epoch 5: loss=0.1794, acc(pseudo)=95.15%
2025-12-19 18:07:32,909 - INFO: Round 1, Fine-tune Epoch 5: acc(valid_pseudo): 0.9590, acc(valid): 0.8650
2025-12-19 18:07:32,910 - INFO: Round 1, Fine-tune Epoch 5: No improvement in validation accuracy. Patience(epoch): 1/5
2025-12-19 18:07:33,082 - INFO: Epoch: [6][  0/107]	Time  0.167 ( 0.167)	Loss 8.4209e-02 (8.4209e-02)	Acc pseudo 100.00 (100.00)	Lr 1.000e-03 (1.000e-03)
2025-12-19 18:07:33,225 - INFO: Epoch: [6][ 50/107]	Time  0.003 ( 0.006)	Loss 2.4560e-02 (1.6655e-01)	Acc pseudo 100.00 ( 95.37)	Lr 1.000e-03 (1.000e-03)
2025-12-19 18:07:33,364 - INFO: Epoch: [6][100/107]	Time  0.002 ( 0.004)	Loss 2.0473e-01 (1.6622e-01)	Acc pseudo  98.44 ( 95.25)	Lr 1.000e-03 (1.000e-03)
2025-12-19 18:07:33,420 - INFO: Round 1, Fine-tune Epoch 6: loss=0.1684, acc(pseudo)=95.23%
2025-12-19 18:07:37,263 - INFO: Round 1, Fine-tune Epoch 6: acc(valid_pseudo): 0.9900, acc(valid): 0.8975
2025-12-19 18:07:37,693 - INFO: Epoch: [7][  0/107]	Time  0.191 ( 0.191)	Loss 7.4801e-02 (7.4801e-02)	Acc pseudo 100.00 (100.00)	Lr 1.000e-03 (1.000e-03)
2025-12-19 18:07:37,885 - INFO: Epoch: [7][ 50/107]	Time  0.004 ( 0.007)	Loss 1.2657e-01 (1.4310e-01)	Acc pseudo  96.88 ( 96.14)	Lr 1.000e-03 (1.000e-03)
2025-12-19 18:07:38,064 - INFO: Epoch: [7][100/107]	Time  0.003 ( 0.005)	Loss 1.7822e-01 (1.6864e-01)	Acc pseudo  95.31 ( 95.51)	Lr 1.000e-03 (1.000e-03)
2025-12-19 18:07:38,127 - INFO: Round 1, Fine-tune Epoch 7: loss=0.1760, acc(pseudo)=95.48%
2025-12-19 18:07:42,490 - INFO: Round 1, Fine-tune Epoch 7: acc(valid_pseudo): 0.9724, acc(valid): 0.8375
2025-12-19 18:07:42,490 - INFO: Round 1, Fine-tune Epoch 7: No improvement in validation accuracy. Patience(epoch): 1/5
2025-12-19 18:07:42,670 - INFO: Epoch: [8][  0/107]	Time  0.173 ( 0.173)	Loss 1.1656e-01 (1.1656e-01)	Acc pseudo  93.75 ( 93.75)	Lr 1.000e-03 (1.000e-03)
2025-12-19 18:07:42,820 - INFO: Epoch: [8][ 50/107]	Time  0.003 ( 0.006)	Loss 2.3243e-01 (1.4527e-01)	Acc pseudo  92.19 ( 95.93)	Lr 1.000e-03 (1.000e-03)
2025-12-19 18:07:42,962 - INFO: Epoch: [8][100/107]	Time  0.002 ( 0.005)	Loss 3.6741e-02 (1.4395e-01)	Acc pseudo 100.00 ( 96.15)	Lr 1.000e-03 (1.000e-03)
2025-12-19 18:07:43,026 - INFO: Round 1, Fine-tune Epoch 8: loss=0.1427, acc(pseudo)=96.16%
2025-12-19 18:07:46,826 - INFO: Round 1, Fine-tune Epoch 8: acc(valid_pseudo): 0.8736, acc(valid): 0.8225
2025-12-19 18:07:46,827 - INFO: Round 1, Fine-tune Epoch 8: No improvement in validation accuracy. Patience(epoch): 2/5
2025-12-19 18:07:46,999 - INFO: Epoch: [9][  0/107]	Time  0.166 ( 0.166)	Loss 1.5753e-01 (1.5753e-01)	Acc pseudo  98.44 ( 98.44)	Lr 1.000e-03 (1.000e-03)
2025-12-19 18:07:47,174 - INFO: Epoch: [9][ 50/107]	Time  0.003 ( 0.007)	Loss 3.6431e-01 (1.4298e-01)	Acc pseudo  90.62 ( 95.99)	Lr 1.000e-03 (1.000e-03)
2025-12-19 18:07:47,330 - INFO: Epoch: [9][100/107]	Time  0.002 ( 0.005)	Loss 1.5246e-01 (1.3411e-01)	Acc pseudo  92.19 ( 96.18)	Lr 1.000e-03 (1.000e-03)
2025-12-19 18:07:47,388 - INFO: Round 1, Fine-tune Epoch 9: loss=0.1336, acc(pseudo)=96.22%
2025-12-19 18:07:51,503 - INFO: Round 1, Fine-tune Epoch 9: acc(valid_pseudo): 0.9657, acc(valid): 0.8650
2025-12-19 18:07:51,503 - INFO: Round 1, Fine-tune Epoch 9: No improvement in validation accuracy. Patience(epoch): 3/5
2025-12-19 18:07:51,679 - INFO: Epoch: [10][  0/107]	Time  0.170 ( 0.170)	Loss 1.4155e-01 (1.4155e-01)	Acc pseudo  95.31 ( 95.31)	Lr 1.000e-03 (1.000e-03)
2025-12-19 18:07:51,832 - INFO: Epoch: [10][ 50/107]	Time  0.003 ( 0.006)	Loss 5.0787e-02 (1.1787e-01)	Acc pseudo  98.44 ( 96.84)	Lr 1.000e-03 (1.000e-03)
2025-12-19 18:07:51,970 - INFO: Epoch: [10][100/107]	Time  0.002 ( 0.004)	Loss 2.8106e-01 (1.4214e-01)	Acc pseudo  92.19 ( 96.09)	Lr 1.000e-03 (1.000e-03)
2025-12-19 18:07:52,032 - INFO: Round 1, Fine-tune Epoch 10: loss=0.1466, acc(pseudo)=95.99%
2025-12-19 18:07:55,886 - INFO: Round 1, Fine-tune Epoch 10: acc(valid_pseudo): 0.9456, acc(valid): 0.8550
2025-12-19 18:07:55,886 - INFO: Round 1, Fine-tune Epoch 10: No improvement in validation accuracy. Patience(epoch): 4/5
2025-12-19 18:07:56,077 - INFO: Epoch: [11][  0/107]	Time  0.185 ( 0.185)	Loss 1.9211e-01 (1.9211e-01)	Acc pseudo  93.75 ( 93.75)	Lr 1.000e-03 (1.000e-03)
2025-12-19 18:07:56,231 - INFO: Epoch: [11][ 50/107]	Time  0.003 ( 0.007)	Loss 7.9507e-02 (1.1381e-01)	Acc pseudo  96.88 ( 96.75)	Lr 1.000e-03 (1.000e-03)
2025-12-19 18:07:56,383 - INFO: Epoch: [11][100/107]	Time  0.002 ( 0.005)	Loss 1.3976e-01 (1.1643e-01)	Acc pseudo  95.31 ( 96.80)	Lr 1.000e-03 (1.000e-03)
2025-12-19 18:07:56,452 - INFO: Round 1, Fine-tune Epoch 11: loss=0.1183, acc(pseudo)=96.69%
2025-12-19 18:08:01,377 - INFO: Round 1, Fine-tune Epoch 11: acc(valid_pseudo): 0.9757, acc(valid): 0.8850
2025-12-19 18:08:01,378 - INFO: Round 1, Fine-tune Epoch 11: No improvement in validation accuracy. Patience(epoch): 5/5
2025-12-19 18:08:01,378 - INFO: Early stopping at epoch 11 due to no improvement in validation accuracy for 5 epochs.
2025-12-19 18:08:01,379 - INFO: Round 1: Best fine-tuned epoch=6, acc(valid_pseudo)=0.9900
2025-12-19 18:08:01,415 - INFO: Using HMM model from previous round: runs/the big bang theory/exp_video/result/self_supervised/exp1/round0/pseudo_label/hmm_params.pkl
2025-12-19 18:18:53,150 - INFO: Round 1: acc(valid)=0.8975, acc(test)=0.9162
2025-12-19 18:18:53,151 - INFO: No improvement. Patience(round): 2/5
2025-12-19 18:18:53,154 - INFO: ====================
2025-12-19 18:18:53,154 - INFO: Round 2: Fine-tuning iteration
2025-12-19 18:18:53,154 - INFO: ====================
2025-12-19 18:18:53,168 - INFO: Round 2 Part 1: Fine-tuning embedding model
2025-12-19 18:18:53,169 - INFO: Using pseudo-label file: runs/the big bang theory/exp_video/result/self_supervised/exp1/round1/pseudo_label/pseudo_labels_audio_nested_hmm_full(unreliable_pp=5.0).json
2025-12-19 18:18:53,377 - INFO: Warmup training classifier for 2 epochs...
2025-12-19 18:18:53,556 - INFO: Epoch: [0][  0/107]	Time  0.174 ( 0.174)	Loss 2.4108e+00 (2.4108e+00)	Acc pseudo  12.50 ( 12.50)	Lr 1.000e-03 (1.000e-03)
2025-12-19 18:18:53,698 - INFO: Epoch: [0][ 50/107]	Time  0.002 ( 0.006)	Loss 6.5720e-01 (1.2100e+00)	Acc pseudo  93.75 ( 79.87)	Lr 1.000e-03 (1.000e-03)
2025-12-19 18:18:53,827 - INFO: Epoch: [0][100/107]	Time  0.002 ( 0.004)	Loss 6.3230e-01 (8.8539e-01)	Acc pseudo  90.62 ( 85.86)	Lr 1.000e-03 (1.000e-03)
2025-12-19 18:18:53,883 - INFO: Round 2, Warmup Epoch 0: loss=0.8639, acc(pseudo)=86.21%
2025-12-19 18:18:54,067 - INFO: Epoch: [1][  0/107]	Time  0.179 ( 0.179)	Loss 3.7878e-01 (3.7878e-01)	Acc pseudo  96.88 ( 96.88)	Lr 1.000e-03 (1.000e-03)
2025-12-19 18:18:54,216 - INFO: Epoch: [1][ 50/107]	Time  0.003 ( 0.006)	Loss 3.0993e-01 (4.1116e-01)	Acc pseudo  95.31 ( 92.74)	Lr 1.000e-03 (1.000e-03)
2025-12-19 18:18:54,348 - INFO: Epoch: [1][100/107]	Time  0.002 ( 0.004)	Loss 4.0504e-01 (3.9697e-01)	Acc pseudo  90.62 ( 92.95)	Lr 1.000e-03 (1.000e-03)
2025-12-19 18:18:54,406 - INFO: Round 2, Warmup Epoch 1: loss=0.3955, acc(pseudo)=92.85%
2025-12-19 18:18:54,487 - INFO: Fine-tuning embedding model for 20 epochs...
2025-12-19 18:18:54,667 - INFO: Epoch: [0][  0/107]	Time  0.175 ( 0.175)	Loss 4.6857e-01 (4.6857e-01)	Acc pseudo  93.75 ( 93.75)	Lr 1.000e-03 (1.000e-03)
2025-12-19 18:18:54,826 - INFO: Epoch: [0][ 50/107]	Time  0.003 ( 0.006)	Loss 3.0357e-01 (5.3516e-01)	Acc pseudo  89.06 ( 89.68)	Lr 1.000e-03 (1.000e-03)
2025-12-19 18:18:54,973 - INFO: Epoch: [0][100/107]	Time  0.002 ( 0.005)	Loss 2.2358e-01 (4.7810e-01)	Acc pseudo  96.88 ( 90.66)	Lr 1.000e-03 (1.000e-03)
2025-12-19 18:18:55,033 - INFO: Round 2, Fine-tune Epoch 0: loss=0.4743, acc(pseudo)=90.70%
2025-12-19 18:18:58,843 - INFO: Round 2, Fine-tune Epoch 0: acc(valid_pseudo): 0.9406, acc(valid): 0.8500
2025-12-19 18:18:59,251 - INFO: Epoch: [1][  0/107]	Time  0.180 ( 0.180)	Loss 5.4758e-01 (5.4758e-01)	Acc pseudo  90.62 ( 90.62)	Lr 1.000e-03 (1.000e-03)
2025-12-19 18:18:59,413 - INFO: Epoch: [1][ 50/107]	Time  0.003 ( 0.007)	Loss 2.7732e-01 (3.5563e-01)	Acc pseudo  92.19 ( 92.59)	Lr 1.000e-03 (1.000e-03)
2025-12-19 18:18:59,554 - INFO: Epoch: [1][100/107]	Time  0.002 ( 0.005)	Loss 1.6637e-01 (3.4045e-01)	Acc pseudo  93.75 ( 92.73)	Lr 1.000e-03 (1.000e-03)
2025-12-19 18:18:59,614 - INFO: Round 2, Fine-tune Epoch 1: loss=0.3406, acc(pseudo)=92.66%
2025-12-19 18:19:03,859 - INFO: Round 2, Fine-tune Epoch 1: acc(valid_pseudo): 0.8803, acc(valid): 0.8025
2025-12-19 18:19:03,859 - INFO: Round 2, Fine-tune Epoch 1: No improvement in validation accuracy. Patience(epoch): 1/5
2025-12-19 18:19:04,043 - INFO: Epoch: [2][  0/107]	Time  0.178 ( 0.178)	Loss 3.0187e-01 (3.0187e-01)	Acc pseudo  93.75 ( 93.75)	Lr 1.000e-03 (1.000e-03)
2025-12-19 18:19:04,202 - INFO: Epoch: [2][ 50/107]	Time  0.003 ( 0.007)	Loss 2.4383e-01 (2.7956e-01)	Acc pseudo  95.31 ( 93.08)	Lr 1.000e-03 (1.000e-03)
2025-12-19 18:19:04,344 - INFO: Epoch: [2][100/107]	Time  0.002 ( 0.005)	Loss 1.6212e-01 (2.8147e-01)	Acc pseudo  93.75 ( 93.36)	Lr 1.000e-03 (1.000e-03)
2025-12-19 18:19:04,401 - INFO: Round 2, Fine-tune Epoch 2: loss=0.2818, acc(pseudo)=93.45%
2025-12-19 18:19:08,297 - INFO: Round 2, Fine-tune Epoch 2: acc(valid_pseudo): 0.9715, acc(valid): 0.8700
2025-12-19 18:19:08,745 - INFO: Epoch: [3][  0/107]	Time  0.203 ( 0.203)	Loss 2.6869e-01 (2.6869e-01)	Acc pseudo  93.75 ( 93.75)	Lr 1.000e-03 (1.000e-03)
2025-12-19 18:19:08,903 - INFO: Epoch: [3][ 50/107]	Time  0.003 ( 0.007)	Loss 1.5151e-01 (2.2919e-01)	Acc pseudo  95.31 ( 94.52)	Lr 1.000e-03 (1.000e-03)
2025-12-19 18:19:09,055 - INFO: Epoch: [3][100/107]	Time  0.002 ( 0.005)	Loss 1.0615e-01 (2.5602e-01)	Acc pseudo  96.88 ( 94.04)	Lr 1.000e-03 (1.000e-03)
2025-12-19 18:19:09,116 - INFO: Round 2, Fine-tune Epoch 3: loss=0.2528, acc(pseudo)=94.03%
2025-12-19 18:19:14,311 - INFO: Round 2, Fine-tune Epoch 3: acc(valid_pseudo): 0.9774, acc(valid): 0.8650
2025-12-19 18:19:14,751 - INFO: Epoch: [4][  0/107]	Time  0.184 ( 0.184)	Loss 1.6472e-01 (1.6472e-01)	Acc pseudo  96.88 ( 96.88)	Lr 1.000e-03 (1.000e-03)
2025-12-19 18:19:14,908 - INFO: Epoch: [4][ 50/107]	Time  0.003 ( 0.007)	Loss 1.7412e-01 (2.3988e-01)	Acc pseudo  96.88 ( 94.45)	Lr 1.000e-03 (1.000e-03)
2025-12-19 18:19:15,059 - INFO: Epoch: [4][100/107]	Time  0.002 ( 0.005)	Loss 2.4860e-01 (2.3291e-01)	Acc pseudo  90.62 ( 94.63)	Lr 1.000e-03 (1.000e-03)
2025-12-19 18:19:15,117 - INFO: Round 2, Fine-tune Epoch 4: loss=0.2304, acc(pseudo)=94.71%
2025-12-19 18:19:20,324 - INFO: Round 2, Fine-tune Epoch 4: acc(valid_pseudo): 0.9130, acc(valid): 0.8525
2025-12-19 18:19:20,325 - INFO: Round 2, Fine-tune Epoch 4: No improvement in validation accuracy. Patience(epoch): 1/5
2025-12-19 18:19:20,512 - INFO: Epoch: [5][  0/107]	Time  0.182 ( 0.182)	Loss 1.7664e-01 (1.7664e-01)	Acc pseudo  96.88 ( 96.88)	Lr 1.000e-03 (1.000e-03)
2025-12-19 18:19:20,688 - INFO: Epoch: [5][ 50/107]	Time  0.003 ( 0.007)	Loss 3.3104e-01 (1.9336e-01)	Acc pseudo  92.19 ( 94.82)	Lr 1.000e-03 (1.000e-03)
2025-12-19 18:19:20,857 - INFO: Epoch: [5][100/107]	Time  0.002 ( 0.005)	Loss 2.0126e-01 (1.9815e-01)	Acc pseudo  95.31 ( 94.93)	Lr 1.000e-03 (1.000e-03)
2025-12-19 18:19:20,916 - INFO: Round 2, Fine-tune Epoch 5: loss=0.2000, acc(pseudo)=94.87%
2025-12-19 18:19:24,928 - INFO: Round 2, Fine-tune Epoch 5: acc(valid_pseudo): 0.8762, acc(valid): 0.8425
2025-12-19 18:19:24,929 - INFO: Round 2, Fine-tune Epoch 5: No improvement in validation accuracy. Patience(epoch): 2/5
2025-12-19 18:19:25,109 - INFO: Epoch: [6][  0/107]	Time  0.175 ( 0.175)	Loss 1.9895e-01 (1.9895e-01)	Acc pseudo  93.75 ( 93.75)	Lr 1.000e-03 (1.000e-03)
2025-12-19 18:19:25,257 - INFO: Epoch: [6][ 50/107]	Time  0.003 ( 0.006)	Loss 1.0691e-01 (1.6872e-01)	Acc pseudo  98.44 ( 95.83)	Lr 1.000e-03 (1.000e-03)
2025-12-19 18:19:25,395 - INFO: Epoch: [6][100/107]	Time  0.003 ( 0.004)	Loss 5.8046e-02 (1.8266e-01)	Acc pseudo  96.88 ( 95.33)	Lr 1.000e-03 (1.000e-03)
2025-12-19 18:19:25,456 - INFO: Round 2, Fine-tune Epoch 6: loss=0.1845, acc(pseudo)=95.27%
2025-12-19 18:19:29,174 - INFO: Round 2, Fine-tune Epoch 6: acc(valid_pseudo): 0.9808, acc(valid): 0.8675
2025-12-19 18:19:29,582 - INFO: Epoch: [7][  0/107]	Time  0.176 ( 0.176)	Loss 4.4368e-02 (4.4368e-02)	Acc pseudo  98.44 ( 98.44)	Lr 1.000e-03 (1.000e-03)
2025-12-19 18:19:29,737 - INFO: Epoch: [7][ 50/107]	Time  0.003 ( 0.006)	Loss 6.1060e-02 (1.6536e-01)	Acc pseudo 100.00 ( 95.53)	Lr 1.000e-03 (1.000e-03)
2025-12-19 18:19:29,879 - INFO: Epoch: [7][100/107]	Time  0.002 ( 0.005)	Loss 1.2375e-01 (1.7498e-01)	Acc pseudo  95.31 ( 95.22)	Lr 1.000e-03 (1.000e-03)
2025-12-19 18:19:29,939 - INFO: Round 2, Fine-tune Epoch 7: loss=0.1768, acc(pseudo)=95.28%
2025-12-19 18:19:33,876 - INFO: Round 2, Fine-tune Epoch 7: acc(valid_pseudo): 0.9732, acc(valid): 0.8775
2025-12-19 18:19:33,876 - INFO: Round 2, Fine-tune Epoch 7: No improvement in validation accuracy. Patience(epoch): 1/5
2025-12-19 18:19:34,063 - INFO: Epoch: [8][  0/107]	Time  0.181 ( 0.181)	Loss 2.0910e-01 (2.0910e-01)	Acc pseudo  93.75 ( 93.75)	Lr 1.000e-03 (1.000e-03)
2025-12-19 18:19:34,225 - INFO: Epoch: [8][ 50/107]	Time  0.003 ( 0.007)	Loss 2.8828e-01 (1.4249e-01)	Acc pseudo  92.19 ( 96.23)	Lr 1.000e-03 (1.000e-03)
2025-12-19 18:19:34,372 - INFO: Epoch: [8][100/107]	Time  0.002 ( 0.005)	Loss 6.6002e-02 (1.4425e-01)	Acc pseudo  96.88 ( 95.96)	Lr 1.000e-03 (1.000e-03)
2025-12-19 18:19:34,433 - INFO: Round 2, Fine-tune Epoch 8: loss=0.1457, acc(pseudo)=95.96%
2025-12-19 18:19:39,163 - INFO: Round 2, Fine-tune Epoch 8: acc(valid_pseudo): 0.9816, acc(valid): 0.8700
2025-12-19 18:19:39,577 - INFO: Epoch: [9][  0/107]	Time  0.177 ( 0.177)	Loss 2.4808e-01 (2.4808e-01)	Acc pseudo  93.75 ( 93.75)	Lr 1.000e-03 (1.000e-03)
2025-12-19 18:19:39,731 - INFO: Epoch: [9][ 50/107]	Time  0.003 ( 0.006)	Loss 4.2245e-01 (1.4130e-01)	Acc pseudo  96.88 ( 95.86)	Lr 1.000e-03 (1.000e-03)
2025-12-19 18:19:39,872 - INFO: Epoch: [9][100/107]	Time  0.002 ( 0.005)	Loss 1.6540e-01 (1.3874e-01)	Acc pseudo  95.31 ( 96.15)	Lr 1.000e-03 (1.000e-03)
2025-12-19 18:19:39,932 - INFO: Round 2, Fine-tune Epoch 9: loss=0.1382, acc(pseudo)=96.18%
2025-12-19 18:19:43,898 - INFO: Round 2, Fine-tune Epoch 9: acc(valid_pseudo): 0.9941, acc(valid): 0.8925
2025-12-19 18:19:44,308 - INFO: Epoch: [10][  0/107]	Time  0.175 ( 0.175)	Loss 6.4353e-02 (6.4353e-02)	Acc pseudo  98.44 ( 98.44)	Lr 1.000e-03 (1.000e-03)
2025-12-19 18:19:44,462 - INFO: Epoch: [10][ 50/107]	Time  0.003 ( 0.006)	Loss 1.6725e-01 (1.2736e-01)	Acc pseudo  95.31 ( 96.66)	Lr 1.000e-03 (1.000e-03)
2025-12-19 18:19:44,602 - INFO: Epoch: [10][100/107]	Time  0.002 ( 0.005)	Loss 5.8407e-02 (1.4010e-01)	Acc pseudo  98.44 ( 96.12)	Lr 1.000e-03 (1.000e-03)
2025-12-19 18:19:44,660 - INFO: Round 2, Fine-tune Epoch 10: loss=0.1436, acc(pseudo)=96.03%
2025-12-19 18:19:48,640 - INFO: Round 2, Fine-tune Epoch 10: acc(valid_pseudo): 0.9833, acc(valid): 0.8875
2025-12-19 18:19:48,640 - INFO: Round 2, Fine-tune Epoch 10: No improvement in validation accuracy. Patience(epoch): 1/5
2025-12-19 18:19:48,832 - INFO: Epoch: [11][  0/107]	Time  0.186 ( 0.186)	Loss 6.6584e-02 (6.6584e-02)	Acc pseudo  98.44 ( 98.44)	Lr 1.000e-03 (1.000e-03)
2025-12-19 18:19:48,977 - INFO: Epoch: [11][ 50/107]	Time  0.003 ( 0.006)	Loss 2.9200e-01 (1.5301e-01)	Acc pseudo  93.75 ( 95.99)	Lr 1.000e-03 (1.000e-03)
2025-12-19 18:19:49,113 - INFO: Epoch: [11][100/107]	Time  0.002 ( 0.005)	Loss 1.6809e-01 (1.3514e-01)	Acc pseudo  95.31 ( 96.77)	Lr 1.000e-03 (1.000e-03)
2025-12-19 18:19:49,169 - INFO: Round 2, Fine-tune Epoch 11: loss=0.1372, acc(pseudo)=96.68%
2025-12-19 18:19:53,959 - INFO: Round 2, Fine-tune Epoch 11: acc(valid_pseudo): 0.9339, acc(valid): 0.7250
2025-12-19 18:19:53,960 - INFO: Round 2, Fine-tune Epoch 11: No improvement in validation accuracy. Patience(epoch): 2/5
2025-12-19 18:19:54,176 - INFO: Epoch: [12][  0/107]	Time  0.210 ( 0.210)	Loss 7.3566e-02 (7.3566e-02)	Acc pseudo  96.88 ( 96.88)	Lr 1.000e-03 (1.000e-03)
2025-12-19 18:19:54,336 - INFO: Epoch: [12][ 50/107]	Time  0.003 ( 0.007)	Loss 8.3010e-02 (1.1587e-01)	Acc pseudo  98.44 ( 96.81)	Lr 1.000e-03 (1.000e-03)
2025-12-19 18:19:54,485 - INFO: Epoch: [12][100/107]	Time  0.002 ( 0.005)	Loss 1.7063e-01 (1.2480e-01)	Acc pseudo  96.88 ( 96.64)	Lr 1.000e-03 (1.000e-03)
2025-12-19 18:19:54,549 - INFO: Round 2, Fine-tune Epoch 12: loss=0.1230, acc(pseudo)=96.66%
2025-12-19 18:19:58,398 - INFO: Round 2, Fine-tune Epoch 12: acc(valid_pseudo): 0.9891, acc(valid): 0.8900
2025-12-19 18:19:58,398 - INFO: Round 2, Fine-tune Epoch 12: No improvement in validation accuracy. Patience(epoch): 3/5
2025-12-19 18:19:58,586 - INFO: Epoch: [13][  0/107]	Time  0.183 ( 0.183)	Loss 1.8199e-01 (1.8199e-01)	Acc pseudo  98.44 ( 98.44)	Lr 1.000e-03 (1.000e-03)
2025-12-19 18:19:58,745 - INFO: Epoch: [13][ 50/107]	Time  0.003 ( 0.007)	Loss 2.0147e-02 (1.2123e-01)	Acc pseudo 100.00 ( 96.42)	Lr 1.000e-03 (1.000e-03)
2025-12-19 18:19:58,890 - INFO: Epoch: [13][100/107]	Time  0.002 ( 0.005)	Loss 1.1129e-01 (1.2595e-01)	Acc pseudo  96.88 ( 96.46)	Lr 1.000e-03 (1.000e-03)
2025-12-19 18:19:58,949 - INFO: Round 2, Fine-tune Epoch 13: loss=0.1267, acc(pseudo)=96.44%
2025-12-19 18:20:03,211 - INFO: Round 2, Fine-tune Epoch 13: acc(valid_pseudo): 0.9715, acc(valid): 0.8750
2025-12-19 18:20:03,211 - INFO: Round 2, Fine-tune Epoch 13: No improvement in validation accuracy. Patience(epoch): 4/5
2025-12-19 18:20:03,402 - INFO: Epoch: [14][  0/107]	Time  0.185 ( 0.185)	Loss 1.2516e-01 (1.2516e-01)	Acc pseudo  98.44 ( 98.44)	Lr 1.000e-03 (1.000e-03)
2025-12-19 18:20:03,560 - INFO: Epoch: [14][ 50/107]	Time  0.003 ( 0.007)	Loss 6.2762e-02 (1.2689e-01)	Acc pseudo  98.44 ( 96.63)	Lr 1.000e-03 (1.000e-03)
2025-12-19 18:20:03,704 - INFO: Epoch: [14][100/107]	Time  0.002 ( 0.005)	Loss 6.1872e-02 (1.3169e-01)	Acc pseudo  98.44 ( 96.58)	Lr 1.000e-03 (1.000e-03)
2025-12-19 18:20:03,763 - INFO: Round 2, Fine-tune Epoch 14: loss=0.1316, acc(pseudo)=96.57%
2025-12-19 18:20:08,751 - INFO: Round 2, Fine-tune Epoch 14: acc(valid_pseudo): 0.9757, acc(valid): 0.8775
2025-12-19 18:20:08,752 - INFO: Round 2, Fine-tune Epoch 14: No improvement in validation accuracy. Patience(epoch): 5/5
2025-12-19 18:20:08,752 - INFO: Early stopping at epoch 14 due to no improvement in validation accuracy for 5 epochs.
2025-12-19 18:20:08,753 - INFO: Round 2: Best fine-tuned epoch=9, acc(valid_pseudo)=0.9941
2025-12-19 18:20:08,784 - INFO: Using HMM model from previous round: runs/the big bang theory/exp_video/result/self_supervised/exp1/round1/pseudo_label/hmm_params.pkl
2025-12-19 18:31:34,972 - INFO: Round 2: acc(valid)=0.8975, acc(test)=0.9162
2025-12-19 18:31:34,972 - INFO: No improvement. Patience(round): 3/5
2025-12-19 18:31:34,975 - INFO: ====================
2025-12-19 18:31:34,975 - INFO: Round 3: Fine-tuning iteration
2025-12-19 18:31:34,975 - INFO: ====================
2025-12-19 18:31:34,982 - INFO: Round 3 Part 1: Fine-tuning embedding model
2025-12-19 18:31:34,983 - INFO: Using pseudo-label file: runs/the big bang theory/exp_video/result/self_supervised/exp1/round2/pseudo_label/pseudo_labels_audio_nested_hmm_full(unreliable_pp=5.0).json
2025-12-19 18:31:35,187 - INFO: Warmup training classifier for 2 epochs...
2025-12-19 18:31:35,365 - INFO: Epoch: [0][  0/107]	Time  0.174 ( 0.174)	Loss 2.4060e+00 (2.4060e+00)	Acc pseudo  12.50 ( 12.50)	Lr 1.000e-03 (1.000e-03)
2025-12-19 18:31:35,501 - INFO: Epoch: [0][ 50/107]	Time  0.002 ( 0.006)	Loss 6.5029e-01 (1.2236e+00)	Acc pseudo  92.19 ( 79.84)	Lr 1.000e-03 (1.000e-03)
2025-12-19 18:31:35,627 - INFO: Epoch: [0][100/107]	Time  0.002 ( 0.004)	Loss 5.8187e-01 (8.9036e-01)	Acc pseudo  90.62 ( 86.05)	Lr 1.000e-03 (1.000e-03)
2025-12-19 18:31:35,682 - INFO: Round 3, Warmup Epoch 0: loss=0.8685, acc(pseudo)=86.37%
2025-12-19 18:31:35,853 - INFO: Epoch: [1][  0/107]	Time  0.166 ( 0.166)	Loss 4.0680e-01 (4.0680e-01)	Acc pseudo  93.75 ( 93.75)	Lr 1.000e-03 (1.000e-03)
2025-12-19 18:31:35,990 - INFO: Epoch: [1][ 50/107]	Time  0.002 ( 0.006)	Loss 2.9689e-01 (4.1755e-01)	Acc pseudo  95.31 ( 92.34)	Lr 1.000e-03 (1.000e-03)
2025-12-19 18:31:36,115 - INFO: Epoch: [1][100/107]	Time  0.002 ( 0.004)	Loss 4.3871e-01 (3.8859e-01)	Acc pseudo  87.50 ( 92.73)	Lr 1.000e-03 (1.000e-03)
2025-12-19 18:31:36,171 - INFO: Round 3, Warmup Epoch 1: loss=0.3902, acc(pseudo)=92.59%
2025-12-19 18:31:36,189 - INFO: Fine-tuning embedding model for 20 epochs...
2025-12-19 18:31:36,360 - INFO: Epoch: [0][  0/107]	Time  0.167 ( 0.167)	Loss 4.1665e-01 (4.1665e-01)	Acc pseudo  95.31 ( 95.31)	Lr 1.000e-03 (1.000e-03)
2025-12-19 18:31:36,519 - INFO: Epoch: [0][ 50/107]	Time  0.003 ( 0.006)	Loss 6.2483e-01 (5.5418e-01)	Acc pseudo  89.06 ( 89.86)	Lr 1.000e-03 (1.000e-03)
2025-12-19 18:31:36,663 - INFO: Epoch: [0][100/107]	Time  0.002 ( 0.005)	Loss 2.5310e-01 (4.8882e-01)	Acc pseudo  96.88 ( 90.49)	Lr 1.000e-03 (1.000e-03)
2025-12-19 18:31:36,720 - INFO: Round 3, Fine-tune Epoch 0: loss=0.4882, acc(pseudo)=90.47%
2025-12-19 18:31:40,982 - INFO: Round 3, Fine-tune Epoch 0: acc(valid_pseudo): 0.9640, acc(valid): 0.8475
2025-12-19 18:31:41,390 - INFO: Epoch: [1][  0/107]	Time  0.177 ( 0.177)	Loss 3.2311e-01 (3.2311e-01)	Acc pseudo  92.19 ( 92.19)	Lr 1.000e-03 (1.000e-03)
2025-12-19 18:31:41,546 - INFO: Epoch: [1][ 50/107]	Time  0.003 ( 0.006)	Loss 4.7467e-01 (3.4252e-01)	Acc pseudo  90.62 ( 92.40)	Lr 1.000e-03 (1.000e-03)
2025-12-19 18:31:41,687 - INFO: Epoch: [1][100/107]	Time  0.002 ( 0.005)	Loss 1.2812e-01 (3.1914e-01)	Acc pseudo  95.31 ( 92.93)	Lr 1.000e-03 (1.000e-03)
2025-12-19 18:31:41,745 - INFO: Round 3, Fine-tune Epoch 1: loss=0.3175, acc(pseudo)=92.93%
2025-12-19 18:31:46,258 - INFO: Round 3, Fine-tune Epoch 1: acc(valid_pseudo): 0.9749, acc(valid): 0.8800
2025-12-19 18:31:46,788 - INFO: Epoch: [2][  0/107]	Time  0.180 ( 0.180)	Loss 2.4527e-01 (2.4527e-01)	Acc pseudo  92.19 ( 92.19)	Lr 1.000e-03 (1.000e-03)
2025-12-19 18:31:46,946 - INFO: Epoch: [2][ 50/107]	Time  0.003 ( 0.007)	Loss 1.6782e-01 (2.8459e-01)	Acc pseudo  98.44 ( 93.81)	Lr 1.000e-03 (1.000e-03)
2025-12-19 18:31:47,091 - INFO: Epoch: [2][100/107]	Time  0.002 ( 0.005)	Loss 2.1868e-01 (2.7257e-01)	Acc pseudo  93.75 ( 93.87)	Lr 1.000e-03 (1.000e-03)
2025-12-19 18:31:47,151 - INFO: Round 3, Fine-tune Epoch 2: loss=0.2695, acc(pseudo)=93.94%
2025-12-19 18:31:51,799 - INFO: Round 3, Fine-tune Epoch 2: acc(valid_pseudo): 0.9824, acc(valid): 0.8525
2025-12-19 18:31:52,221 - INFO: Epoch: [3][  0/107]	Time  0.191 ( 0.191)	Loss 2.3296e-01 (2.3296e-01)	Acc pseudo  93.75 ( 93.75)	Lr 1.000e-03 (1.000e-03)
2025-12-19 18:31:52,373 - INFO: Epoch: [3][ 50/107]	Time  0.003 ( 0.007)	Loss 1.5198e-01 (2.2987e-01)	Acc pseudo  92.19 ( 94.52)	Lr 1.000e-03 (1.000e-03)
2025-12-19 18:31:52,523 - INFO: Epoch: [3][100/107]	Time  0.002 ( 0.005)	Loss 2.0885e-01 (2.4589e-01)	Acc pseudo  93.75 ( 94.29)	Lr 1.000e-03 (1.000e-03)
2025-12-19 18:31:52,580 - INFO: Round 3, Fine-tune Epoch 3: loss=0.2444, acc(pseudo)=94.32%
2025-12-19 18:31:56,318 - INFO: Round 3, Fine-tune Epoch 3: acc(valid_pseudo): 0.9448, acc(valid): 0.8350
2025-12-19 18:31:56,318 - INFO: Round 3, Fine-tune Epoch 3: No improvement in validation accuracy. Patience(epoch): 1/5
2025-12-19 18:31:56,498 - INFO: Epoch: [4][  0/107]	Time  0.174 ( 0.174)	Loss 2.8779e-01 (2.8779e-01)	Acc pseudo  96.88 ( 96.88)	Lr 1.000e-03 (1.000e-03)
2025-12-19 18:31:56,647 - INFO: Epoch: [4][ 50/107]	Time  0.003 ( 0.006)	Loss 1.2226e-01 (2.2437e-01)	Acc pseudo  96.88 ( 94.67)	Lr 1.000e-03 (1.000e-03)
2025-12-19 18:31:56,785 - INFO: Epoch: [4][100/107]	Time  0.002 ( 0.004)	Loss 1.9017e-01 (2.1008e-01)	Acc pseudo  92.19 ( 95.02)	Lr 1.000e-03 (1.000e-03)
2025-12-19 18:31:56,842 - INFO: Round 3, Fine-tune Epoch 4: loss=0.2108, acc(pseudo)=95.04%
2025-12-19 18:32:00,666 - INFO: Round 3, Fine-tune Epoch 4: acc(valid_pseudo): 0.9523, acc(valid): 0.8700
2025-12-19 18:32:00,666 - INFO: Round 3, Fine-tune Epoch 4: No improvement in validation accuracy. Patience(epoch): 2/5
2025-12-19 18:32:00,848 - INFO: Epoch: [5][  0/107]	Time  0.176 ( 0.176)	Loss 2.4500e-01 (2.4500e-01)	Acc pseudo  89.06 ( 89.06)	Lr 1.000e-03 (1.000e-03)
2025-12-19 18:32:01,000 - INFO: Epoch: [5][ 50/107]	Time  0.003 ( 0.006)	Loss 2.3043e-01 (1.9426e-01)	Acc pseudo  93.75 ( 95.28)	Lr 1.000e-03 (1.000e-03)
2025-12-19 18:32:01,147 - INFO: Epoch: [5][100/107]	Time  0.002 ( 0.005)	Loss 1.8557e-01 (1.9640e-01)	Acc pseudo  93.75 ( 95.17)	Lr 1.000e-03 (1.000e-03)
2025-12-19 18:32:01,204 - INFO: Round 3, Fine-tune Epoch 5: loss=0.1986, acc(pseudo)=95.11%
2025-12-19 18:32:05,064 - INFO: Round 3, Fine-tune Epoch 5: acc(valid_pseudo): 0.9439, acc(valid): 0.8475
2025-12-19 18:32:05,064 - INFO: Round 3, Fine-tune Epoch 5: No improvement in validation accuracy. Patience(epoch): 3/5
2025-12-19 18:32:05,239 - INFO: Epoch: [6][  0/107]	Time  0.169 ( 0.169)	Loss 1.3321e-01 (1.3321e-01)	Acc pseudo  96.88 ( 96.88)	Lr 1.000e-03 (1.000e-03)
2025-12-19 18:32:05,387 - INFO: Epoch: [6][ 50/107]	Time  0.003 ( 0.006)	Loss 6.8495e-02 (1.7659e-01)	Acc pseudo  98.44 ( 95.56)	Lr 1.000e-03 (1.000e-03)
2025-12-19 18:32:05,523 - INFO: Epoch: [6][100/107]	Time  0.002 ( 0.004)	Loss 5.8908e-02 (1.8515e-01)	Acc pseudo  98.44 ( 95.27)	Lr 1.000e-03 (1.000e-03)
2025-12-19 18:32:05,583 - INFO: Round 3, Fine-tune Epoch 6: loss=0.1838, acc(pseudo)=95.27%
2025-12-19 18:32:10,198 - INFO: Round 3, Fine-tune Epoch 6: acc(valid_pseudo): 0.9933, acc(valid): 0.8900
2025-12-19 18:32:10,631 - INFO: Epoch: [7][  0/107]	Time  0.200 ( 0.200)	Loss 3.2155e-02 (3.2155e-02)	Acc pseudo  96.88 ( 96.88)	Lr 1.000e-03 (1.000e-03)
2025-12-19 18:32:10,790 - INFO: Epoch: [7][ 50/107]	Time  0.003 ( 0.007)	Loss 1.3501e-01 (1.7421e-01)	Acc pseudo  98.44 ( 95.31)	Lr 1.000e-03 (1.000e-03)
2025-12-19 18:32:10,944 - INFO: Epoch: [7][100/107]	Time  0.002 ( 0.005)	Loss 1.3428e-01 (1.8448e-01)	Acc pseudo  95.31 ( 95.28)	Lr 1.000e-03 (1.000e-03)
2025-12-19 18:32:11,006 - INFO: Round 3, Fine-tune Epoch 7: loss=0.1848, acc(pseudo)=95.27%
2025-12-19 18:32:15,005 - INFO: Round 3, Fine-tune Epoch 7: acc(valid_pseudo): 0.9548, acc(valid): 0.8725
2025-12-19 18:32:15,005 - INFO: Round 3, Fine-tune Epoch 7: No improvement in validation accuracy. Patience(epoch): 1/5
2025-12-19 18:32:15,212 - INFO: Epoch: [8][  0/107]	Time  0.201 ( 0.201)	Loss 1.2746e-01 (1.2746e-01)	Acc pseudo  95.31 ( 95.31)	Lr 1.000e-03 (1.000e-03)
2025-12-19 18:32:15,370 - INFO: Epoch: [8][ 50/107]	Time  0.003 ( 0.007)	Loss 2.5726e-01 (1.4130e-01)	Acc pseudo  92.19 ( 95.96)	Lr 1.000e-03 (1.000e-03)
2025-12-19 18:32:15,514 - INFO: Epoch: [8][100/107]	Time  0.002 ( 0.005)	Loss 1.2387e-01 (1.4062e-01)	Acc pseudo  98.44 ( 96.27)	Lr 1.000e-03 (1.000e-03)
2025-12-19 18:32:15,573 - INFO: Round 3, Fine-tune Epoch 8: loss=0.1413, acc(pseudo)=96.27%
2025-12-19 18:32:19,369 - INFO: Round 3, Fine-tune Epoch 8: acc(valid_pseudo): 0.9782, acc(valid): 0.8850
2025-12-19 18:32:19,369 - INFO: Round 3, Fine-tune Epoch 8: No improvement in validation accuracy. Patience(epoch): 2/5
2025-12-19 18:32:19,548 - INFO: Epoch: [9][  0/107]	Time  0.173 ( 0.173)	Loss 2.0424e-01 (2.0424e-01)	Acc pseudo  92.19 ( 92.19)	Lr 1.000e-03 (1.000e-03)
2025-12-19 18:32:19,708 - INFO: Epoch: [9][ 50/107]	Time  0.003 ( 0.006)	Loss 3.1376e-01 (1.4921e-01)	Acc pseudo  89.06 ( 95.80)	Lr 1.000e-03 (1.000e-03)
2025-12-19 18:32:19,849 - INFO: Epoch: [9][100/107]	Time  0.002 ( 0.005)	Loss 1.5308e-01 (1.4018e-01)	Acc pseudo  93.75 ( 96.06)	Lr 1.000e-03 (1.000e-03)
2025-12-19 18:32:19,906 - INFO: Round 3, Fine-tune Epoch 9: loss=0.1393, acc(pseudo)=96.09%
2025-12-19 18:32:23,733 - INFO: Round 3, Fine-tune Epoch 9: acc(valid_pseudo): 0.9849, acc(valid): 0.8875
2025-12-19 18:32:23,733 - INFO: Round 3, Fine-tune Epoch 9: No improvement in validation accuracy. Patience(epoch): 3/5
2025-12-19 18:32:23,922 - INFO: Epoch: [10][  0/107]	Time  0.183 ( 0.183)	Loss 1.8132e-01 (1.8132e-01)	Acc pseudo  95.31 ( 95.31)	Lr 1.000e-03 (1.000e-03)
2025-12-19 18:32:24,082 - INFO: Epoch: [10][ 50/107]	Time  0.003 ( 0.007)	Loss 9.8863e-02 (1.1314e-01)	Acc pseudo  96.88 ( 96.69)	Lr 1.000e-03 (1.000e-03)
2025-12-19 18:32:24,223 - INFO: Epoch: [10][100/107]	Time  0.002 ( 0.005)	Loss 2.6425e-01 (1.3121e-01)	Acc pseudo  93.75 ( 96.24)	Lr 1.000e-03 (1.000e-03)
2025-12-19 18:32:24,281 - INFO: Round 3, Fine-tune Epoch 10: loss=0.1354, acc(pseudo)=96.22%
2025-12-19 18:32:28,707 - INFO: Round 3, Fine-tune Epoch 10: acc(valid_pseudo): 0.9464, acc(valid): 0.8450
2025-12-19 18:32:28,708 - INFO: Round 3, Fine-tune Epoch 10: No improvement in validation accuracy. Patience(epoch): 4/5
2025-12-19 18:32:28,897 - INFO: Epoch: [11][  0/107]	Time  0.184 ( 0.184)	Loss 1.1088e-01 (1.1088e-01)	Acc pseudo  98.44 ( 98.44)	Lr 1.000e-03 (1.000e-03)
2025-12-19 18:32:29,050 - INFO: Epoch: [11][ 50/107]	Time  0.003 ( 0.007)	Loss 2.3752e-01 (1.0550e-01)	Acc pseudo  96.88 ( 97.12)	Lr 1.000e-03 (1.000e-03)
2025-12-19 18:32:29,198 - INFO: Epoch: [11][100/107]	Time  0.002 ( 0.005)	Loss 7.6704e-02 (1.1072e-01)	Acc pseudo  98.44 ( 97.20)	Lr 1.000e-03 (1.000e-03)
2025-12-19 18:32:29,256 - INFO: Round 3, Fine-tune Epoch 11: loss=0.1140, acc(pseudo)=97.10%
2025-12-19 18:32:35,457 - INFO: Round 3, Fine-tune Epoch 11: acc(valid_pseudo): 0.9766, acc(valid): 0.8875
2025-12-19 18:32:35,458 - INFO: Round 3, Fine-tune Epoch 11: No improvement in validation accuracy. Patience(epoch): 5/5
2025-12-19 18:32:35,458 - INFO: Early stopping at epoch 11 due to no improvement in validation accuracy for 5 epochs.
2025-12-19 18:32:35,459 - INFO: Round 3: Best fine-tuned epoch=6, acc(valid_pseudo)=0.9933
2025-12-19 18:32:35,476 - INFO: Using HMM model from previous round: runs/the big bang theory/exp_video/result/self_supervised/exp1/round2/pseudo_label/hmm_params.pkl
2025-12-19 18:38:53,632 - INFO: Round 3: acc(valid)=0.8925, acc(test)=0.9162
2025-12-19 18:38:53,632 - INFO: No improvement. Patience(round): 4/5
2025-12-19 18:38:53,636 - INFO: ====================
2025-12-19 18:38:53,636 - INFO: Round 4: Fine-tuning iteration
2025-12-19 18:38:53,636 - INFO: ====================
2025-12-19 18:38:53,650 - INFO: Round 4 Part 1: Fine-tuning embedding model
2025-12-19 18:38:53,651 - INFO: Using pseudo-label file: runs/the big bang theory/exp_video/result/self_supervised/exp1/round3/pseudo_label/pseudo_labels_audio_nested_hmm_full(unreliable_pp=5.0).json
2025-12-19 18:38:53,855 - INFO: Warmup training classifier for 2 epochs...
2025-12-19 18:38:54,029 - INFO: Epoch: [0][  0/107]	Time  0.170 ( 0.170)	Loss 2.3827e+00 (2.3827e+00)	Acc pseudo  12.50 ( 12.50)	Lr 1.000e-03 (1.000e-03)
2025-12-19 18:38:54,193 - INFO: Epoch: [0][ 50/107]	Time  0.003 ( 0.006)	Loss 6.8206e-01 (1.2024e+00)	Acc pseudo  92.19 ( 80.02)	Lr 1.000e-03 (1.000e-03)
2025-12-19 18:38:54,323 - INFO: Epoch: [0][100/107]	Time  0.002 ( 0.004)	Loss 6.3320e-01 (8.7197e-01)	Acc pseudo  90.62 ( 85.98)	Lr 1.000e-03 (1.000e-03)
2025-12-19 18:38:54,380 - INFO: Round 4, Warmup Epoch 0: loss=0.8480, acc(pseudo)=86.38%
2025-12-19 18:38:54,539 - INFO: Epoch: [1][  0/107]	Time  0.155 ( 0.155)	Loss 3.9278e-01 (3.9278e-01)	Acc pseudo  96.88 ( 96.88)	Lr 1.000e-03 (1.000e-03)
2025-12-19 18:38:54,692 - INFO: Epoch: [1][ 50/107]	Time  0.003 ( 0.006)	Loss 3.2488e-01 (3.9164e-01)	Acc pseudo  95.31 ( 93.05)	Lr 1.000e-03 (1.000e-03)
2025-12-19 18:38:54,818 - INFO: Epoch: [1][100/107]	Time  0.002 ( 0.004)	Loss 3.8403e-01 (3.7584e-01)	Acc pseudo  92.19 ( 93.24)	Lr 1.000e-03 (1.000e-03)
2025-12-19 18:38:54,873 - INFO: Round 4, Warmup Epoch 1: loss=0.3769, acc(pseudo)=93.15%
2025-12-19 18:38:54,890 - INFO: Fine-tuning embedding model for 20 epochs...
2025-12-19 18:38:55,053 - INFO: Epoch: [0][  0/107]	Time  0.159 ( 0.159)	Loss 3.9287e-01 (3.9287e-01)	Acc pseudo  96.88 ( 96.88)	Lr 1.000e-03 (1.000e-03)
2025-12-19 18:38:55,210 - INFO: Epoch: [0][ 50/107]	Time  0.003 ( 0.006)	Loss 5.2376e-01 (5.1664e-01)	Acc pseudo  89.06 ( 90.07)	Lr 1.000e-03 (1.000e-03)
2025-12-19 18:38:55,350 - INFO: Epoch: [0][100/107]	Time  0.002 ( 0.004)	Loss 3.0077e-01 (4.6969e-01)	Acc pseudo  96.88 ( 90.72)	Lr 1.000e-03 (1.000e-03)
2025-12-19 18:38:55,410 - INFO: Round 4, Fine-tune Epoch 0: loss=0.4649, acc(pseudo)=90.77%
2025-12-19 18:38:59,791 - INFO: Round 4, Fine-tune Epoch 0: acc(valid_pseudo): 0.9799, acc(valid): 0.8175
2025-12-19 18:39:00,380 - INFO: Epoch: [1][  0/107]	Time  0.177 ( 0.177)	Loss 6.2902e-01 (6.2902e-01)	Acc pseudo  89.06 ( 89.06)	Lr 1.000e-03 (1.000e-03)
2025-12-19 18:39:00,536 - INFO: Epoch: [1][ 50/107]	Time  0.003 ( 0.006)	Loss 2.7347e-01 (3.5795e-01)	Acc pseudo  93.75 ( 92.34)	Lr 1.000e-03 (1.000e-03)
2025-12-19 18:39:00,677 - INFO: Epoch: [1][100/107]	Time  0.002 ( 0.005)	Loss 1.7404e-01 (3.3242e-01)	Acc pseudo  93.75 ( 92.45)	Lr 1.000e-03 (1.000e-03)
2025-12-19 18:39:00,734 - INFO: Round 4, Fine-tune Epoch 1: loss=0.3324, acc(pseudo)=92.44%
2025-12-19 18:39:04,701 - INFO: Round 4, Fine-tune Epoch 1: acc(valid_pseudo): 0.9414, acc(valid): 0.8825
2025-12-19 18:39:04,701 - INFO: Round 4, Fine-tune Epoch 1: No improvement in validation accuracy. Patience(epoch): 1/5
2025-12-19 18:39:04,874 - INFO: Epoch: [2][  0/107]	Time  0.167 ( 0.167)	Loss 2.4624e-01 (2.4624e-01)	Acc pseudo  93.75 ( 93.75)	Lr 1.000e-03 (1.000e-03)
2025-12-19 18:39:05,028 - INFO: Epoch: [2][ 50/107]	Time  0.004 ( 0.006)	Loss 1.6034e-01 (2.7501e-01)	Acc pseudo  98.44 ( 93.87)	Lr 1.000e-03 (1.000e-03)
2025-12-19 18:39:05,175 - INFO: Epoch: [2][100/107]	Time  0.002 ( 0.005)	Loss 1.2922e-01 (2.5987e-01)	Acc pseudo  95.31 ( 93.94)	Lr 1.000e-03 (1.000e-03)
2025-12-19 18:39:05,233 - INFO: Round 4, Fine-tune Epoch 2: loss=0.2607, acc(pseudo)=94.00%
2025-12-19 18:39:09,050 - INFO: Round 4, Fine-tune Epoch 2: acc(valid_pseudo): 0.9849, acc(valid): 0.8600
2025-12-19 18:39:09,461 - INFO: Epoch: [3][  0/107]	Time  0.171 ( 0.171)	Loss 2.2120e-01 (2.2120e-01)	Acc pseudo  95.31 ( 95.31)	Lr 1.000e-03 (1.000e-03)
2025-12-19 18:39:09,621 - INFO: Epoch: [3][ 50/107]	Time  0.003 ( 0.006)	Loss 1.9001e-01 (2.2831e-01)	Acc pseudo  92.19 ( 94.36)	Lr 1.000e-03 (1.000e-03)
2025-12-19 18:39:09,770 - INFO: Epoch: [3][100/107]	Time  0.002 ( 0.005)	Loss 8.6094e-02 (2.4573e-01)	Acc pseudo  96.88 ( 94.32)	Lr 1.000e-03 (1.000e-03)
2025-12-19 18:39:09,828 - INFO: Round 4, Fine-tune Epoch 3: loss=0.2487, acc(pseudo)=94.26%
2025-12-19 18:39:13,492 - INFO: Round 4, Fine-tune Epoch 3: acc(valid_pseudo): 0.9565, acc(valid): 0.8275
2025-12-19 18:39:13,493 - INFO: Round 4, Fine-tune Epoch 3: No improvement in validation accuracy. Patience(epoch): 1/5
2025-12-19 18:39:13,685 - INFO: Epoch: [4][  0/107]	Time  0.187 ( 0.187)	Loss 1.4114e-01 (1.4114e-01)	Acc pseudo  95.31 ( 95.31)	Lr 1.000e-03 (1.000e-03)
2025-12-19 18:39:13,834 - INFO: Epoch: [4][ 50/107]	Time  0.003 ( 0.006)	Loss 2.1007e-01 (2.1555e-01)	Acc pseudo  95.31 ( 94.70)	Lr 1.000e-03 (1.000e-03)
2025-12-19 18:39:13,974 - INFO: Epoch: [4][100/107]	Time  0.002 ( 0.005)	Loss 1.5351e-01 (2.1114e-01)	Acc pseudo  92.19 ( 94.77)	Lr 1.000e-03 (1.000e-03)
2025-12-19 18:39:14,031 - INFO: Round 4, Fine-tune Epoch 4: loss=0.2097, acc(pseudo)=94.80%
2025-12-19 18:39:17,808 - INFO: Round 4, Fine-tune Epoch 4: acc(valid_pseudo): 0.9908, acc(valid): 0.8875
2025-12-19 18:39:18,214 - INFO: Epoch: [5][  0/107]	Time  0.169 ( 0.169)	Loss 8.8331e-02 (8.8331e-02)	Acc pseudo  96.88 ( 96.88)	Lr 1.000e-03 (1.000e-03)
2025-12-19 18:39:18,365 - INFO: Epoch: [5][ 50/107]	Time  0.003 ( 0.006)	Loss 3.5933e-01 (1.7973e-01)	Acc pseudo  95.31 ( 95.65)	Lr 1.000e-03 (1.000e-03)
2025-12-19 18:39:18,513 - INFO: Epoch: [5][100/107]	Time  0.002 ( 0.005)	Loss 1.3727e-01 (1.8246e-01)	Acc pseudo  95.31 ( 95.58)	Lr 1.000e-03 (1.000e-03)
2025-12-19 18:39:18,570 - INFO: Round 4, Fine-tune Epoch 5: loss=0.1817, acc(pseudo)=95.53%
2025-12-19 18:39:22,616 - INFO: Round 4, Fine-tune Epoch 5: acc(valid_pseudo): 0.9791, acc(valid): 0.8750
2025-12-19 18:39:22,616 - INFO: Round 4, Fine-tune Epoch 5: No improvement in validation accuracy. Patience(epoch): 1/5
2025-12-19 18:39:22,802 - INFO: Epoch: [6][  0/107]	Time  0.180 ( 0.180)	Loss 2.6072e-01 (2.6072e-01)	Acc pseudo  92.19 ( 92.19)	Lr 1.000e-03 (1.000e-03)
2025-12-19 18:39:22,956 - INFO: Epoch: [6][ 50/107]	Time  0.003 ( 0.006)	Loss 6.4398e-02 (1.8009e-01)	Acc pseudo  98.44 ( 95.10)	Lr 1.000e-03 (1.000e-03)
2025-12-19 18:39:23,102 - INFO: Epoch: [6][100/107]	Time  0.002 ( 0.005)	Loss 6.3474e-02 (1.7122e-01)	Acc pseudo  98.44 ( 95.33)	Lr 1.000e-03 (1.000e-03)
2025-12-19 18:39:23,160 - INFO: Round 4, Fine-tune Epoch 6: loss=0.1726, acc(pseudo)=95.26%
2025-12-19 18:39:27,052 - INFO: Round 4, Fine-tune Epoch 6: acc(valid_pseudo): 0.9155, acc(valid): 0.8550
2025-12-19 18:39:27,052 - INFO: Round 4, Fine-tune Epoch 6: No improvement in validation accuracy. Patience(epoch): 2/5
2025-12-19 18:39:27,230 - INFO: Epoch: [7][  0/107]	Time  0.172 ( 0.172)	Loss 3.4729e-02 (3.4729e-02)	Acc pseudo  98.44 ( 98.44)	Lr 1.000e-03 (1.000e-03)
2025-12-19 18:39:27,384 - INFO: Epoch: [7][ 50/107]	Time  0.003 ( 0.006)	Loss 1.4741e-01 (1.5641e-01)	Acc pseudo  96.88 ( 95.89)	Lr 1.000e-03 (1.000e-03)
2025-12-19 18:39:27,524 - INFO: Epoch: [7][100/107]	Time  0.002 ( 0.005)	Loss 9.6206e-02 (1.7201e-01)	Acc pseudo  96.88 ( 95.30)	Lr 1.000e-03 (1.000e-03)
2025-12-19 18:39:27,581 - INFO: Round 4, Fine-tune Epoch 7: loss=0.1719, acc(pseudo)=95.36%
2025-12-19 18:39:31,350 - INFO: Round 4, Fine-tune Epoch 7: acc(valid_pseudo): 0.9121, acc(valid): 0.8225
2025-12-19 18:39:31,350 - INFO: Round 4, Fine-tune Epoch 7: No improvement in validation accuracy. Patience(epoch): 3/5
2025-12-19 18:39:31,560 - INFO: Epoch: [8][  0/107]	Time  0.204 ( 0.204)	Loss 1.2370e-01 (1.2370e-01)	Acc pseudo  96.88 ( 96.88)	Lr 1.000e-03 (1.000e-03)
2025-12-19 18:39:31,705 - INFO: Epoch: [8][ 50/107]	Time  0.003 ( 0.007)	Loss 2.4968e-01 (1.4030e-01)	Acc pseudo  93.75 ( 96.02)	Lr 1.000e-03 (1.000e-03)
2025-12-19 18:39:31,845 - INFO: Epoch: [8][100/107]	Time  0.002 ( 0.005)	Loss 2.0323e-01 (1.3738e-01)	Acc pseudo  93.75 ( 96.15)	Lr 1.000e-03 (1.000e-03)
2025-12-19 18:39:31,902 - INFO: Round 4, Fine-tune Epoch 8: loss=0.1404, acc(pseudo)=96.09%
2025-12-19 18:39:35,615 - INFO: Round 4, Fine-tune Epoch 8: acc(valid_pseudo): 0.9849, acc(valid): 0.8650
2025-12-19 18:39:35,615 - INFO: Round 4, Fine-tune Epoch 8: No improvement in validation accuracy. Patience(epoch): 4/5
2025-12-19 18:39:35,790 - INFO: Epoch: [9][  0/107]	Time  0.169 ( 0.169)	Loss 2.8365e-01 (2.8365e-01)	Acc pseudo  92.19 ( 92.19)	Lr 1.000e-03 (1.000e-03)
2025-12-19 18:39:35,941 - INFO: Epoch: [9][ 50/107]	Time  0.003 ( 0.006)	Loss 7.1860e-02 (1.4431e-01)	Acc pseudo  96.88 ( 96.05)	Lr 1.000e-03 (1.000e-03)
2025-12-19 18:39:36,080 - INFO: Epoch: [9][100/107]	Time  0.002 ( 0.004)	Loss 5.0805e-02 (1.3842e-01)	Acc pseudo  96.88 ( 96.24)	Lr 1.000e-03 (1.000e-03)
2025-12-19 18:39:36,138 - INFO: Round 4, Fine-tune Epoch 9: loss=0.1374, acc(pseudo)=96.31%
2025-12-19 18:39:39,850 - INFO: Round 4, Fine-tune Epoch 9: acc(valid_pseudo): 0.9381, acc(valid): 0.8025
2025-12-19 18:39:39,851 - INFO: Round 4, Fine-tune Epoch 9: No improvement in validation accuracy. Patience(epoch): 5/5
2025-12-19 18:39:39,851 - INFO: Early stopping at epoch 9 due to no improvement in validation accuracy for 5 epochs.
2025-12-19 18:39:39,852 - INFO: Round 4: Best fine-tuned epoch=4, acc(valid_pseudo)=0.9908
2025-12-19 18:39:39,868 - INFO: Using HMM model from previous round: runs/the big bang theory/exp_video/result/self_supervised/exp1/round3/pseudo_label/hmm_params.pkl
2025-12-19 18:46:38,287 - INFO: Round 4: acc(valid)=0.8975, acc(test)=0.9156
2025-12-19 18:46:38,287 - INFO: No improvement. Patience(round): 5/5
2025-12-19 18:46:38,290 - INFO: Early stopping triggered at round 0.
2025-12-19 18:46:38,290 - INFO: ====================
2025-12-19 18:46:38,290 - INFO: Self-supervised fine-tuning completed!
2025-12-19 18:46:38,290 - INFO: Initial: acc(valid)=0.9000, acc(test)=0.9162
2025-12-19 18:46:38,290 - INFO: Best acc(valid) at round 0: acc(valid)=0.9000, acc(test)=0.9162
2025-12-19 18:46:38,291 - INFO: Improvement for acc(valid): 0.0000 (0.00%)
2025-12-19 18:46:38,291 - INFO: Improvement for acc(test): 0.0000 (0.00%)
2025-12-19 18:46:38,291 - INFO: ====================
