2026-01-24 16:58:29,475 - INFO: Arguments: Namespace(conf='conf/the big bang theory/diar_video.yaml', subseg_json='runs/the big bang theory/exp_video_contrastive/json/subseg.json', musan_path='/data/home/scv7387/run/tv_series_plus/dataset/musan_split', rir_filepath='/data/home/scv7387/run/tv_series_plus/dataset/rirs_noises/rir.npy', testEER_file='/data/home/scv7387/run/tv_series_plus/dataset/the big bang theory/annotation/audio_testEER.txt', result_dir='runs/the big bang theory/exp_video_contrastive/contrastive_learning', speaker_model_id='iic/speech_campplus_sv_en_voxceleb_16k', speaker_pretrained_model=None, lr=0.0001, batch_size=128, max_dur=2.0, max_epochs=100, test_interval=1, early_stop_patience=10, use_gpu=True, gpu=['0'], seed=1234)
2026-01-24 16:58:33,444 - INFO: Loading speaker model...
2026-01-24 16:58:34,160 - INFO: Preparing training dataset...
2026-01-24 17:00:39,598 - INFO: AAT components initialized
2026-01-24 17:00:39,598 - INFO: AATNet parameters: 0.53M
2026-01-24 17:00:39,598 - INFO: Starting contrastive learning training with AAT...
2026-01-24 17:02:07,105 - INFO: 2026-01-24 17:02:07, Epoch 0, EER 20.3143, minDCF 0.710, 
2026-01-24 17:04:37,886 - INFO: 2026-01-24 17:04:37, Epoch 1, LR 0.000100, Acc 93.23, LOSS 2.869984, EER 29.6857, minDCF 0.969, Train Time 72.65s, Eval Time 78.13s
2026-01-24 17:04:38,065 - INFO: Saved best model to runs/the big bang theory/exp_video_contrastive/contrastive_learning/contrastive_models/model_epoch_0001.pth
2026-01-24 17:07:05,073 - INFO: 2026-01-24 17:07:05, Epoch 2, LR 0.000100, Acc 94.76, LOSS 2.624656, EER 30.7714, minDCF 0.972, Train Time 68.89s, Eval Time 78.12s
2026-01-24 17:09:28,239 - INFO: 2026-01-24 17:09:28, Epoch 3, LR 0.000100, Acc 95.45, LOSS 2.555088, EER 32.7143, minDCF 0.995, Train Time 64.05s, Eval Time 79.11s
2026-01-24 17:11:47,743 - INFO: 2026-01-24 17:11:47, Epoch 4, LR 0.000100, Acc 95.72, LOSS 2.515744, EER 32.8571, minDCF 0.987, Train Time 60.27s, Eval Time 79.23s
2026-01-24 17:14:06,985 - INFO: 2026-01-24 17:14:06, Epoch 5, LR 0.000100, Acc 96.01, LOSS 2.488648, EER 32.6000, minDCF 0.992, Train Time 59.50s, Eval Time 79.74s
2026-01-24 17:16:24,884 - INFO: 2026-01-24 17:16:24, Epoch 6, LR 0.000100, Acc 96.45, LOSS 2.451479, EER 33.1143, minDCF 0.988, Train Time 59.24s, Eval Time 78.65s
2026-01-24 17:18:42,404 - INFO: 2026-01-24 17:18:42, Epoch 7, LR 0.000100, Acc 96.36, LOSS 2.445899, EER 32.4571, minDCF 0.992, Train Time 58.22s, Eval Time 79.30s
2026-01-24 17:20:57,974 - INFO: 2026-01-24 17:20:57, Epoch 8, LR 0.000100, Acc 96.62, LOSS 2.416380, EER 34.4571, minDCF 0.990, Train Time 55.64s, Eval Time 79.93s
2026-01-24 17:23:14,620 - INFO: 2026-01-24 17:23:14, Epoch 9, LR 0.000100, Acc 96.78, LOSS 2.403827, EER 33.3714, minDCF 0.995, Train Time 55.16s, Eval Time 81.48s
2026-01-24 17:25:30,255 - INFO: 2026-01-24 17:25:30, Epoch 10, LR 0.000100, Acc 96.81, LOSS 2.389194, EER 32.9429, minDCF 0.991, Train Time 54.82s, Eval Time 80.81s
2026-01-24 17:27:45,520 - INFO: 2026-01-24 17:27:45, Epoch 11, LR 0.000100, Acc 97.18, LOSS 2.379369, EER 34.0000, minDCF 0.996, Train Time 53.90s, Eval Time 81.36s
2026-01-24 17:27:45,523 - INFO: Early stopping triggered. No improvement in EER for 10 epochs.
2026-01-24 17:27:45,523 - INFO: Best EER: 29.6857 at epoch 1
2026-01-24 17:27:45,524 - INFO: Training completed. Best EER: 29.6857 at epoch 1
