2025-12-17 21:41:42,287 - INFO: Starting self-supervised fine-tuning pipeline
2025-12-17 21:41:42,288 - INFO: Device: cuda:0
2025-12-17 21:41:42,291 - INFO: Saved arguments to runs/the big bang theory/exp_video/result/self_supervised/exp1/args.json
2025-12-17 21:41:42,292 - INFO: ====================
2025-12-17 21:41:42,292 - INFO: Initialization: Initial clustering with HMM correction
2025-12-17 21:41:42,292 - INFO: ====================
2025-12-17 21:41:42,342 - INFO: Skipping initial clustering, using existing results.
2025-12-17 21:41:52,685 - INFO: Initial: acc(valid)=0.9000, acc(test)=0.9162
2025-12-17 21:41:52,685 - INFO: ====================
2025-12-17 21:41:52,685 - INFO: Round 0: Fine-tuning iteration
2025-12-17 21:41:52,685 - INFO: ====================
2025-12-17 21:41:52,699 - INFO: Round 0 Part 1: Fine-tuning embedding model
2025-12-17 21:41:52,700 - INFO: Using pseudo-label file: runs/the big bang theory/exp_video/result/self_supervised/exp1/initial/pseudo_label/pseudo_labels_audio_nested_hmm_full(unreliable_pp=5.0).json
2025-12-17 21:41:55,374 - INFO: Embedding dimension: 512
2025-12-17 21:41:56,021 - INFO: Saved config_model to runs/the big bang theory/exp_video/result/self_supervised/exp1/round0/config_model.json
2025-12-17 21:42:59,231 - INFO: Extracting hidden features for all samples,which are outputs of StatsPool layer...
2025-12-17 21:42:59,231 - INFO: args.unfrozen_layers_num=2 is not used when extracting hidden features.
2025-12-17 21:46:39,824 - INFO: Hidden features extracted for 6829 samples
2025-12-17 21:46:39,873 - INFO: Warmup training classifier for 2 epochs...
2025-12-17 21:46:40,329 - INFO: Epoch: [0][  0/107]	Time  0.453 ( 0.453)	Loss 2.4801e+00 (2.4801e+00)	Acc pseudo   6.25 (  6.25)	Lr 1.000e-03 (1.000e-03)
2025-12-17 21:46:40,468 - INFO: Epoch: [0][ 50/107]	Time  0.003 ( 0.011)	Loss 8.2399e-01 (1.2069e+00)	Acc pseudo  85.94 ( 77.94)	Lr 1.000e-03 (1.000e-03)
2025-12-17 21:46:40,589 - INFO: Epoch: [0][100/107]	Time  0.001 ( 0.007)	Loss 6.1822e-01 (8.6168e-01)	Acc pseudo  92.19 ( 84.93)	Lr 1.000e-03 (1.000e-03)
2025-12-17 21:46:40,627 - INFO: Round 0, Warmup Epoch 0: loss=0.8424, acc(pseudo)=85.22%
2025-12-17 21:46:40,750 - INFO: Epoch: [1][  0/107]	Time  0.118 ( 0.118)	Loss 4.9842e-01 (4.9842e-01)	Acc pseudo  93.75 ( 93.75)	Lr 1.000e-03 (1.000e-03)
2025-12-17 21:46:40,875 - INFO: Epoch: [1][ 50/107]	Time  0.002 ( 0.005)	Loss 3.2509e-01 (3.9057e-01)	Acc pseudo  90.62 ( 92.65)	Lr 1.000e-03 (1.000e-03)
2025-12-17 21:46:40,997 - INFO: Epoch: [1][100/107]	Time  0.002 ( 0.004)	Loss 3.2438e-01 (3.6539e-01)	Acc pseudo  89.06 ( 93.04)	Lr 1.000e-03 (1.000e-03)
2025-12-17 21:46:41,034 - INFO: Round 0, Warmup Epoch 1: loss=0.3661, acc(pseudo)=93.03%
2025-12-17 21:46:41,051 - INFO: Fine-tuning embedding model for 20 epochs...
2025-12-17 21:46:41,871 - INFO: Epoch: [0][  0/107]	Time  0.816 ( 0.816)	Loss 3.2925e-01 (3.2925e-01)	Acc pseudo  93.75 ( 93.75)	Lr 1.000e-03 (1.000e-03)
2025-12-17 21:46:42,076 - INFO: Epoch: [0][ 50/107]	Time  0.003 ( 0.020)	Loss 4.6008e-01 (5.2186e-01)	Acc pseudo  87.50 ( 89.74)	Lr 1.000e-03 (1.000e-03)
2025-12-17 21:46:42,211 - INFO: Epoch: [0][100/107]	Time  0.002 ( 0.011)	Loss 1.8281e-01 (4.7913e-01)	Acc pseudo  98.44 ( 90.24)	Lr 1.000e-03 (1.000e-03)
2025-12-17 21:46:42,255 - INFO: Round 0, Fine-tune Epoch 0: loss=0.4711, acc(pseudo)=90.32%
2025-12-17 21:46:46,154 - INFO: Round 0, Fine-tune Epoch 0: acc(valid): 0.8475
2025-12-17 21:46:46,473 - INFO: Epoch: [1][  0/107]	Time  0.115 ( 0.115)	Loss 2.2221e-01 (2.2221e-01)	Acc pseudo  93.75 ( 93.75)	Lr 1.000e-03 (1.000e-03)
2025-12-17 21:46:46,626 - INFO: Epoch: [1][ 50/107]	Time  0.003 ( 0.005)	Loss 5.2685e-01 (3.4097e-01)	Acc pseudo  85.94 ( 92.40)	Lr 1.000e-03 (1.000e-03)
2025-12-17 21:46:46,769 - INFO: Epoch: [1][100/107]	Time  0.002 ( 0.004)	Loss 9.8334e-02 (3.2677e-01)	Acc pseudo  96.88 ( 92.70)	Lr 1.000e-03 (1.000e-03)
2025-12-17 21:46:46,811 - INFO: Round 0, Fine-tune Epoch 1: loss=0.3250, acc(pseudo)=92.81%
2025-12-17 21:46:50,152 - INFO: Round 0, Fine-tune Epoch 1: acc(valid): 0.8650
2025-12-17 21:46:50,451 - INFO: Epoch: [2][  0/107]	Time  0.121 ( 0.121)	Loss 1.9160e-01 (1.9160e-01)	Acc pseudo  93.75 ( 93.75)	Lr 1.000e-03 (1.000e-03)
2025-12-17 21:46:50,601 - INFO: Epoch: [2][ 50/107]	Time  0.003 ( 0.005)	Loss 1.2780e-01 (2.7689e-01)	Acc pseudo  98.44 ( 93.84)	Lr 1.000e-03 (1.000e-03)
2025-12-17 21:46:50,745 - INFO: Epoch: [2][100/107]	Time  0.002 ( 0.004)	Loss 1.5568e-01 (2.6475e-01)	Acc pseudo  95.31 ( 93.83)	Lr 1.000e-03 (1.000e-03)
2025-12-17 21:46:50,787 - INFO: Round 0, Fine-tune Epoch 2: loss=0.2672, acc(pseudo)=93.92%
2025-12-17 21:46:54,206 - INFO: Round 0, Fine-tune Epoch 2: acc(valid): 0.8875
2025-12-17 21:46:54,499 - INFO: Epoch: [3][  0/107]	Time  0.117 ( 0.117)	Loss 4.2735e-01 (4.2735e-01)	Acc pseudo  89.06 ( 89.06)	Lr 1.000e-03 (1.000e-03)
2025-12-17 21:46:54,645 - INFO: Epoch: [3][ 50/107]	Time  0.003 ( 0.005)	Loss 2.5664e-01 (2.2833e-01)	Acc pseudo  92.19 ( 94.58)	Lr 1.000e-03 (1.000e-03)
2025-12-17 21:46:54,792 - INFO: Epoch: [3][100/107]	Time  0.002 ( 0.004)	Loss 1.2246e-01 (2.3772e-01)	Acc pseudo  96.88 ( 94.45)	Lr 1.000e-03 (1.000e-03)
2025-12-17 21:46:54,835 - INFO: Round 0, Fine-tune Epoch 3: loss=0.2349, acc(pseudo)=94.52%
2025-12-17 21:46:58,189 - INFO: Round 0, Fine-tune Epoch 3: acc(valid): 0.8650
2025-12-17 21:46:58,189 - INFO: Round 0, Fine-tune Epoch 3: No improvement in validation accuracy. Patience(epoch): 1/5
2025-12-17 21:46:58,315 - INFO: Epoch: [4][  0/107]	Time  0.122 ( 0.122)	Loss 3.6168e-01 (3.6168e-01)	Acc pseudo  90.62 ( 90.62)	Lr 1.000e-03 (1.000e-03)
2025-12-17 21:46:58,469 - INFO: Epoch: [4][ 50/107]	Time  0.003 ( 0.005)	Loss 2.0092e-01 (2.1713e-01)	Acc pseudo  96.88 ( 94.15)	Lr 1.000e-03 (1.000e-03)
2025-12-17 21:46:58,606 - INFO: Epoch: [4][100/107]	Time  0.002 ( 0.004)	Loss 2.0796e-01 (2.1477e-01)	Acc pseudo  95.31 ( 94.65)	Lr 1.000e-03 (1.000e-03)
2025-12-17 21:46:58,646 - INFO: Round 0, Fine-tune Epoch 4: loss=0.2134, acc(pseudo)=94.60%
2025-12-17 21:47:02,173 - INFO: Round 0, Fine-tune Epoch 4: acc(valid): 0.8925
2025-12-17 21:47:02,477 - INFO: Epoch: [5][  0/107]	Time  0.126 ( 0.126)	Loss 1.4428e-01 (1.4428e-01)	Acc pseudo  92.19 ( 92.19)	Lr 1.000e-03 (1.000e-03)
2025-12-17 21:47:02,624 - INFO: Epoch: [5][ 50/107]	Time  0.003 ( 0.005)	Loss 1.3023e-01 (1.6499e-01)	Acc pseudo  95.31 ( 95.47)	Lr 1.000e-03 (1.000e-03)
2025-12-17 21:47:02,765 - INFO: Epoch: [5][100/107]	Time  0.002 ( 0.004)	Loss 2.5896e-01 (1.7346e-01)	Acc pseudo  90.62 ( 95.48)	Lr 1.000e-03 (1.000e-03)
2025-12-17 21:47:02,804 - INFO: Round 0, Fine-tune Epoch 5: loss=0.1757, acc(pseudo)=95.40%
2025-12-17 21:47:06,238 - INFO: Round 0, Fine-tune Epoch 5: acc(valid): 0.8375
2025-12-17 21:47:06,238 - INFO: Round 0, Fine-tune Epoch 5: No improvement in validation accuracy. Patience(epoch): 1/5
2025-12-17 21:47:06,368 - INFO: Epoch: [6][  0/107]	Time  0.125 ( 0.125)	Loss 1.3561e-01 (1.3561e-01)	Acc pseudo  95.31 ( 95.31)	Lr 1.000e-03 (1.000e-03)
2025-12-17 21:47:06,526 - INFO: Epoch: [6][ 50/107]	Time  0.003 ( 0.005)	Loss 8.5404e-02 (1.5637e-01)	Acc pseudo  98.44 ( 95.71)	Lr 1.000e-03 (1.000e-03)
2025-12-17 21:47:06,672 - INFO: Epoch: [6][100/107]	Time  0.002 ( 0.004)	Loss 8.0213e-02 (1.6676e-01)	Acc pseudo  98.44 ( 95.48)	Lr 1.000e-03 (1.000e-03)
2025-12-17 21:47:06,711 - INFO: Round 0, Fine-tune Epoch 6: loss=0.1705, acc(pseudo)=95.40%
2025-12-17 21:47:10,046 - INFO: Round 0, Fine-tune Epoch 6: acc(valid): 0.8375
2025-12-17 21:47:10,046 - INFO: Round 0, Fine-tune Epoch 6: No improvement in validation accuracy. Patience(epoch): 2/5
2025-12-17 21:47:10,191 - INFO: Epoch: [7][  0/107]	Time  0.140 ( 0.140)	Loss 1.3978e-01 (1.3978e-01)	Acc pseudo  93.75 ( 93.75)	Lr 1.000e-03 (1.000e-03)
2025-12-17 21:47:10,337 - INFO: Epoch: [7][ 50/107]	Time  0.003 ( 0.006)	Loss 1.0028e-01 (1.6956e-01)	Acc pseudo  96.88 ( 95.25)	Lr 1.000e-03 (1.000e-03)
2025-12-17 21:47:10,480 - INFO: Epoch: [7][100/107]	Time  0.002 ( 0.004)	Loss 6.4659e-02 (1.6576e-01)	Acc pseudo  96.88 ( 95.36)	Lr 1.000e-03 (1.000e-03)
2025-12-17 21:47:10,521 - INFO: Round 0, Fine-tune Epoch 7: loss=0.1673, acc(pseudo)=95.40%
2025-12-17 21:47:14,699 - INFO: Round 0, Fine-tune Epoch 7: acc(valid): 0.8800
2025-12-17 21:47:14,699 - INFO: Round 0, Fine-tune Epoch 7: No improvement in validation accuracy. Patience(epoch): 3/5
2025-12-17 21:47:14,824 - INFO: Epoch: [8][  0/107]	Time  0.119 ( 0.119)	Loss 8.1619e-02 (8.1619e-02)	Acc pseudo  98.44 ( 98.44)	Lr 1.000e-03 (1.000e-03)
2025-12-17 21:47:14,985 - INFO: Epoch: [8][ 50/107]	Time  0.003 ( 0.005)	Loss 1.9752e-01 (1.3555e-01)	Acc pseudo  93.75 ( 96.11)	Lr 1.000e-03 (1.000e-03)
2025-12-17 21:47:15,126 - INFO: Epoch: [8][100/107]	Time  0.002 ( 0.004)	Loss 2.5548e-01 (1.5576e-01)	Acc pseudo  98.44 ( 95.70)	Lr 1.000e-03 (1.000e-03)
2025-12-17 21:47:15,174 - INFO: Round 0, Fine-tune Epoch 8: loss=0.1552, acc(pseudo)=95.71%
2025-12-17 21:47:19,414 - INFO: Round 0, Fine-tune Epoch 8: acc(valid): 0.8875
2025-12-17 21:47:19,414 - INFO: Round 0, Fine-tune Epoch 8: No improvement in validation accuracy. Patience(epoch): 4/5
2025-12-17 21:47:19,537 - INFO: Epoch: [9][  0/107]	Time  0.118 ( 0.118)	Loss 7.6910e-02 (7.6910e-02)	Acc pseudo  98.44 ( 98.44)	Lr 1.000e-03 (1.000e-03)
2025-12-17 21:47:19,680 - INFO: Epoch: [9][ 50/107]	Time  0.003 ( 0.005)	Loss 4.2792e-01 (1.4154e-01)	Acc pseudo  93.75 ( 95.77)	Lr 1.000e-03 (1.000e-03)
2025-12-17 21:47:19,817 - INFO: Epoch: [9][100/107]	Time  0.002 ( 0.004)	Loss 2.5412e-01 (1.3814e-01)	Acc pseudo  95.31 ( 96.09)	Lr 1.000e-03 (1.000e-03)
2025-12-17 21:47:19,856 - INFO: Round 0, Fine-tune Epoch 9: loss=0.1366, acc(pseudo)=96.21%
2025-12-17 21:47:23,799 - INFO: Round 0, Fine-tune Epoch 9: acc(valid): 0.7275
2025-12-17 21:47:23,800 - INFO: Round 0, Fine-tune Epoch 9: No improvement in validation accuracy. Patience(epoch): 5/5
2025-12-17 21:47:23,800 - INFO: Early stopping at epoch 9 due to no improvement in validation accuracy for 5 epochs.
2025-12-17 21:47:23,801 - INFO: Round 0: Best fine-tuned epoch=4, acc(valid)=0.8925
2025-12-17 21:47:23,813 - INFO: Using HMM model from previous round: runs/the big bang theory/exp_video/result/self_supervised/exp1/initial/pseudo_label/hmm_params.pkl
2025-12-17 22:01:14,845 - INFO: Round 0: acc(valid)=0.8950, acc(test)=0.9081
2025-12-17 22:01:14,846 - INFO: No improvement. Patience(round): 1/5
2025-12-17 22:01:14,850 - INFO: ====================
2025-12-17 22:01:14,850 - INFO: Round 1: Fine-tuning iteration
2025-12-17 22:01:14,850 - INFO: ====================
2025-12-17 22:01:14,858 - INFO: Round 1 Part 1: Fine-tuning embedding model
2025-12-17 22:01:14,859 - INFO: Using pseudo-label file: runs/the big bang theory/exp_video/result/self_supervised/exp1/round0/pseudo_label/pseudo_labels_audio_nested_hmm_full(unreliable_pp=5).json
2025-12-17 22:01:15,096 - INFO: Fine-tuning embedding model for 20 epochs...
2025-12-17 22:01:15,607 - INFO: Epoch: [0][  0/107]	Time  0.469 ( 0.469)	Loss 4.1800e-01 (4.1800e-01)	Acc pseudo  92.19 ( 92.19)	Lr 1.000e-03 (1.000e-03)
2025-12-17 22:01:15,756 - INFO: Epoch: [0][ 50/107]	Time  0.002 ( 0.012)	Loss 1.5202e-01 (6.0614e-01)	Acc pseudo  98.44 ( 92.16)	Lr 1.000e-03 (1.000e-03)
2025-12-17 22:01:15,894 - INFO: Epoch: [0][100/107]	Time  0.002 ( 0.007)	Loss 5.5290e-01 (5.3590e-01)	Acc pseudo  93.75 ( 92.40)	Lr 1.000e-03 (1.000e-03)
2025-12-17 22:01:15,936 - INFO: Round 1, Fine-tune Epoch 0: loss=0.5284, acc(pseudo)=92.33%
2025-12-17 22:01:19,379 - INFO: Round 1, Fine-tune Epoch 0: acc(valid): 0.8250
2025-12-17 22:01:19,714 - INFO: Epoch: [1][  0/107]	Time  0.121 ( 0.121)	Loss 3.4518e-01 (3.4518e-01)	Acc pseudo  92.19 ( 92.19)	Lr 1.000e-03 (1.000e-03)
2025-12-17 22:01:19,860 - INFO: Epoch: [1][ 50/107]	Time  0.003 ( 0.005)	Loss 2.4366e-01 (3.4530e-01)	Acc pseudo  95.31 ( 92.37)	Lr 1.000e-03 (1.000e-03)
2025-12-17 22:01:20,001 - INFO: Epoch: [1][100/107]	Time  0.002 ( 0.004)	Loss 7.2863e-01 (3.4501e-01)	Acc pseudo  92.19 ( 93.02)	Lr 1.000e-03 (1.000e-03)
2025-12-17 22:01:20,043 - INFO: Round 1, Fine-tune Epoch 1: loss=0.3406, acc(pseudo)=93.09%
2025-12-17 22:01:23,328 - INFO: Round 1, Fine-tune Epoch 1: acc(valid): 0.8625
2025-12-17 22:01:23,631 - INFO: Epoch: [2][  0/107]	Time  0.125 ( 0.125)	Loss 2.3550e-01 (2.3550e-01)	Acc pseudo  92.19 ( 92.19)	Lr 1.000e-03 (1.000e-03)
2025-12-17 22:01:23,786 - INFO: Epoch: [2][ 50/107]	Time  0.003 ( 0.005)	Loss 2.7394e-01 (2.7760e-01)	Acc pseudo  90.62 ( 94.49)	Lr 1.000e-03 (1.000e-03)
2025-12-17 22:01:23,927 - INFO: Epoch: [2][100/107]	Time  0.002 ( 0.004)	Loss 1.6206e-01 (2.7870e-01)	Acc pseudo  95.31 ( 94.18)	Lr 1.000e-03 (1.000e-03)
2025-12-17 22:01:23,967 - INFO: Round 1, Fine-tune Epoch 2: loss=0.2797, acc(pseudo)=94.16%
2025-12-17 22:01:27,348 - INFO: Round 1, Fine-tune Epoch 2: acc(valid): 0.9050
2025-12-17 22:01:27,660 - INFO: Epoch: [3][  0/107]	Time  0.135 ( 0.135)	Loss 1.3991e-01 (1.3991e-01)	Acc pseudo  96.88 ( 96.88)	Lr 1.000e-03 (1.000e-03)
2025-12-17 22:01:27,816 - INFO: Epoch: [3][ 50/107]	Time  0.003 ( 0.006)	Loss 1.5821e-01 (2.3080e-01)	Acc pseudo  96.88 ( 94.82)	Lr 1.000e-03 (1.000e-03)
2025-12-17 22:01:27,957 - INFO: Epoch: [3][100/107]	Time  0.002 ( 0.004)	Loss 2.0157e-01 (2.5681e-01)	Acc pseudo  93.75 ( 94.18)	Lr 1.000e-03 (1.000e-03)
2025-12-17 22:01:28,007 - INFO: Round 1, Fine-tune Epoch 3: loss=0.2523, acc(pseudo)=94.22%
2025-12-17 22:01:31,413 - INFO: Round 1, Fine-tune Epoch 3: acc(valid): 0.8000
2025-12-17 22:01:31,413 - INFO: Round 1, Fine-tune Epoch 3: No improvement in validation accuracy. Patience(epoch): 1/5
2025-12-17 22:01:31,534 - INFO: Epoch: [4][  0/107]	Time  0.116 ( 0.116)	Loss 2.3516e-01 (2.3516e-01)	Acc pseudo  95.31 ( 95.31)	Lr 1.000e-03 (1.000e-03)
2025-12-17 22:01:31,683 - INFO: Epoch: [4][ 50/107]	Time  0.003 ( 0.005)	Loss 9.0189e-02 (2.2192e-01)	Acc pseudo  95.31 ( 94.88)	Lr 1.000e-03 (1.000e-03)
2025-12-17 22:01:31,822 - INFO: Epoch: [4][100/107]	Time  0.002 ( 0.004)	Loss 2.1463e-01 (2.1459e-01)	Acc pseudo  92.19 ( 95.14)	Lr 1.000e-03 (1.000e-03)
2025-12-17 22:01:31,861 - INFO: Round 1, Fine-tune Epoch 4: loss=0.2098, acc(pseudo)=95.30%
2025-12-17 22:01:35,770 - INFO: Round 1, Fine-tune Epoch 4: acc(valid): 0.9050
2025-12-17 22:01:35,770 - INFO: Round 1, Fine-tune Epoch 4: No improvement in validation accuracy. Patience(epoch): 2/5
2025-12-17 22:01:35,894 - INFO: Epoch: [5][  0/107]	Time  0.120 ( 0.120)	Loss 1.1917e-01 (1.1917e-01)	Acc pseudo  96.88 ( 96.88)	Lr 1.000e-03 (1.000e-03)
2025-12-17 22:01:36,046 - INFO: Epoch: [5][ 50/107]	Time  0.003 ( 0.005)	Loss 2.0349e-01 (1.9751e-01)	Acc pseudo  93.75 ( 95.28)	Lr 1.000e-03 (1.000e-03)
2025-12-17 22:01:36,185 - INFO: Epoch: [5][100/107]	Time  0.002 ( 0.004)	Loss 1.5564e-01 (1.9076e-01)	Acc pseudo  98.44 ( 95.47)	Lr 1.000e-03 (1.000e-03)
2025-12-17 22:01:36,225 - INFO: Round 1, Fine-tune Epoch 5: loss=0.1921, acc(pseudo)=95.46%
2025-12-17 22:01:40,061 - INFO: Round 1, Fine-tune Epoch 5: acc(valid): 0.7675
2025-12-17 22:01:40,062 - INFO: Round 1, Fine-tune Epoch 5: No improvement in validation accuracy. Patience(epoch): 3/5
2025-12-17 22:01:40,203 - INFO: Epoch: [6][  0/107]	Time  0.136 ( 0.136)	Loss 2.4936e-01 (2.4936e-01)	Acc pseudo  90.62 ( 90.62)	Lr 1.000e-03 (1.000e-03)
2025-12-17 22:01:40,349 - INFO: Epoch: [6][ 50/107]	Time  0.002 ( 0.005)	Loss 6.2664e-02 (1.7034e-01)	Acc pseudo  98.44 ( 96.23)	Lr 1.000e-03 (1.000e-03)
2025-12-17 22:01:40,488 - INFO: Epoch: [6][100/107]	Time  0.002 ( 0.004)	Loss 7.2218e-02 (1.8867e-01)	Acc pseudo  98.44 ( 95.73)	Lr 1.000e-03 (1.000e-03)
2025-12-17 22:01:40,527 - INFO: Round 1, Fine-tune Epoch 6: loss=0.1922, acc(pseudo)=95.71%
2025-12-17 22:01:44,421 - INFO: Round 1, Fine-tune Epoch 6: acc(valid): 0.8825
2025-12-17 22:01:44,421 - INFO: Round 1, Fine-tune Epoch 6: No improvement in validation accuracy. Patience(epoch): 4/5
2025-12-17 22:01:44,561 - INFO: Epoch: [7][  0/107]	Time  0.135 ( 0.135)	Loss 1.9093e-01 (1.9093e-01)	Acc pseudo  96.88 ( 96.88)	Lr 1.000e-03 (1.000e-03)
2025-12-17 22:01:44,715 - INFO: Epoch: [7][ 50/107]	Time  0.003 ( 0.006)	Loss 2.0758e-01 (1.5473e-01)	Acc pseudo  96.88 ( 96.29)	Lr 1.000e-03 (1.000e-03)
2025-12-17 22:01:44,859 - INFO: Epoch: [7][100/107]	Time  0.002 ( 0.004)	Loss 1.6958e-01 (1.6817e-01)	Acc pseudo  93.75 ( 95.96)	Lr 1.000e-03 (1.000e-03)
2025-12-17 22:01:44,902 - INFO: Round 1, Fine-tune Epoch 7: loss=0.1698, acc(pseudo)=95.87%
2025-12-17 22:01:48,357 - INFO: Round 1, Fine-tune Epoch 7: acc(valid): 0.8425
2025-12-17 22:01:48,357 - INFO: Round 1, Fine-tune Epoch 7: No improvement in validation accuracy. Patience(epoch): 5/5
2025-12-17 22:01:48,357 - INFO: Early stopping at epoch 7 due to no improvement in validation accuracy for 5 epochs.
2025-12-17 22:01:48,358 - INFO: Round 1: Best fine-tuned epoch=2, acc(valid)=0.9050
2025-12-17 22:01:48,388 - INFO: Using HMM model from previous round: runs/the big bang theory/exp_video/result/self_supervised/exp1/round0/pseudo_label/hmm_params.pkl
2025-12-17 22:17:12,077 - INFO: Round 1: acc(valid)=0.9050, acc(test)=0.9144
2025-12-17 22:17:12,404 - INFO: New best acc(valid) at round 1: acc(valid)=0.9050, acc(test)=0.9144
2025-12-17 22:17:12,408 - INFO: ====================
2025-12-17 22:17:12,408 - INFO: Round 2: Fine-tuning iteration
2025-12-17 22:17:12,408 - INFO: ====================
2025-12-17 22:17:12,415 - INFO: Round 2 Part 1: Fine-tuning embedding model
2025-12-17 22:17:12,416 - INFO: Using pseudo-label file: runs/the big bang theory/exp_video/result/self_supervised/exp1/round1/pseudo_label/pseudo_labels_audio_nested_hmm_full(unreliable_pp=5).json
2025-12-17 22:17:12,676 - INFO: Fine-tuning embedding model for 20 epochs...
2025-12-17 22:17:13,222 - INFO: Epoch: [0][  0/107]	Time  0.534 ( 0.534)	Loss 1.0352e-01 (1.0352e-01)	Acc pseudo  93.75 ( 93.75)	Lr 1.000e-03 (1.000e-03)
2025-12-17 22:17:13,379 - INFO: Epoch: [0][ 50/107]	Time  0.003 ( 0.013)	Loss 5.9785e-02 (4.6569e-01)	Acc pseudo 100.00 ( 93.05)	Lr 1.000e-03 (1.000e-03)
2025-12-17 22:17:13,518 - INFO: Epoch: [0][100/107]	Time  0.002 ( 0.008)	Loss 4.8616e-01 (4.1088e-01)	Acc pseudo  93.75 ( 93.72)	Lr 1.000e-03 (1.000e-03)
2025-12-17 22:17:13,566 - INFO: Round 2, Fine-tune Epoch 0: loss=0.4106, acc(pseudo)=93.67%
2025-12-17 22:17:17,046 - INFO: Round 2, Fine-tune Epoch 0: acc(valid): 0.8850
2025-12-17 22:17:17,364 - INFO: Epoch: [1][  0/107]	Time  0.122 ( 0.122)	Loss 2.1192e-01 (2.1192e-01)	Acc pseudo  93.75 ( 93.75)	Lr 1.000e-03 (1.000e-03)
2025-12-17 22:17:17,511 - INFO: Epoch: [1][ 50/107]	Time  0.003 ( 0.005)	Loss 3.7942e-01 (2.8592e-01)	Acc pseudo  96.88 ( 94.67)	Lr 1.000e-03 (1.000e-03)
2025-12-17 22:17:17,650 - INFO: Epoch: [1][100/107]	Time  0.002 ( 0.004)	Loss 4.3873e-01 (2.8810e-01)	Acc pseudo  89.06 ( 94.23)	Lr 1.000e-03 (1.000e-03)
2025-12-17 22:17:17,694 - INFO: Round 2, Fine-tune Epoch 1: loss=0.2921, acc(pseudo)=94.25%
2025-12-17 22:17:21,084 - INFO: Round 2, Fine-tune Epoch 1: acc(valid): 0.8975
2025-12-17 22:17:21,380 - INFO: Epoch: [2][  0/107]	Time  0.117 ( 0.117)	Loss 3.5061e-01 (3.5061e-01)	Acc pseudo  93.75 ( 93.75)	Lr 1.000e-03 (1.000e-03)
2025-12-17 22:17:21,530 - INFO: Epoch: [2][ 50/107]	Time  0.003 ( 0.005)	Loss 1.7382e-01 (2.4360e-01)	Acc pseudo  95.31 ( 94.52)	Lr 1.000e-03 (1.000e-03)
2025-12-17 22:17:21,671 - INFO: Epoch: [2][100/107]	Time  0.002 ( 0.004)	Loss 4.0335e-02 (2.1964e-01)	Acc pseudo  98.44 ( 94.93)	Lr 1.000e-03 (1.000e-03)
2025-12-17 22:17:21,711 - INFO: Round 2, Fine-tune Epoch 2: loss=0.2171, acc(pseudo)=94.87%
2025-12-17 22:17:25,097 - INFO: Round 2, Fine-tune Epoch 2: acc(valid): 0.9025
2025-12-17 22:17:25,744 - INFO: Epoch: [3][  0/107]	Time  0.119 ( 0.119)	Loss 8.9142e-02 (8.9142e-02)	Acc pseudo  95.31 ( 95.31)	Lr 1.000e-03 (1.000e-03)
2025-12-17 22:17:25,896 - INFO: Epoch: [3][ 50/107]	Time  0.003 ( 0.005)	Loss 1.8337e-01 (1.9751e-01)	Acc pseudo  95.31 ( 95.50)	Lr 1.000e-03 (1.000e-03)
2025-12-17 22:17:26,040 - INFO: Epoch: [3][100/107]	Time  0.002 ( 0.004)	Loss 1.5468e-01 (2.0351e-01)	Acc pseudo  95.31 ( 95.41)	Lr 1.000e-03 (1.000e-03)
2025-12-17 22:17:26,082 - INFO: Round 2, Fine-tune Epoch 3: loss=0.2018, acc(pseudo)=95.43%
2025-12-17 22:17:30,126 - INFO: Round 2, Fine-tune Epoch 3: acc(valid): 0.8850
2025-12-17 22:17:30,126 - INFO: Round 2, Fine-tune Epoch 3: No improvement in validation accuracy. Patience(epoch): 1/5
2025-12-17 22:17:30,247 - INFO: Epoch: [4][  0/107]	Time  0.116 ( 0.116)	Loss 2.3575e-01 (2.3575e-01)	Acc pseudo  95.31 ( 95.31)	Lr 1.000e-03 (1.000e-03)
2025-12-17 22:17:30,397 - INFO: Epoch: [4][ 50/107]	Time  0.003 ( 0.005)	Loss 1.1963e-01 (1.8742e-01)	Acc pseudo  96.88 ( 96.05)	Lr 1.000e-03 (1.000e-03)
2025-12-17 22:17:30,536 - INFO: Epoch: [4][100/107]	Time  0.002 ( 0.004)	Loss 2.6530e-01 (1.8423e-01)	Acc pseudo  95.31 ( 95.93)	Lr 1.000e-03 (1.000e-03)
2025-12-17 22:17:30,576 - INFO: Round 2, Fine-tune Epoch 4: loss=0.1812, acc(pseudo)=95.97%
2025-12-17 22:17:34,620 - INFO: Round 2, Fine-tune Epoch 4: acc(valid): 0.8900
2025-12-17 22:17:34,620 - INFO: Round 2, Fine-tune Epoch 4: No improvement in validation accuracy. Patience(epoch): 2/5
2025-12-17 22:17:34,768 - INFO: Epoch: [5][  0/107]	Time  0.143 ( 0.143)	Loss 4.5978e-02 (4.5978e-02)	Acc pseudo  98.44 ( 98.44)	Lr 1.000e-03 (1.000e-03)
2025-12-17 22:17:34,915 - INFO: Epoch: [5][ 50/107]	Time  0.003 ( 0.006)	Loss 1.4315e-01 (1.6417e-01)	Acc pseudo  98.44 ( 96.05)	Lr 1.000e-03 (1.000e-03)
2025-12-17 22:17:35,056 - INFO: Epoch: [5][100/107]	Time  0.002 ( 0.004)	Loss 1.0522e-01 (1.6405e-01)	Acc pseudo  96.88 ( 95.99)	Lr 1.000e-03 (1.000e-03)
2025-12-17 22:17:35,104 - INFO: Round 2, Fine-tune Epoch 5: loss=0.1615, acc(pseudo)=96.03%
2025-12-17 22:17:38,528 - INFO: Round 2, Fine-tune Epoch 5: acc(valid): 0.8900
2025-12-17 22:17:38,529 - INFO: Round 2, Fine-tune Epoch 5: No improvement in validation accuracy. Patience(epoch): 3/5
2025-12-17 22:17:38,652 - INFO: Epoch: [6][  0/107]	Time  0.118 ( 0.118)	Loss 2.1787e-01 (2.1787e-01)	Acc pseudo  93.75 ( 93.75)	Lr 1.000e-03 (1.000e-03)
2025-12-17 22:17:38,805 - INFO: Epoch: [6][ 50/107]	Time  0.003 ( 0.005)	Loss 2.6285e-01 (1.3132e-01)	Acc pseudo  96.88 ( 96.75)	Lr 1.000e-03 (1.000e-03)
2025-12-17 22:17:38,954 - INFO: Epoch: [6][100/107]	Time  0.002 ( 0.004)	Loss 7.9880e-02 (1.5146e-01)	Acc pseudo  96.88 ( 96.19)	Lr 1.000e-03 (1.000e-03)
2025-12-17 22:17:38,996 - INFO: Round 2, Fine-tune Epoch 6: loss=0.1551, acc(pseudo)=96.09%
2025-12-17 22:17:42,363 - INFO: Round 2, Fine-tune Epoch 6: acc(valid): 0.8200
2025-12-17 22:17:42,363 - INFO: Round 2, Fine-tune Epoch 6: No improvement in validation accuracy. Patience(epoch): 4/5
2025-12-17 22:17:42,491 - INFO: Epoch: [7][  0/107]	Time  0.122 ( 0.122)	Loss 2.1007e-01 (2.1007e-01)	Acc pseudo  93.75 ( 93.75)	Lr 1.000e-03 (1.000e-03)
2025-12-17 22:17:42,643 - INFO: Epoch: [7][ 50/107]	Time  0.003 ( 0.005)	Loss 2.7840e-01 (1.2942e-01)	Acc pseudo  92.19 ( 96.29)	Lr 1.000e-03 (1.000e-03)
2025-12-17 22:17:42,787 - INFO: Epoch: [7][100/107]	Time  0.002 ( 0.004)	Loss 1.7489e-01 (1.4189e-01)	Acc pseudo  96.88 ( 96.23)	Lr 1.000e-03 (1.000e-03)
2025-12-17 22:17:42,827 - INFO: Round 2, Fine-tune Epoch 7: loss=0.1425, acc(pseudo)=96.18%
2025-12-17 22:17:46,174 - INFO: Round 2, Fine-tune Epoch 7: acc(valid): 0.8900
2025-12-17 22:17:46,174 - INFO: Round 2, Fine-tune Epoch 7: No improvement in validation accuracy. Patience(epoch): 5/5
2025-12-17 22:17:46,174 - INFO: Early stopping at epoch 7 due to no improvement in validation accuracy for 5 epochs.
2025-12-17 22:17:46,175 - INFO: Round 2: Best fine-tuned epoch=2, acc(valid)=0.9025
2025-12-17 22:17:46,188 - INFO: Using HMM model from previous round: runs/the big bang theory/exp_video/result/self_supervised/exp1/round1/pseudo_label/hmm_params.pkl
2025-12-17 22:26:31,049 - INFO: Round 2: acc(valid)=0.9025, acc(test)=0.9150
2025-12-17 22:26:31,050 - INFO: No improvement. Patience(round): 1/5
2025-12-17 22:26:31,052 - INFO: ====================
2025-12-17 22:26:31,052 - INFO: Round 3: Fine-tuning iteration
2025-12-17 22:26:31,052 - INFO: ====================
2025-12-17 22:26:31,061 - INFO: Round 3 Part 1: Fine-tuning embedding model
2025-12-17 22:26:31,062 - INFO: Using pseudo-label file: runs/the big bang theory/exp_video/result/self_supervised/exp1/round2/pseudo_label/pseudo_labels_audio_nested_hmm_full(unreliable_pp=0).json
2025-12-17 22:26:31,156 - INFO: Fine-tuning embedding model for 20 epochs...
2025-12-17 22:26:31,276 - INFO: Epoch: [0][  0/107]	Time  0.116 ( 0.116)	Loss 2.4613e-01 (2.4613e-01)	Acc pseudo  95.31 ( 95.31)	Lr 1.000e-03 (1.000e-03)
2025-12-17 22:26:31,423 - INFO: Epoch: [0][ 50/107]	Time  0.003 ( 0.005)	Loss 1.4502e-01 (2.4710e-01)	Acc pseudo  96.88 ( 95.19)	Lr 1.000e-03 (1.000e-03)
2025-12-17 22:26:31,570 - INFO: Epoch: [0][100/107]	Time  0.002 ( 0.004)	Loss 1.0224e-01 (2.6276e-01)	Acc pseudo  96.88 ( 94.68)	Lr 1.000e-03 (1.000e-03)
2025-12-17 22:26:31,609 - INFO: Round 3, Fine-tune Epoch 0: loss=0.2660, acc(pseudo)=94.54%
2025-12-17 22:26:34,991 - INFO: Round 3, Fine-tune Epoch 0: acc(valid): 0.8725
2025-12-17 22:26:35,278 - INFO: Epoch: [1][  0/107]	Time  0.119 ( 0.119)	Loss 2.4812e-01 (2.4812e-01)	Acc pseudo  95.31 ( 95.31)	Lr 1.000e-03 (1.000e-03)
2025-12-17 22:26:35,423 - INFO: Epoch: [1][ 50/107]	Time  0.002 ( 0.005)	Loss 1.6803e-01 (1.5569e-01)	Acc pseudo  95.31 ( 95.99)	Lr 1.000e-03 (1.000e-03)
2025-12-17 22:26:35,562 - INFO: Epoch: [1][100/107]	Time  0.002 ( 0.004)	Loss 2.0346e-01 (1.6693e-01)	Acc pseudo  96.88 ( 95.76)	Lr 1.000e-03 (1.000e-03)
2025-12-17 22:26:35,604 - INFO: Round 3, Fine-tune Epoch 1: loss=0.1698, acc(pseudo)=95.71%
2025-12-17 22:26:39,047 - INFO: Round 3, Fine-tune Epoch 1: acc(valid): 0.8875
2025-12-17 22:26:39,344 - INFO: Epoch: [2][  0/107]	Time  0.120 ( 0.120)	Loss 9.9352e-02 (9.9352e-02)	Acc pseudo  98.44 ( 98.44)	Lr 1.000e-03 (1.000e-03)
2025-12-17 22:26:39,492 - INFO: Epoch: [2][ 50/107]	Time  0.003 ( 0.005)	Loss 3.3323e-01 (1.7544e-01)	Acc pseudo  93.75 ( 95.44)	Lr 1.000e-03 (1.000e-03)
2025-12-17 22:26:39,637 - INFO: Epoch: [2][100/107]	Time  0.002 ( 0.004)	Loss 3.9736e-02 (1.5751e-01)	Acc pseudo  98.44 ( 95.88)	Lr 1.000e-03 (1.000e-03)
2025-12-17 22:26:39,677 - INFO: Round 3, Fine-tune Epoch 2: loss=0.1568, acc(pseudo)=95.90%
2025-12-17 22:26:43,014 - INFO: Round 3, Fine-tune Epoch 2: acc(valid): 0.8775
2025-12-17 22:26:43,014 - INFO: Round 3, Fine-tune Epoch 2: No improvement in validation accuracy. Patience(epoch): 1/5
2025-12-17 22:26:43,138 - INFO: Epoch: [3][  0/107]	Time  0.119 ( 0.119)	Loss 5.7539e-02 (5.7539e-02)	Acc pseudo  98.44 ( 98.44)	Lr 1.000e-03 (1.000e-03)
2025-12-17 22:26:43,288 - INFO: Epoch: [3][ 50/107]	Time  0.003 ( 0.005)	Loss 1.1394e-01 (1.2269e-01)	Acc pseudo  95.31 ( 96.66)	Lr 1.000e-03 (1.000e-03)
2025-12-17 22:26:43,428 - INFO: Epoch: [3][100/107]	Time  0.002 ( 0.004)	Loss 2.3563e-01 (1.3128e-01)	Acc pseudo  92.19 ( 96.47)	Lr 1.000e-03 (1.000e-03)
2025-12-17 22:26:43,470 - INFO: Round 3, Fine-tune Epoch 3: loss=0.1273, acc(pseudo)=96.57%
2025-12-17 22:26:46,857 - INFO: Round 3, Fine-tune Epoch 3: acc(valid): 0.9075
2025-12-17 22:26:47,161 - INFO: Epoch: [4][  0/107]	Time  0.119 ( 0.119)	Loss 1.2270e-01 (1.2270e-01)	Acc pseudo  95.31 ( 95.31)	Lr 1.000e-03 (1.000e-03)
2025-12-17 22:26:47,311 - INFO: Epoch: [4][ 50/107]	Time  0.003 ( 0.005)	Loss 2.7459e-01 (1.2710e-01)	Acc pseudo  98.44 ( 96.66)	Lr 1.000e-03 (1.000e-03)
2025-12-17 22:26:47,453 - INFO: Epoch: [4][100/107]	Time  0.002 ( 0.004)	Loss 1.5380e-01 (1.2609e-01)	Acc pseudo  98.44 ( 96.91)	Lr 1.000e-03 (1.000e-03)
2025-12-17 22:26:47,494 - INFO: Round 3, Fine-tune Epoch 4: loss=0.1238, acc(pseudo)=96.97%
2025-12-17 22:26:50,908 - INFO: Round 3, Fine-tune Epoch 4: acc(valid): 0.8275
2025-12-17 22:26:50,909 - INFO: Round 3, Fine-tune Epoch 4: No improvement in validation accuracy. Patience(epoch): 1/5
2025-12-17 22:26:51,032 - INFO: Epoch: [5][  0/107]	Time  0.119 ( 0.119)	Loss 1.1279e-02 (1.1279e-02)	Acc pseudo 100.00 (100.00)	Lr 1.000e-03 (1.000e-03)
2025-12-17 22:26:51,179 - INFO: Epoch: [5][ 50/107]	Time  0.003 ( 0.005)	Loss 1.4649e-01 (1.1284e-01)	Acc pseudo  96.88 ( 96.88)	Lr 1.000e-03 (1.000e-03)
2025-12-17 22:26:51,312 - INFO: Epoch: [5][100/107]	Time  0.002 ( 0.004)	Loss 1.4156e-02 (1.2050e-01)	Acc pseudo 100.00 ( 96.69)	Lr 1.000e-03 (1.000e-03)
2025-12-17 22:26:51,354 - INFO: Round 3, Fine-tune Epoch 5: loss=0.1199, acc(pseudo)=96.72%
2025-12-17 22:26:54,740 - INFO: Round 3, Fine-tune Epoch 5: acc(valid): 0.8900
2025-12-17 22:26:54,740 - INFO: Round 3, Fine-tune Epoch 5: No improvement in validation accuracy. Patience(epoch): 2/5
2025-12-17 22:26:54,865 - INFO: Epoch: [6][  0/107]	Time  0.121 ( 0.121)	Loss 1.1889e-01 (1.1889e-01)	Acc pseudo  98.44 ( 98.44)	Lr 1.000e-03 (1.000e-03)
2025-12-17 22:26:55,015 - INFO: Epoch: [6][ 50/107]	Time  0.003 ( 0.005)	Loss 3.4910e-02 (8.5570e-02)	Acc pseudo 100.00 ( 97.89)	Lr 1.000e-03 (1.000e-03)
2025-12-17 22:26:55,156 - INFO: Epoch: [6][100/107]	Time  0.002 ( 0.004)	Loss 2.7146e-02 (9.0645e-02)	Acc pseudo 100.00 ( 97.68)	Lr 1.000e-03 (1.000e-03)
2025-12-17 22:26:55,195 - INFO: Round 3, Fine-tune Epoch 6: loss=0.0929, acc(pseudo)=97.63%
2025-12-17 22:26:58,593 - INFO: Round 3, Fine-tune Epoch 6: acc(valid): 0.8925
2025-12-17 22:26:58,593 - INFO: Round 3, Fine-tune Epoch 6: No improvement in validation accuracy. Patience(epoch): 3/5
2025-12-17 22:26:58,719 - INFO: Epoch: [7][  0/107]	Time  0.121 ( 0.121)	Loss 1.9695e-01 (1.9695e-01)	Acc pseudo  93.75 ( 93.75)	Lr 1.000e-03 (1.000e-03)
2025-12-17 22:26:58,870 - INFO: Epoch: [7][ 50/107]	Time  0.003 ( 0.005)	Loss 4.5793e-01 (8.9708e-02)	Acc pseudo  89.06 ( 97.55)	Lr 1.000e-03 (1.000e-03)
2025-12-17 22:26:59,015 - INFO: Epoch: [7][100/107]	Time  0.002 ( 0.004)	Loss 1.4345e-01 (9.0081e-02)	Acc pseudo  95.31 ( 97.42)	Lr 1.000e-03 (1.000e-03)
2025-12-17 22:26:59,057 - INFO: Round 3, Fine-tune Epoch 7: loss=0.0927, acc(pseudo)=97.35%
2025-12-17 22:27:02,691 - INFO: Round 3, Fine-tune Epoch 7: acc(valid): 0.8700
2025-12-17 22:27:02,691 - INFO: Round 3, Fine-tune Epoch 7: No improvement in validation accuracy. Patience(epoch): 4/5
2025-12-17 22:27:02,813 - INFO: Epoch: [8][  0/107]	Time  0.117 ( 0.117)	Loss 8.0805e-02 (8.0805e-02)	Acc pseudo  96.88 ( 96.88)	Lr 1.000e-03 (1.000e-03)
2025-12-17 22:27:02,967 - INFO: Epoch: [8][ 50/107]	Time  0.003 ( 0.005)	Loss 4.3248e-02 (1.0755e-01)	Acc pseudo 100.00 ( 97.46)	Lr 1.000e-03 (1.000e-03)
2025-12-17 22:27:03,111 - INFO: Epoch: [8][100/107]	Time  0.002 ( 0.004)	Loss 2.1521e-01 (1.0556e-01)	Acc pseudo  93.75 ( 97.25)	Lr 1.000e-03 (1.000e-03)
2025-12-17 22:27:03,152 - INFO: Round 3, Fine-tune Epoch 8: loss=0.1072, acc(pseudo)=97.20%
2025-12-17 22:27:06,573 - INFO: Round 3, Fine-tune Epoch 8: acc(valid): 0.8250
2025-12-17 22:27:06,573 - INFO: Round 3, Fine-tune Epoch 8: No improvement in validation accuracy. Patience(epoch): 5/5
2025-12-17 22:27:06,573 - INFO: Early stopping at epoch 8 due to no improvement in validation accuracy for 5 epochs.
2025-12-17 22:27:06,574 - INFO: Round 3: Best fine-tuned epoch=3, acc(valid)=0.9075
2025-12-17 22:27:06,587 - INFO: Using HMM model from previous round: runs/the big bang theory/exp_video/result/self_supervised/exp1/round2/pseudo_label/hmm_params.pkl
2025-12-17 22:36:21,531 - INFO: Round 3: acc(valid)=0.9100, acc(test)=0.9162
2025-12-17 22:36:21,632 - INFO: New best acc(valid) at round 3: acc(valid)=0.9100, acc(test)=0.9162
2025-12-17 22:36:21,635 - INFO: ====================
2025-12-17 22:36:21,635 - INFO: Round 4: Fine-tuning iteration
2025-12-17 22:36:21,635 - INFO: ====================
2025-12-17 22:36:21,644 - INFO: Round 4 Part 1: Fine-tuning embedding model
2025-12-17 22:36:21,644 - INFO: Using pseudo-label file: runs/the big bang theory/exp_video/result/self_supervised/exp1/round3/pseudo_label/pseudo_labels_audio_nested_hmm_full(unreliable_pp=5).json
2025-12-17 22:36:21,696 - INFO: Fine-tuning embedding model for 20 epochs...
2025-12-17 22:36:21,814 - INFO: Epoch: [0][  0/107]	Time  0.115 ( 0.115)	Loss 7.9107e-02 (7.9107e-02)	Acc pseudo  95.31 ( 95.31)	Lr 1.000e-03 (1.000e-03)
2025-12-17 22:36:21,956 - INFO: Epoch: [0][ 50/107]	Time  0.003 ( 0.005)	Loss 4.8359e-01 (3.8643e-01)	Acc pseudo  98.44 ( 95.62)	Lr 1.000e-03 (1.000e-03)
2025-12-17 22:36:22,092 - INFO: Epoch: [0][100/107]	Time  0.002 ( 0.004)	Loss 2.5864e-01 (3.3322e-01)	Acc pseudo  95.31 ( 95.53)	Lr 1.000e-03 (1.000e-03)
2025-12-17 22:36:22,131 - INFO: Round 4, Fine-tune Epoch 0: loss=0.3261, acc(pseudo)=95.52%
2025-12-17 22:36:25,450 - INFO: Round 4, Fine-tune Epoch 0: acc(valid): 0.8675
2025-12-17 22:36:25,752 - INFO: Epoch: [1][  0/107]	Time  0.131 ( 0.131)	Loss 1.0773e-01 (1.0773e-01)	Acc pseudo  98.44 ( 98.44)	Lr 1.000e-03 (1.000e-03)
2025-12-17 22:36:25,895 - INFO: Epoch: [1][ 50/107]	Time  0.002 ( 0.005)	Loss 2.9091e-01 (1.8848e-01)	Acc pseudo  96.88 ( 96.05)	Lr 1.000e-03 (1.000e-03)
2025-12-17 22:36:26,028 - INFO: Epoch: [1][100/107]	Time  0.002 ( 0.004)	Loss 1.5565e-01 (1.9110e-01)	Acc pseudo  95.31 ( 95.82)	Lr 1.000e-03 (1.000e-03)
2025-12-17 22:36:26,069 - INFO: Round 4, Fine-tune Epoch 1: loss=0.1908, acc(pseudo)=95.86%
2025-12-17 22:36:29,994 - INFO: Round 4, Fine-tune Epoch 1: acc(valid): 0.9050
2025-12-17 22:36:30,314 - INFO: Epoch: [2][  0/107]	Time  0.137 ( 0.137)	Loss 8.9219e-02 (8.9219e-02)	Acc pseudo  98.44 ( 98.44)	Lr 1.000e-03 (1.000e-03)
2025-12-17 22:36:30,455 - INFO: Epoch: [2][ 50/107]	Time  0.003 ( 0.005)	Loss 1.7673e-01 (1.6456e-01)	Acc pseudo  96.88 ( 96.11)	Lr 1.000e-03 (1.000e-03)
2025-12-17 22:36:30,591 - INFO: Epoch: [2][100/107]	Time  0.002 ( 0.004)	Loss 9.5105e-02 (1.5000e-01)	Acc pseudo  98.44 ( 96.16)	Lr 1.000e-03 (1.000e-03)
2025-12-17 22:36:30,633 - INFO: Round 4, Fine-tune Epoch 2: loss=0.1482, acc(pseudo)=96.21%
2025-12-17 22:36:34,588 - INFO: Round 4, Fine-tune Epoch 2: acc(valid): 0.8900
2025-12-17 22:36:34,588 - INFO: Round 4, Fine-tune Epoch 2: No improvement in validation accuracy. Patience(epoch): 1/5
2025-12-17 22:36:34,720 - INFO: Epoch: [3][  0/107]	Time  0.128 ( 0.128)	Loss 5.4739e-02 (5.4739e-02)	Acc pseudo  95.31 ( 95.31)	Lr 1.000e-03 (1.000e-03)
2025-12-17 22:36:34,859 - INFO: Epoch: [3][ 50/107]	Time  0.003 ( 0.005)	Loss 7.2024e-02 (1.4268e-01)	Acc pseudo  96.88 ( 96.32)	Lr 1.000e-03 (1.000e-03)
2025-12-17 22:36:34,992 - INFO: Epoch: [3][100/107]	Time  0.002 ( 0.004)	Loss 2.0576e-01 (1.3370e-01)	Acc pseudo  93.75 ( 96.44)	Lr 1.000e-03 (1.000e-03)
2025-12-17 22:36:35,033 - INFO: Round 4, Fine-tune Epoch 3: loss=0.1307, acc(pseudo)=96.51%
2025-12-17 22:36:38,855 - INFO: Round 4, Fine-tune Epoch 3: acc(valid): 0.9050
2025-12-17 22:36:38,856 - INFO: Round 4, Fine-tune Epoch 3: No improvement in validation accuracy. Patience(epoch): 2/5
2025-12-17 22:36:38,980 - INFO: Epoch: [4][  0/107]	Time  0.119 ( 0.119)	Loss 2.0087e-01 (2.0087e-01)	Acc pseudo  95.31 ( 95.31)	Lr 1.000e-03 (1.000e-03)
2025-12-17 22:36:39,118 - INFO: Epoch: [4][ 50/107]	Time  0.003 ( 0.005)	Loss 6.4964e-02 (1.2169e-01)	Acc pseudo  98.44 ( 96.78)	Lr 1.000e-03 (1.000e-03)
2025-12-17 22:36:39,248 - INFO: Epoch: [4][100/107]	Time  0.002 ( 0.004)	Loss 4.0498e-02 (1.1877e-01)	Acc pseudo  98.44 ( 97.06)	Lr 1.000e-03 (1.000e-03)
2025-12-17 22:36:39,290 - INFO: Round 4, Fine-tune Epoch 4: loss=0.1172, acc(pseudo)=97.06%
2025-12-17 22:36:42,516 - INFO: Round 4, Fine-tune Epoch 4: acc(valid): 0.9075
2025-12-17 22:36:42,810 - INFO: Epoch: [5][  0/107]	Time  0.117 ( 0.117)	Loss 4.2438e-02 (4.2438e-02)	Acc pseudo  96.88 ( 96.88)	Lr 1.000e-03 (1.000e-03)
2025-12-17 22:36:42,954 - INFO: Epoch: [5][ 50/107]	Time  0.002 ( 0.005)	Loss 1.9521e-01 (1.0007e-01)	Acc pseudo  95.31 ( 97.06)	Lr 1.000e-03 (1.000e-03)
2025-12-17 22:36:43,087 - INFO: Epoch: [5][100/107]	Time  0.002 ( 0.004)	Loss 6.8847e-02 (1.0159e-01)	Acc pseudo 100.00 ( 97.14)	Lr 1.000e-03 (1.000e-03)
2025-12-17 22:36:43,130 - INFO: Round 4, Fine-tune Epoch 5: loss=0.1042, acc(pseudo)=97.09%
2025-12-17 22:36:46,370 - INFO: Round 4, Fine-tune Epoch 5: acc(valid): 0.9100
2025-12-17 22:36:46,684 - INFO: Epoch: [6][  0/107]	Time  0.131 ( 0.131)	Loss 1.4909e-01 (1.4909e-01)	Acc pseudo  96.88 ( 96.88)	Lr 1.000e-03 (1.000e-03)
2025-12-17 22:36:46,828 - INFO: Epoch: [6][ 50/107]	Time  0.003 ( 0.005)	Loss 5.4558e-02 (9.5293e-02)	Acc pseudo 100.00 ( 97.30)	Lr 1.000e-03 (1.000e-03)
2025-12-17 22:36:46,960 - INFO: Epoch: [6][100/107]	Time  0.002 ( 0.004)	Loss 7.4804e-02 (1.0395e-01)	Acc pseudo  98.44 ( 97.08)	Lr 1.000e-03 (1.000e-03)
2025-12-17 22:36:47,000 - INFO: Round 4, Fine-tune Epoch 6: loss=0.1041, acc(pseudo)=97.10%
2025-12-17 22:36:50,239 - INFO: Round 4, Fine-tune Epoch 6: acc(valid): 0.8625
2025-12-17 22:36:50,239 - INFO: Round 4, Fine-tune Epoch 6: No improvement in validation accuracy. Patience(epoch): 1/5
2025-12-17 22:36:50,361 - INFO: Epoch: [7][  0/107]	Time  0.117 ( 0.117)	Loss 1.0353e-01 (1.0353e-01)	Acc pseudo  95.31 ( 95.31)	Lr 1.000e-03 (1.000e-03)
2025-12-17 22:36:50,503 - INFO: Epoch: [7][ 50/107]	Time  0.003 ( 0.005)	Loss 1.4844e-01 (8.0804e-02)	Acc pseudo  92.19 ( 97.40)	Lr 1.000e-03 (1.000e-03)
2025-12-17 22:36:50,640 - INFO: Epoch: [7][100/107]	Time  0.002 ( 0.004)	Loss 2.3746e-02 (8.5944e-02)	Acc pseudo 100.00 ( 97.39)	Lr 1.000e-03 (1.000e-03)
2025-12-17 22:36:50,682 - INFO: Round 4, Fine-tune Epoch 7: loss=0.0899, acc(pseudo)=97.33%
2025-12-17 22:36:54,033 - INFO: Round 4, Fine-tune Epoch 7: acc(valid): 0.8875
2025-12-17 22:36:54,034 - INFO: Round 4, Fine-tune Epoch 7: No improvement in validation accuracy. Patience(epoch): 2/5
2025-12-17 22:36:54,154 - INFO: Epoch: [8][  0/107]	Time  0.116 ( 0.116)	Loss 1.3024e-01 (1.3024e-01)	Acc pseudo  95.31 ( 95.31)	Lr 1.000e-03 (1.000e-03)
2025-12-17 22:36:54,298 - INFO: Epoch: [8][ 50/107]	Time  0.002 ( 0.005)	Loss 4.7096e-03 (8.8618e-02)	Acc pseudo 100.00 ( 97.79)	Lr 1.000e-03 (1.000e-03)
2025-12-17 22:36:54,436 - INFO: Epoch: [8][100/107]	Time  0.002 ( 0.004)	Loss 6.6821e-02 (9.4429e-02)	Acc pseudo  96.88 ( 97.32)	Lr 1.000e-03 (1.000e-03)
2025-12-17 22:36:54,476 - INFO: Round 4, Fine-tune Epoch 8: loss=0.1031, acc(pseudo)=97.16%
2025-12-17 22:36:57,694 - INFO: Round 4, Fine-tune Epoch 8: acc(valid): 0.9000
2025-12-17 22:36:57,695 - INFO: Round 4, Fine-tune Epoch 8: No improvement in validation accuracy. Patience(epoch): 3/5
2025-12-17 22:36:57,815 - INFO: Epoch: [9][  0/107]	Time  0.116 ( 0.116)	Loss 5.6257e-02 (5.6257e-02)	Acc pseudo  98.44 ( 98.44)	Lr 1.000e-03 (1.000e-03)
2025-12-17 22:36:57,958 - INFO: Epoch: [9][ 50/107]	Time  0.003 ( 0.005)	Loss 2.3313e-01 (1.2645e-01)	Acc pseudo  98.44 ( 96.91)	Lr 1.000e-03 (1.000e-03)
2025-12-17 22:36:58,091 - INFO: Epoch: [9][100/107]	Time  0.002 ( 0.004)	Loss 3.4651e-01 (1.4034e-01)	Acc pseudo  96.88 ( 96.46)	Lr 1.000e-03 (1.000e-03)
2025-12-17 22:36:58,131 - INFO: Round 4, Fine-tune Epoch 9: loss=0.1396, acc(pseudo)=96.51%
2025-12-17 22:37:01,499 - INFO: Round 4, Fine-tune Epoch 9: acc(valid): 0.9025
2025-12-17 22:37:01,499 - INFO: Round 4, Fine-tune Epoch 9: No improvement in validation accuracy. Patience(epoch): 4/5
2025-12-17 22:37:01,645 - INFO: Epoch: [10][  0/107]	Time  0.142 ( 0.142)	Loss 5.7155e-02 (5.7155e-02)	Acc pseudo  96.88 ( 96.88)	Lr 1.000e-03 (1.000e-03)
2025-12-17 22:37:01,784 - INFO: Epoch: [10][ 50/107]	Time  0.003 ( 0.005)	Loss 5.5689e-02 (1.1840e-01)	Acc pseudo  98.44 ( 96.88)	Lr 1.000e-03 (1.000e-03)
2025-12-17 22:37:01,930 - INFO: Epoch: [10][100/107]	Time  0.002 ( 0.004)	Loss 9.5463e-02 (1.1608e-01)	Acc pseudo  96.88 ( 96.98)	Lr 1.000e-03 (1.000e-03)
2025-12-17 22:37:01,972 - INFO: Round 4, Fine-tune Epoch 10: loss=0.1207, acc(pseudo)=96.94%
2025-12-17 22:37:05,351 - INFO: Round 4, Fine-tune Epoch 10: acc(valid): 0.9000
2025-12-17 22:37:05,351 - INFO: Round 4, Fine-tune Epoch 10: No improvement in validation accuracy. Patience(epoch): 5/5
2025-12-17 22:37:05,351 - INFO: Early stopping at epoch 10 due to no improvement in validation accuracy for 5 epochs.
2025-12-17 22:37:05,352 - INFO: Round 4: Best fine-tuned epoch=5, acc(valid)=0.9100
2025-12-17 22:37:05,366 - INFO: Using HMM model from previous round: runs/the big bang theory/exp_video/result/self_supervised/exp1/round3/pseudo_label/hmm_params.pkl
2025-12-17 22:42:52,641 - INFO: Round 4: acc(valid)=0.9125, acc(test)=0.9225
2025-12-17 22:42:52,757 - INFO: New best acc(valid) at round 4: acc(valid)=0.9125, acc(test)=0.9225
2025-12-17 22:42:52,760 - INFO: ====================
2025-12-17 22:42:52,760 - INFO: Round 5: Fine-tuning iteration
2025-12-17 22:42:52,760 - INFO: ====================
2025-12-17 22:42:52,769 - INFO: Round 5 Part 1: Fine-tuning embedding model
2025-12-17 22:42:52,769 - INFO: Using pseudo-label file: runs/the big bang theory/exp_video/result/self_supervised/exp1/round4/pseudo_label/pseudo_labels_audio_nested_hmm_full(unreliable_pp=10).json
2025-12-17 22:42:52,851 - INFO: Fine-tuning embedding model for 20 epochs...
2025-12-17 22:42:52,985 - INFO: Epoch: [0][  0/107]	Time  0.131 ( 0.131)	Loss 7.0824e-01 (7.0824e-01)	Acc pseudo  95.31 ( 95.31)	Lr 1.000e-03 (1.000e-03)
2025-12-17 22:42:53,124 - INFO: Epoch: [0][ 50/107]	Time  0.003 ( 0.005)	Loss 1.1484e-01 (4.5922e-01)	Acc pseudo  96.88 ( 95.16)	Lr 1.000e-03 (1.000e-03)
2025-12-17 22:42:53,258 - INFO: Epoch: [0][100/107]	Time  0.002 ( 0.004)	Loss 3.8171e-01 (3.9720e-01)	Acc pseudo  90.62 ( 95.24)	Lr 1.000e-03 (1.000e-03)
2025-12-17 22:42:53,300 - INFO: Round 5, Fine-tune Epoch 0: loss=0.4070, acc(pseudo)=95.26%
2025-12-17 22:42:56,553 - INFO: Round 5, Fine-tune Epoch 0: acc(valid): 0.9075
2025-12-17 22:42:56,863 - INFO: Epoch: [1][  0/107]	Time  0.118 ( 0.118)	Loss 4.2653e-01 (4.2653e-01)	Acc pseudo  95.31 ( 95.31)	Lr 1.000e-03 (1.000e-03)
2025-12-17 22:42:57,000 - INFO: Epoch: [1][ 50/107]	Time  0.002 ( 0.005)	Loss 1.3344e-01 (2.4495e-01)	Acc pseudo  98.44 ( 95.22)	Lr 1.000e-03 (1.000e-03)
2025-12-17 22:42:57,131 - INFO: Epoch: [1][100/107]	Time  0.002 ( 0.004)	Loss 3.9485e-01 (2.5024e-01)	Acc pseudo  89.06 ( 95.22)	Lr 1.000e-03 (1.000e-03)
2025-12-17 22:42:57,172 - INFO: Round 5, Fine-tune Epoch 1: loss=0.2471, acc(pseudo)=95.21%
2025-12-17 22:43:00,428 - INFO: Round 5, Fine-tune Epoch 1: acc(valid): 0.9075
2025-12-17 22:43:00,428 - INFO: Round 5, Fine-tune Epoch 1: No improvement in validation accuracy. Patience(epoch): 1/5
2025-12-17 22:43:00,566 - INFO: Epoch: [2][  0/107]	Time  0.133 ( 0.133)	Loss 1.0171e-01 (1.0171e-01)	Acc pseudo  98.44 ( 98.44)	Lr 1.000e-03 (1.000e-03)
2025-12-17 22:43:00,709 - INFO: Epoch: [2][ 50/107]	Time  0.003 ( 0.005)	Loss 4.2140e-01 (2.3447e-01)	Acc pseudo  90.62 ( 95.22)	Lr 1.000e-03 (1.000e-03)
2025-12-17 22:43:00,838 - INFO: Epoch: [2][100/107]	Time  0.002 ( 0.004)	Loss 7.1023e-02 (2.1828e-01)	Acc pseudo 100.00 ( 95.41)	Lr 1.000e-03 (1.000e-03)
2025-12-17 22:43:00,879 - INFO: Round 5, Fine-tune Epoch 2: loss=0.2157, acc(pseudo)=95.42%
2025-12-17 22:43:04,298 - INFO: Round 5, Fine-tune Epoch 2: acc(valid): 0.9025
2025-12-17 22:43:04,299 - INFO: Round 5, Fine-tune Epoch 2: No improvement in validation accuracy. Patience(epoch): 2/5
2025-12-17 22:43:04,423 - INFO: Epoch: [3][  0/107]	Time  0.118 ( 0.118)	Loss 7.6896e-02 (7.6896e-02)	Acc pseudo  98.44 ( 98.44)	Lr 1.000e-03 (1.000e-03)
2025-12-17 22:43:04,559 - INFO: Epoch: [3][ 50/107]	Time  0.002 ( 0.005)	Loss 1.1676e-01 (1.8083e-01)	Acc pseudo  96.88 ( 95.80)	Lr 1.000e-03 (1.000e-03)
2025-12-17 22:43:04,691 - INFO: Epoch: [3][100/107]	Time  0.002 ( 0.004)	Loss 6.5050e-02 (1.9112e-01)	Acc pseudo  98.44 ( 95.48)	Lr 1.000e-03 (1.000e-03)
2025-12-17 22:43:04,732 - INFO: Round 5, Fine-tune Epoch 3: loss=0.1873, acc(pseudo)=95.53%
2025-12-17 22:43:07,909 - INFO: Round 5, Fine-tune Epoch 3: acc(valid): 0.9050
2025-12-17 22:43:07,910 - INFO: Round 5, Fine-tune Epoch 3: No improvement in validation accuracy. Patience(epoch): 3/5
2025-12-17 22:43:08,030 - INFO: Epoch: [4][  0/107]	Time  0.115 ( 0.115)	Loss 1.1956e-01 (1.1956e-01)	Acc pseudo  98.44 ( 98.44)	Lr 1.000e-03 (1.000e-03)
2025-12-17 22:43:08,168 - INFO: Epoch: [4][ 50/107]	Time  0.003 ( 0.005)	Loss 2.3010e-01 (1.6822e-01)	Acc pseudo  93.75 ( 96.14)	Lr 1.000e-03 (1.000e-03)
2025-12-17 22:43:08,310 - INFO: Epoch: [4][100/107]	Time  0.002 ( 0.004)	Loss 1.4728e-01 (1.5806e-01)	Acc pseudo  96.88 ( 96.32)	Lr 1.000e-03 (1.000e-03)
2025-12-17 22:43:08,361 - INFO: Round 5, Fine-tune Epoch 4: loss=0.1591, acc(pseudo)=96.28%
2025-12-17 22:43:12,232 - INFO: Round 5, Fine-tune Epoch 4: acc(valid): 0.9075
2025-12-17 22:43:12,232 - INFO: Round 5, Fine-tune Epoch 4: No improvement in validation accuracy. Patience(epoch): 4/5
2025-12-17 22:43:12,356 - INFO: Epoch: [5][  0/107]	Time  0.120 ( 0.120)	Loss 1.7999e-01 (1.7999e-01)	Acc pseudo  96.88 ( 96.88)	Lr 1.000e-03 (1.000e-03)
2025-12-17 22:43:12,501 - INFO: Epoch: [5][ 50/107]	Time  0.003 ( 0.005)	Loss 1.8370e-01 (1.5992e-01)	Acc pseudo  93.75 ( 96.08)	Lr 1.000e-03 (1.000e-03)
2025-12-17 22:43:12,638 - INFO: Epoch: [5][100/107]	Time  0.002 ( 0.004)	Loss 8.3876e-02 (1.6254e-01)	Acc pseudo  98.44 ( 96.27)	Lr 1.000e-03 (1.000e-03)
2025-12-17 22:43:12,680 - INFO: Round 5, Fine-tune Epoch 5: loss=0.1624, acc(pseudo)=96.27%
2025-12-17 22:43:16,495 - INFO: Round 5, Fine-tune Epoch 5: acc(valid): 0.9000
2025-12-17 22:43:16,495 - INFO: Round 5, Fine-tune Epoch 5: No improvement in validation accuracy. Patience(epoch): 5/5
2025-12-17 22:43:16,495 - INFO: Early stopping at epoch 5 due to no improvement in validation accuracy for 5 epochs.
2025-12-17 22:43:16,496 - INFO: Round 5: Best fine-tuned epoch=0, acc(valid)=0.9075
2025-12-17 22:43:16,508 - INFO: Using HMM model from previous round: runs/the big bang theory/exp_video/result/self_supervised/exp1/round4/pseudo_label/hmm_params.pkl
2025-12-17 22:54:52,543 - INFO: Round 5: acc(valid)=0.9075, acc(test)=0.9156
2025-12-17 22:54:52,543 - INFO: No improvement. Patience(round): 1/5
2025-12-17 22:54:52,546 - INFO: ====================
2025-12-17 22:54:52,546 - INFO: Round 6: Fine-tuning iteration
2025-12-17 22:54:52,546 - INFO: ====================
2025-12-17 22:54:52,553 - INFO: Round 6 Part 1: Fine-tuning embedding model
2025-12-17 22:54:52,554 - INFO: Using pseudo-label file: runs/the big bang theory/exp_video/result/self_supervised/exp1/round5/pseudo_label/pseudo_labels_audio_nested_hmm_full(unreliable_pp=5).json
2025-12-17 22:54:52,708 - INFO: Fine-tuning embedding model for 20 epochs...
2025-12-17 22:54:53,089 - INFO: Epoch: [0][  0/107]	Time  0.349 ( 0.349)	Loss 5.5326e-01 (5.5326e-01)	Acc pseudo  96.88 ( 96.88)	Lr 1.000e-03 (1.000e-03)
2025-12-17 22:54:53,228 - INFO: Epoch: [0][ 50/107]	Time  0.003 ( 0.009)	Loss 1.9130e-01 (3.3785e-01)	Acc pseudo  95.31 ( 95.16)	Lr 1.000e-03 (1.000e-03)
2025-12-17 22:54:53,358 - INFO: Epoch: [0][100/107]	Time  0.002 ( 0.006)	Loss 3.5871e-01 (2.6149e-01)	Acc pseudo  93.75 ( 95.53)	Lr 1.000e-03 (1.000e-03)
2025-12-17 22:54:53,400 - INFO: Round 6, Fine-tune Epoch 0: loss=0.2595, acc(pseudo)=95.50%
2025-12-17 22:54:57,170 - INFO: Round 6, Fine-tune Epoch 0: acc(valid): 0.9050
2025-12-17 22:54:57,651 - INFO: Epoch: [1][  0/107]	Time  0.115 ( 0.115)	Loss 1.4977e-01 (1.4977e-01)	Acc pseudo 100.00 (100.00)	Lr 1.000e-03 (1.000e-03)
2025-12-17 22:54:57,791 - INFO: Epoch: [1][ 50/107]	Time  0.003 ( 0.005)	Loss 1.4845e-01 (1.8621e-01)	Acc pseudo  98.44 ( 96.42)	Lr 1.000e-03 (1.000e-03)
2025-12-17 22:54:57,925 - INFO: Epoch: [1][100/107]	Time  0.002 ( 0.004)	Loss 2.7707e-01 (1.8873e-01)	Acc pseudo  92.19 ( 96.18)	Lr 1.000e-03 (1.000e-03)
2025-12-17 22:54:57,965 - INFO: Round 6, Fine-tune Epoch 1: loss=0.1889, acc(pseudo)=96.19%
2025-12-17 22:55:01,239 - INFO: Round 6, Fine-tune Epoch 1: acc(valid): 0.8850
2025-12-17 22:55:01,239 - INFO: Round 6, Fine-tune Epoch 1: No improvement in validation accuracy. Patience(epoch): 1/5
2025-12-17 22:55:01,365 - INFO: Epoch: [2][  0/107]	Time  0.120 ( 0.120)	Loss 1.0679e-01 (1.0679e-01)	Acc pseudo 100.00 (100.00)	Lr 1.000e-03 (1.000e-03)
2025-12-17 22:55:01,511 - INFO: Epoch: [2][ 50/107]	Time  0.003 ( 0.005)	Loss 2.1970e-01 (1.5251e-01)	Acc pseudo  92.19 ( 96.42)	Lr 1.000e-03 (1.000e-03)
2025-12-17 22:55:01,644 - INFO: Epoch: [2][100/107]	Time  0.002 ( 0.004)	Loss 7.6259e-03 (1.5540e-01)	Acc pseudo 100.00 ( 96.61)	Lr 1.000e-03 (1.000e-03)
2025-12-17 22:55:01,686 - INFO: Round 6, Fine-tune Epoch 2: loss=0.1525, acc(pseudo)=96.62%
2025-12-17 22:55:05,066 - INFO: Round 6, Fine-tune Epoch 2: acc(valid): 0.9050
2025-12-17 22:55:05,067 - INFO: Round 6, Fine-tune Epoch 2: No improvement in validation accuracy. Patience(epoch): 2/5
2025-12-17 22:55:05,188 - INFO: Epoch: [3][  0/107]	Time  0.116 ( 0.116)	Loss 6.0565e-02 (6.0565e-02)	Acc pseudo  96.88 ( 96.88)	Lr 1.000e-03 (1.000e-03)
2025-12-17 22:55:05,326 - INFO: Epoch: [3][ 50/107]	Time  0.002 ( 0.005)	Loss 2.6375e-01 (1.5437e-01)	Acc pseudo  98.44 ( 96.51)	Lr 1.000e-03 (1.000e-03)
2025-12-17 22:55:05,457 - INFO: Epoch: [3][100/107]	Time  0.002 ( 0.004)	Loss 7.6128e-02 (1.6078e-01)	Acc pseudo  98.44 ( 96.30)	Lr 1.000e-03 (1.000e-03)
2025-12-17 22:55:05,498 - INFO: Round 6, Fine-tune Epoch 3: loss=0.1624, acc(pseudo)=96.27%
2025-12-17 22:55:08,803 - INFO: Round 6, Fine-tune Epoch 3: acc(valid): 0.8900
2025-12-17 22:55:08,803 - INFO: Round 6, Fine-tune Epoch 3: No improvement in validation accuracy. Patience(epoch): 3/5
2025-12-17 22:55:08,926 - INFO: Epoch: [4][  0/107]	Time  0.118 ( 0.118)	Loss 5.6673e-02 (5.6673e-02)	Acc pseudo  98.44 ( 98.44)	Lr 1.000e-03 (1.000e-03)
2025-12-17 22:55:09,064 - INFO: Epoch: [4][ 50/107]	Time  0.003 ( 0.005)	Loss 1.3782e-01 (1.6262e-01)	Acc pseudo  93.75 ( 96.63)	Lr 1.000e-03 (1.000e-03)
2025-12-17 22:55:09,197 - INFO: Epoch: [4][100/107]	Time  0.002 ( 0.004)	Loss 3.2456e-02 (1.5236e-01)	Acc pseudo  98.44 ( 96.60)	Lr 1.000e-03 (1.000e-03)
2025-12-17 22:55:09,238 - INFO: Round 6, Fine-tune Epoch 4: loss=0.1480, acc(pseudo)=96.69%
2025-12-17 22:55:12,541 - INFO: Round 6, Fine-tune Epoch 4: acc(valid): 0.9075
2025-12-17 22:55:12,845 - INFO: Epoch: [5][  0/107]	Time  0.120 ( 0.120)	Loss 9.0682e-02 (9.0682e-02)	Acc pseudo  98.44 ( 98.44)	Lr 1.000e-03 (1.000e-03)
2025-12-17 22:55:12,984 - INFO: Epoch: [5][ 50/107]	Time  0.003 ( 0.005)	Loss 1.0611e-01 (1.2136e-01)	Acc pseudo  96.88 ( 97.03)	Lr 1.000e-03 (1.000e-03)
2025-12-17 22:55:13,117 - INFO: Epoch: [5][100/107]	Time  0.002 ( 0.004)	Loss 2.4422e-01 (1.2923e-01)	Acc pseudo  95.31 ( 96.83)	Lr 1.000e-03 (1.000e-03)
2025-12-17 22:55:13,159 - INFO: Round 6, Fine-tune Epoch 5: loss=0.1312, acc(pseudo)=96.76%
2025-12-17 22:55:16,377 - INFO: Round 6, Fine-tune Epoch 5: acc(valid): 0.8900
2025-12-17 22:55:16,377 - INFO: Round 6, Fine-tune Epoch 5: No improvement in validation accuracy. Patience(epoch): 1/5
2025-12-17 22:55:16,498 - INFO: Epoch: [6][  0/107]	Time  0.116 ( 0.116)	Loss 2.3184e-01 (2.3184e-01)	Acc pseudo  96.88 ( 96.88)	Lr 1.000e-03 (1.000e-03)
2025-12-17 22:55:16,636 - INFO: Epoch: [6][ 50/107]	Time  0.003 ( 0.005)	Loss 1.0802e-01 (1.0767e-01)	Acc pseudo  93.75 ( 97.09)	Lr 1.000e-03 (1.000e-03)
2025-12-17 22:55:16,769 - INFO: Epoch: [6][100/107]	Time  0.002 ( 0.004)	Loss 1.6444e-01 (1.2671e-01)	Acc pseudo  96.88 ( 96.81)	Lr 1.000e-03 (1.000e-03)
2025-12-17 22:55:16,811 - INFO: Round 6, Fine-tune Epoch 6: loss=0.1257, acc(pseudo)=96.87%
2025-12-17 22:55:20,041 - INFO: Round 6, Fine-tune Epoch 6: acc(valid): 0.9100
2025-12-17 22:55:20,349 - INFO: Epoch: [7][  0/107]	Time  0.136 ( 0.136)	Loss 1.9594e-01 (1.9594e-01)	Acc pseudo  96.88 ( 96.88)	Lr 1.000e-03 (1.000e-03)
2025-12-17 22:55:20,488 - INFO: Epoch: [7][ 50/107]	Time  0.003 ( 0.005)	Loss 2.3369e-01 (9.0768e-02)	Acc pseudo  92.19 ( 97.67)	Lr 1.000e-03 (1.000e-03)
2025-12-17 22:55:20,624 - INFO: Epoch: [7][100/107]	Time  0.002 ( 0.004)	Loss 1.0726e-01 (1.0821e-01)	Acc pseudo  96.88 ( 97.28)	Lr 1.000e-03 (1.000e-03)
2025-12-17 22:55:20,665 - INFO: Round 6, Fine-tune Epoch 7: loss=0.1111, acc(pseudo)=97.22%
2025-12-17 22:55:23,957 - INFO: Round 6, Fine-tune Epoch 7: acc(valid): 0.9025
2025-12-17 22:55:23,957 - INFO: Round 6, Fine-tune Epoch 7: No improvement in validation accuracy. Patience(epoch): 1/5
2025-12-17 22:55:24,096 - INFO: Epoch: [8][  0/107]	Time  0.134 ( 0.134)	Loss 1.5218e-01 (1.5218e-01)	Acc pseudo  96.88 ( 96.88)	Lr 1.000e-03 (1.000e-03)
2025-12-17 22:55:24,233 - INFO: Epoch: [8][ 50/107]	Time  0.003 ( 0.005)	Loss 3.5528e-02 (1.1961e-01)	Acc pseudo  98.44 ( 97.12)	Lr 1.000e-03 (1.000e-03)
2025-12-17 22:55:24,363 - INFO: Epoch: [8][100/107]	Time  0.002 ( 0.004)	Loss 1.0046e-01 (1.1413e-01)	Acc pseudo  95.31 ( 97.09)	Lr 1.000e-03 (1.000e-03)
2025-12-17 22:55:24,405 - INFO: Round 6, Fine-tune Epoch 8: loss=0.1179, acc(pseudo)=97.07%
2025-12-17 22:55:27,695 - INFO: Round 6, Fine-tune Epoch 8: acc(valid): 0.8775
2025-12-17 22:55:27,695 - INFO: Round 6, Fine-tune Epoch 8: No improvement in validation accuracy. Patience(epoch): 2/5
2025-12-17 22:55:27,823 - INFO: Epoch: [9][  0/107]	Time  0.123 ( 0.123)	Loss 1.0711e-02 (1.0711e-02)	Acc pseudo 100.00 (100.00)	Lr 1.000e-03 (1.000e-03)
2025-12-17 22:55:27,960 - INFO: Epoch: [9][ 50/107]	Time  0.003 ( 0.005)	Loss 2.0886e-02 (1.1639e-01)	Acc pseudo 100.00 ( 97.03)	Lr 1.000e-03 (1.000e-03)
2025-12-17 22:55:28,089 - INFO: Epoch: [9][100/107]	Time  0.002 ( 0.004)	Loss 4.5713e-02 (1.2073e-01)	Acc pseudo  98.44 ( 96.77)	Lr 1.000e-03 (1.000e-03)
2025-12-17 22:55:28,132 - INFO: Round 6, Fine-tune Epoch 9: loss=0.1220, acc(pseudo)=96.81%
2025-12-17 22:55:31,409 - INFO: Round 6, Fine-tune Epoch 9: acc(valid): 0.8975
2025-12-17 22:55:31,409 - INFO: Round 6, Fine-tune Epoch 9: No improvement in validation accuracy. Patience(epoch): 3/5
2025-12-17 22:55:31,545 - INFO: Epoch: [10][  0/107]	Time  0.132 ( 0.132)	Loss 2.7989e-02 (2.7989e-02)	Acc pseudo  98.44 ( 98.44)	Lr 1.000e-03 (1.000e-03)
2025-12-17 22:55:31,687 - INFO: Epoch: [10][ 50/107]	Time  0.002 ( 0.005)	Loss 8.4151e-02 (9.6563e-02)	Acc pseudo 100.00 ( 97.46)	Lr 1.000e-03 (1.000e-03)
2025-12-17 22:55:31,820 - INFO: Epoch: [10][100/107]	Time  0.002 ( 0.004)	Loss 2.0705e-01 (1.2082e-01)	Acc pseudo  95.31 ( 97.05)	Lr 1.000e-03 (1.000e-03)
2025-12-17 22:55:31,859 - INFO: Round 6, Fine-tune Epoch 10: loss=0.1249, acc(pseudo)=96.95%
2025-12-17 22:55:35,122 - INFO: Round 6, Fine-tune Epoch 10: acc(valid): 0.8900
2025-12-17 22:55:35,122 - INFO: Round 6, Fine-tune Epoch 10: No improvement in validation accuracy. Patience(epoch): 4/5
2025-12-17 22:55:35,242 - INFO: Epoch: [11][  0/107]	Time  0.116 ( 0.116)	Loss 1.5563e-01 (1.5563e-01)	Acc pseudo  96.88 ( 96.88)	Lr 1.000e-03 (1.000e-03)
2025-12-17 22:55:35,378 - INFO: Epoch: [11][ 50/107]	Time  0.002 ( 0.005)	Loss 3.3597e-02 (1.1384e-01)	Acc pseudo 100.00 ( 97.06)	Lr 1.000e-03 (1.000e-03)
2025-12-17 22:55:35,509 - INFO: Epoch: [11][100/107]	Time  0.002 ( 0.004)	Loss 1.8968e-01 (1.1175e-01)	Acc pseudo  95.31 ( 97.11)	Lr 1.000e-03 (1.000e-03)
2025-12-17 22:55:35,548 - INFO: Round 6, Fine-tune Epoch 11: loss=0.1165, acc(pseudo)=97.06%
2025-12-17 22:55:39,391 - INFO: Round 6, Fine-tune Epoch 11: acc(valid): 0.8825
2025-12-17 22:55:39,391 - INFO: Round 6, Fine-tune Epoch 11: No improvement in validation accuracy. Patience(epoch): 5/5
2025-12-17 22:55:39,391 - INFO: Early stopping at epoch 11 due to no improvement in validation accuracy for 5 epochs.
2025-12-17 22:55:39,392 - INFO: Round 6: Best fine-tuned epoch=6, acc(valid)=0.9100
2025-12-17 22:55:39,405 - INFO: Using HMM model from previous round: runs/the big bang theory/exp_video/result/self_supervised/exp1/round5/pseudo_label/hmm_params.pkl
2025-12-17 23:02:04,969 - INFO: Round 6: acc(valid)=0.9100, acc(test)=0.9075
2025-12-17 23:02:04,970 - INFO: No improvement. Patience(round): 2/5
2025-12-17 23:02:04,972 - INFO: ====================
2025-12-17 23:02:04,972 - INFO: Round 7: Fine-tuning iteration
2025-12-17 23:02:04,973 - INFO: ====================
2025-12-17 23:02:04,980 - INFO: Round 7 Part 1: Fine-tuning embedding model
2025-12-17 23:02:04,981 - INFO: Using pseudo-label file: runs/the big bang theory/exp_video/result/self_supervised/exp1/round6/pseudo_label/pseudo_labels_audio_nested_hmm_full(unreliable_pp=0).json
2025-12-17 23:02:05,073 - INFO: Fine-tuning embedding model for 20 epochs...
2025-12-17 23:02:05,201 - INFO: Epoch: [0][  0/107]	Time  0.124 ( 0.124)	Loss 2.0738e-01 (2.0738e-01)	Acc pseudo  95.31 ( 95.31)	Lr 1.000e-03 (1.000e-03)
2025-12-17 23:02:05,337 - INFO: Epoch: [0][ 50/107]	Time  0.003 ( 0.005)	Loss 7.2128e-02 (2.7385e-01)	Acc pseudo  96.88 ( 95.25)	Lr 1.000e-03 (1.000e-03)
2025-12-17 23:02:05,470 - INFO: Epoch: [0][100/107]	Time  0.002 ( 0.004)	Loss 5.3194e-01 (2.3808e-01)	Acc pseudo  90.62 ( 95.76)	Lr 1.000e-03 (1.000e-03)
2025-12-17 23:02:05,510 - INFO: Round 7, Fine-tune Epoch 0: loss=0.2417, acc(pseudo)=95.78%
2025-12-17 23:02:08,806 - INFO: Round 7, Fine-tune Epoch 0: acc(valid): 0.8975
2025-12-17 23:02:09,093 - INFO: Epoch: [1][  0/107]	Time  0.121 ( 0.121)	Loss 8.4000e-02 (8.4000e-02)	Acc pseudo 100.00 (100.00)	Lr 1.000e-03 (1.000e-03)
2025-12-17 23:02:09,238 - INFO: Epoch: [1][ 50/107]	Time  0.003 ( 0.005)	Loss 1.9527e-01 (1.5473e-01)	Acc pseudo  98.44 ( 96.78)	Lr 1.000e-03 (1.000e-03)
2025-12-17 23:02:09,379 - INFO: Epoch: [1][100/107]	Time  0.002 ( 0.004)	Loss 1.6414e-01 (1.5475e-01)	Acc pseudo  96.88 ( 96.77)	Lr 1.000e-03 (1.000e-03)
2025-12-17 23:02:09,421 - INFO: Round 7, Fine-tune Epoch 1: loss=0.1531, acc(pseudo)=96.82%
2025-12-17 23:02:12,653 - INFO: Round 7, Fine-tune Epoch 1: acc(valid): 0.8950
2025-12-17 23:02:12,653 - INFO: Round 7, Fine-tune Epoch 1: No improvement in validation accuracy. Patience(epoch): 1/5
2025-12-17 23:02:12,772 - INFO: Epoch: [2][  0/107]	Time  0.114 ( 0.114)	Loss 8.5100e-02 (8.5100e-02)	Acc pseudo  98.44 ( 98.44)	Lr 1.000e-03 (1.000e-03)
2025-12-17 23:02:12,908 - INFO: Epoch: [2][ 50/107]	Time  0.002 ( 0.005)	Loss 2.1124e-01 (1.5210e-01)	Acc pseudo  95.31 ( 96.69)	Lr 1.000e-03 (1.000e-03)
2025-12-17 23:02:13,037 - INFO: Epoch: [2][100/107]	Time  0.002 ( 0.004)	Loss 1.1772e-02 (1.3339e-01)	Acc pseudo 100.00 ( 96.74)	Lr 1.000e-03 (1.000e-03)
2025-12-17 23:02:13,079 - INFO: Round 7, Fine-tune Epoch 2: loss=0.1320, acc(pseudo)=96.72%
2025-12-17 23:02:16,337 - INFO: Round 7, Fine-tune Epoch 2: acc(valid): 0.8950
2025-12-17 23:02:16,338 - INFO: Round 7, Fine-tune Epoch 2: No improvement in validation accuracy. Patience(epoch): 2/5
2025-12-17 23:02:16,457 - INFO: Epoch: [3][  0/107]	Time  0.115 ( 0.115)	Loss 1.5121e-01 (1.5121e-01)	Acc pseudo  93.75 ( 93.75)	Lr 1.000e-03 (1.000e-03)
2025-12-17 23:02:16,597 - INFO: Epoch: [3][ 50/107]	Time  0.003 ( 0.005)	Loss 5.4729e-02 (1.4016e-01)	Acc pseudo  96.88 ( 96.69)	Lr 1.000e-03 (1.000e-03)
2025-12-17 23:02:16,730 - INFO: Epoch: [3][100/107]	Time  0.002 ( 0.004)	Loss 2.1527e-02 (1.2308e-01)	Acc pseudo 100.00 ( 97.01)	Lr 1.000e-03 (1.000e-03)
2025-12-17 23:02:16,771 - INFO: Round 7, Fine-tune Epoch 3: loss=0.1206, acc(pseudo)=97.04%
2025-12-17 23:02:19,947 - INFO: Round 7, Fine-tune Epoch 3: acc(valid): 0.9100
2025-12-17 23:02:20,237 - INFO: Epoch: [4][  0/107]	Time  0.116 ( 0.116)	Loss 1.1331e-01 (1.1331e-01)	Acc pseudo  96.88 ( 96.88)	Lr 1.000e-03 (1.000e-03)
2025-12-17 23:02:20,382 - INFO: Epoch: [4][ 50/107]	Time  0.003 ( 0.005)	Loss 5.8024e-02 (1.3018e-01)	Acc pseudo  98.44 ( 96.60)	Lr 1.000e-03 (1.000e-03)
2025-12-17 23:02:20,517 - INFO: Epoch: [4][100/107]	Time  0.002 ( 0.004)	Loss 4.0984e-02 (1.1369e-01)	Acc pseudo  96.88 ( 97.05)	Lr 1.000e-03 (1.000e-03)
2025-12-17 23:02:20,556 - INFO: Round 7, Fine-tune Epoch 4: loss=0.1122, acc(pseudo)=97.10%
2025-12-17 23:02:23,792 - INFO: Round 7, Fine-tune Epoch 4: acc(valid): 0.9075
2025-12-17 23:02:23,792 - INFO: Round 7, Fine-tune Epoch 4: No improvement in validation accuracy. Patience(epoch): 1/5
2025-12-17 23:02:23,913 - INFO: Epoch: [5][  0/107]	Time  0.116 ( 0.116)	Loss 6.3829e-02 (6.3829e-02)	Acc pseudo  98.44 ( 98.44)	Lr 1.000e-03 (1.000e-03)
2025-12-17 23:02:24,050 - INFO: Epoch: [5][ 50/107]	Time  0.003 ( 0.005)	Loss 1.3513e-01 (1.0742e-01)	Acc pseudo  93.75 ( 97.15)	Lr 1.000e-03 (1.000e-03)
2025-12-17 23:02:24,183 - INFO: Epoch: [5][100/107]	Time  0.002 ( 0.004)	Loss 2.1756e-02 (1.0221e-01)	Acc pseudo 100.00 ( 97.22)	Lr 1.000e-03 (1.000e-03)
2025-12-17 23:02:24,223 - INFO: Round 7, Fine-tune Epoch 5: loss=0.1061, acc(pseudo)=97.17%
2025-12-17 23:02:27,440 - INFO: Round 7, Fine-tune Epoch 5: acc(valid): 0.9000
2025-12-17 23:02:27,440 - INFO: Round 7, Fine-tune Epoch 5: No improvement in validation accuracy. Patience(epoch): 2/5
2025-12-17 23:02:27,560 - INFO: Epoch: [6][  0/107]	Time  0.115 ( 0.115)	Loss 6.4077e-02 (6.4077e-02)	Acc pseudo 100.00 (100.00)	Lr 1.000e-03 (1.000e-03)
2025-12-17 23:02:27,696 - INFO: Epoch: [6][ 50/107]	Time  0.003 ( 0.005)	Loss 5.8669e-02 (7.1725e-02)	Acc pseudo  98.44 ( 98.04)	Lr 1.000e-03 (1.000e-03)
2025-12-17 23:02:27,827 - INFO: Epoch: [6][100/107]	Time  0.002 ( 0.004)	Loss 1.2869e-01 (8.2846e-02)	Acc pseudo  96.88 ( 97.82)	Lr 1.000e-03 (1.000e-03)
2025-12-17 23:02:27,868 - INFO: Round 7, Fine-tune Epoch 6: loss=0.0856, acc(pseudo)=97.76%
2025-12-17 23:02:31,106 - INFO: Round 7, Fine-tune Epoch 6: acc(valid): 0.9125
2025-12-17 23:02:31,574 - INFO: Epoch: [7][  0/107]	Time  0.117 ( 0.117)	Loss 4.4078e-02 (4.4078e-02)	Acc pseudo 100.00 (100.00)	Lr 1.000e-03 (1.000e-03)
2025-12-17 23:02:31,722 - INFO: Epoch: [7][ 50/107]	Time  0.003 ( 0.005)	Loss 2.2107e-01 (9.0941e-02)	Acc pseudo  93.75 ( 97.61)	Lr 1.000e-03 (1.000e-03)
2025-12-17 23:02:31,860 - INFO: Epoch: [7][100/107]	Time  0.002 ( 0.004)	Loss 4.4976e-02 (9.3446e-02)	Acc pseudo  98.44 ( 97.56)	Lr 1.000e-03 (1.000e-03)
2025-12-17 23:02:31,899 - INFO: Round 7, Fine-tune Epoch 7: loss=0.0947, acc(pseudo)=97.55%
2025-12-17 23:02:35,644 - INFO: Round 7, Fine-tune Epoch 7: acc(valid): 0.9075
2025-12-17 23:02:35,645 - INFO: Round 7, Fine-tune Epoch 7: No improvement in validation accuracy. Patience(epoch): 1/5
2025-12-17 23:02:35,767 - INFO: Epoch: [8][  0/107]	Time  0.117 ( 0.117)	Loss 1.3231e-01 (1.3231e-01)	Acc pseudo  98.44 ( 98.44)	Lr 1.000e-03 (1.000e-03)
2025-12-17 23:02:35,904 - INFO: Epoch: [8][ 50/107]	Time  0.003 ( 0.005)	Loss 1.4215e-03 (1.0124e-01)	Acc pseudo 100.00 ( 97.30)	Lr 1.000e-03 (1.000e-03)
2025-12-17 23:02:36,034 - INFO: Epoch: [8][100/107]	Time  0.002 ( 0.004)	Loss 1.3714e-01 (8.9856e-02)	Acc pseudo  95.31 ( 97.49)	Lr 1.000e-03 (1.000e-03)
2025-12-17 23:02:36,073 - INFO: Round 7, Fine-tune Epoch 8: loss=0.0904, acc(pseudo)=97.48%
2025-12-17 23:02:39,562 - INFO: Round 7, Fine-tune Epoch 8: acc(valid): 0.9050
2025-12-17 23:02:39,563 - INFO: Round 7, Fine-tune Epoch 8: No improvement in validation accuracy. Patience(epoch): 2/5
2025-12-17 23:02:39,683 - INFO: Epoch: [9][  0/107]	Time  0.116 ( 0.116)	Loss 7.9312e-02 (7.9312e-02)	Acc pseudo  98.44 ( 98.44)	Lr 1.000e-03 (1.000e-03)
2025-12-17 23:02:39,827 - INFO: Epoch: [9][ 50/107]	Time  0.003 ( 0.005)	Loss 5.5772e-02 (8.0688e-02)	Acc pseudo  98.44 ( 97.79)	Lr 1.000e-03 (1.000e-03)
2025-12-17 23:02:39,961 - INFO: Epoch: [9][100/107]	Time  0.002 ( 0.004)	Loss 3.2915e-03 (8.1314e-02)	Acc pseudo 100.00 ( 97.79)	Lr 1.000e-03 (1.000e-03)
2025-12-17 23:02:40,001 - INFO: Round 7, Fine-tune Epoch 9: loss=0.0823, acc(pseudo)=97.77%
2025-12-17 23:02:43,928 - INFO: Round 7, Fine-tune Epoch 9: acc(valid): 0.8975
2025-12-17 23:02:43,928 - INFO: Round 7, Fine-tune Epoch 9: No improvement in validation accuracy. Patience(epoch): 3/5
2025-12-17 23:02:44,049 - INFO: Epoch: [10][  0/107]	Time  0.117 ( 0.117)	Loss 3.4351e-02 (3.4351e-02)	Acc pseudo 100.00 (100.00)	Lr 1.000e-03 (1.000e-03)
2025-12-17 23:02:44,183 - INFO: Epoch: [10][ 50/107]	Time  0.002 ( 0.005)	Loss 5.3421e-03 (8.0432e-02)	Acc pseudo 100.00 ( 98.16)	Lr 1.000e-03 (1.000e-03)
2025-12-17 23:02:44,317 - INFO: Epoch: [10][100/107]	Time  0.002 ( 0.004)	Loss 5.0912e-02 (8.3137e-02)	Acc pseudo  98.44 ( 98.04)	Lr 1.000e-03 (1.000e-03)
2025-12-17 23:02:44,356 - INFO: Round 7, Fine-tune Epoch 10: loss=0.0910, acc(pseudo)=97.92%
2025-12-17 23:02:48,074 - INFO: Round 7, Fine-tune Epoch 10: acc(valid): 0.9050
2025-12-17 23:02:48,074 - INFO: Round 7, Fine-tune Epoch 10: No improvement in validation accuracy. Patience(epoch): 4/5
2025-12-17 23:02:48,197 - INFO: Epoch: [11][  0/107]	Time  0.118 ( 0.118)	Loss 6.1098e-02 (6.1098e-02)	Acc pseudo  96.88 ( 96.88)	Lr 1.000e-03 (1.000e-03)
2025-12-17 23:02:48,338 - INFO: Epoch: [11][ 50/107]	Time  0.003 ( 0.005)	Loss 1.0145e-01 (7.8902e-02)	Acc pseudo  95.31 ( 98.25)	Lr 1.000e-03 (1.000e-03)
2025-12-17 23:02:48,478 - INFO: Epoch: [11][100/107]	Time  0.002 ( 0.004)	Loss 1.0770e-01 (7.5349e-02)	Acc pseudo  98.44 ( 98.17)	Lr 1.000e-03 (1.000e-03)
2025-12-17 23:02:48,517 - INFO: Round 7, Fine-tune Epoch 11: loss=0.0761, acc(pseudo)=98.05%
2025-12-17 23:02:51,714 - INFO: Round 7, Fine-tune Epoch 11: acc(valid): 0.9075
2025-12-17 23:02:51,714 - INFO: Round 7, Fine-tune Epoch 11: No improvement in validation accuracy. Patience(epoch): 5/5
2025-12-17 23:02:51,714 - INFO: Early stopping at epoch 11 due to no improvement in validation accuracy for 5 epochs.
2025-12-17 23:02:51,715 - INFO: Round 7: Best fine-tuned epoch=6, acc(valid)=0.9125
2025-12-17 23:02:51,731 - INFO: Using HMM model from previous round: runs/the big bang theory/exp_video/result/self_supervised/exp1/round6/pseudo_label/hmm_params.pkl
2025-12-17 23:07:38,040 - INFO: Round 7: acc(valid)=0.9125, acc(test)=0.9056
2025-12-17 23:07:38,041 - INFO: No improvement. Patience(round): 3/5
2025-12-17 23:07:38,044 - INFO: ====================
2025-12-17 23:07:38,044 - INFO: Round 8: Fine-tuning iteration
2025-12-17 23:07:38,044 - INFO: ====================
2025-12-17 23:07:38,052 - INFO: Round 8 Part 1: Fine-tuning embedding model
2025-12-17 23:07:38,052 - INFO: Using pseudo-label file: runs/the big bang theory/exp_video/result/self_supervised/exp1/round7/pseudo_label/pseudo_labels_audio_nested_hmm_full(unreliable_pp=0).json
2025-12-17 23:07:38,142 - INFO: Fine-tuning embedding model for 20 epochs...
2025-12-17 23:07:38,596 - INFO: Epoch: [0][  0/107]	Time  0.408 ( 0.408)	Loss 1.0492e-01 (1.0492e-01)	Acc pseudo  96.88 ( 96.88)	Lr 1.000e-03 (1.000e-03)
2025-12-17 23:07:38,735 - INFO: Epoch: [0][ 50/107]	Time  0.003 ( 0.011)	Loss 2.2553e-01 (1.8036e-01)	Acc pseudo  92.19 ( 96.26)	Lr 1.000e-03 (1.000e-03)
2025-12-17 23:07:38,869 - INFO: Epoch: [0][100/107]	Time  0.002 ( 0.007)	Loss 3.8815e-01 (1.6292e-01)	Acc pseudo  90.62 ( 96.36)	Lr 1.000e-03 (1.000e-03)
2025-12-17 23:07:38,911 - INFO: Round 8, Fine-tune Epoch 0: loss=0.1597, acc(pseudo)=96.43%
2025-12-17 23:07:42,198 - INFO: Round 8, Fine-tune Epoch 0: acc(valid): 0.9050
2025-12-17 23:07:42,483 - INFO: Epoch: [1][  0/107]	Time  0.116 ( 0.116)	Loss 6.2277e-02 (6.2277e-02)	Acc pseudo 100.00 (100.00)	Lr 1.000e-03 (1.000e-03)
2025-12-17 23:07:42,620 - INFO: Epoch: [1][ 50/107]	Time  0.002 ( 0.005)	Loss 8.9975e-02 (1.0580e-01)	Acc pseudo  98.44 ( 97.12)	Lr 1.000e-03 (1.000e-03)
2025-12-17 23:07:42,754 - INFO: Epoch: [1][100/107]	Time  0.002 ( 0.004)	Loss 4.1452e-02 (1.0236e-01)	Acc pseudo  98.44 ( 97.25)	Lr 1.000e-03 (1.000e-03)
2025-12-17 23:07:42,805 - INFO: Round 8, Fine-tune Epoch 1: loss=0.1020, acc(pseudo)=97.22%
2025-12-17 23:07:46,021 - INFO: Round 8, Fine-tune Epoch 1: acc(valid): 0.9075
2025-12-17 23:07:46,314 - INFO: Epoch: [2][  0/107]	Time  0.119 ( 0.119)	Loss 1.5354e-02 (1.5354e-02)	Acc pseudo 100.00 (100.00)	Lr 1.000e-03 (1.000e-03)
2025-12-17 23:07:46,449 - INFO: Epoch: [2][ 50/107]	Time  0.002 ( 0.005)	Loss 1.7680e-02 (8.9821e-02)	Acc pseudo 100.00 ( 97.40)	Lr 1.000e-03 (1.000e-03)
2025-12-17 23:07:46,576 - INFO: Epoch: [2][100/107]	Time  0.002 ( 0.004)	Loss 5.4037e-03 (1.0942e-01)	Acc pseudo 100.00 ( 96.89)	Lr 1.000e-03 (1.000e-03)
2025-12-17 23:07:46,618 - INFO: Round 8, Fine-tune Epoch 2: loss=0.1099, acc(pseudo)=96.88%
2025-12-17 23:07:49,736 - INFO: Round 8, Fine-tune Epoch 2: acc(valid): 0.9075
2025-12-17 23:07:49,736 - INFO: Round 8, Fine-tune Epoch 2: No improvement in validation accuracy. Patience(epoch): 1/5
2025-12-17 23:07:49,855 - INFO: Epoch: [3][  0/107]	Time  0.115 ( 0.115)	Loss 1.6392e-01 (1.6392e-01)	Acc pseudo  92.19 ( 92.19)	Lr 1.000e-03 (1.000e-03)
2025-12-17 23:07:49,994 - INFO: Epoch: [3][ 50/107]	Time  0.003 ( 0.005)	Loss 1.3425e-02 (1.0387e-01)	Acc pseudo 100.00 ( 96.88)	Lr 1.000e-03 (1.000e-03)
2025-12-17 23:07:50,127 - INFO: Epoch: [3][100/107]	Time  0.002 ( 0.004)	Loss 6.1121e-02 (1.0575e-01)	Acc pseudo  95.31 ( 96.77)	Lr 1.000e-03 (1.000e-03)
2025-12-17 23:07:50,166 - INFO: Round 8, Fine-tune Epoch 3: loss=0.1044, acc(pseudo)=96.81%
2025-12-17 23:07:53,385 - INFO: Round 8, Fine-tune Epoch 3: acc(valid): 0.9025
2025-12-17 23:07:53,386 - INFO: Round 8, Fine-tune Epoch 3: No improvement in validation accuracy. Patience(epoch): 2/5
2025-12-17 23:07:53,505 - INFO: Epoch: [4][  0/107]	Time  0.114 ( 0.114)	Loss 5.5209e-02 (5.5209e-02)	Acc pseudo  98.44 ( 98.44)	Lr 1.000e-03 (1.000e-03)
2025-12-17 23:07:53,642 - INFO: Epoch: [4][ 50/107]	Time  0.003 ( 0.005)	Loss 2.8748e-01 (1.2165e-01)	Acc pseudo  96.88 ( 96.88)	Lr 1.000e-03 (1.000e-03)
2025-12-17 23:07:53,781 - INFO: Epoch: [4][100/107]	Time  0.002 ( 0.004)	Loss 1.4788e-01 (1.1325e-01)	Acc pseudo  95.31 ( 96.97)	Lr 1.000e-03 (1.000e-03)
2025-12-17 23:07:53,821 - INFO: Round 8, Fine-tune Epoch 4: loss=0.1130, acc(pseudo)=96.97%
2025-12-17 23:07:57,047 - INFO: Round 8, Fine-tune Epoch 4: acc(valid): 0.8950
2025-12-17 23:07:57,048 - INFO: Round 8, Fine-tune Epoch 4: No improvement in validation accuracy. Patience(epoch): 3/5
2025-12-17 23:07:57,169 - INFO: Epoch: [5][  0/107]	Time  0.116 ( 0.116)	Loss 4.7335e-02 (4.7335e-02)	Acc pseudo  96.88 ( 96.88)	Lr 1.000e-03 (1.000e-03)
2025-12-17 23:07:57,301 - INFO: Epoch: [5][ 50/107]	Time  0.002 ( 0.005)	Loss 6.6709e-02 (8.3136e-02)	Acc pseudo  98.44 ( 97.24)	Lr 1.000e-03 (1.000e-03)
2025-12-17 23:07:57,427 - INFO: Epoch: [5][100/107]	Time  0.002 ( 0.004)	Loss 1.8480e-02 (8.2135e-02)	Acc pseudo 100.00 ( 97.43)	Lr 1.000e-03 (1.000e-03)
2025-12-17 23:07:57,469 - INFO: Round 8, Fine-tune Epoch 5: loss=0.0863, acc(pseudo)=97.39%
2025-12-17 23:08:00,664 - INFO: Round 8, Fine-tune Epoch 5: acc(valid): 0.8400
2025-12-17 23:08:00,664 - INFO: Round 8, Fine-tune Epoch 5: No improvement in validation accuracy. Patience(epoch): 4/5
2025-12-17 23:08:00,786 - INFO: Epoch: [6][  0/107]	Time  0.117 ( 0.117)	Loss 6.8191e-02 (6.8191e-02)	Acc pseudo  98.44 ( 98.44)	Lr 1.000e-03 (1.000e-03)
2025-12-17 23:08:00,919 - INFO: Epoch: [6][ 50/107]	Time  0.002 ( 0.005)	Loss 6.2206e-02 (7.7733e-02)	Acc pseudo  98.44 ( 97.70)	Lr 1.000e-03 (1.000e-03)
2025-12-17 23:08:01,046 - INFO: Epoch: [6][100/107]	Time  0.002 ( 0.004)	Loss 6.7414e-02 (7.2506e-02)	Acc pseudo  98.44 ( 97.76)	Lr 1.000e-03 (1.000e-03)
2025-12-17 23:08:01,088 - INFO: Round 8, Fine-tune Epoch 6: loss=0.0732, acc(pseudo)=97.70%
2025-12-17 23:08:04,972 - INFO: Round 8, Fine-tune Epoch 6: acc(valid): 0.9175
2025-12-17 23:08:05,278 - INFO: Epoch: [7][  0/107]	Time  0.134 ( 0.134)	Loss 6.6995e-03 (6.6995e-03)	Acc pseudo 100.00 (100.00)	Lr 1.000e-03 (1.000e-03)
2025-12-17 23:08:05,418 - INFO: Epoch: [7][ 50/107]	Time  0.003 ( 0.005)	Loss 7.1962e-02 (6.5147e-02)	Acc pseudo  98.44 ( 97.92)	Lr 1.000e-03 (1.000e-03)
2025-12-17 23:08:05,550 - INFO: Epoch: [7][100/107]	Time  0.002 ( 0.004)	Loss 1.2587e-01 (7.5971e-02)	Acc pseudo  96.88 ( 97.48)	Lr 1.000e-03 (1.000e-03)
2025-12-17 23:08:05,589 - INFO: Round 8, Fine-tune Epoch 7: loss=0.0758, acc(pseudo)=97.50%
2025-12-17 23:08:09,503 - INFO: Round 8, Fine-tune Epoch 7: acc(valid): 0.8500
2025-12-17 23:08:09,504 - INFO: Round 8, Fine-tune Epoch 7: No improvement in validation accuracy. Patience(epoch): 1/5
2025-12-17 23:08:09,625 - INFO: Epoch: [8][  0/107]	Time  0.117 ( 0.117)	Loss 1.4946e-01 (1.4946e-01)	Acc pseudo  96.88 ( 96.88)	Lr 1.000e-03 (1.000e-03)
2025-12-17 23:08:09,765 - INFO: Epoch: [8][ 50/107]	Time  0.003 ( 0.005)	Loss 5.1085e-02 (9.5989e-02)	Acc pseudo  98.44 ( 97.24)	Lr 1.000e-03 (1.000e-03)
2025-12-17 23:08:09,900 - INFO: Epoch: [8][100/107]	Time  0.002 ( 0.004)	Loss 1.1629e-01 (8.6792e-02)	Acc pseudo  96.88 ( 97.42)	Lr 1.000e-03 (1.000e-03)
2025-12-17 23:08:09,940 - INFO: Round 8, Fine-tune Epoch 8: loss=0.0871, acc(pseudo)=97.44%
2025-12-17 23:08:13,723 - INFO: Round 8, Fine-tune Epoch 8: acc(valid): 0.9100
2025-12-17 23:08:13,723 - INFO: Round 8, Fine-tune Epoch 8: No improvement in validation accuracy. Patience(epoch): 2/5
2025-12-17 23:08:13,844 - INFO: Epoch: [9][  0/107]	Time  0.116 ( 0.116)	Loss 5.5398e-02 (5.5398e-02)	Acc pseudo  96.88 ( 96.88)	Lr 1.000e-03 (1.000e-03)
2025-12-17 23:08:13,982 - INFO: Epoch: [9][ 50/107]	Time  0.003 ( 0.005)	Loss 1.3022e-02 (7.5564e-02)	Acc pseudo 100.00 ( 97.49)	Lr 1.000e-03 (1.000e-03)
2025-12-17 23:08:14,115 - INFO: Epoch: [9][100/107]	Time  0.002 ( 0.004)	Loss 7.5312e-02 (7.9005e-02)	Acc pseudo  98.44 ( 97.43)	Lr 1.000e-03 (1.000e-03)
2025-12-17 23:08:14,156 - INFO: Round 8, Fine-tune Epoch 9: loss=0.0793, acc(pseudo)=97.44%
2025-12-17 23:08:17,380 - INFO: Round 8, Fine-tune Epoch 9: acc(valid): 0.9125
2025-12-17 23:08:17,381 - INFO: Round 8, Fine-tune Epoch 9: No improvement in validation accuracy. Patience(epoch): 3/5
2025-12-17 23:08:17,502 - INFO: Epoch: [10][  0/107]	Time  0.116 ( 0.116)	Loss 1.1075e-01 (1.1075e-01)	Acc pseudo  93.75 ( 93.75)	Lr 1.000e-03 (1.000e-03)
2025-12-17 23:08:17,634 - INFO: Epoch: [10][ 50/107]	Time  0.003 ( 0.005)	Loss 1.8387e-02 (6.2193e-02)	Acc pseudo  98.44 ( 97.79)	Lr 1.000e-03 (1.000e-03)
2025-12-17 23:08:17,768 - INFO: Epoch: [10][100/107]	Time  0.002 ( 0.004)	Loss 1.5632e-01 (7.9324e-02)	Acc pseudo  95.31 ( 97.37)	Lr 1.000e-03 (1.000e-03)
2025-12-17 23:08:17,812 - INFO: Round 8, Fine-tune Epoch 10: loss=0.0791, acc(pseudo)=97.38%
2025-12-17 23:08:21,033 - INFO: Round 8, Fine-tune Epoch 10: acc(valid): 0.9175
2025-12-17 23:08:21,034 - INFO: Round 8, Fine-tune Epoch 10: No improvement in validation accuracy. Patience(epoch): 4/5
2025-12-17 23:08:21,156 - INFO: Epoch: [11][  0/107]	Time  0.118 ( 0.118)	Loss 3.3815e-02 (3.3815e-02)	Acc pseudo 100.00 (100.00)	Lr 1.000e-03 (1.000e-03)
2025-12-17 23:08:21,303 - INFO: Epoch: [11][ 50/107]	Time  0.003 ( 0.005)	Loss 1.1364e-01 (6.5802e-02)	Acc pseudo  93.75 ( 97.86)	Lr 1.000e-03 (1.000e-03)
2025-12-17 23:08:21,438 - INFO: Epoch: [11][100/107]	Time  0.002 ( 0.004)	Loss 2.2054e-01 (7.3999e-02)	Acc pseudo  95.31 ( 97.56)	Lr 1.000e-03 (1.000e-03)
2025-12-17 23:08:21,477 - INFO: Round 8, Fine-tune Epoch 11: loss=0.0825, acc(pseudo)=97.38%
2025-12-17 23:08:24,851 - INFO: Round 8, Fine-tune Epoch 11: acc(valid): 0.9000
2025-12-17 23:08:24,851 - INFO: Round 8, Fine-tune Epoch 11: No improvement in validation accuracy. Patience(epoch): 5/5
2025-12-17 23:08:24,851 - INFO: Early stopping at epoch 11 due to no improvement in validation accuracy for 5 epochs.
2025-12-17 23:08:24,852 - INFO: Round 8: Best fine-tuned epoch=6, acc(valid)=0.9175
2025-12-17 23:08:24,865 - INFO: Using HMM model from previous round: runs/the big bang theory/exp_video/result/self_supervised/exp1/round7/pseudo_label/hmm_params.pkl
2025-12-17 23:11:48,590 - INFO: Round 8: acc(valid)=0.9175, acc(test)=0.9088
2025-12-17 23:11:48,690 - INFO: New best acc(valid) at round 8: acc(valid)=0.9175, acc(test)=0.9088
2025-12-17 23:11:48,692 - INFO: ====================
2025-12-17 23:11:48,692 - INFO: Round 9: Fine-tuning iteration
2025-12-17 23:11:48,692 - INFO: ====================
2025-12-17 23:11:48,699 - INFO: Round 9 Part 1: Fine-tuning embedding model
2025-12-17 23:11:48,700 - INFO: Using pseudo-label file: runs/the big bang theory/exp_video/result/self_supervised/exp1/round8/pseudo_label/pseudo_labels_audio_nested_hmm_full(unreliable_pp=0).json
2025-12-17 23:11:48,871 - INFO: Fine-tuning embedding model for 20 epochs...
2025-12-17 23:11:48,989 - INFO: Epoch: [0][  0/107]	Time  0.114 ( 0.114)	Loss 7.7563e-02 (7.7563e-02)	Acc pseudo  96.88 ( 96.88)	Lr 1.000e-03 (1.000e-03)
2025-12-17 23:11:49,132 - INFO: Epoch: [0][ 50/107]	Time  0.002 ( 0.005)	Loss 7.3063e-02 (9.1953e-02)	Acc pseudo  98.44 ( 97.70)	Lr 1.000e-03 (1.000e-03)
2025-12-17 23:11:49,262 - INFO: Epoch: [0][100/107]	Time  0.002 ( 0.004)	Loss 1.0410e-01 (8.3368e-02)	Acc pseudo  96.88 ( 97.79)	Lr 1.000e-03 (1.000e-03)
2025-12-17 23:11:49,304 - INFO: Round 9, Fine-tune Epoch 0: loss=0.0847, acc(pseudo)=97.82%
2025-12-17 23:11:52,485 - INFO: Round 9, Fine-tune Epoch 0: acc(valid): 0.9075
2025-12-17 23:11:52,779 - INFO: Epoch: [1][  0/107]	Time  0.120 ( 0.120)	Loss 1.0315e-02 (1.0315e-02)	Acc pseudo 100.00 (100.00)	Lr 1.000e-03 (1.000e-03)
2025-12-17 23:11:52,916 - INFO: Epoch: [1][ 50/107]	Time  0.003 ( 0.005)	Loss 1.3189e-02 (6.4687e-02)	Acc pseudo  98.44 ( 98.01)	Lr 1.000e-03 (1.000e-03)
2025-12-17 23:11:53,048 - INFO: Epoch: [1][100/107]	Time  0.002 ( 0.004)	Loss 2.9169e-03 (5.4336e-02)	Acc pseudo 100.00 ( 98.27)	Lr 1.000e-03 (1.000e-03)
2025-12-17 23:11:53,088 - INFO: Round 9, Fine-tune Epoch 1: loss=0.0533, acc(pseudo)=98.29%
2025-12-17 23:11:56,305 - INFO: Round 9, Fine-tune Epoch 1: acc(valid): 0.9150
2025-12-17 23:11:56,766 - INFO: Epoch: [2][  0/107]	Time  0.116 ( 0.116)	Loss 6.6241e-02 (6.6241e-02)	Acc pseudo  96.88 ( 96.88)	Lr 1.000e-03 (1.000e-03)
2025-12-17 23:11:56,902 - INFO: Epoch: [2][ 50/107]	Time  0.003 ( 0.005)	Loss 8.8651e-03 (5.8942e-02)	Acc pseudo 100.00 ( 98.31)	Lr 1.000e-03 (1.000e-03)
2025-12-17 23:11:57,032 - INFO: Epoch: [2][100/107]	Time  0.002 ( 0.004)	Loss 2.9223e-04 (5.9487e-02)	Acc pseudo 100.00 ( 98.41)	Lr 1.000e-03 (1.000e-03)
2025-12-17 23:11:57,074 - INFO: Round 9, Fine-tune Epoch 2: loss=0.0592, acc(pseudo)=98.37%
2025-12-17 23:12:00,275 - INFO: Round 9, Fine-tune Epoch 2: acc(valid): 0.9075
2025-12-17 23:12:00,276 - INFO: Round 9, Fine-tune Epoch 2: No improvement in validation accuracy. Patience(epoch): 1/5
2025-12-17 23:12:00,397 - INFO: Epoch: [3][  0/107]	Time  0.116 ( 0.116)	Loss 1.3941e-02 (1.3941e-02)	Acc pseudo 100.00 (100.00)	Lr 1.000e-03 (1.000e-03)
2025-12-17 23:12:00,536 - INFO: Epoch: [3][ 50/107]	Time  0.003 ( 0.005)	Loss 6.4203e-03 (5.9106e-02)	Acc pseudo 100.00 ( 98.16)	Lr 1.000e-03 (1.000e-03)
2025-12-17 23:12:00,664 - INFO: Epoch: [3][100/107]	Time  0.002 ( 0.004)	Loss 2.4706e-01 (6.4458e-02)	Acc pseudo  96.88 ( 98.08)	Lr 1.000e-03 (1.000e-03)
2025-12-17 23:12:00,706 - INFO: Round 9, Fine-tune Epoch 3: loss=0.0636, acc(pseudo)=98.11%
2025-12-17 23:12:04,271 - INFO: Round 9, Fine-tune Epoch 3: acc(valid): 0.9175
2025-12-17 23:12:04,557 - INFO: Epoch: [4][  0/107]	Time  0.117 ( 0.117)	Loss 1.1951e-01 (1.1951e-01)	Acc pseudo  95.31 ( 95.31)	Lr 1.000e-03 (1.000e-03)
2025-12-17 23:12:04,706 - INFO: Epoch: [4][ 50/107]	Time  0.003 ( 0.005)	Loss 2.8953e-02 (7.2040e-02)	Acc pseudo  98.44 ( 97.98)	Lr 1.000e-03 (1.000e-03)
2025-12-17 23:12:04,847 - INFO: Epoch: [4][100/107]	Time  0.002 ( 0.004)	Loss 3.4451e-03 (6.5843e-02)	Acc pseudo 100.00 ( 98.11)	Lr 1.000e-03 (1.000e-03)
2025-12-17 23:12:04,888 - INFO: Round 9, Fine-tune Epoch 4: loss=0.0654, acc(pseudo)=98.13%
2025-12-17 23:12:08,075 - INFO: Round 9, Fine-tune Epoch 4: acc(valid): 0.9100
2025-12-17 23:12:08,076 - INFO: Round 9, Fine-tune Epoch 4: No improvement in validation accuracy. Patience(epoch): 1/5
2025-12-17 23:12:08,212 - INFO: Epoch: [5][  0/107]	Time  0.131 ( 0.131)	Loss 3.0104e-02 (3.0104e-02)	Acc pseudo  98.44 ( 98.44)	Lr 1.000e-03 (1.000e-03)
2025-12-17 23:12:08,349 - INFO: Epoch: [5][ 50/107]	Time  0.002 ( 0.005)	Loss 9.8481e-02 (6.1091e-02)	Acc pseudo  98.44 ( 98.16)	Lr 1.000e-03 (1.000e-03)
2025-12-17 23:12:08,480 - INFO: Epoch: [5][100/107]	Time  0.002 ( 0.004)	Loss 1.2716e-02 (5.3013e-02)	Acc pseudo 100.00 ( 98.44)	Lr 1.000e-03 (1.000e-03)
2025-12-17 23:12:08,520 - INFO: Round 9, Fine-tune Epoch 5: loss=0.0524, acc(pseudo)=98.45%
2025-12-17 23:12:11,721 - INFO: Round 9, Fine-tune Epoch 5: acc(valid): 0.9075
2025-12-17 23:12:11,721 - INFO: Round 9, Fine-tune Epoch 5: No improvement in validation accuracy. Patience(epoch): 2/5
2025-12-17 23:12:11,841 - INFO: Epoch: [6][  0/107]	Time  0.115 ( 0.115)	Loss 1.7892e-01 (1.7892e-01)	Acc pseudo  98.44 ( 98.44)	Lr 1.000e-03 (1.000e-03)
2025-12-17 23:12:11,984 - INFO: Epoch: [6][ 50/107]	Time  0.003 ( 0.005)	Loss 3.6824e-02 (3.4767e-02)	Acc pseudo 100.00 ( 99.02)	Lr 1.000e-03 (1.000e-03)
2025-12-17 23:12:12,120 - INFO: Epoch: [6][100/107]	Time  0.002 ( 0.004)	Loss 4.2705e-02 (4.4453e-02)	Acc pseudo 100.00 ( 98.86)	Lr 1.000e-03 (1.000e-03)
2025-12-17 23:12:12,162 - INFO: Round 9, Fine-tune Epoch 6: loss=0.0432, acc(pseudo)=98.86%
2025-12-17 23:12:15,477 - INFO: Round 9, Fine-tune Epoch 6: acc(valid): 0.9075
2025-12-17 23:12:15,477 - INFO: Round 9, Fine-tune Epoch 6: No improvement in validation accuracy. Patience(epoch): 3/5
2025-12-17 23:12:15,599 - INFO: Epoch: [7][  0/107]	Time  0.117 ( 0.117)	Loss 9.7652e-03 (9.7652e-03)	Acc pseudo 100.00 (100.00)	Lr 1.000e-03 (1.000e-03)
2025-12-17 23:12:15,739 - INFO: Epoch: [7][ 50/107]	Time  0.003 ( 0.005)	Loss 5.6282e-02 (5.2979e-02)	Acc pseudo  98.44 ( 98.53)	Lr 1.000e-03 (1.000e-03)
2025-12-17 23:12:15,865 - INFO: Epoch: [7][100/107]	Time  0.002 ( 0.004)	Loss 1.8284e-02 (5.5238e-02)	Acc pseudo 100.00 ( 98.27)	Lr 1.000e-03 (1.000e-03)
2025-12-17 23:12:15,907 - INFO: Round 9, Fine-tune Epoch 7: loss=0.0552, acc(pseudo)=98.29%
2025-12-17 23:12:19,185 - INFO: Round 9, Fine-tune Epoch 7: acc(valid): 0.9175
2025-12-17 23:12:19,185 - INFO: Round 9, Fine-tune Epoch 7: No improvement in validation accuracy. Patience(epoch): 4/5
2025-12-17 23:12:19,304 - INFO: Epoch: [8][  0/107]	Time  0.114 ( 0.114)	Loss 1.0950e-01 (1.0950e-01)	Acc pseudo  95.31 ( 95.31)	Lr 1.000e-03 (1.000e-03)
2025-12-17 23:12:19,449 - INFO: Epoch: [8][ 50/107]	Time  0.002 ( 0.005)	Loss 1.8464e-04 (6.1860e-02)	Acc pseudo 100.00 ( 98.01)	Lr 1.000e-03 (1.000e-03)
2025-12-17 23:12:19,578 - INFO: Epoch: [8][100/107]	Time  0.002 ( 0.004)	Loss 7.3144e-02 (6.1977e-02)	Acc pseudo  96.88 ( 98.13)	Lr 1.000e-03 (1.000e-03)
2025-12-17 23:12:19,619 - INFO: Round 9, Fine-tune Epoch 8: loss=0.0647, acc(pseudo)=98.07%
2025-12-17 23:12:23,456 - INFO: Round 9, Fine-tune Epoch 8: acc(valid): 0.8175
2025-12-17 23:12:23,456 - INFO: Round 9, Fine-tune Epoch 8: No improvement in validation accuracy. Patience(epoch): 5/5
2025-12-17 23:12:23,456 - INFO: Early stopping at epoch 8 due to no improvement in validation accuracy for 5 epochs.
2025-12-17 23:12:23,457 - INFO: Round 9: Best fine-tuned epoch=3, acc(valid)=0.9175
2025-12-17 23:12:23,479 - INFO: Using HMM model from previous round: runs/the big bang theory/exp_video/result/self_supervised/exp1/round8/pseudo_label/hmm_params.pkl
2025-12-17 23:19:24,932 - INFO: Round 9: acc(valid)=0.9175, acc(test)=0.9062
2025-12-17 23:19:24,932 - INFO: No improvement. Patience(round): 1/5
2025-12-17 23:19:24,935 - INFO: ====================
2025-12-17 23:19:24,935 - INFO: Self-supervised fine-tuning completed!
2025-12-17 23:19:24,935 - INFO: Initial: acc(valid)=0.9000, acc(test)=0.9162
2025-12-17 23:19:24,935 - INFO: Best acc(valid) at round 8: acc(valid)=0.9175, acc(test)=0.9088
2025-12-17 23:19:24,935 - INFO: Improvement for acc(valid): 0.0175 (1.94%)
2025-12-17 23:19:24,935 - INFO: Improvement for acc(test): -0.0074 (-0.81%)
2025-12-17 23:19:24,935 - INFO: ====================
