2025-12-19 15:42:04,227 - INFO: Starting self-supervised fine-tuning pipeline
2025-12-19 15:42:04,229 - INFO: Device: cuda:0
2025-12-19 15:42:04,232 - INFO: Saved arguments to runs/the big bang theory/exp_video/result/self_supervised/exp0/args.json
2025-12-19 15:42:04,232 - INFO: ====================
2025-12-19 15:42:04,232 - INFO: Initialization: Initial clustering with HMM correction
2025-12-19 15:42:04,232 - INFO: ====================
2025-12-19 15:42:04,287 - INFO: Skipping initial clustering, using existing results.
2025-12-19 15:42:14,953 - INFO: Initial: acc(valid)=0.9000, acc(test)=0.9162
2025-12-19 15:42:14,979 - INFO: ====================
2025-12-19 15:42:14,979 - INFO: Round 0: Fine-tuning iteration
2025-12-19 15:42:14,979 - INFO: ====================
2025-12-19 15:42:14,985 - INFO: Round 0 Part 1: Fine-tuning embedding model
2025-12-19 15:42:14,987 - INFO: Using pseudo-label file: runs/the big bang theory/exp_video/result/self_supervised/exp0/initial/pseudo_label/pseudo_labels_audio_nested_hmm_full(unreliable_pp=5.0).json
2025-12-19 15:42:18,179 - INFO: Embedding dimension: 512
2025-12-19 15:42:18,725 - INFO: Saved config_model to runs/the big bang theory/exp_video/result/self_supervised/exp0/round0/config_model.json
2025-12-19 15:43:43,987 - INFO: Extracting hidden features for all samples,which are outputs of StatsPool layer...
2025-12-19 15:43:43,987 - INFO: args.unfrozen_layers_num=2 is not used when extracting hidden features.
2025-12-19 15:47:33,121 - INFO: Hidden features extracted for 6829 samples
2025-12-19 15:47:33,358 - INFO: Warmup training classifier for 2 epochs...
2025-12-19 15:47:34,047 - INFO: Epoch: [0][  0/107]	Time  0.686 ( 0.686)	Loss 2.4801e+00 (2.4801e+00)	Acc pseudo   6.25 (  6.25)	Lr 1.000e-03 (1.000e-03)
2025-12-19 15:47:34,185 - INFO: Epoch: [0][ 50/107]	Time  0.003 ( 0.016)	Loss 8.2399e-01 (1.2069e+00)	Acc pseudo  85.94 ( 77.94)	Lr 1.000e-03 (1.000e-03)
2025-12-19 15:47:34,314 - INFO: Epoch: [0][100/107]	Time  0.002 ( 0.009)	Loss 6.1822e-01 (8.6168e-01)	Acc pseudo  92.19 ( 84.93)	Lr 1.000e-03 (1.000e-03)
2025-12-19 15:47:34,362 - INFO: Round 0, Warmup Epoch 0: loss=0.8424, acc(pseudo)=85.22%
2025-12-19 15:47:34,555 - INFO: Epoch: [1][  0/107]	Time  0.189 ( 0.189)	Loss 4.9842e-01 (4.9842e-01)	Acc pseudo  93.75 ( 93.75)	Lr 1.000e-03 (1.000e-03)
2025-12-19 15:47:34,684 - INFO: Epoch: [1][ 50/107]	Time  0.002 ( 0.006)	Loss 3.2509e-01 (3.9057e-01)	Acc pseudo  90.62 ( 92.65)	Lr 1.000e-03 (1.000e-03)
2025-12-19 15:47:34,807 - INFO: Epoch: [1][100/107]	Time  0.002 ( 0.004)	Loss 3.2438e-01 (3.6539e-01)	Acc pseudo  89.06 ( 93.04)	Lr 1.000e-03 (1.000e-03)
2025-12-19 15:47:34,851 - INFO: Round 0, Warmup Epoch 1: loss=0.3661, acc(pseudo)=93.03%
2025-12-19 15:47:34,869 - INFO: Fine-tuning embedding model for 20 epochs...
2025-12-19 15:47:35,793 - INFO: Epoch: [0][  0/107]	Time  0.920 ( 0.920)	Loss 3.2925e-01 (3.2925e-01)	Acc pseudo  93.75 ( 93.75)	Lr 1.000e-03 (1.000e-03)
2025-12-19 15:47:35,958 - INFO: Epoch: [0][ 50/107]	Time  0.003 ( 0.021)	Loss 4.6008e-01 (5.2186e-01)	Acc pseudo  87.50 ( 89.74)	Lr 1.000e-03 (1.000e-03)
2025-12-19 15:47:36,107 - INFO: Epoch: [0][100/107]	Time  0.002 ( 0.012)	Loss 1.8281e-01 (4.7913e-01)	Acc pseudo  98.44 ( 90.24)	Lr 1.000e-03 (1.000e-03)
2025-12-19 15:47:36,157 - INFO: Round 0, Fine-tune Epoch 0: loss=0.4711, acc(pseudo)=90.32%
2025-12-19 15:47:40,630 - INFO: Round 0, Fine-tune Epoch 0: acc(valid_pseudo): 0.9883, acc(valid): 0.8875
2025-12-19 15:47:41,011 - INFO: Epoch: [1][  0/107]	Time  0.202 ( 0.202)	Loss 2.2221e-01 (2.2221e-01)	Acc pseudo  93.75 ( 93.75)	Lr 1.000e-03 (1.000e-03)
2025-12-19 15:47:41,157 - INFO: Epoch: [1][ 50/107]	Time  0.003 ( 0.007)	Loss 5.2685e-01 (3.4097e-01)	Acc pseudo  85.94 ( 92.40)	Lr 1.000e-03 (1.000e-03)
2025-12-19 15:47:41,293 - INFO: Epoch: [1][100/107]	Time  0.002 ( 0.005)	Loss 9.8334e-02 (3.2677e-01)	Acc pseudo  96.88 ( 92.70)	Lr 1.000e-03 (1.000e-03)
2025-12-19 15:47:41,339 - INFO: Round 0, Fine-tune Epoch 1: loss=0.3250, acc(pseudo)=92.81%
2025-12-19 15:47:45,358 - INFO: Round 0, Fine-tune Epoch 1: acc(valid_pseudo): 0.9967, acc(valid): 0.8875
2025-12-19 15:47:45,735 - INFO: Epoch: [2][  0/107]	Time  0.190 ( 0.190)	Loss 1.9160e-01 (1.9160e-01)	Acc pseudo  93.75 ( 93.75)	Lr 1.000e-03 (1.000e-03)
2025-12-19 15:47:45,882 - INFO: Epoch: [2][ 50/107]	Time  0.003 ( 0.007)	Loss 1.2780e-01 (2.7689e-01)	Acc pseudo  98.44 ( 93.84)	Lr 1.000e-03 (1.000e-03)
2025-12-19 15:47:46,030 - INFO: Epoch: [2][100/107]	Time  0.002 ( 0.005)	Loss 1.5568e-01 (2.6475e-01)	Acc pseudo  95.31 ( 93.83)	Lr 1.000e-03 (1.000e-03)
2025-12-19 15:47:46,077 - INFO: Round 0, Fine-tune Epoch 2: loss=0.2672, acc(pseudo)=93.92%
2025-12-19 15:47:50,035 - INFO: Round 0, Fine-tune Epoch 2: acc(valid_pseudo): 0.9941, acc(valid): 0.8875
2025-12-19 15:47:50,036 - INFO: Round 0, Fine-tune Epoch 2: No improvement in validation accuracy. Patience(epoch): 1/5
2025-12-19 15:47:50,228 - INFO: Epoch: [3][  0/107]	Time  0.187 ( 0.187)	Loss 4.2735e-01 (4.2735e-01)	Acc pseudo  89.06 ( 89.06)	Lr 1.000e-03 (1.000e-03)
2025-12-19 15:47:50,377 - INFO: Epoch: [3][ 50/107]	Time  0.002 ( 0.007)	Loss 2.5664e-01 (2.2833e-01)	Acc pseudo  92.19 ( 94.58)	Lr 1.000e-03 (1.000e-03)
2025-12-19 15:47:50,515 - INFO: Epoch: [3][100/107]	Time  0.002 ( 0.005)	Loss 1.2246e-01 (2.3772e-01)	Acc pseudo  96.88 ( 94.45)	Lr 1.000e-03 (1.000e-03)
2025-12-19 15:47:50,562 - INFO: Round 0, Fine-tune Epoch 3: loss=0.2349, acc(pseudo)=94.52%
2025-12-19 15:47:55,474 - INFO: Round 0, Fine-tune Epoch 3: acc(valid_pseudo): 0.9975, acc(valid): 0.8850
2025-12-19 15:47:55,846 - INFO: Epoch: [4][  0/107]	Time  0.187 ( 0.187)	Loss 3.6168e-01 (3.6168e-01)	Acc pseudo  90.62 ( 90.62)	Lr 1.000e-03 (1.000e-03)
2025-12-19 15:47:55,997 - INFO: Epoch: [4][ 50/107]	Time  0.003 ( 0.007)	Loss 2.0092e-01 (2.1713e-01)	Acc pseudo  96.88 ( 94.15)	Lr 1.000e-03 (1.000e-03)
2025-12-19 15:47:56,142 - INFO: Epoch: [4][100/107]	Time  0.003 ( 0.005)	Loss 2.0796e-01 (2.1477e-01)	Acc pseudo  95.31 ( 94.65)	Lr 1.000e-03 (1.000e-03)
2025-12-19 15:47:56,187 - INFO: Round 0, Fine-tune Epoch 4: loss=0.2134, acc(pseudo)=94.60%
2025-12-19 15:48:00,690 - INFO: Round 0, Fine-tune Epoch 4: acc(valid_pseudo): 0.9975, acc(valid): 0.8925
2025-12-19 15:48:00,691 - INFO: Round 0, Fine-tune Epoch 4: No improvement in validation accuracy. Patience(epoch): 1/5
2025-12-19 15:48:00,885 - INFO: Epoch: [5][  0/107]	Time  0.189 ( 0.189)	Loss 1.4428e-01 (1.4428e-01)	Acc pseudo  92.19 ( 92.19)	Lr 1.000e-03 (1.000e-03)
2025-12-19 15:48:01,036 - INFO: Epoch: [5][ 50/107]	Time  0.003 ( 0.007)	Loss 1.3023e-01 (1.6499e-01)	Acc pseudo  95.31 ( 95.47)	Lr 1.000e-03 (1.000e-03)
2025-12-19 15:48:01,176 - INFO: Epoch: [5][100/107]	Time  0.002 ( 0.005)	Loss 2.5896e-01 (1.7346e-01)	Acc pseudo  90.62 ( 95.48)	Lr 1.000e-03 (1.000e-03)
2025-12-19 15:48:01,223 - INFO: Round 0, Fine-tune Epoch 5: loss=0.1757, acc(pseudo)=95.40%
2025-12-19 15:48:05,295 - INFO: Round 0, Fine-tune Epoch 5: acc(valid_pseudo): 0.9950, acc(valid): 0.8775
2025-12-19 15:48:05,295 - INFO: Round 0, Fine-tune Epoch 5: No improvement in validation accuracy. Patience(epoch): 2/5
2025-12-19 15:48:05,490 - INFO: Epoch: [6][  0/107]	Time  0.190 ( 0.190)	Loss 1.3561e-01 (1.3561e-01)	Acc pseudo  95.31 ( 95.31)	Lr 1.000e-03 (1.000e-03)
2025-12-19 15:48:05,640 - INFO: Epoch: [6][ 50/107]	Time  0.003 ( 0.007)	Loss 8.5404e-02 (1.5637e-01)	Acc pseudo  98.44 ( 95.71)	Lr 1.000e-03 (1.000e-03)
2025-12-19 15:48:05,779 - INFO: Epoch: [6][100/107]	Time  0.002 ( 0.005)	Loss 8.0213e-02 (1.6676e-01)	Acc pseudo  98.44 ( 95.48)	Lr 1.000e-03 (1.000e-03)
2025-12-19 15:48:05,826 - INFO: Round 0, Fine-tune Epoch 6: loss=0.1705, acc(pseudo)=95.40%
2025-12-19 15:48:09,737 - INFO: Round 0, Fine-tune Epoch 6: acc(valid_pseudo): 0.9975, acc(valid): 0.8925
2025-12-19 15:48:09,738 - INFO: Round 0, Fine-tune Epoch 6: No improvement in validation accuracy. Patience(epoch): 3/5
2025-12-19 15:48:09,937 - INFO: Epoch: [7][  0/107]	Time  0.194 ( 0.194)	Loss 1.3978e-01 (1.3978e-01)	Acc pseudo  93.75 ( 93.75)	Lr 1.000e-03 (1.000e-03)
2025-12-19 15:48:10,091 - INFO: Epoch: [7][ 50/107]	Time  0.003 ( 0.007)	Loss 1.0028e-01 (1.6956e-01)	Acc pseudo  96.88 ( 95.25)	Lr 1.000e-03 (1.000e-03)
2025-12-19 15:48:10,236 - INFO: Epoch: [7][100/107]	Time  0.002 ( 0.005)	Loss 6.4659e-02 (1.6576e-01)	Acc pseudo  96.88 ( 95.36)	Lr 1.000e-03 (1.000e-03)
2025-12-19 15:48:10,283 - INFO: Round 0, Fine-tune Epoch 7: loss=0.1673, acc(pseudo)=95.40%
2025-12-19 15:48:14,119 - INFO: Round 0, Fine-tune Epoch 7: acc(valid_pseudo): 0.9950, acc(valid): 0.8925
2025-12-19 15:48:14,120 - INFO: Round 0, Fine-tune Epoch 7: No improvement in validation accuracy. Patience(epoch): 4/5
2025-12-19 15:48:14,315 - INFO: Epoch: [8][  0/107]	Time  0.190 ( 0.190)	Loss 8.1619e-02 (8.1619e-02)	Acc pseudo  98.44 ( 98.44)	Lr 1.000e-03 (1.000e-03)
2025-12-19 15:48:14,463 - INFO: Epoch: [8][ 50/107]	Time  0.003 ( 0.007)	Loss 1.9752e-01 (1.3555e-01)	Acc pseudo  93.75 ( 96.11)	Lr 1.000e-03 (1.000e-03)
2025-12-19 15:48:14,602 - INFO: Epoch: [8][100/107]	Time  0.002 ( 0.005)	Loss 2.5548e-01 (1.5576e-01)	Acc pseudo  98.44 ( 95.70)	Lr 1.000e-03 (1.000e-03)
2025-12-19 15:48:14,651 - INFO: Round 0, Fine-tune Epoch 8: loss=0.1552, acc(pseudo)=95.71%
2025-12-19 15:48:19,220 - INFO: Round 0, Fine-tune Epoch 8: acc(valid_pseudo): 0.9950, acc(valid): 0.8925
2025-12-19 15:48:19,220 - INFO: Round 0, Fine-tune Epoch 8: No improvement in validation accuracy. Patience(epoch): 5/5
2025-12-19 15:48:19,220 - INFO: Early stopping at epoch 8 due to no improvement in validation accuracy for 5 epochs.
2025-12-19 15:48:19,221 - INFO: Round 0: Best fine-tuned epoch=3, acc(valid_pseudo)=0.9975
2025-12-19 15:48:19,238 - INFO: Using HMM model from previous round: runs/the big bang theory/exp_video/result/self_supervised/exp0/initial/pseudo_label/hmm_params.pkl
2025-12-19 15:58:49,037 - INFO: Round 0: acc(valid)=0.8950, acc(test)=0.9119
2025-12-19 15:58:49,038 - INFO: No improvement. Patience(round): 1/5
2025-12-19 15:58:49,041 - INFO: ====================
2025-12-19 15:58:49,042 - INFO: Round 1: Fine-tuning iteration
2025-12-19 15:58:49,042 - INFO: ====================
2025-12-19 15:58:49,049 - INFO: Round 1 Part 1: Fine-tuning embedding model
2025-12-19 15:58:49,050 - INFO: Using pseudo-label file: runs/the big bang theory/exp_video/result/self_supervised/exp0/round0/pseudo_label/pseudo_labels_audio_nested_hmm_full(unreliable_pp=5.0).json
2025-12-19 15:58:49,319 - INFO: Warmup training classifier for 2 epochs...
2025-12-19 15:58:49,600 - INFO: Epoch: [0][  0/107]	Time  0.277 ( 0.277)	Loss 2.3436e+00 (2.3436e+00)	Acc pseudo  10.94 ( 10.94)	Lr 1.000e-03 (1.000e-03)
2025-12-19 15:58:49,732 - INFO: Epoch: [0][ 50/107]	Time  0.002 ( 0.008)	Loss 6.9479e-01 (1.1775e+00)	Acc pseudo  89.06 ( 80.21)	Lr 1.000e-03 (1.000e-03)
2025-12-19 15:58:49,854 - INFO: Epoch: [0][100/107]	Time  0.002 ( 0.005)	Loss 3.8932e-01 (8.5606e-01)	Acc pseudo  93.75 ( 85.84)	Lr 1.000e-03 (1.000e-03)
2025-12-19 15:58:49,898 - INFO: Round 1, Warmup Epoch 0: loss=0.8331, acc(pseudo)=86.31%
2025-12-19 15:58:50,098 - INFO: Epoch: [1][  0/107]	Time  0.195 ( 0.195)	Loss 3.0713e-01 (3.0713e-01)	Acc pseudo  96.88 ( 96.88)	Lr 1.000e-03 (1.000e-03)
2025-12-19 15:58:50,229 - INFO: Epoch: [1][ 50/107]	Time  0.003 ( 0.006)	Loss 4.1229e-01 (3.9543e-01)	Acc pseudo  92.19 ( 92.56)	Lr 1.000e-03 (1.000e-03)
2025-12-19 15:58:50,352 - INFO: Epoch: [1][100/107]	Time  0.002 ( 0.004)	Loss 3.7684e-01 (3.8122e-01)	Acc pseudo  89.06 ( 92.74)	Lr 1.000e-03 (1.000e-03)
2025-12-19 15:58:50,407 - INFO: Round 1, Warmup Epoch 1: loss=0.3844, acc(pseudo)=92.66%
2025-12-19 15:58:50,436 - INFO: Fine-tuning embedding model for 20 epochs...
2025-12-19 15:58:50,657 - INFO: Epoch: [0][  0/107]	Time  0.217 ( 0.217)	Loss 2.6412e-01 (2.6412e-01)	Acc pseudo  95.31 ( 95.31)	Lr 1.000e-03 (1.000e-03)
2025-12-19 15:58:50,806 - INFO: Epoch: [0][ 50/107]	Time  0.003 ( 0.007)	Loss 4.5250e-01 (5.4499e-01)	Acc pseudo  92.19 ( 89.74)	Lr 1.000e-03 (1.000e-03)
2025-12-19 15:58:50,970 - INFO: Epoch: [0][100/107]	Time  0.002 ( 0.005)	Loss 2.4945e-01 (4.9511e-01)	Acc pseudo  92.19 ( 90.01)	Lr 1.000e-03 (1.000e-03)
2025-12-19 15:58:51,018 - INFO: Round 1, Fine-tune Epoch 0: loss=0.4900, acc(pseudo)=90.07%
2025-12-19 15:58:55,047 - INFO: Round 1, Fine-tune Epoch 0: acc(valid_pseudo): 0.9933, acc(valid): 0.8950
2025-12-19 15:58:55,427 - INFO: Epoch: [1][  0/107]	Time  0.195 ( 0.195)	Loss 3.3197e-01 (3.3197e-01)	Acc pseudo  92.19 ( 92.19)	Lr 1.000e-03 (1.000e-03)
2025-12-19 15:58:55,583 - INFO: Epoch: [1][ 50/107]	Time  0.003 ( 0.007)	Loss 4.0707e-01 (3.3725e-01)	Acc pseudo  89.06 ( 92.37)	Lr 1.000e-03 (1.000e-03)
2025-12-19 15:58:55,728 - INFO: Epoch: [1][100/107]	Time  0.002 ( 0.005)	Loss 1.0381e-01 (3.3387e-01)	Acc pseudo  96.88 ( 92.54)	Lr 1.000e-03 (1.000e-03)
2025-12-19 15:58:55,774 - INFO: Round 1, Fine-tune Epoch 1: loss=0.3334, acc(pseudo)=92.53%
2025-12-19 15:59:00,025 - INFO: Round 1, Fine-tune Epoch 1: acc(valid_pseudo): 0.9958, acc(valid): 0.8925
2025-12-19 15:59:00,408 - INFO: Epoch: [2][  0/107]	Time  0.196 ( 0.196)	Loss 1.9142e-01 (1.9142e-01)	Acc pseudo  93.75 ( 93.75)	Lr 1.000e-03 (1.000e-03)
2025-12-19 15:59:00,557 - INFO: Epoch: [2][ 50/107]	Time  0.003 ( 0.007)	Loss 1.3051e-01 (2.6621e-01)	Acc pseudo  98.44 ( 93.60)	Lr 1.000e-03 (1.000e-03)
2025-12-19 15:59:00,706 - INFO: Epoch: [2][100/107]	Time  0.002 ( 0.005)	Loss 2.4631e-01 (2.8256e-01)	Acc pseudo  92.19 ( 93.52)	Lr 1.000e-03 (1.000e-03)
2025-12-19 15:59:00,754 - INFO: Round 1, Fine-tune Epoch 2: loss=0.2817, acc(pseudo)=93.60%
2025-12-19 15:59:04,938 - INFO: Round 1, Fine-tune Epoch 2: acc(valid_pseudo): 0.9916, acc(valid): 0.8800
2025-12-19 15:59:04,939 - INFO: Round 1, Fine-tune Epoch 2: No improvement in validation accuracy. Patience(epoch): 1/5
2025-12-19 15:59:05,138 - INFO: Epoch: [3][  0/107]	Time  0.194 ( 0.194)	Loss 3.1713e-01 (3.1713e-01)	Acc pseudo  93.75 ( 93.75)	Lr 1.000e-03 (1.000e-03)
2025-12-19 15:59:05,285 - INFO: Epoch: [3][ 50/107]	Time  0.003 ( 0.007)	Loss 1.8434e-01 (2.3374e-01)	Acc pseudo  95.31 ( 94.33)	Lr 1.000e-03 (1.000e-03)
2025-12-19 15:59:05,427 - INFO: Epoch: [3][100/107]	Time  0.002 ( 0.005)	Loss 1.8557e-01 (2.4159e-01)	Acc pseudo  93.75 ( 94.34)	Lr 1.000e-03 (1.000e-03)
2025-12-19 15:59:05,475 - INFO: Round 1, Fine-tune Epoch 3: loss=0.2384, acc(pseudo)=94.33%
2025-12-19 15:59:09,749 - INFO: Round 1, Fine-tune Epoch 3: acc(valid_pseudo): 0.9975, acc(valid): 0.8850
2025-12-19 15:59:10,149 - INFO: Epoch: [4][  0/107]	Time  0.213 ( 0.213)	Loss 1.4409e-01 (1.4409e-01)	Acc pseudo  95.31 ( 95.31)	Lr 1.000e-03 (1.000e-03)
2025-12-19 15:59:10,296 - INFO: Epoch: [4][ 50/107]	Time  0.003 ( 0.007)	Loss 1.2963e-01 (2.0202e-01)	Acc pseudo  96.88 ( 94.61)	Lr 1.000e-03 (1.000e-03)
2025-12-19 15:59:10,434 - INFO: Epoch: [4][100/107]	Time  0.002 ( 0.005)	Loss 1.3561e-01 (2.1367e-01)	Acc pseudo  96.88 ( 94.71)	Lr 1.000e-03 (1.000e-03)
2025-12-19 15:59:10,482 - INFO: Round 1, Fine-tune Epoch 4: loss=0.2145, acc(pseudo)=94.67%
2025-12-19 15:59:14,340 - INFO: Round 1, Fine-tune Epoch 4: acc(valid_pseudo): 0.9967, acc(valid): 0.8875
2025-12-19 15:59:14,340 - INFO: Round 1, Fine-tune Epoch 4: No improvement in validation accuracy. Patience(epoch): 1/5
2025-12-19 15:59:14,538 - INFO: Epoch: [5][  0/107]	Time  0.192 ( 0.192)	Loss 2.4512e-01 (2.4512e-01)	Acc pseudo  93.75 ( 93.75)	Lr 1.000e-03 (1.000e-03)
2025-12-19 15:59:14,688 - INFO: Epoch: [5][ 50/107]	Time  0.003 ( 0.007)	Loss 1.3859e-01 (1.8656e-01)	Acc pseudo  93.75 ( 95.01)	Lr 1.000e-03 (1.000e-03)
2025-12-19 15:59:14,830 - INFO: Epoch: [5][100/107]	Time  0.002 ( 0.005)	Loss 1.5541e-01 (1.8472e-01)	Acc pseudo  95.31 ( 94.97)	Lr 1.000e-03 (1.000e-03)
2025-12-19 15:59:14,878 - INFO: Round 1, Fine-tune Epoch 5: loss=0.1838, acc(pseudo)=94.99%
2025-12-19 15:59:18,917 - INFO: Round 1, Fine-tune Epoch 5: acc(valid_pseudo): 0.9958, acc(valid): 0.8825
2025-12-19 15:59:18,918 - INFO: Round 1, Fine-tune Epoch 5: No improvement in validation accuracy. Patience(epoch): 2/5
2025-12-19 15:59:19,121 - INFO: Epoch: [6][  0/107]	Time  0.198 ( 0.198)	Loss 9.7445e-02 (9.7445e-02)	Acc pseudo  96.88 ( 96.88)	Lr 1.000e-03 (1.000e-03)
2025-12-19 15:59:19,286 - INFO: Epoch: [6][ 50/107]	Time  0.003 ( 0.007)	Loss 6.8627e-02 (1.7427e-01)	Acc pseudo  98.44 ( 95.53)	Lr 1.000e-03 (1.000e-03)
2025-12-19 15:59:19,447 - INFO: Epoch: [6][100/107]	Time  0.002 ( 0.005)	Loss 1.1601e-01 (1.8636e-01)	Acc pseudo  96.88 ( 95.06)	Lr 1.000e-03 (1.000e-03)
2025-12-19 15:59:19,492 - INFO: Round 1, Fine-tune Epoch 6: loss=0.1866, acc(pseudo)=95.05%
2025-12-19 15:59:23,407 - INFO: Round 1, Fine-tune Epoch 6: acc(valid_pseudo): 0.9908, acc(valid): 0.8900
2025-12-19 15:59:23,407 - INFO: Round 1, Fine-tune Epoch 6: No improvement in validation accuracy. Patience(epoch): 3/5
2025-12-19 15:59:23,609 - INFO: Epoch: [7][  0/107]	Time  0.196 ( 0.196)	Loss 4.5354e-02 (4.5354e-02)	Acc pseudo  98.44 ( 98.44)	Lr 1.000e-03 (1.000e-03)
2025-12-19 15:59:23,756 - INFO: Epoch: [7][ 50/107]	Time  0.003 ( 0.007)	Loss 6.9848e-02 (1.6782e-01)	Acc pseudo  96.88 ( 95.50)	Lr 1.000e-03 (1.000e-03)
2025-12-19 15:59:23,917 - INFO: Epoch: [7][100/107]	Time  0.002 ( 0.005)	Loss 4.8033e-02 (1.5649e-01)	Acc pseudo 100.00 ( 95.58)	Lr 1.000e-03 (1.000e-03)
2025-12-19 15:59:23,967 - INFO: Round 1, Fine-tune Epoch 7: loss=0.1543, acc(pseudo)=95.67%
2025-12-19 15:59:28,175 - INFO: Round 1, Fine-tune Epoch 7: acc(valid_pseudo): 0.9958, acc(valid): 0.8975
2025-12-19 15:59:28,175 - INFO: Round 1, Fine-tune Epoch 7: No improvement in validation accuracy. Patience(epoch): 4/5
2025-12-19 15:59:28,375 - INFO: Epoch: [8][  0/107]	Time  0.194 ( 0.194)	Loss 5.1411e-02 (5.1411e-02)	Acc pseudo  98.44 ( 98.44)	Lr 1.000e-03 (1.000e-03)
2025-12-19 15:59:28,525 - INFO: Epoch: [8][ 50/107]	Time  0.003 ( 0.007)	Loss 1.7741e-01 (1.5007e-01)	Acc pseudo  95.31 ( 95.65)	Lr 1.000e-03 (1.000e-03)
2025-12-19 15:59:28,664 - INFO: Epoch: [8][100/107]	Time  0.002 ( 0.005)	Loss 1.9820e-01 (1.4458e-01)	Acc pseudo  95.31 ( 96.09)	Lr 1.000e-03 (1.000e-03)
2025-12-19 15:59:28,711 - INFO: Round 1, Fine-tune Epoch 8: loss=0.1443, acc(pseudo)=96.06%
2025-12-19 15:59:32,734 - INFO: Round 1, Fine-tune Epoch 8: acc(valid_pseudo): 0.9983, acc(valid): 0.9000
2025-12-19 15:59:33,113 - INFO: Epoch: [9][  0/107]	Time  0.193 ( 0.193)	Loss 1.8628e-01 (1.8628e-01)	Acc pseudo  96.88 ( 96.88)	Lr 1.000e-03 (1.000e-03)
2025-12-19 15:59:33,257 - INFO: Epoch: [9][ 50/107]	Time  0.002 ( 0.007)	Loss 1.3710e-01 (1.6709e-01)	Acc pseudo  96.88 ( 95.31)	Lr 1.000e-03 (1.000e-03)
2025-12-19 15:59:33,391 - INFO: Epoch: [9][100/107]	Time  0.002 ( 0.005)	Loss 7.8991e-02 (1.5798e-01)	Acc pseudo  98.44 ( 95.59)	Lr 1.000e-03 (1.000e-03)
2025-12-19 15:59:33,436 - INFO: Round 1, Fine-tune Epoch 9: loss=0.1549, acc(pseudo)=95.72%
2025-12-19 15:59:37,411 - INFO: Round 1, Fine-tune Epoch 9: acc(valid_pseudo): 0.9983, acc(valid): 0.8825
2025-12-19 15:59:37,411 - INFO: Round 1, Fine-tune Epoch 9: No improvement in validation accuracy. Patience(epoch): 1/5
2025-12-19 15:59:37,611 - INFO: Epoch: [10][  0/107]	Time  0.194 ( 0.194)	Loss 1.0423e-01 (1.0423e-01)	Acc pseudo  95.31 ( 95.31)	Lr 1.000e-03 (1.000e-03)
2025-12-19 15:59:37,757 - INFO: Epoch: [10][ 50/107]	Time  0.003 ( 0.007)	Loss 5.2295e-02 (1.2877e-01)	Acc pseudo  98.44 ( 96.51)	Lr 1.000e-03 (1.000e-03)
2025-12-19 15:59:37,892 - INFO: Epoch: [10][100/107]	Time  0.002 ( 0.005)	Loss 2.4544e-01 (1.4262e-01)	Acc pseudo  90.62 ( 95.92)	Lr 1.000e-03 (1.000e-03)
2025-12-19 15:59:37,940 - INFO: Round 1, Fine-tune Epoch 10: loss=0.1436, acc(pseudo)=95.91%
2025-12-19 15:59:41,818 - INFO: Round 1, Fine-tune Epoch 10: acc(valid_pseudo): 0.9983, acc(valid): 0.8925
2025-12-19 15:59:41,818 - INFO: Round 1, Fine-tune Epoch 10: No improvement in validation accuracy. Patience(epoch): 2/5
2025-12-19 15:59:42,017 - INFO: Epoch: [11][  0/107]	Time  0.194 ( 0.194)	Loss 1.7950e-01 (1.7950e-01)	Acc pseudo  93.75 ( 93.75)	Lr 1.000e-03 (1.000e-03)
2025-12-19 15:59:42,164 - INFO: Epoch: [11][ 50/107]	Time  0.002 ( 0.007)	Loss 9.8502e-02 (1.1468e-01)	Acc pseudo  98.44 ( 96.45)	Lr 1.000e-03 (1.000e-03)
2025-12-19 15:59:42,300 - INFO: Epoch: [11][100/107]	Time  0.002 ( 0.005)	Loss 1.0965e-01 (1.1791e-01)	Acc pseudo  93.75 ( 96.49)	Lr 1.000e-03 (1.000e-03)
2025-12-19 15:59:42,346 - INFO: Round 1, Fine-tune Epoch 11: loss=0.1236, acc(pseudo)=96.32%
2025-12-19 15:59:46,777 - INFO: Round 1, Fine-tune Epoch 11: acc(valid_pseudo): 0.9992, acc(valid): 0.8900
2025-12-19 15:59:47,174 - INFO: Epoch: [12][  0/107]	Time  0.210 ( 0.210)	Loss 7.6187e-02 (7.6187e-02)	Acc pseudo  95.31 ( 95.31)	Lr 1.000e-03 (1.000e-03)
2025-12-19 15:59:47,322 - INFO: Epoch: [12][ 50/107]	Time  0.003 ( 0.007)	Loss 3.9205e-02 (1.4069e-01)	Acc pseudo  98.44 ( 95.50)	Lr 1.000e-03 (1.000e-03)
2025-12-19 15:59:47,464 - INFO: Epoch: [12][100/107]	Time  0.002 ( 0.005)	Loss 1.2719e-01 (1.3262e-01)	Acc pseudo  92.19 ( 96.01)	Lr 1.000e-03 (1.000e-03)
2025-12-19 15:59:47,512 - INFO: Round 1, Fine-tune Epoch 12: loss=0.1328, acc(pseudo)=96.02%
2025-12-19 15:59:51,400 - INFO: Round 1, Fine-tune Epoch 12: acc(valid_pseudo): 0.9975, acc(valid): 0.8850
2025-12-19 15:59:51,400 - INFO: Round 1, Fine-tune Epoch 12: No improvement in validation accuracy. Patience(epoch): 1/5
2025-12-19 15:59:51,594 - INFO: Epoch: [13][  0/107]	Time  0.189 ( 0.189)	Loss 5.9113e-02 (5.9113e-02)	Acc pseudo  98.44 ( 98.44)	Lr 1.000e-03 (1.000e-03)
2025-12-19 15:59:51,749 - INFO: Epoch: [13][ 50/107]	Time  0.003 ( 0.007)	Loss 6.6261e-03 (1.0811e-01)	Acc pseudo 100.00 ( 96.75)	Lr 1.000e-03 (1.000e-03)
2025-12-19 15:59:51,891 - INFO: Epoch: [13][100/107]	Time  0.002 ( 0.005)	Loss 2.2814e-01 (1.2328e-01)	Acc pseudo  90.62 ( 96.19)	Lr 1.000e-03 (1.000e-03)
2025-12-19 15:59:51,938 - INFO: Round 1, Fine-tune Epoch 13: loss=0.1254, acc(pseudo)=96.15%
2025-12-19 15:59:56,779 - INFO: Round 1, Fine-tune Epoch 13: acc(valid_pseudo): 0.9983, acc(valid): 0.8850
2025-12-19 15:59:56,780 - INFO: Round 1, Fine-tune Epoch 13: No improvement in validation accuracy. Patience(epoch): 2/5
2025-12-19 15:59:56,992 - INFO: Epoch: [14][  0/107]	Time  0.207 ( 0.207)	Loss 1.3458e-01 (1.3458e-01)	Acc pseudo  95.31 ( 95.31)	Lr 1.000e-03 (1.000e-03)
2025-12-19 15:59:57,143 - INFO: Epoch: [14][ 50/107]	Time  0.003 ( 0.007)	Loss 1.2160e-01 (1.1712e-01)	Acc pseudo  96.88 ( 96.63)	Lr 1.000e-03 (1.000e-03)
2025-12-19 15:59:57,280 - INFO: Epoch: [14][100/107]	Time  0.002 ( 0.005)	Loss 1.3708e-01 (1.2509e-01)	Acc pseudo  95.31 ( 96.27)	Lr 1.000e-03 (1.000e-03)
2025-12-19 15:59:57,331 - INFO: Round 1, Fine-tune Epoch 14: loss=0.1261, acc(pseudo)=96.35%
2025-12-19 16:00:01,297 - INFO: Round 1, Fine-tune Epoch 14: acc(valid_pseudo): 0.9975, acc(valid): 0.8925
2025-12-19 16:00:01,298 - INFO: Round 1, Fine-tune Epoch 14: No improvement in validation accuracy. Patience(epoch): 3/5
2025-12-19 16:00:01,492 - INFO: Epoch: [15][  0/107]	Time  0.189 ( 0.189)	Loss 3.2329e-02 (3.2329e-02)	Acc pseudo 100.00 (100.00)	Lr 1.000e-03 (1.000e-03)
2025-12-19 16:00:01,636 - INFO: Epoch: [15][ 50/107]	Time  0.003 ( 0.006)	Loss 5.6203e-02 (1.0103e-01)	Acc pseudo  96.88 ( 97.00)	Lr 1.000e-03 (1.000e-03)
2025-12-19 16:00:01,771 - INFO: Epoch: [15][100/107]	Time  0.002 ( 0.005)	Loss 9.7569e-02 (1.0966e-01)	Acc pseudo  95.31 ( 96.81)	Lr 1.000e-03 (1.000e-03)
2025-12-19 16:00:01,817 - INFO: Round 1, Fine-tune Epoch 15: loss=0.1101, acc(pseudo)=96.84%
2025-12-19 16:00:05,777 - INFO: Round 1, Fine-tune Epoch 15: acc(valid_pseudo): 1.0000, acc(valid): 0.8875
2025-12-19 16:00:06,155 - INFO: Epoch: [16][  0/107]	Time  0.185 ( 0.185)	Loss 2.7286e-02 (2.7286e-02)	Acc pseudo 100.00 (100.00)	Lr 1.000e-03 (1.000e-03)
2025-12-19 16:00:06,300 - INFO: Epoch: [16][ 50/107]	Time  0.003 ( 0.006)	Loss 1.2863e-01 (1.2070e-01)	Acc pseudo  96.88 ( 96.57)	Lr 1.000e-03 (1.000e-03)
2025-12-19 16:00:06,434 - INFO: Epoch: [16][100/107]	Time  0.002 ( 0.005)	Loss 2.4820e-02 (1.1701e-01)	Acc pseudo 100.00 ( 96.72)	Lr 1.000e-03 (1.000e-03)
2025-12-19 16:00:06,479 - INFO: Round 1, Fine-tune Epoch 16: loss=0.1197, acc(pseudo)=96.62%
2025-12-19 16:00:11,017 - INFO: Round 1, Fine-tune Epoch 16: acc(valid_pseudo): 0.9975, acc(valid): 0.8975
2025-12-19 16:00:11,017 - INFO: Round 1, Fine-tune Epoch 16: No improvement in validation accuracy. Patience(epoch): 1/5
2025-12-19 16:00:11,217 - INFO: Epoch: [17][  0/107]	Time  0.194 ( 0.194)	Loss 1.4221e-01 (1.4221e-01)	Acc pseudo  95.31 ( 95.31)	Lr 1.000e-03 (1.000e-03)
2025-12-19 16:00:11,368 - INFO: Epoch: [17][ 50/107]	Time  0.003 ( 0.007)	Loss 6.5768e-02 (9.1614e-02)	Acc pseudo  96.88 ( 97.24)	Lr 1.000e-03 (1.000e-03)
2025-12-19 16:00:11,509 - INFO: Epoch: [17][100/107]	Time  0.002 ( 0.005)	Loss 1.0692e-01 (9.9712e-02)	Acc pseudo  96.88 ( 97.03)	Lr 1.000e-03 (1.000e-03)
2025-12-19 16:00:11,556 - INFO: Round 1, Fine-tune Epoch 17: loss=0.1007, acc(pseudo)=97.00%
2025-12-19 16:00:16,681 - INFO: Round 1, Fine-tune Epoch 17: acc(valid_pseudo): 0.9933, acc(valid): 0.8900
2025-12-19 16:00:16,682 - INFO: Round 1, Fine-tune Epoch 17: No improvement in validation accuracy. Patience(epoch): 2/5
2025-12-19 16:00:16,913 - INFO: Epoch: [18][  0/107]	Time  0.226 ( 0.226)	Loss 7.1665e-02 (7.1665e-02)	Acc pseudo  95.31 ( 95.31)	Lr 1.000e-03 (1.000e-03)
2025-12-19 16:00:17,059 - INFO: Epoch: [18][ 50/107]	Time  0.003 ( 0.007)	Loss 3.2489e-02 (1.0273e-01)	Acc pseudo  98.44 ( 96.69)	Lr 1.000e-03 (1.000e-03)
2025-12-19 16:00:17,196 - INFO: Epoch: [18][100/107]	Time  0.002 ( 0.005)	Loss 7.5091e-02 (1.0797e-01)	Acc pseudo  98.44 ( 97.14)	Lr 1.000e-03 (1.000e-03)
2025-12-19 16:00:17,242 - INFO: Round 1, Fine-tune Epoch 18: loss=0.1050, acc(pseudo)=97.19%
2025-12-19 16:00:21,286 - INFO: Round 1, Fine-tune Epoch 18: acc(valid_pseudo): 0.9950, acc(valid): 0.8925
2025-12-19 16:00:21,286 - INFO: Round 1, Fine-tune Epoch 18: No improvement in validation accuracy. Patience(epoch): 3/5
2025-12-19 16:00:21,494 - INFO: Epoch: [19][  0/107]	Time  0.202 ( 0.202)	Loss 2.1940e-01 (2.1940e-01)	Acc pseudo  95.31 ( 95.31)	Lr 1.000e-03 (1.000e-03)
2025-12-19 16:00:21,642 - INFO: Epoch: [19][ 50/107]	Time  0.003 ( 0.007)	Loss 8.4053e-02 (9.0677e-02)	Acc pseudo  96.88 ( 97.40)	Lr 1.000e-03 (1.000e-03)
2025-12-19 16:00:21,779 - INFO: Epoch: [19][100/107]	Time  0.002 ( 0.005)	Loss 1.6977e-01 (1.0460e-01)	Acc pseudo  96.88 ( 97.18)	Lr 1.000e-03 (1.000e-03)
2025-12-19 16:00:21,831 - INFO: Round 1, Fine-tune Epoch 19: loss=0.1023, acc(pseudo)=97.22%
2025-12-19 16:00:25,938 - INFO: Round 1, Fine-tune Epoch 19: acc(valid_pseudo): 0.9992, acc(valid): 0.8925
2025-12-19 16:00:25,938 - INFO: Round 1, Fine-tune Epoch 19: No improvement in validation accuracy. Patience(epoch): 4/5
2025-12-19 16:00:25,939 - INFO: Round 1: Best fine-tuned epoch=15, acc(valid_pseudo)=1.0000
2025-12-19 16:00:25,955 - INFO: Using HMM model from previous round: runs/the big bang theory/exp_video/result/self_supervised/exp0/round0/pseudo_label/hmm_params.pkl
2025-12-19 16:07:20,623 - INFO: Round 1: acc(valid)=0.8950, acc(test)=0.9119
2025-12-19 16:07:20,623 - INFO: No improvement. Patience(round): 2/5
2025-12-19 16:07:20,626 - INFO: ====================
2025-12-19 16:07:20,626 - INFO: Round 2: Fine-tuning iteration
2025-12-19 16:07:20,626 - INFO: ====================
2025-12-19 16:07:20,634 - INFO: Round 2 Part 1: Fine-tuning embedding model
2025-12-19 16:07:20,635 - INFO: Using pseudo-label file: runs/the big bang theory/exp_video/result/self_supervised/exp0/round1/pseudo_label/pseudo_labels_audio_nested_hmm_full(unreliable_pp=5.0).json
2025-12-19 16:07:20,839 - INFO: Warmup training classifier for 2 epochs...
2025-12-19 16:07:21,046 - INFO: Epoch: [0][  0/107]	Time  0.202 ( 0.202)	Loss 2.3738e+00 (2.3738e+00)	Acc pseudo  10.94 ( 10.94)	Lr 1.000e-03 (1.000e-03)
2025-12-19 16:07:21,183 - INFO: Epoch: [0][ 50/107]	Time  0.002 ( 0.007)	Loss 7.3478e-01 (1.2082e+00)	Acc pseudo  89.06 ( 80.91)	Lr 1.000e-03 (1.000e-03)
2025-12-19 16:07:21,313 - INFO: Epoch: [0][100/107]	Time  0.002 ( 0.005)	Loss 5.0030e-01 (8.7703e-01)	Acc pseudo  90.62 ( 86.15)	Lr 1.000e-03 (1.000e-03)
2025-12-19 16:07:21,359 - INFO: Round 2, Warmup Epoch 0: loss=0.8551, acc(pseudo)=86.50%
2025-12-19 16:07:21,559 - INFO: Epoch: [1][  0/107]	Time  0.195 ( 0.195)	Loss 3.9577e-01 (3.9577e-01)	Acc pseudo  92.19 ( 92.19)	Lr 1.000e-03 (1.000e-03)
2025-12-19 16:07:21,712 - INFO: Epoch: [1][ 50/107]	Time  0.003 ( 0.007)	Loss 2.7009e-01 (3.9079e-01)	Acc pseudo  96.88 ( 93.23)	Lr 1.000e-03 (1.000e-03)
2025-12-19 16:07:21,874 - INFO: Epoch: [1][100/107]	Time  0.002 ( 0.005)	Loss 3.9870e-01 (3.7209e-01)	Acc pseudo  90.62 ( 93.08)	Lr 1.000e-03 (1.000e-03)
2025-12-19 16:07:21,921 - INFO: Round 2, Warmup Epoch 1: loss=0.3736, acc(pseudo)=93.04%
2025-12-19 16:07:21,940 - INFO: Fine-tuning embedding model for 20 epochs...
2025-12-19 16:07:22,148 - INFO: Epoch: [0][  0/107]	Time  0.204 ( 0.204)	Loss 2.0955e-01 (2.0955e-01)	Acc pseudo  93.75 ( 93.75)	Lr 1.000e-03 (1.000e-03)
2025-12-19 16:07:22,296 - INFO: Epoch: [0][ 50/107]	Time  0.003 ( 0.007)	Loss 3.3487e-01 (5.4190e-01)	Acc pseudo  89.06 ( 89.77)	Lr 1.000e-03 (1.000e-03)
2025-12-19 16:07:22,433 - INFO: Epoch: [0][100/107]	Time  0.002 ( 0.005)	Loss 3.7412e-01 (4.7014e-01)	Acc pseudo  92.19 ( 90.50)	Lr 1.000e-03 (1.000e-03)
2025-12-19 16:07:22,482 - INFO: Round 2, Fine-tune Epoch 0: loss=0.4675, acc(pseudo)=90.58%
2025-12-19 16:07:26,547 - INFO: Round 2, Fine-tune Epoch 0: acc(valid_pseudo): 0.9908, acc(valid): 0.8950
2025-12-19 16:07:26,946 - INFO: Epoch: [1][  0/107]	Time  0.214 ( 0.214)	Loss 1.7742e-01 (1.7742e-01)	Acc pseudo  95.31 ( 95.31)	Lr 1.000e-03 (1.000e-03)
2025-12-19 16:07:27,095 - INFO: Epoch: [1][ 50/107]	Time  0.003 ( 0.007)	Loss 3.0047e-01 (3.2133e-01)	Acc pseudo  90.62 ( 92.10)	Lr 1.000e-03 (1.000e-03)
2025-12-19 16:07:27,239 - INFO: Epoch: [1][100/107]	Time  0.002 ( 0.005)	Loss 1.4439e-01 (3.1392e-01)	Acc pseudo  96.88 ( 92.40)	Lr 1.000e-03 (1.000e-03)
2025-12-19 16:07:27,288 - INFO: Round 2, Fine-tune Epoch 1: loss=0.3132, acc(pseudo)=92.41%
2025-12-19 16:07:31,338 - INFO: Round 2, Fine-tune Epoch 1: acc(valid_pseudo): 0.9925, acc(valid): 0.8900
2025-12-19 16:07:31,731 - INFO: Epoch: [2][  0/107]	Time  0.198 ( 0.198)	Loss 2.6063e-01 (2.6063e-01)	Acc pseudo  98.44 ( 98.44)	Lr 1.000e-03 (1.000e-03)
2025-12-19 16:07:31,918 - INFO: Epoch: [2][ 50/107]	Time  0.003 ( 0.007)	Loss 3.4158e-01 (2.5584e-01)	Acc pseudo  93.75 ( 93.78)	Lr 1.000e-03 (1.000e-03)
2025-12-19 16:07:32,084 - INFO: Epoch: [2][100/107]	Time  0.002 ( 0.005)	Loss 1.8896e-01 (2.7544e-01)	Acc pseudo  93.75 ( 93.50)	Lr 1.000e-03 (1.000e-03)
2025-12-19 16:07:32,135 - INFO: Round 2, Fine-tune Epoch 2: loss=0.2712, acc(pseudo)=93.64%
2025-12-19 16:07:36,131 - INFO: Round 2, Fine-tune Epoch 2: acc(valid_pseudo): 0.9866, acc(valid): 0.8850
2025-12-19 16:07:36,132 - INFO: Round 2, Fine-tune Epoch 2: No improvement in validation accuracy. Patience(epoch): 1/5
2025-12-19 16:07:36,325 - INFO: Epoch: [3][  0/107]	Time  0.188 ( 0.188)	Loss 2.0577e-01 (2.0577e-01)	Acc pseudo  92.19 ( 92.19)	Lr 1.000e-03 (1.000e-03)
2025-12-19 16:07:36,473 - INFO: Epoch: [3][ 50/107]	Time  0.003 ( 0.007)	Loss 2.6265e-01 (2.2802e-01)	Acc pseudo  92.19 ( 94.00)	Lr 1.000e-03 (1.000e-03)
2025-12-19 16:07:36,610 - INFO: Epoch: [3][100/107]	Time  0.002 ( 0.005)	Loss 1.4500e-01 (2.3878e-01)	Acc pseudo  95.31 ( 93.90)	Lr 1.000e-03 (1.000e-03)
2025-12-19 16:07:36,658 - INFO: Round 2, Fine-tune Epoch 3: loss=0.2372, acc(pseudo)=93.94%
2025-12-19 16:07:40,847 - INFO: Round 2, Fine-tune Epoch 3: acc(valid_pseudo): 0.9975, acc(valid): 0.8925
2025-12-19 16:07:41,386 - INFO: Epoch: [4][  0/107]	Time  0.263 ( 0.263)	Loss 2.8588e-01 (2.8588e-01)	Acc pseudo  90.62 ( 90.62)	Lr 1.000e-03 (1.000e-03)
2025-12-19 16:07:41,560 - INFO: Epoch: [4][ 50/107]	Time  0.003 ( 0.008)	Loss 1.2353e-01 (2.2491e-01)	Acc pseudo  98.44 ( 94.03)	Lr 1.000e-03 (1.000e-03)
2025-12-19 16:07:41,726 - INFO: Epoch: [4][100/107]	Time  0.003 ( 0.006)	Loss 1.2884e-01 (2.1466e-01)	Acc pseudo  96.88 ( 94.51)	Lr 1.000e-03 (1.000e-03)
2025-12-19 16:07:41,778 - INFO: Round 2, Fine-tune Epoch 4: loss=0.2150, acc(pseudo)=94.46%
2025-12-19 16:07:45,740 - INFO: Round 2, Fine-tune Epoch 4: acc(valid_pseudo): 0.9950, acc(valid): 0.8875
2025-12-19 16:07:45,740 - INFO: Round 2, Fine-tune Epoch 4: No improvement in validation accuracy. Patience(epoch): 1/5
2025-12-19 16:07:45,945 - INFO: Epoch: [5][  0/107]	Time  0.199 ( 0.199)	Loss 2.1956e-01 (2.1956e-01)	Acc pseudo  93.75 ( 93.75)	Lr 1.000e-03 (1.000e-03)
2025-12-19 16:07:46,111 - INFO: Epoch: [5][ 50/107]	Time  0.003 ( 0.007)	Loss 9.1970e-02 (1.6351e-01)	Acc pseudo  95.31 ( 95.44)	Lr 1.000e-03 (1.000e-03)
2025-12-19 16:07:46,290 - INFO: Epoch: [5][100/107]	Time  0.003 ( 0.005)	Loss 1.7730e-01 (1.7698e-01)	Acc pseudo  93.75 ( 95.08)	Lr 1.000e-03 (1.000e-03)
2025-12-19 16:07:46,349 - INFO: Round 2, Fine-tune Epoch 5: loss=0.1770, acc(pseudo)=95.08%
2025-12-19 16:07:50,875 - INFO: Round 2, Fine-tune Epoch 5: acc(valid_pseudo): 0.9941, acc(valid): 0.8825
2025-12-19 16:07:50,876 - INFO: Round 2, Fine-tune Epoch 5: No improvement in validation accuracy. Patience(epoch): 2/5
2025-12-19 16:07:51,079 - INFO: Epoch: [6][  0/107]	Time  0.198 ( 0.198)	Loss 1.1150e-01 (1.1150e-01)	Acc pseudo  96.88 ( 96.88)	Lr 1.000e-03 (1.000e-03)
2025-12-19 16:07:51,227 - INFO: Epoch: [6][ 50/107]	Time  0.003 ( 0.007)	Loss 4.9839e-02 (1.7291e-01)	Acc pseudo  98.44 ( 95.34)	Lr 1.000e-03 (1.000e-03)
2025-12-19 16:07:51,372 - INFO: Epoch: [6][100/107]	Time  0.002 ( 0.005)	Loss 3.7816e-02 (1.7146e-01)	Acc pseudo 100.00 ( 95.39)	Lr 1.000e-03 (1.000e-03)
2025-12-19 16:07:51,419 - INFO: Round 2, Fine-tune Epoch 6: loss=0.1749, acc(pseudo)=95.20%
2025-12-19 16:07:56,466 - INFO: Round 2, Fine-tune Epoch 6: acc(valid_pseudo): 0.9950, acc(valid): 0.8850
2025-12-19 16:07:56,466 - INFO: Round 2, Fine-tune Epoch 6: No improvement in validation accuracy. Patience(epoch): 3/5
2025-12-19 16:07:56,663 - INFO: Epoch: [7][  0/107]	Time  0.192 ( 0.192)	Loss 2.6762e-02 (2.6762e-02)	Acc pseudo 100.00 (100.00)	Lr 1.000e-03 (1.000e-03)
2025-12-19 16:07:56,806 - INFO: Epoch: [7][ 50/107]	Time  0.003 ( 0.006)	Loss 4.0486e-02 (1.6415e-01)	Acc pseudo 100.00 ( 95.37)	Lr 1.000e-03 (1.000e-03)
2025-12-19 16:07:56,938 - INFO: Epoch: [7][100/107]	Time  0.002 ( 0.005)	Loss 4.8680e-02 (1.6474e-01)	Acc pseudo  96.88 ( 95.41)	Lr 1.000e-03 (1.000e-03)
2025-12-19 16:07:56,985 - INFO: Round 2, Fine-tune Epoch 7: loss=0.1659, acc(pseudo)=95.40%
2025-12-19 16:08:01,000 - INFO: Round 2, Fine-tune Epoch 7: acc(valid_pseudo): 0.9958, acc(valid): 0.8975
2025-12-19 16:08:01,001 - INFO: Round 2, Fine-tune Epoch 7: No improvement in validation accuracy. Patience(epoch): 4/5
2025-12-19 16:08:01,206 - INFO: Epoch: [8][  0/107]	Time  0.200 ( 0.200)	Loss 1.2956e-01 (1.2956e-01)	Acc pseudo  95.31 ( 95.31)	Lr 1.000e-03 (1.000e-03)
2025-12-19 16:08:01,367 - INFO: Epoch: [8][ 50/107]	Time  0.003 ( 0.007)	Loss 9.0218e-02 (1.6829e-01)	Acc pseudo  95.31 ( 95.59)	Lr 1.000e-03 (1.000e-03)
2025-12-19 16:08:01,506 - INFO: Epoch: [8][100/107]	Time  0.002 ( 0.005)	Loss 1.6052e-01 (1.5539e-01)	Acc pseudo  95.31 ( 95.71)	Lr 1.000e-03 (1.000e-03)
2025-12-19 16:08:01,556 - INFO: Round 2, Fine-tune Epoch 8: loss=0.1537, acc(pseudo)=95.77%
2025-12-19 16:08:06,143 - INFO: Round 2, Fine-tune Epoch 8: acc(valid_pseudo): 0.9950, acc(valid): 0.8900
2025-12-19 16:08:06,144 - INFO: Round 2, Fine-tune Epoch 8: No improvement in validation accuracy. Patience(epoch): 5/5
2025-12-19 16:08:06,144 - INFO: Early stopping at epoch 8 due to no improvement in validation accuracy for 5 epochs.
2025-12-19 16:08:06,145 - INFO: Round 2: Best fine-tuned epoch=3, acc(valid_pseudo)=0.9975
2025-12-19 16:08:06,162 - INFO: Using HMM model from previous round: runs/the big bang theory/exp_video/result/self_supervised/exp0/round1/pseudo_label/hmm_params.pkl
2025-12-19 16:15:19,729 - INFO: Round 2: acc(valid)=0.8925, acc(test)=0.9144
2025-12-19 16:15:19,729 - INFO: No improvement. Patience(round): 3/5
2025-12-19 16:15:19,731 - INFO: ====================
2025-12-19 16:15:19,731 - INFO: Round 3: Fine-tuning iteration
2025-12-19 16:15:19,732 - INFO: ====================
2025-12-19 16:15:19,747 - INFO: Round 3 Part 1: Fine-tuning embedding model
2025-12-19 16:15:19,748 - INFO: Using pseudo-label file: runs/the big bang theory/exp_video/result/self_supervised/exp0/round2/pseudo_label/pseudo_labels_audio_nested_hmm_full(unreliable_pp=5.0).json
2025-12-19 16:15:20,005 - INFO: Warmup training classifier for 2 epochs...
2025-12-19 16:15:20,518 - INFO: Epoch: [0][  0/107]	Time  0.497 ( 0.497)	Loss 2.3538e+00 (2.3538e+00)	Acc pseudo  10.94 ( 10.94)	Lr 1.000e-03 (1.000e-03)
2025-12-19 16:15:20,648 - INFO: Epoch: [0][ 50/107]	Time  0.002 ( 0.012)	Loss 7.0504e-01 (1.2035e+00)	Acc pseudo  90.62 ( 80.02)	Lr 1.000e-03 (1.000e-03)
2025-12-19 16:15:20,769 - INFO: Epoch: [0][100/107]	Time  0.002 ( 0.007)	Loss 3.9335e-01 (8.8682e-01)	Acc pseudo  95.31 ( 85.64)	Lr 1.000e-03 (1.000e-03)
2025-12-19 16:15:20,814 - INFO: Round 3, Warmup Epoch 0: loss=0.8638, acc(pseudo)=86.10%
2025-12-19 16:15:21,007 - INFO: Epoch: [1][  0/107]	Time  0.188 ( 0.188)	Loss 3.9863e-01 (3.9863e-01)	Acc pseudo  95.31 ( 95.31)	Lr 1.000e-03 (1.000e-03)
2025-12-19 16:15:21,136 - INFO: Epoch: [1][ 50/107]	Time  0.003 ( 0.006)	Loss 4.0549e-01 (4.2049e-01)	Acc pseudo  93.75 ( 92.22)	Lr 1.000e-03 (1.000e-03)
2025-12-19 16:15:21,256 - INFO: Epoch: [1][100/107]	Time  0.002 ( 0.004)	Loss 3.3835e-01 (4.0772e-01)	Acc pseudo  87.50 ( 92.48)	Lr 1.000e-03 (1.000e-03)
2025-12-19 16:15:21,300 - INFO: Round 3, Warmup Epoch 1: loss=0.4106, acc(pseudo)=92.44%
2025-12-19 16:15:21,326 - INFO: Fine-tuning embedding model for 20 epochs...
2025-12-19 16:15:21,557 - INFO: Epoch: [0][  0/107]	Time  0.227 ( 0.227)	Loss 3.6655e-01 (3.6655e-01)	Acc pseudo  95.31 ( 95.31)	Lr 1.000e-03 (1.000e-03)
2025-12-19 16:15:21,707 - INFO: Epoch: [0][ 50/107]	Time  0.003 ( 0.007)	Loss 4.7789e-01 (6.0008e-01)	Acc pseudo  87.50 ( 88.73)	Lr 1.000e-03 (1.000e-03)
2025-12-19 16:15:21,847 - INFO: Epoch: [0][100/107]	Time  0.002 ( 0.005)	Loss 2.1154e-01 (5.1469e-01)	Acc pseudo  95.31 ( 89.88)	Lr 1.000e-03 (1.000e-03)
2025-12-19 16:15:21,893 - INFO: Round 3, Fine-tune Epoch 0: loss=0.5092, acc(pseudo)=89.88%
2025-12-19 16:15:26,027 - INFO: Round 3, Fine-tune Epoch 0: acc(valid_pseudo): 0.9925, acc(valid): 0.8850
2025-12-19 16:15:26,415 - INFO: Epoch: [1][  0/107]	Time  0.197 ( 0.197)	Loss 4.3179e-01 (4.3179e-01)	Acc pseudo  89.06 ( 89.06)	Lr 1.000e-03 (1.000e-03)
2025-12-19 16:15:26,564 - INFO: Epoch: [1][ 50/107]	Time  0.003 ( 0.007)	Loss 4.8324e-01 (3.6624e-01)	Acc pseudo  87.50 ( 92.19)	Lr 1.000e-03 (1.000e-03)
2025-12-19 16:15:26,703 - INFO: Epoch: [1][100/107]	Time  0.002 ( 0.005)	Loss 1.5056e-01 (3.5127e-01)	Acc pseudo  93.75 ( 92.40)	Lr 1.000e-03 (1.000e-03)
2025-12-19 16:15:26,751 - INFO: Round 3, Fine-tune Epoch 1: loss=0.3469, acc(pseudo)=92.44%
2025-12-19 16:15:31,360 - INFO: Round 3, Fine-tune Epoch 1: acc(valid_pseudo): 0.9958, acc(valid): 0.8800
2025-12-19 16:15:31,827 - INFO: Epoch: [2][  0/107]	Time  0.219 ( 0.219)	Loss 1.8747e-01 (1.8747e-01)	Acc pseudo  95.31 ( 95.31)	Lr 1.000e-03 (1.000e-03)
2025-12-19 16:15:32,011 - INFO: Epoch: [2][ 50/107]	Time  0.003 ( 0.008)	Loss 1.7490e-01 (3.0031e-01)	Acc pseudo  98.44 ( 93.35)	Lr 1.000e-03 (1.000e-03)
2025-12-19 16:15:32,155 - INFO: Epoch: [2][100/107]	Time  0.002 ( 0.005)	Loss 3.6056e-01 (2.9598e-01)	Acc pseudo  90.62 ( 93.44)	Lr 1.000e-03 (1.000e-03)
2025-12-19 16:15:32,214 - INFO: Round 3, Fine-tune Epoch 2: loss=0.2959, acc(pseudo)=93.41%
2025-12-19 16:15:36,885 - INFO: Round 3, Fine-tune Epoch 2: acc(valid_pseudo): 0.9941, acc(valid): 0.8800
2025-12-19 16:15:36,886 - INFO: Round 3, Fine-tune Epoch 2: No improvement in validation accuracy. Patience(epoch): 1/5
2025-12-19 16:15:37,093 - INFO: Epoch: [3][  0/107]	Time  0.202 ( 0.202)	Loss 2.6335e-01 (2.6335e-01)	Acc pseudo  92.19 ( 92.19)	Lr 1.000e-03 (1.000e-03)
2025-12-19 16:15:37,251 - INFO: Epoch: [3][ 50/107]	Time  0.003 ( 0.007)	Loss 1.9257e-01 (2.3948e-01)	Acc pseudo  95.31 ( 94.21)	Lr 1.000e-03 (1.000e-03)
2025-12-19 16:15:37,397 - INFO: Epoch: [3][100/107]	Time  0.002 ( 0.005)	Loss 1.4279e-01 (2.4881e-01)	Acc pseudo  96.88 ( 94.04)	Lr 1.000e-03 (1.000e-03)
2025-12-19 16:15:37,445 - INFO: Round 3, Fine-tune Epoch 3: loss=0.2476, acc(pseudo)=94.03%
2025-12-19 16:15:41,335 - INFO: Round 3, Fine-tune Epoch 3: acc(valid_pseudo): 0.9941, acc(valid): 0.8725
2025-12-19 16:15:41,336 - INFO: Round 3, Fine-tune Epoch 3: No improvement in validation accuracy. Patience(epoch): 2/5
2025-12-19 16:15:41,532 - INFO: Epoch: [4][  0/107]	Time  0.191 ( 0.191)	Loss 1.5450e-01 (1.5450e-01)	Acc pseudo  93.75 ( 93.75)	Lr 1.000e-03 (1.000e-03)
2025-12-19 16:15:41,678 - INFO: Epoch: [4][ 50/107]	Time  0.003 ( 0.007)	Loss 1.2413e-01 (2.1812e-01)	Acc pseudo 100.00 ( 94.79)	Lr 1.000e-03 (1.000e-03)
2025-12-19 16:15:41,814 - INFO: Epoch: [4][100/107]	Time  0.002 ( 0.005)	Loss 1.7204e-01 (2.1837e-01)	Acc pseudo  93.75 ( 94.88)	Lr 1.000e-03 (1.000e-03)
2025-12-19 16:15:41,861 - INFO: Round 3, Fine-tune Epoch 4: loss=0.2183, acc(pseudo)=94.90%
2025-12-19 16:15:46,092 - INFO: Round 3, Fine-tune Epoch 4: acc(valid_pseudo): 0.9950, acc(valid): 0.8900
2025-12-19 16:15:46,092 - INFO: Round 3, Fine-tune Epoch 4: No improvement in validation accuracy. Patience(epoch): 3/5
2025-12-19 16:15:46,290 - INFO: Epoch: [5][  0/107]	Time  0.192 ( 0.192)	Loss 1.7388e-01 (1.7388e-01)	Acc pseudo  95.31 ( 95.31)	Lr 1.000e-03 (1.000e-03)
2025-12-19 16:15:46,435 - INFO: Epoch: [5][ 50/107]	Time  0.003 ( 0.007)	Loss 3.3844e-01 (1.9331e-01)	Acc pseudo  95.31 ( 95.25)	Lr 1.000e-03 (1.000e-03)
2025-12-19 16:15:46,570 - INFO: Epoch: [5][100/107]	Time  0.002 ( 0.005)	Loss 2.0086e-01 (2.0423e-01)	Acc pseudo  92.19 ( 94.96)	Lr 1.000e-03 (1.000e-03)
2025-12-19 16:15:46,616 - INFO: Round 3, Fine-tune Epoch 5: loss=0.2048, acc(pseudo)=94.86%
2025-12-19 16:15:50,458 - INFO: Round 3, Fine-tune Epoch 5: acc(valid_pseudo): 0.9900, acc(valid): 0.8825
2025-12-19 16:15:50,458 - INFO: Round 3, Fine-tune Epoch 5: No improvement in validation accuracy. Patience(epoch): 4/5
2025-12-19 16:15:50,661 - INFO: Epoch: [6][  0/107]	Time  0.197 ( 0.197)	Loss 1.2006e-01 (1.2006e-01)	Acc pseudo  98.44 ( 98.44)	Lr 1.000e-03 (1.000e-03)
2025-12-19 16:15:50,806 - INFO: Epoch: [6][ 50/107]	Time  0.003 ( 0.007)	Loss 2.0725e-02 (1.8111e-01)	Acc pseudo 100.00 ( 95.77)	Lr 1.000e-03 (1.000e-03)
2025-12-19 16:15:50,942 - INFO: Epoch: [6][100/107]	Time  0.002 ( 0.005)	Loss 1.4501e-01 (1.9785e-01)	Acc pseudo  95.31 ( 95.28)	Lr 1.000e-03 (1.000e-03)
2025-12-19 16:15:50,989 - INFO: Round 3, Fine-tune Epoch 6: loss=0.1980, acc(pseudo)=95.23%
2025-12-19 16:15:54,910 - INFO: Round 3, Fine-tune Epoch 6: acc(valid_pseudo): 0.9900, acc(valid): 0.8800
2025-12-19 16:15:54,911 - INFO: Round 3, Fine-tune Epoch 6: No improvement in validation accuracy. Patience(epoch): 5/5
2025-12-19 16:15:54,911 - INFO: Early stopping at epoch 6 due to no improvement in validation accuracy for 5 epochs.
2025-12-19 16:15:54,912 - INFO: Round 3: Best fine-tuned epoch=1, acc(valid_pseudo)=0.9958
2025-12-19 16:15:54,929 - INFO: Using HMM model from previous round: runs/the big bang theory/exp_video/result/self_supervised/exp0/round2/pseudo_label/hmm_params.pkl
2025-12-19 16:23:46,099 - INFO: Round 3: acc(valid)=0.8875, acc(test)=0.9131
2025-12-19 16:23:46,099 - INFO: No improvement. Patience(round): 4/5
2025-12-19 16:23:46,102 - INFO: ====================
2025-12-19 16:23:46,102 - INFO: Round 4: Fine-tuning iteration
2025-12-19 16:23:46,102 - INFO: ====================
2025-12-19 16:23:46,109 - INFO: Round 4 Part 1: Fine-tuning embedding model
2025-12-19 16:23:46,110 - INFO: Using pseudo-label file: runs/the big bang theory/exp_video/result/self_supervised/exp0/round3/pseudo_label/pseudo_labels_audio_nested_hmm_full(unreliable_pp=5.0).json
2025-12-19 16:23:46,310 - INFO: Warmup training classifier for 2 epochs...
2025-12-19 16:23:46,511 - INFO: Epoch: [0][  0/107]	Time  0.197 ( 0.197)	Loss 2.4384e+00 (2.4384e+00)	Acc pseudo  10.94 ( 10.94)	Lr 1.000e-03 (1.000e-03)
2025-12-19 16:23:46,644 - INFO: Epoch: [0][ 50/107]	Time  0.003 ( 0.006)	Loss 8.2374e-01 (1.2478e+00)	Acc pseudo  90.62 ( 78.65)	Lr 1.000e-03 (1.000e-03)
2025-12-19 16:23:46,770 - INFO: Epoch: [0][100/107]	Time  0.002 ( 0.004)	Loss 5.0857e-01 (9.0237e-01)	Acc pseudo  87.50 ( 85.09)	Lr 1.000e-03 (1.000e-03)
2025-12-19 16:23:46,816 - INFO: Round 4, Warmup Epoch 0: loss=0.8789, acc(pseudo)=85.46%
2025-12-19 16:23:47,023 - INFO: Epoch: [1][  0/107]	Time  0.202 ( 0.202)	Loss 4.6130e-01 (4.6130e-01)	Acc pseudo  95.31 ( 95.31)	Lr 1.000e-03 (1.000e-03)
2025-12-19 16:23:47,155 - INFO: Epoch: [1][ 50/107]	Time  0.002 ( 0.006)	Loss 2.8416e-01 (4.0308e-01)	Acc pseudo  93.75 ( 92.86)	Lr 1.000e-03 (1.000e-03)
2025-12-19 16:23:47,282 - INFO: Epoch: [1][100/107]	Time  0.002 ( 0.004)	Loss 5.4406e-01 (4.0406e-01)	Acc pseudo  87.50 ( 92.93)	Lr 1.000e-03 (1.000e-03)
2025-12-19 16:23:47,329 - INFO: Round 4, Warmup Epoch 1: loss=0.4039, acc(pseudo)=92.82%
2025-12-19 16:23:47,350 - INFO: Fine-tuning embedding model for 20 epochs...
2025-12-19 16:23:47,549 - INFO: Epoch: [0][  0/107]	Time  0.195 ( 0.195)	Loss 3.9965e-01 (3.9965e-01)	Acc pseudo  93.75 ( 93.75)	Lr 1.000e-03 (1.000e-03)
2025-12-19 16:23:47,698 - INFO: Epoch: [0][ 50/107]	Time  0.003 ( 0.007)	Loss 4.2623e-01 (5.5126e-01)	Acc pseudo  89.06 ( 89.58)	Lr 1.000e-03 (1.000e-03)
2025-12-19 16:23:47,836 - INFO: Epoch: [0][100/107]	Time  0.002 ( 0.005)	Loss 3.1652e-01 (5.0336e-01)	Acc pseudo  92.19 ( 90.16)	Lr 1.000e-03 (1.000e-03)
2025-12-19 16:23:47,885 - INFO: Round 4, Fine-tune Epoch 0: loss=0.5007, acc(pseudo)=90.13%
2025-12-19 16:23:51,869 - INFO: Round 4, Fine-tune Epoch 0: acc(valid_pseudo): 0.9983, acc(valid): 0.8800
2025-12-19 16:23:52,261 - INFO: Epoch: [1][  0/107]	Time  0.212 ( 0.212)	Loss 2.4670e-01 (2.4670e-01)	Acc pseudo  92.19 ( 92.19)	Lr 1.000e-03 (1.000e-03)
2025-12-19 16:23:52,410 - INFO: Epoch: [1][ 50/107]	Time  0.003 ( 0.007)	Loss 4.3779e-01 (3.5593e-01)	Acc pseudo  87.50 ( 91.85)	Lr 1.000e-03 (1.000e-03)
2025-12-19 16:23:52,555 - INFO: Epoch: [1][100/107]	Time  0.002 ( 0.005)	Loss 1.4883e-01 (3.4351e-01)	Acc pseudo  95.31 ( 92.09)	Lr 1.000e-03 (1.000e-03)
2025-12-19 16:23:52,602 - INFO: Round 4, Fine-tune Epoch 1: loss=0.3478, acc(pseudo)=92.06%
2025-12-19 16:23:56,535 - INFO: Round 4, Fine-tune Epoch 1: acc(valid_pseudo): 0.9950, acc(valid): 0.8750
2025-12-19 16:23:56,535 - INFO: Round 4, Fine-tune Epoch 1: No improvement in validation accuracy. Patience(epoch): 1/5
2025-12-19 16:23:56,732 - INFO: Epoch: [2][  0/107]	Time  0.191 ( 0.191)	Loss 2.6655e-01 (2.6655e-01)	Acc pseudo  96.88 ( 96.88)	Lr 1.000e-03 (1.000e-03)
2025-12-19 16:23:56,875 - INFO: Epoch: [2][ 50/107]	Time  0.003 ( 0.006)	Loss 2.3877e-01 (3.1384e-01)	Acc pseudo  96.88 ( 92.98)	Lr 1.000e-03 (1.000e-03)
2025-12-19 16:23:57,010 - INFO: Epoch: [2][100/107]	Time  0.002 ( 0.005)	Loss 1.5123e-01 (3.1579e-01)	Acc pseudo  95.31 ( 93.08)	Lr 1.000e-03 (1.000e-03)
2025-12-19 16:23:57,056 - INFO: Round 4, Fine-tune Epoch 2: loss=0.3144, acc(pseudo)=93.03%
2025-12-19 16:24:00,988 - INFO: Round 4, Fine-tune Epoch 2: acc(valid_pseudo): 0.9967, acc(valid): 0.8925
2025-12-19 16:24:00,988 - INFO: Round 4, Fine-tune Epoch 2: No improvement in validation accuracy. Patience(epoch): 2/5
2025-12-19 16:24:01,189 - INFO: Epoch: [3][  0/107]	Time  0.196 ( 0.196)	Loss 2.3413e-01 (2.3413e-01)	Acc pseudo  92.19 ( 92.19)	Lr 1.000e-03 (1.000e-03)
2025-12-19 16:24:01,343 - INFO: Epoch: [3][ 50/107]	Time  0.003 ( 0.007)	Loss 2.2692e-01 (2.5895e-01)	Acc pseudo  92.19 ( 93.54)	Lr 1.000e-03 (1.000e-03)
2025-12-19 16:24:01,486 - INFO: Epoch: [3][100/107]	Time  0.002 ( 0.005)	Loss 1.0906e-01 (2.7066e-01)	Acc pseudo  98.44 ( 93.43)	Lr 1.000e-03 (1.000e-03)
2025-12-19 16:24:01,533 - INFO: Round 4, Fine-tune Epoch 3: loss=0.2673, acc(pseudo)=93.38%
2025-12-19 16:24:05,847 - INFO: Round 4, Fine-tune Epoch 3: acc(valid_pseudo): 0.9958, acc(valid): 0.8800
2025-12-19 16:24:05,847 - INFO: Round 4, Fine-tune Epoch 3: No improvement in validation accuracy. Patience(epoch): 3/5
2025-12-19 16:24:06,050 - INFO: Epoch: [4][  0/107]	Time  0.198 ( 0.198)	Loss 1.2304e-01 (1.2304e-01)	Acc pseudo  95.31 ( 95.31)	Lr 1.000e-03 (1.000e-03)
2025-12-19 16:24:06,198 - INFO: Epoch: [4][ 50/107]	Time  0.003 ( 0.007)	Loss 1.8516e-01 (2.4316e-01)	Acc pseudo  96.88 ( 93.96)	Lr 1.000e-03 (1.000e-03)
2025-12-19 16:24:06,333 - INFO: Epoch: [4][100/107]	Time  0.002 ( 0.005)	Loss 2.0082e-01 (2.3679e-01)	Acc pseudo  95.31 ( 94.31)	Lr 1.000e-03 (1.000e-03)
2025-12-19 16:24:06,380 - INFO: Round 4, Fine-tune Epoch 4: loss=0.2370, acc(pseudo)=94.30%
2025-12-19 16:24:10,400 - INFO: Round 4, Fine-tune Epoch 4: acc(valid_pseudo): 0.9941, acc(valid): 0.8900
2025-12-19 16:24:10,400 - INFO: Round 4, Fine-tune Epoch 4: No improvement in validation accuracy. Patience(epoch): 4/5
2025-12-19 16:24:10,599 - INFO: Epoch: [5][  0/107]	Time  0.193 ( 0.193)	Loss 2.0529e-01 (2.0529e-01)	Acc pseudo  95.31 ( 95.31)	Lr 1.000e-03 (1.000e-03)
2025-12-19 16:24:10,757 - INFO: Epoch: [5][ 50/107]	Time  0.003 ( 0.007)	Loss 2.5050e-01 (1.9546e-01)	Acc pseudo  92.19 ( 94.52)	Lr 1.000e-03 (1.000e-03)
2025-12-19 16:24:10,903 - INFO: Epoch: [5][100/107]	Time  0.002 ( 0.005)	Loss 1.3997e-01 (1.9961e-01)	Acc pseudo  95.31 ( 94.51)	Lr 1.000e-03 (1.000e-03)
2025-12-19 16:24:10,953 - INFO: Round 4, Fine-tune Epoch 5: loss=0.2003, acc(pseudo)=94.46%
2025-12-19 16:24:16,255 - INFO: Round 4, Fine-tune Epoch 5: acc(valid_pseudo): 0.9967, acc(valid): 0.8900
2025-12-19 16:24:16,256 - INFO: Round 4, Fine-tune Epoch 5: No improvement in validation accuracy. Patience(epoch): 5/5
2025-12-19 16:24:16,256 - INFO: Early stopping at epoch 5 due to no improvement in validation accuracy for 5 epochs.
2025-12-19 16:24:16,258 - INFO: Round 4: Best fine-tuned epoch=0, acc(valid_pseudo)=0.9983
2025-12-19 16:24:16,283 - INFO: Using HMM model from previous round: runs/the big bang theory/exp_video/result/self_supervised/exp0/round3/pseudo_label/hmm_params.pkl
2025-12-19 16:32:14,105 - INFO: Round 4: acc(valid)=0.8875, acc(test)=0.9144
2025-12-19 16:32:14,105 - INFO: No improvement. Patience(round): 5/5
2025-12-19 16:32:14,108 - INFO: Early stopping triggered at round 0.
2025-12-19 16:32:14,108 - INFO: ====================
2025-12-19 16:32:14,108 - INFO: Self-supervised fine-tuning completed!
2025-12-19 16:32:14,108 - INFO: Initial: acc(valid)=0.9000, acc(test)=0.9162
2025-12-19 16:32:14,108 - INFO: Best acc(valid) at round 0: acc(valid)=0.9000, acc(test)=0.9162
2025-12-19 16:32:14,108 - INFO: Improvement for acc(valid): 0.0000 (0.00%)
2025-12-19 16:32:14,108 - INFO: Improvement for acc(test): 0.0000 (0.00%)
2025-12-19 16:32:14,108 - INFO: ====================
