2025-12-18 11:19:28,467 - INFO: Starting self-supervised fine-tuning pipeline
2025-12-18 11:19:28,468 - INFO: Device: cuda:0
2025-12-18 11:19:28,471 - INFO: Saved arguments to runs/the big bang theory/exp_video/result/self_supervised/exp0/args.json
2025-12-18 11:19:28,471 - INFO: ====================
2025-12-18 11:19:28,471 - INFO: Initialization: Initial clustering with HMM correction
2025-12-18 11:19:28,471 - INFO: ====================
2025-12-18 11:19:28,511 - INFO: Skipping initial clustering, using existing results.
2025-12-18 11:19:39,258 - INFO: Initial: acc(valid)=0.9000, acc(test)=0.9162
2025-12-18 11:19:39,259 - INFO: ====================
2025-12-18 11:19:39,259 - INFO: Round 0: Fine-tuning iteration
2025-12-18 11:19:39,259 - INFO: ====================
2025-12-18 11:19:39,265 - INFO: Round 0 Part 1: Fine-tuning embedding model
2025-12-18 11:19:39,266 - INFO: Using pseudo-label file: runs/the big bang theory/exp_video/result/self_supervised/exp0/initial/pseudo_label/pseudo_labels_audio_nested_hmm_full(unreliable_pp=5.0).json
2025-12-18 11:19:41,915 - INFO: Embedding dimension: 512
2025-12-18 11:19:42,714 - INFO: Saved config_model to runs/the big bang theory/exp_video/result/self_supervised/exp0/round0/config_model.json
2025-12-18 11:21:10,587 - INFO: Extracting hidden features for all samples,which are outputs of StatsPool layer...
2025-12-18 11:21:10,588 - INFO: args.unfrozen_layers_num=2 is not used when extracting hidden features.
2025-12-18 11:24:56,383 - INFO: Hidden features extracted for 6829 samples
2025-12-18 11:24:56,433 - INFO: Warmup training classifier for 2 epochs...
2025-12-18 11:24:57,094 - INFO: Epoch: [0][  0/107]	Time  0.658 ( 0.658)	Loss 2.4801e+00 (2.4801e+00)	Acc pseudo   6.25 (  6.25)	Lr 1.000e-03 (1.000e-03)
2025-12-18 11:24:57,230 - INFO: Epoch: [0][ 50/107]	Time  0.003 ( 0.015)	Loss 8.2399e-01 (1.2069e+00)	Acc pseudo  85.94 ( 77.94)	Lr 1.000e-03 (1.000e-03)
2025-12-18 11:24:57,355 - INFO: Epoch: [0][100/107]	Time  0.002 ( 0.009)	Loss 6.1822e-01 (8.6168e-01)	Acc pseudo  92.19 ( 84.93)	Lr 1.000e-03 (1.000e-03)
2025-12-18 11:24:57,413 - INFO: Round 0, Warmup Epoch 0: loss=0.8424, acc(pseudo)=85.22%
2025-12-18 11:24:57,578 - INFO: Epoch: [1][  0/107]	Time  0.160 ( 0.160)	Loss 4.9842e-01 (4.9842e-01)	Acc pseudo  93.75 ( 93.75)	Lr 1.000e-03 (1.000e-03)
2025-12-18 11:24:57,717 - INFO: Epoch: [1][ 50/107]	Time  0.003 ( 0.006)	Loss 3.2509e-01 (3.9057e-01)	Acc pseudo  90.62 ( 92.65)	Lr 1.000e-03 (1.000e-03)
2025-12-18 11:24:57,841 - INFO: Epoch: [1][100/107]	Time  0.002 ( 0.004)	Loss 3.2438e-01 (3.6539e-01)	Acc pseudo  89.06 ( 93.04)	Lr 1.000e-03 (1.000e-03)
2025-12-18 11:24:57,894 - INFO: Round 0, Warmup Epoch 1: loss=0.3661, acc(pseudo)=93.03%
2025-12-18 11:24:57,913 - INFO: Fine-tuning embedding model for 20 epochs...
2025-12-18 11:24:58,821 - INFO: Epoch: [0][  0/107]	Time  0.905 ( 0.905)	Loss 3.2925e-01 (3.2925e-01)	Acc pseudo  93.75 ( 93.75)	Lr 1.000e-03 (1.000e-03)
2025-12-18 11:24:58,978 - INFO: Epoch: [0][ 50/107]	Time  0.003 ( 0.021)	Loss 4.6008e-01 (5.2186e-01)	Acc pseudo  87.50 ( 89.74)	Lr 1.000e-03 (1.000e-03)
2025-12-18 11:24:59,124 - INFO: Epoch: [0][100/107]	Time  0.002 ( 0.012)	Loss 1.8281e-01 (4.7913e-01)	Acc pseudo  98.44 ( 90.24)	Lr 1.000e-03 (1.000e-03)
2025-12-18 11:24:59,183 - INFO: Round 0, Fine-tune Epoch 0: loss=0.4711, acc(pseudo)=90.32%
2025-12-18 11:25:03,964 - INFO: Round 0, Fine-tune Epoch 0: acc(valid): 0.8475
2025-12-18 11:25:04,264 - INFO: Epoch: [1][  0/107]	Time  0.291 ( 0.291)	Loss 2.2221e-01 (2.2221e-01)	Acc pseudo  93.75 ( 93.75)	Lr 1.000e-03 (1.000e-03)
2025-12-18 11:25:04,462 - INFO: Epoch: [1][ 50/107]	Time  0.003 ( 0.010)	Loss 5.2685e-01 (3.4097e-01)	Acc pseudo  85.94 ( 92.40)	Lr 1.000e-03 (1.000e-03)
2025-12-18 11:25:04,635 - INFO: Epoch: [1][100/107]	Time  0.003 ( 0.006)	Loss 9.8334e-02 (3.2677e-01)	Acc pseudo  96.88 ( 92.70)	Lr 1.000e-03 (1.000e-03)
2025-12-18 11:25:04,702 - INFO: Round 0, Fine-tune Epoch 1: loss=0.3250, acc(pseudo)=92.81%
2025-12-18 11:25:08,539 - INFO: Round 0, Fine-tune Epoch 1: acc(valid): 0.8650
2025-12-18 11:25:08,740 - INFO: Epoch: [2][  0/107]	Time  0.196 ( 0.196)	Loss 1.9160e-01 (1.9160e-01)	Acc pseudo  93.75 ( 93.75)	Lr 1.000e-03 (1.000e-03)
2025-12-18 11:25:08,889 - INFO: Epoch: [2][ 50/107]	Time  0.003 ( 0.007)	Loss 1.2780e-01 (2.7689e-01)	Acc pseudo  98.44 ( 93.84)	Lr 1.000e-03 (1.000e-03)
2025-12-18 11:25:09,030 - INFO: Epoch: [2][100/107]	Time  0.002 ( 0.005)	Loss 1.5568e-01 (2.6475e-01)	Acc pseudo  95.31 ( 93.83)	Lr 1.000e-03 (1.000e-03)
2025-12-18 11:25:09,088 - INFO: Round 0, Fine-tune Epoch 2: loss=0.2672, acc(pseudo)=93.92%
2025-12-18 11:25:12,768 - INFO: Round 0, Fine-tune Epoch 2: acc(valid): 0.8875
2025-12-18 11:25:12,952 - INFO: Epoch: [3][  0/107]	Time  0.178 ( 0.178)	Loss 4.2735e-01 (4.2735e-01)	Acc pseudo  89.06 ( 89.06)	Lr 1.000e-03 (1.000e-03)
2025-12-18 11:25:13,103 - INFO: Epoch: [3][ 50/107]	Time  0.003 ( 0.006)	Loss 2.5664e-01 (2.2833e-01)	Acc pseudo  92.19 ( 94.58)	Lr 1.000e-03 (1.000e-03)
2025-12-18 11:25:13,244 - INFO: Epoch: [3][100/107]	Time  0.002 ( 0.005)	Loss 1.2246e-01 (2.3772e-01)	Acc pseudo  96.88 ( 94.45)	Lr 1.000e-03 (1.000e-03)
2025-12-18 11:25:13,301 - INFO: Round 0, Fine-tune Epoch 3: loss=0.2349, acc(pseudo)=94.52%
2025-12-18 11:25:17,228 - INFO: Round 0, Fine-tune Epoch 3: acc(valid): 0.8650
2025-12-18 11:25:17,428 - INFO: Epoch: [4][  0/107]	Time  0.194 ( 0.194)	Loss 3.6168e-01 (3.6168e-01)	Acc pseudo  90.62 ( 90.62)	Lr 1.000e-03 (1.000e-03)
2025-12-18 11:25:17,580 - INFO: Epoch: [4][ 50/107]	Time  0.003 ( 0.007)	Loss 2.0092e-01 (2.1713e-01)	Acc pseudo  96.88 ( 94.15)	Lr 1.000e-03 (1.000e-03)
2025-12-18 11:25:17,729 - INFO: Epoch: [4][100/107]	Time  0.002 ( 0.005)	Loss 2.0796e-01 (2.1477e-01)	Acc pseudo  95.31 ( 94.65)	Lr 1.000e-03 (1.000e-03)
2025-12-18 11:25:17,786 - INFO: Round 0, Fine-tune Epoch 4: loss=0.2134, acc(pseudo)=94.60%
2025-12-18 11:25:21,586 - INFO: Round 0, Fine-tune Epoch 4: acc(valid): 0.8925
2025-12-18 11:25:21,787 - INFO: Using HMM model from previous round: runs/the big bang theory/exp_video/result/self_supervised/exp0/initial/pseudo_label/hmm_params.pkl
2025-12-18 11:39:48,996 - INFO: Round 0: acc(valid)=0.8950, acc(test)=0.9081
2025-12-18 11:39:48,998 - INFO: No improvement. Patience(round): 1/5
2025-12-18 11:39:49,003 - INFO: ====================
2025-12-18 11:39:49,003 - INFO: Round 1: Fine-tuning iteration
2025-12-18 11:39:49,003 - INFO: ====================
2025-12-18 11:39:49,014 - INFO: Round 1 Part 1: Fine-tuning embedding model
2025-12-18 11:39:49,015 - INFO: Using pseudo-label file: runs/the big bang theory/exp_video/result/self_supervised/exp0/round0/pseudo_label/pseudo_labels_audio_nested_hmm_full(unreliable_pp=5.0).json
2025-12-18 11:39:49,057 - INFO: Fine-tuning embedding model for 20 epochs...
2025-12-18 11:39:49,239 - INFO: Epoch: [0][  0/107]	Time  0.177 ( 0.177)	Loss 3.6173e-01 (3.6173e-01)	Acc pseudo  89.06 ( 89.06)	Lr 1.000e-03 (1.000e-03)
2025-12-18 11:39:49,390 - INFO: Epoch: [0][ 50/107]	Time  0.003 ( 0.006)	Loss 2.1278e-01 (4.9846e-01)	Acc pseudo  95.31 ( 92.19)	Lr 1.000e-03 (1.000e-03)
2025-12-18 11:39:49,534 - INFO: Epoch: [0][100/107]	Time  0.002 ( 0.005)	Loss 4.9441e-01 (4.7196e-01)	Acc pseudo  92.19 ( 92.47)	Lr 1.000e-03 (1.000e-03)
2025-12-18 11:39:49,590 - INFO: Round 1, Fine-tune Epoch 0: loss=0.4704, acc(pseudo)=92.31%
2025-12-18 11:39:53,263 - INFO: Round 1, Fine-tune Epoch 0: acc(valid): 0.8250
2025-12-18 11:39:53,452 - INFO: Epoch: [1][  0/107]	Time  0.183 ( 0.183)	Loss 3.5323e-01 (3.5323e-01)	Acc pseudo  93.75 ( 93.75)	Lr 1.000e-03 (1.000e-03)
2025-12-18 11:39:53,614 - INFO: Epoch: [1][ 50/107]	Time  0.003 ( 0.007)	Loss 1.3300e-01 (3.2984e-01)	Acc pseudo  93.75 ( 93.11)	Lr 1.000e-03 (1.000e-03)
2025-12-18 11:39:53,759 - INFO: Epoch: [1][100/107]	Time  0.002 ( 0.005)	Loss 5.3461e-01 (3.4030e-01)	Acc pseudo  90.62 ( 93.29)	Lr 1.000e-03 (1.000e-03)
2025-12-18 11:39:53,817 - INFO: Round 1, Fine-tune Epoch 1: loss=0.3376, acc(pseudo)=93.37%
2025-12-18 11:39:57,434 - INFO: Round 1, Fine-tune Epoch 1: acc(valid): 0.8825
2025-12-18 11:39:57,628 - INFO: Epoch: [2][  0/107]	Time  0.188 ( 0.188)	Loss 1.6738e-01 (1.6738e-01)	Acc pseudo  95.31 ( 95.31)	Lr 1.000e-03 (1.000e-03)
2025-12-18 11:39:57,783 - INFO: Epoch: [2][ 50/107]	Time  0.003 ( 0.007)	Loss 3.0413e-01 (2.7834e-01)	Acc pseudo  90.62 ( 94.03)	Lr 1.000e-03 (1.000e-03)
2025-12-18 11:39:57,925 - INFO: Epoch: [2][100/107]	Time  0.002 ( 0.005)	Loss 1.8535e-01 (2.7919e-01)	Acc pseudo  96.88 ( 94.12)	Lr 1.000e-03 (1.000e-03)
2025-12-18 11:39:57,981 - INFO: Round 1, Fine-tune Epoch 2: loss=0.2808, acc(pseudo)=94.11%
2025-12-18 11:40:02,124 - INFO: Round 1, Fine-tune Epoch 2: acc(valid): 0.9000
2025-12-18 11:40:02,304 - INFO: Epoch: [3][  0/107]	Time  0.175 ( 0.175)	Loss 1.1332e-01 (1.1332e-01)	Acc pseudo  96.88 ( 96.88)	Lr 1.000e-03 (1.000e-03)
2025-12-18 11:40:02,459 - INFO: Epoch: [3][ 50/107]	Time  0.003 ( 0.006)	Loss 2.9319e-01 (2.3126e-01)	Acc pseudo  95.31 ( 94.73)	Lr 1.000e-03 (1.000e-03)
2025-12-18 11:40:02,605 - INFO: Epoch: [3][100/107]	Time  0.002 ( 0.005)	Loss 2.6358e-01 (2.6502e-01)	Acc pseudo  92.19 ( 94.12)	Lr 1.000e-03 (1.000e-03)
2025-12-18 11:40:02,664 - INFO: Round 1, Fine-tune Epoch 3: loss=0.2636, acc(pseudo)=94.14%
2025-12-18 11:40:06,333 - INFO: Round 1, Fine-tune Epoch 3: acc(valid): 0.7600
2025-12-18 11:40:06,548 - INFO: Epoch: [4][  0/107]	Time  0.208 ( 0.208)	Loss 2.4527e-01 (2.4527e-01)	Acc pseudo  95.31 ( 95.31)	Lr 1.000e-03 (1.000e-03)
2025-12-18 11:40:06,697 - INFO: Epoch: [4][ 50/107]	Time  0.003 ( 0.007)	Loss 7.4319e-02 (2.3964e-01)	Acc pseudo  98.44 ( 94.24)	Lr 1.000e-03 (1.000e-03)
2025-12-18 11:40:06,840 - INFO: Epoch: [4][100/107]	Time  0.002 ( 0.005)	Loss 3.1259e-01 (2.2706e-01)	Acc pseudo  92.19 ( 94.86)	Lr 1.000e-03 (1.000e-03)
2025-12-18 11:40:06,899 - INFO: Round 1, Fine-tune Epoch 4: loss=0.2238, acc(pseudo)=94.95%
2025-12-18 11:40:11,092 - INFO: Round 1, Fine-tune Epoch 4: acc(valid): 0.8925
2025-12-18 11:40:11,407 - INFO: Using HMM model from previous round: runs/the big bang theory/exp_video/result/self_supervised/exp0/round0/pseudo_label/hmm_params.pkl
2025-12-18 11:57:17,396 - INFO: Round 1: acc(valid)=0.8975, acc(test)=0.8956
2025-12-18 11:57:17,396 - INFO: No improvement. Patience(round): 2/5
2025-12-18 11:57:17,404 - INFO: ====================
2025-12-18 11:57:17,404 - INFO: Round 2: Fine-tuning iteration
2025-12-18 11:57:17,404 - INFO: ====================
2025-12-18 11:57:17,411 - INFO: Round 2 Part 1: Fine-tuning embedding model
2025-12-18 11:57:17,412 - INFO: Using pseudo-label file: runs/the big bang theory/exp_video/result/self_supervised/exp0/round1/pseudo_label/pseudo_labels_audio_nested_hmm_full(unreliable_pp=5.0).json
2025-12-18 11:57:17,482 - INFO: Fine-tuning embedding model for 20 epochs...
2025-12-18 11:57:17,667 - INFO: Epoch: [0][  0/107]	Time  0.181 ( 0.181)	Loss 5.6765e-01 (5.6765e-01)	Acc pseudo  89.06 ( 89.06)	Lr 1.000e-03 (1.000e-03)
2025-12-18 11:57:17,830 - INFO: Epoch: [0][ 50/107]	Time  0.003 ( 0.007)	Loss 1.0981e+00 (4.4688e-01)	Acc pseudo  95.31 ( 92.06)	Lr 1.000e-03 (1.000e-03)
2025-12-18 11:57:17,972 - INFO: Epoch: [0][100/107]	Time  0.002 ( 0.005)	Loss 7.7993e-01 (4.2300e-01)	Acc pseudo  87.50 ( 92.39)	Lr 1.000e-03 (1.000e-03)
2025-12-18 11:57:18,032 - INFO: Round 2, Fine-tune Epoch 0: loss=0.4116, acc(pseudo)=92.56%
2025-12-18 11:57:21,705 - INFO: Round 2, Fine-tune Epoch 0: acc(valid): 0.5625
2025-12-18 11:57:21,890 - INFO: Epoch: [1][  0/107]	Time  0.180 ( 0.180)	Loss 3.8413e-01 (3.8413e-01)	Acc pseudo  93.75 ( 93.75)	Lr 1.000e-03 (1.000e-03)
2025-12-18 11:57:22,038 - INFO: Epoch: [1][ 50/107]	Time  0.003 ( 0.006)	Loss 2.3649e-01 (2.7326e-01)	Acc pseudo  92.19 ( 93.54)	Lr 1.000e-03 (1.000e-03)
2025-12-18 11:57:22,182 - INFO: Epoch: [1][100/107]	Time  0.002 ( 0.005)	Loss 3.1982e-01 (2.8160e-01)	Acc pseudo  93.75 ( 93.60)	Lr 1.000e-03 (1.000e-03)
2025-12-18 11:57:22,240 - INFO: Round 2, Fine-tune Epoch 1: loss=0.2855, acc(pseudo)=93.69%
2025-12-18 11:57:25,950 - INFO: Round 2, Fine-tune Epoch 1: acc(valid): 0.7825
2025-12-18 11:57:26,145 - INFO: Epoch: [2][  0/107]	Time  0.189 ( 0.189)	Loss 1.7690e-01 (1.7690e-01)	Acc pseudo  93.75 ( 93.75)	Lr 1.000e-03 (1.000e-03)
2025-12-18 11:57:26,293 - INFO: Epoch: [2][ 50/107]	Time  0.003 ( 0.007)	Loss 2.1696e-01 (2.6697e-01)	Acc pseudo  92.19 ( 93.81)	Lr 1.000e-03 (1.000e-03)
2025-12-18 11:57:26,451 - INFO: Epoch: [2][100/107]	Time  0.002 ( 0.005)	Loss 2.1104e-01 (2.6333e-01)	Acc pseudo  98.44 ( 93.90)	Lr 1.000e-03 (1.000e-03)
2025-12-18 11:57:26,523 - INFO: Round 2, Fine-tune Epoch 2: loss=0.2630, acc(pseudo)=93.88%
2025-12-18 11:57:31,025 - INFO: Round 2, Fine-tune Epoch 2: acc(valid): 0.8850
2025-12-18 11:57:31,214 - INFO: Epoch: [3][  0/107]	Time  0.184 ( 0.184)	Loss 1.6996e-01 (1.6996e-01)	Acc pseudo  92.19 ( 92.19)	Lr 1.000e-03 (1.000e-03)
2025-12-18 11:57:31,380 - INFO: Epoch: [3][ 50/107]	Time  0.003 ( 0.007)	Loss 1.1581e-01 (2.2864e-01)	Acc pseudo  96.88 ( 94.24)	Lr 1.000e-03 (1.000e-03)
2025-12-18 11:57:31,523 - INFO: Epoch: [3][100/107]	Time  0.002 ( 0.005)	Loss 1.7090e-01 (2.2604e-01)	Acc pseudo  95.31 ( 94.32)	Lr 1.000e-03 (1.000e-03)
2025-12-18 11:57:31,584 - INFO: Round 2, Fine-tune Epoch 3: loss=0.2229, acc(pseudo)=94.35%
2025-12-18 11:57:35,504 - INFO: Round 2, Fine-tune Epoch 3: acc(valid): 0.8900
2025-12-18 11:57:35,704 - INFO: Epoch: [4][  0/107]	Time  0.194 ( 0.194)	Loss 5.7651e-02 (5.7651e-02)	Acc pseudo  96.88 ( 96.88)	Lr 1.000e-03 (1.000e-03)
2025-12-18 11:57:35,856 - INFO: Epoch: [4][ 50/107]	Time  0.003 ( 0.007)	Loss 1.7922e-01 (2.0680e-01)	Acc pseudo  95.31 ( 94.88)	Lr 1.000e-03 (1.000e-03)
2025-12-18 11:57:35,999 - INFO: Epoch: [4][100/107]	Time  0.002 ( 0.005)	Loss 3.7800e-01 (2.1283e-01)	Acc pseudo  93.75 ( 95.11)	Lr 1.000e-03 (1.000e-03)
2025-12-18 11:57:36,060 - INFO: Round 2, Fine-tune Epoch 4: loss=0.2110, acc(pseudo)=95.15%
2025-12-18 11:57:39,675 - INFO: Round 2, Fine-tune Epoch 4: acc(valid): 0.8775
2025-12-18 11:57:39,876 - INFO: Using HMM model from previous round: runs/the big bang theory/exp_video/result/self_supervised/exp0/round1/pseudo_label/hmm_params.pkl
2025-12-18 12:08:26,840 - INFO: Round 2: acc(valid)=0.8700, acc(test)=0.8644
2025-12-18 12:08:26,841 - INFO: No improvement. Patience(round): 3/5
2025-12-18 12:08:26,844 - INFO: ====================
2025-12-18 12:08:26,844 - INFO: Round 3: Fine-tuning iteration
2025-12-18 12:08:26,844 - INFO: ====================
2025-12-18 12:08:26,852 - INFO: Round 3 Part 1: Fine-tuning embedding model
2025-12-18 12:08:26,853 - INFO: Using pseudo-label file: runs/the big bang theory/exp_video/result/self_supervised/exp0/round2/pseudo_label/pseudo_labels_audio_nested_hmm_full(unreliable_pp=5.0).json
2025-12-18 12:08:26,925 - INFO: Fine-tuning embedding model for 20 epochs...
2025-12-18 12:08:27,123 - INFO: Epoch: [0][  0/107]	Time  0.194 ( 0.194)	Loss 1.1499e+00 (1.1499e+00)	Acc pseudo  89.06 ( 89.06)	Lr 1.000e-03 (1.000e-03)
2025-12-18 12:08:27,293 - INFO: Epoch: [0][ 50/107]	Time  0.003 ( 0.007)	Loss 4.3103e-01 (5.4475e-01)	Acc pseudo  90.62 ( 91.02)	Lr 1.000e-03 (1.000e-03)
2025-12-18 12:08:27,449 - INFO: Epoch: [0][100/107]	Time  0.002 ( 0.005)	Loss 3.8295e-01 (5.1139e-01)	Acc pseudo  92.19 ( 91.04)	Lr 1.000e-03 (1.000e-03)
2025-12-18 12:08:27,506 - INFO: Round 3, Fine-tune Epoch 0: loss=0.5115, acc(pseudo)=91.10%
2025-12-18 12:08:31,517 - INFO: Round 3, Fine-tune Epoch 0: acc(valid): 0.8775
2025-12-18 12:08:31,718 - INFO: Epoch: [1][  0/107]	Time  0.196 ( 0.196)	Loss 3.3387e-01 (3.3387e-01)	Acc pseudo  93.75 ( 93.75)	Lr 1.000e-03 (1.000e-03)
2025-12-18 12:08:31,876 - INFO: Epoch: [1][ 50/107]	Time  0.003 ( 0.007)	Loss 7.7865e-01 (3.7324e-01)	Acc pseudo  93.75 ( 92.03)	Lr 1.000e-03 (1.000e-03)
2025-12-18 12:08:32,025 - INFO: Epoch: [1][100/107]	Time  0.002 ( 0.005)	Loss 6.8052e-01 (3.6894e-01)	Acc pseudo  87.50 ( 92.13)	Lr 1.000e-03 (1.000e-03)
2025-12-18 12:08:32,088 - INFO: Round 3, Fine-tune Epoch 1: loss=0.3715, acc(pseudo)=92.05%
2025-12-18 12:08:35,934 - INFO: Round 3, Fine-tune Epoch 1: acc(valid): 0.8400
2025-12-18 12:08:36,135 - INFO: Epoch: [2][  0/107]	Time  0.196 ( 0.196)	Loss 3.9020e-01 (3.9020e-01)	Acc pseudo  89.06 ( 89.06)	Lr 1.000e-03 (1.000e-03)
2025-12-18 12:08:36,313 - INFO: Epoch: [2][ 50/107]	Time  0.003 ( 0.007)	Loss 8.0906e-01 (3.2296e-01)	Acc pseudo  84.38 ( 92.31)	Lr 1.000e-03 (1.000e-03)
2025-12-18 12:08:36,488 - INFO: Epoch: [2][100/107]	Time  0.003 ( 0.005)	Loss 1.8587e-01 (3.2269e-01)	Acc pseudo  95.31 ( 92.71)	Lr 1.000e-03 (1.000e-03)
2025-12-18 12:08:36,552 - INFO: Round 3, Fine-tune Epoch 2: loss=0.3218, acc(pseudo)=92.71%
2025-12-18 12:08:40,619 - INFO: Round 3, Fine-tune Epoch 2: acc(valid): 0.8875
2025-12-18 12:08:40,821 - INFO: Epoch: [3][  0/107]	Time  0.196 ( 0.196)	Loss 2.1335e-01 (2.1335e-01)	Acc pseudo  95.31 ( 95.31)	Lr 1.000e-03 (1.000e-03)
2025-12-18 12:08:40,979 - INFO: Epoch: [3][ 50/107]	Time  0.003 ( 0.007)	Loss 1.1925e-01 (2.9924e-01)	Acc pseudo  95.31 ( 93.23)	Lr 1.000e-03 (1.000e-03)
2025-12-18 12:08:41,124 - INFO: Epoch: [3][100/107]	Time  0.002 ( 0.005)	Loss 2.8089e-01 (3.0366e-01)	Acc pseudo  92.19 ( 92.85)	Lr 1.000e-03 (1.000e-03)
2025-12-18 12:08:41,191 - INFO: Round 3, Fine-tune Epoch 3: loss=0.2990, acc(pseudo)=92.84%
2025-12-18 12:08:44,999 - INFO: Round 3, Fine-tune Epoch 3: acc(valid): 0.8150
2025-12-18 12:08:45,210 - INFO: Epoch: [4][  0/107]	Time  0.206 ( 0.206)	Loss 2.5637e-01 (2.5637e-01)	Acc pseudo  92.19 ( 92.19)	Lr 1.000e-03 (1.000e-03)
2025-12-18 12:08:45,362 - INFO: Epoch: [4][ 50/107]	Time  0.002 ( 0.007)	Loss 3.6545e-01 (2.4427e-01)	Acc pseudo  92.19 ( 94.03)	Lr 1.000e-03 (1.000e-03)
2025-12-18 12:08:45,510 - INFO: Epoch: [4][100/107]	Time  0.003 ( 0.005)	Loss 5.6839e-01 (2.6404e-01)	Acc pseudo  90.62 ( 93.73)	Lr 1.000e-03 (1.000e-03)
2025-12-18 12:08:45,574 - INFO: Round 3, Fine-tune Epoch 4: loss=0.2670, acc(pseudo)=93.70%
2025-12-18 12:08:49,415 - INFO: Round 3, Fine-tune Epoch 4: acc(valid): 0.8625
2025-12-18 12:08:49,640 - INFO: Using HMM model from previous round: runs/the big bang theory/exp_video/result/self_supervised/exp0/round2/pseudo_label/hmm_params.pkl
2025-12-18 12:19:22,930 - INFO: Round 3: acc(valid)=0.8700, acc(test)=0.8556
2025-12-18 12:19:22,931 - INFO: No improvement. Patience(round): 4/5
2025-12-18 12:19:22,933 - INFO: ====================
2025-12-18 12:19:22,933 - INFO: Round 4: Fine-tuning iteration
2025-12-18 12:19:22,933 - INFO: ====================
2025-12-18 12:19:22,942 - INFO: Round 4 Part 1: Fine-tuning embedding model
2025-12-18 12:19:22,943 - INFO: Using pseudo-label file: runs/the big bang theory/exp_video/result/self_supervised/exp0/round3/pseudo_label/pseudo_labels_audio_nested_hmm_full(unreliable_pp=5.0).json
2025-12-18 12:19:23,021 - INFO: Fine-tuning embedding model for 20 epochs...
2025-12-18 12:19:23,227 - INFO: Epoch: [0][  0/107]	Time  0.201 ( 0.201)	Loss 6.6411e-01 (6.6411e-01)	Acc pseudo  89.06 ( 89.06)	Lr 1.000e-03 (1.000e-03)
2025-12-18 12:19:23,394 - INFO: Epoch: [0][ 50/107]	Time  0.003 ( 0.007)	Loss 3.7073e-01 (4.5985e-01)	Acc pseudo  92.19 ( 91.61)	Lr 1.000e-03 (1.000e-03)
2025-12-18 12:19:23,549 - INFO: Epoch: [0][100/107]	Time  0.002 ( 0.005)	Loss 3.4889e-01 (4.2328e-01)	Acc pseudo  93.75 ( 91.74)	Lr 1.000e-03 (1.000e-03)
2025-12-18 12:19:23,610 - INFO: Round 4, Fine-tune Epoch 0: loss=0.4185, acc(pseudo)=91.79%
2025-12-18 12:19:27,449 - INFO: Round 4, Fine-tune Epoch 0: acc(valid): 0.7925
2025-12-18 12:19:27,668 - INFO: Epoch: [1][  0/107]	Time  0.214 ( 0.214)	Loss 1.0238e-01 (1.0238e-01)	Acc pseudo  96.88 ( 96.88)	Lr 1.000e-03 (1.000e-03)
2025-12-18 12:19:27,834 - INFO: Epoch: [1][ 50/107]	Time  0.004 ( 0.007)	Loss 3.1808e-01 (3.2093e-01)	Acc pseudo  89.06 ( 92.43)	Lr 1.000e-03 (1.000e-03)
2025-12-18 12:19:28,036 - INFO: Epoch: [1][100/107]	Time  0.002 ( 0.006)	Loss 3.6215e-01 (3.2283e-01)	Acc pseudo  93.75 ( 92.81)	Lr 1.000e-03 (1.000e-03)
2025-12-18 12:19:28,102 - INFO: Round 4, Fine-tune Epoch 1: loss=0.3199, acc(pseudo)=92.93%
2025-12-18 12:19:32,595 - INFO: Round 4, Fine-tune Epoch 1: acc(valid): 0.8650
2025-12-18 12:19:32,788 - INFO: Epoch: [2][  0/107]	Time  0.187 ( 0.187)	Loss 1.7366e-01 (1.7366e-01)	Acc pseudo  92.19 ( 92.19)	Lr 1.000e-03 (1.000e-03)
2025-12-18 12:19:32,992 - INFO: Epoch: [2][ 50/107]	Time  0.003 ( 0.008)	Loss 3.1132e-01 (2.8388e-01)	Acc pseudo  90.62 ( 93.41)	Lr 1.000e-03 (1.000e-03)
2025-12-18 12:19:33,178 - INFO: Epoch: [2][100/107]	Time  0.002 ( 0.006)	Loss 4.2771e-01 (2.9040e-01)	Acc pseudo  96.88 ( 93.18)	Lr 1.000e-03 (1.000e-03)
2025-12-18 12:19:33,237 - INFO: Round 4, Fine-tune Epoch 2: loss=0.2945, acc(pseudo)=93.15%
2025-12-18 12:19:37,481 - INFO: Round 4, Fine-tune Epoch 2: acc(valid): 0.7775
2025-12-18 12:19:37,690 - INFO: Epoch: [3][  0/107]	Time  0.204 ( 0.204)	Loss 1.8116e-01 (1.8116e-01)	Acc pseudo  93.75 ( 93.75)	Lr 1.000e-03 (1.000e-03)
2025-12-18 12:19:37,872 - INFO: Epoch: [3][ 50/107]	Time  0.004 ( 0.007)	Loss 9.5866e-02 (2.8066e-01)	Acc pseudo  98.44 ( 93.23)	Lr 1.000e-03 (1.000e-03)
2025-12-18 12:19:38,059 - INFO: Epoch: [3][100/107]	Time  0.003 ( 0.006)	Loss 2.4795e-01 (2.4747e-01)	Acc pseudo  93.75 ( 93.60)	Lr 1.000e-03 (1.000e-03)
2025-12-18 12:19:38,125 - INFO: Round 4, Fine-tune Epoch 3: loss=0.2452, acc(pseudo)=93.67%
2025-12-18 12:19:42,568 - INFO: Round 4, Fine-tune Epoch 3: acc(valid): 0.7725
2025-12-18 12:19:42,877 - INFO: Epoch: [4][  0/107]	Time  0.299 ( 0.299)	Loss 2.4630e-01 (2.4630e-01)	Acc pseudo  93.75 ( 93.75)	Lr 1.000e-03 (1.000e-03)
2025-12-18 12:19:43,063 - INFO: Epoch: [4][ 50/107]	Time  0.003 ( 0.009)	Loss 2.0137e-01 (2.1792e-01)	Acc pseudo  95.31 ( 94.42)	Lr 1.000e-03 (1.000e-03)
2025-12-18 12:19:43,244 - INFO: Epoch: [4][100/107]	Time  0.002 ( 0.007)	Loss 6.7523e-01 (2.4017e-01)	Acc pseudo  87.50 ( 94.20)	Lr 1.000e-03 (1.000e-03)
2025-12-18 12:19:43,307 - INFO: Round 4, Fine-tune Epoch 4: loss=0.2423, acc(pseudo)=94.16%
2025-12-18 12:19:47,617 - INFO: Round 4, Fine-tune Epoch 4: acc(valid): 0.8425
2025-12-18 12:19:47,923 - INFO: Using HMM model from previous round: runs/the big bang theory/exp_video/result/self_supervised/exp0/round3/pseudo_label/hmm_params.pkl
2025-12-18 12:37:28,205 - INFO: Round 4: acc(valid)=0.8500, acc(test)=0.8406
2025-12-18 12:37:28,207 - INFO: No improvement. Patience(round): 5/5
2025-12-18 12:37:28,211 - INFO: Early stopping triggered at round 0.
2025-12-18 12:37:28,211 - INFO: ====================
2025-12-18 12:37:28,211 - INFO: Self-supervised fine-tuning completed!
2025-12-18 12:37:28,211 - INFO: Initial: acc(valid)=0.9000, acc(test)=0.9162
2025-12-18 12:37:28,211 - INFO: Best acc(valid) at round 0: acc(valid)=0.9000, acc(test)=0.9162
2025-12-18 12:37:28,211 - INFO: Improvement for acc(valid): 0.0000 (0.00%)
2025-12-18 12:37:28,211 - INFO: Improvement for acc(test): 0.0000 (0.00%)
2025-12-18 12:37:28,211 - INFO: ====================
