2026-03-23 22:37:05,616 - INFO: Starting self-supervised fine-tuning pipeline
2026-03-23 22:37:05,617 - INFO: Device: cuda:0
2026-03-23 22:37:05,620 - INFO: Saved arguments to runs/the big bang theory/exp_video_ablation/result/d/self_supervised/exp0/args.json
2026-03-23 22:37:05,621 - INFO: ====================
2026-03-23 22:37:05,621 - INFO: Initialization: Initial clustering with HMM correction
2026-03-23 22:37:05,621 - INFO: ====================
2026-03-23 22:52:07,711 - INFO: Saved initial clustering results to runs/the big bang theory/exp_video_ablation/result/d/self_supervised/exp0/initial
2026-03-23 22:52:07,711 - INFO: Initial: speaker_acc=0.8750
2026-03-23 22:52:07,719 - INFO: ====================
2026-03-23 22:52:07,719 - INFO: Round 0: Fine-tuning iteration
2026-03-23 22:52:07,719 - INFO: ====================
2026-03-23 22:52:07,784 - INFO: Round 0 Part 1: Fine-tuning embedding model
2026-03-23 22:52:07,786 - INFO: Using pseudo-label file: runs/the big bang theory/exp_video_ablation/result/d/self_supervised/exp0/initial/pseudo_label/pseudo_labels_audio_hmmx_X_only(unreliable_pp=20.0).json
2026-03-23 22:52:11,002 - INFO: Speaker embedding dimension: 512
2026-03-23 22:52:11,498 - INFO: Saved speaker config_model to runs/the big bang theory/exp_video_ablation/result/d/self_supervised/exp0/round0/config_model_speaker.json
2026-03-23 22:53:35,943 - INFO: Extracting hidden features for all speaker samples, which are outputs of StatsPool layer...
2026-03-23 22:53:35,943 - INFO: args.unfrozen_layers_num=2 is not used when extracting hidden features.
2026-03-23 22:57:17,011 - INFO: Hidden features extracted for 6829 speaker samples
2026-03-23 22:57:17,149 - INFO: Warmup training speaker classifier for 2 epochs...
2026-03-23 22:57:17,826 - INFO: Epoch: [0][  0/107]	Time  0.673 ( 0.673)	Loss 2.4895e+00 (2.4895e+00)	Acc pseudo   6.25 (  6.25)	Lr 1.000e-03 (1.000e-03)
2026-03-23 22:57:17,968 - INFO: Epoch: [0][ 50/107]	Time  0.002 ( 0.016)	Loss 8.6880e-01 (1.3552e+00)	Acc pseudo  84.38 ( 73.99)	Lr 1.000e-03 (1.000e-03)
2026-03-23 22:57:18,091 - INFO: Epoch: [0][100/107]	Time  0.002 ( 0.009)	Loss 8.3694e-01 (1.0939e+00)	Acc pseudo  82.81 ( 79.84)	Lr 1.000e-03 (1.000e-03)
2026-03-23 22:57:18,143 - INFO: Round 0, Speaker Warmup Epoch 0: loss=1.0795, acc(pseudo)=80.13%
2026-03-23 22:57:18,280 - INFO: Epoch: [1][  0/107]	Time  0.133 ( 0.133)	Loss 7.1336e-01 (7.1336e-01)	Acc pseudo  89.06 ( 89.06)	Lr 1.000e-03 (1.000e-03)
2026-03-23 22:57:18,412 - INFO: Epoch: [1][ 50/107]	Time  0.003 ( 0.005)	Loss 5.5871e-01 (6.8437e-01)	Acc pseudo  89.06 ( 87.38)	Lr 1.000e-03 (1.000e-03)
2026-03-23 22:57:18,534 - INFO: Epoch: [1][100/107]	Time  0.002 ( 0.004)	Loss 9.5248e-01 (6.9442e-01)	Acc pseudo  82.81 ( 86.96)	Lr 1.000e-03 (1.000e-03)
2026-03-23 22:57:18,586 - INFO: Round 0, Speaker Warmup Epoch 1: loss=0.6955, acc(pseudo)=86.92%
2026-03-23 22:57:18,605 - INFO: Fine-tuning speaker embedding model for 20 epochs...
2026-03-23 22:57:19,430 - INFO: Epoch: [0][  0/107]	Time  0.820 ( 0.820)	Loss 5.5198e-01 (5.5198e-01)	Acc pseudo  89.06 ( 89.06)	Lr 1.000e-03 (1.000e-03)
2026-03-23 22:57:19,603 - INFO: Epoch: [0][ 50/107]	Time  0.003 ( 0.019)	Loss 7.6019e-01 (8.2134e-01)	Acc pseudo  85.94 ( 83.73)	Lr 1.000e-03 (1.000e-03)
2026-03-23 22:57:19,742 - INFO: Epoch: [0][100/107]	Time  0.002 ( 0.011)	Loss 6.9596e-01 (7.5349e-01)	Acc pseudo  89.06 ( 84.93)	Lr 1.000e-03 (1.000e-03)
2026-03-23 22:57:19,799 - INFO: Round 0, Fine-tune Epoch 0: loss=0.7519, acc(pseudo)=84.99%
2026-03-23 22:57:24,443 - INFO: Round 0, Fine-tune Epoch 0: acc(valid_pseudo): 0.7782, acc: 0.7675
2026-03-23 22:57:24,881 - INFO: Epoch: [1][  0/107]	Time  0.152 ( 0.152)	Loss 3.4815e-01 (3.4815e-01)	Acc pseudo  92.19 ( 92.19)	Lr 1.000e-03 (1.000e-03)
2026-03-23 22:57:25,049 - INFO: Epoch: [1][ 50/107]	Time  0.003 ( 0.006)	Loss 5.9280e-01 (6.1956e-01)	Acc pseudo  84.38 ( 86.86)	Lr 1.000e-03 (1.000e-03)
2026-03-23 22:57:25,202 - INFO: Epoch: [1][100/107]	Time  0.002 ( 0.005)	Loss 6.1801e-01 (6.1161e-01)	Acc pseudo  90.62 ( 86.82)	Lr 1.000e-03 (1.000e-03)
2026-03-23 22:57:25,262 - INFO: Round 0, Fine-tune Epoch 1: loss=0.6128, acc(pseudo)=86.79%
2026-03-23 22:57:30,072 - INFO: Round 0, Fine-tune Epoch 1: acc(valid_pseudo): 0.9356, acc: 0.8550
2026-03-23 22:57:30,799 - INFO: Epoch: [2][  0/107]	Time  0.269 ( 0.269)	Loss 6.4750e-01 (6.4750e-01)	Acc pseudo  84.38 ( 84.38)	Lr 1.000e-03 (1.000e-03)
2026-03-23 22:57:30,973 - INFO: Epoch: [2][ 50/107]	Time  0.003 ( 0.009)	Loss 6.6955e-01 (5.3585e-01)	Acc pseudo  84.38 ( 87.10)	Lr 1.000e-03 (1.000e-03)
2026-03-23 22:57:31,127 - INFO: Epoch: [2][100/107]	Time  0.002 ( 0.006)	Loss 8.1320e-01 (5.5584e-01)	Acc pseudo  84.38 ( 87.10)	Lr 1.000e-03 (1.000e-03)
2026-03-23 22:57:31,203 - INFO: Round 0, Fine-tune Epoch 2: loss=0.5519, acc(pseudo)=87.32%
2026-03-23 22:57:35,433 - INFO: Round 0, Fine-tune Epoch 2: acc(valid_pseudo): 0.9556, acc: 0.8475
2026-03-23 22:57:35,898 - INFO: Epoch: [3][  0/107]	Time  0.160 ( 0.160)	Loss 4.4184e-01 (4.4184e-01)	Acc pseudo  90.62 ( 90.62)	Lr 1.000e-03 (1.000e-03)
2026-03-23 22:57:36,062 - INFO: Epoch: [3][ 50/107]	Time  0.003 ( 0.006)	Loss 5.2245e-01 (5.1013e-01)	Acc pseudo  85.94 ( 88.08)	Lr 1.000e-03 (1.000e-03)
2026-03-23 22:57:36,209 - INFO: Epoch: [3][100/107]	Time  0.002 ( 0.005)	Loss 3.7766e-01 (5.0759e-01)	Acc pseudo  90.62 ( 88.44)	Lr 1.000e-03 (1.000e-03)
2026-03-23 22:57:36,268 - INFO: Round 0, Fine-tune Epoch 3: loss=0.5020, acc(pseudo)=88.56%
2026-03-23 22:57:40,360 - INFO: Round 0, Fine-tune Epoch 3: acc(valid_pseudo): 0.9674, acc: 0.8355
2026-03-23 22:57:40,798 - INFO: Epoch: [4][  0/107]	Time  0.157 ( 0.157)	Loss 3.8068e-01 (3.8068e-01)	Acc pseudo  85.94 ( 85.94)	Lr 1.000e-03 (1.000e-03)
2026-03-23 22:57:41,007 - INFO: Epoch: [4][ 50/107]	Time  0.004 ( 0.007)	Loss 4.7899e-01 (4.8609e-01)	Acc pseudo  89.06 ( 87.87)	Lr 1.000e-03 (1.000e-03)
2026-03-23 22:57:41,195 - INFO: Epoch: [4][100/107]	Time  0.003 ( 0.005)	Loss 5.1790e-01 (4.7275e-01)	Acc pseudo  85.94 ( 88.52)	Lr 1.000e-03 (1.000e-03)
2026-03-23 22:57:41,259 - INFO: Round 0, Fine-tune Epoch 4: loss=0.4715, acc(pseudo)=88.55%
2026-03-23 22:57:46,071 - INFO: Round 0, Fine-tune Epoch 4: acc(valid_pseudo): 0.9858, acc: 0.8805
2026-03-23 22:57:46,519 - INFO: Epoch: [5][  0/107]	Time  0.155 ( 0.155)	Loss 6.1702e-01 (6.1702e-01)	Acc pseudo  82.81 ( 82.81)	Lr 1.000e-03 (1.000e-03)
2026-03-23 22:57:46,679 - INFO: Epoch: [5][ 50/107]	Time  0.003 ( 0.006)	Loss 2.0484e-01 (4.0974e-01)	Acc pseudo  95.31 ( 89.86)	Lr 1.000e-03 (1.000e-03)
2026-03-23 22:57:46,825 - INFO: Epoch: [5][100/107]	Time  0.002 ( 0.004)	Loss 3.7728e-01 (4.2980e-01)	Acc pseudo  89.06 ( 89.54)	Lr 1.000e-03 (1.000e-03)
2026-03-23 22:57:46,882 - INFO: Round 0, Fine-tune Epoch 5: loss=0.4296, acc(pseudo)=89.50%
2026-03-23 22:57:51,078 - INFO: Round 0, Fine-tune Epoch 5: acc(valid_pseudo): 0.9289, acc: 0.8375
2026-03-23 22:57:51,078 - INFO: Round 0, Speaker Fine-tune Epoch 5: No improvement in validation accuracy. Patience(epoch): 1/3
2026-03-23 22:57:51,078 - INFO: Early stopping at epoch 5 due to significant drop in pseudo-label validation accuracy: 0.9858 -> 0.9289.
2026-03-23 22:57:51,079 - INFO: Round 0: Best speaker fine-tuned epoch=4, acc(valid_pseudo)=0.9858
2026-03-23 22:57:51,086 - INFO: Using HMM model from previous round: runs/the big bang theory/exp_video_ablation/result/d/self_supervised/exp0/initial/pseudo_label/hmm_params.pkl
2026-03-23 23:07:08,039 - INFO: Round 0: speaker_acc=0.8645
2026-03-23 23:07:08,042 - INFO: ====================
2026-03-23 23:07:08,042 - INFO: Round 1: Fine-tuning iteration
2026-03-23 23:07:08,042 - INFO: ====================
2026-03-23 23:07:08,079 - INFO: Round 1 Part 1: Fine-tuning embedding model
2026-03-23 23:07:08,080 - INFO: Using pseudo-label file: runs/the big bang theory/exp_video_ablation/result/d/self_supervised/exp0/round0/pseudo_label/pseudo_labels_audio_hmmx_X_only(unreliable_pp=20.0).json
2026-03-23 23:07:08,099 - INFO: Fine-tuning speaker embedding model for 20 epochs...
2026-03-23 23:07:08,259 - INFO: Epoch: [0][  0/107]	Time  0.156 ( 0.156)	Loss 9.7499e-01 (9.7499e-01)	Acc pseudo  81.25 ( 81.25)	Lr 1.000e-03 (1.000e-03)
2026-03-23 23:07:08,422 - INFO: Epoch: [0][ 50/107]	Time  0.003 ( 0.006)	Loss 3.8588e-01 (6.2154e-01)	Acc pseudo  87.50 ( 85.57)	Lr 1.000e-03 (1.000e-03)
2026-03-23 23:07:08,567 - INFO: Epoch: [0][100/107]	Time  0.002 ( 0.005)	Loss 1.3853e+00 (6.3008e-01)	Acc pseudo  81.25 ( 85.58)	Lr 1.000e-03 (1.000e-03)
2026-03-23 23:07:08,623 - INFO: Round 1, Fine-tune Epoch 0: loss=0.6266, acc(pseudo)=85.81%
2026-03-23 23:07:12,832 - INFO: Round 1, Fine-tune Epoch 0: acc(valid_pseudo): 0.8678, acc: 0.8410
2026-03-23 23:07:13,294 - INFO: Epoch: [1][  0/107]	Time  0.174 ( 0.174)	Loss 4.3925e-01 (4.3925e-01)	Acc pseudo  87.50 ( 87.50)	Lr 1.000e-03 (1.000e-03)
2026-03-23 23:07:13,451 - INFO: Epoch: [1][ 50/107]	Time  0.003 ( 0.006)	Loss 5.2199e-01 (5.3631e-01)	Acc pseudo  85.94 ( 87.53)	Lr 1.000e-03 (1.000e-03)
2026-03-23 23:07:13,598 - INFO: Epoch: [1][100/107]	Time  0.002 ( 0.005)	Loss 8.9512e-01 (5.3462e-01)	Acc pseudo  79.69 ( 87.53)	Lr 1.000e-03 (1.000e-03)
2026-03-23 23:07:13,666 - INFO: Round 1, Fine-tune Epoch 1: loss=0.5416, acc(pseudo)=87.32%
2026-03-23 23:07:18,217 - INFO: Round 1, Fine-tune Epoch 1: acc(valid_pseudo): 0.9824, acc: 0.8820
2026-03-23 23:07:18,661 - INFO: Epoch: [2][  0/107]	Time  0.159 ( 0.159)	Loss 4.6046e-01 (4.6046e-01)	Acc pseudo  87.50 ( 87.50)	Lr 1.000e-03 (1.000e-03)
2026-03-23 23:07:18,825 - INFO: Epoch: [2][ 50/107]	Time  0.003 ( 0.006)	Loss 3.9244e-01 (5.0290e-01)	Acc pseudo  92.19 ( 88.08)	Lr 1.000e-03 (1.000e-03)
2026-03-23 23:07:18,973 - INFO: Epoch: [2][100/107]	Time  0.002 ( 0.005)	Loss 5.4234e-01 (4.9149e-01)	Acc pseudo  92.19 ( 88.30)	Lr 1.000e-03 (1.000e-03)
2026-03-23 23:07:19,029 - INFO: Round 1, Fine-tune Epoch 2: loss=0.4918, acc(pseudo)=88.30%
2026-03-23 23:07:23,153 - INFO: Round 1, Fine-tune Epoch 2: acc(valid_pseudo): 0.9715, acc: 0.8645
2026-03-23 23:07:23,154 - INFO: Round 1, Speaker Fine-tune Epoch 2: No improvement in validation accuracy. Patience(epoch): 1/3
2026-03-23 23:07:23,319 - INFO: Epoch: [3][  0/107]	Time  0.160 ( 0.160)	Loss 6.6800e-01 (6.6800e-01)	Acc pseudo  89.06 ( 89.06)	Lr 1.000e-03 (1.000e-03)
2026-03-23 23:07:23,479 - INFO: Epoch: [3][ 50/107]	Time  0.003 ( 0.006)	Loss 4.0150e-01 (4.4544e-01)	Acc pseudo  87.50 ( 89.37)	Lr 1.000e-03 (1.000e-03)
2026-03-23 23:07:23,622 - INFO: Epoch: [3][100/107]	Time  0.002 ( 0.005)	Loss 3.7852e-01 (4.6719e-01)	Acc pseudo  92.19 ( 88.40)	Lr 1.000e-03 (1.000e-03)
2026-03-23 23:07:23,679 - INFO: Round 1, Fine-tune Epoch 3: loss=0.4621, acc(pseudo)=88.49%
2026-03-23 23:07:28,012 - INFO: Round 1, Fine-tune Epoch 3: acc(valid_pseudo): 0.9665, acc: 0.8765
2026-03-23 23:07:28,012 - INFO: Round 1, Speaker Fine-tune Epoch 3: No improvement in validation accuracy. Patience(epoch): 2/3
2026-03-23 23:07:28,173 - INFO: Epoch: [4][  0/107]	Time  0.155 ( 0.155)	Loss 2.7591e-01 (2.7591e-01)	Acc pseudo  90.62 ( 90.62)	Lr 1.000e-03 (1.000e-03)
2026-03-23 23:07:28,327 - INFO: Epoch: [4][ 50/107]	Time  0.003 ( 0.006)	Loss 3.7735e-01 (4.3847e-01)	Acc pseudo  93.75 ( 89.22)	Lr 1.000e-03 (1.000e-03)
2026-03-23 23:07:28,470 - INFO: Epoch: [4][100/107]	Time  0.002 ( 0.004)	Loss 3.8305e-01 (4.3422e-01)	Acc pseudo  89.06 ( 89.17)	Lr 1.000e-03 (1.000e-03)
2026-03-23 23:07:28,526 - INFO: Round 1, Fine-tune Epoch 4: loss=0.4363, acc(pseudo)=89.08%
2026-03-23 23:07:33,416 - INFO: Round 1, Fine-tune Epoch 4: acc(valid_pseudo): 0.8343, acc: 0.7865
2026-03-23 23:07:33,416 - INFO: Round 1, Speaker Fine-tune Epoch 4: No improvement in validation accuracy. Patience(epoch): 3/3
2026-03-23 23:07:33,416 - INFO: Early stopping at epoch 4 due to no improvement in validation accuracy for 3 epochs.
2026-03-23 23:07:33,417 - INFO: Round 1: Best speaker fine-tuned epoch=1, acc(valid_pseudo)=0.9824
2026-03-23 23:07:33,425 - INFO: Using HMM model from previous round: runs/the big bang theory/exp_video_ablation/result/d/self_supervised/exp0/round0/pseudo_label/hmm_params.pkl
2026-03-23 23:11:14,733 - INFO: Round 1: speaker_acc=0.8580
2026-03-23 23:11:14,736 - INFO: ====================
2026-03-23 23:11:14,736 - INFO: Round 2: Fine-tuning iteration
2026-03-23 23:11:14,736 - INFO: ====================
2026-03-23 23:11:14,823 - INFO: Round 2 Part 1: Fine-tuning embedding model
2026-03-23 23:11:14,823 - INFO: Using pseudo-label file: runs/the big bang theory/exp_video_ablation/result/d/self_supervised/exp0/round1/pseudo_label/pseudo_labels_audio_hmmx_X_only(unreliable_pp=20.0).json
2026-03-23 23:11:14,843 - INFO: Fine-tuning speaker embedding model for 20 epochs...
2026-03-23 23:11:15,001 - INFO: Epoch: [0][  0/107]	Time  0.154 ( 0.154)	Loss 1.4791e+00 (1.4791e+00)	Acc pseudo  81.25 ( 81.25)	Lr 1.000e-03 (1.000e-03)
2026-03-23 23:11:15,161 - INFO: Epoch: [0][ 50/107]	Time  0.003 ( 0.006)	Loss 3.5011e-01 (6.1609e-01)	Acc pseudo  92.19 ( 87.16)	Lr 1.000e-03 (1.000e-03)
2026-03-23 23:11:15,308 - INFO: Epoch: [0][100/107]	Time  0.002 ( 0.004)	Loss 5.2593e-01 (6.0975e-01)	Acc pseudo  82.81 ( 86.91)	Lr 1.000e-03 (1.000e-03)
2026-03-23 23:11:15,370 - INFO: Round 2, Fine-tune Epoch 0: loss=0.6025, acc(pseudo)=87.13%
2026-03-23 23:11:21,079 - INFO: Round 2, Fine-tune Epoch 0: acc(valid_pseudo): 0.9665, acc: 0.8405
2026-03-23 23:11:21,510 - INFO: Epoch: [1][  0/107]	Time  0.163 ( 0.163)	Loss 3.5706e-01 (3.5706e-01)	Acc pseudo  93.75 ( 93.75)	Lr 1.000e-03 (1.000e-03)
2026-03-23 23:11:21,720 - INFO: Epoch: [1][ 50/107]	Time  0.004 ( 0.007)	Loss 3.8266e-01 (4.6366e-01)	Acc pseudo  87.50 ( 88.76)	Lr 1.000e-03 (1.000e-03)
2026-03-23 23:11:21,900 - INFO: Epoch: [1][100/107]	Time  0.002 ( 0.005)	Loss 4.3925e-01 (4.8266e-01)	Acc pseudo  85.94 ( 88.49)	Lr 1.000e-03 (1.000e-03)
2026-03-23 23:11:21,958 - INFO: Round 2, Fine-tune Epoch 1: loss=0.4870, acc(pseudo)=88.36%
2026-03-23 23:11:26,022 - INFO: Round 2, Fine-tune Epoch 1: acc(valid_pseudo): 0.9782, acc: 0.8485
2026-03-23 23:11:26,458 - INFO: Epoch: [2][  0/107]	Time  0.155 ( 0.155)	Loss 4.0622e-01 (4.0622e-01)	Acc pseudo  92.19 ( 92.19)	Lr 1.000e-03 (1.000e-03)
2026-03-23 23:11:26,620 - INFO: Epoch: [2][ 50/107]	Time  0.003 ( 0.006)	Loss 4.5180e-01 (4.4386e-01)	Acc pseudo  93.75 ( 89.52)	Lr 1.000e-03 (1.000e-03)
2026-03-23 23:11:26,770 - INFO: Epoch: [2][100/107]	Time  0.002 ( 0.005)	Loss 4.9891e-01 (4.2884e-01)	Acc pseudo  89.06 ( 89.82)	Lr 1.000e-03 (1.000e-03)
2026-03-23 23:11:26,825 - INFO: Round 2, Fine-tune Epoch 2: loss=0.4322, acc(pseudo)=89.72%
2026-03-23 23:11:30,983 - INFO: Round 2, Fine-tune Epoch 2: acc(valid_pseudo): 0.9565, acc: 0.8250
2026-03-23 23:11:30,983 - INFO: Round 2, Speaker Fine-tune Epoch 2: No improvement in validation accuracy. Patience(epoch): 1/3
2026-03-23 23:11:31,265 - INFO: Epoch: [3][  0/107]	Time  0.273 ( 0.273)	Loss 4.8653e-01 (4.8653e-01)	Acc pseudo  89.06 ( 89.06)	Lr 1.000e-03 (1.000e-03)
2026-03-23 23:11:31,482 - INFO: Epoch: [3][ 50/107]	Time  0.004 ( 0.010)	Loss 3.6787e-01 (4.0541e-01)	Acc pseudo  90.62 ( 89.92)	Lr 1.000e-03 (1.000e-03)
2026-03-23 23:11:31,676 - INFO: Epoch: [3][100/107]	Time  0.003 ( 0.007)	Loss 3.4029e-01 (4.2099e-01)	Acc pseudo  87.50 ( 89.68)	Lr 1.000e-03 (1.000e-03)
2026-03-23 23:11:31,739 - INFO: Round 2, Fine-tune Epoch 3: loss=0.4133, acc(pseudo)=89.87%
2026-03-23 23:11:37,038 - INFO: Round 2, Fine-tune Epoch 3: acc(valid_pseudo): 0.8669, acc: 0.7250
2026-03-23 23:11:37,039 - INFO: Round 2, Speaker Fine-tune Epoch 3: No improvement in validation accuracy. Patience(epoch): 2/3
2026-03-23 23:11:37,039 - INFO: Early stopping at epoch 3 due to significant drop in pseudo-label validation accuracy: 0.9565 -> 0.8669.
2026-03-23 23:11:37,040 - INFO: Round 2: Best speaker fine-tuned epoch=1, acc(valid_pseudo)=0.9782
2026-03-23 23:11:37,053 - INFO: Using HMM model from previous round: runs/the big bang theory/exp_video_ablation/result/d/self_supervised/exp0/round1/pseudo_label/hmm_params.pkl
2026-03-23 23:18:59,464 - INFO: Round 2: speaker_acc=0.8505
2026-03-23 23:18:59,466 - INFO: ====================
2026-03-23 23:18:59,466 - INFO: Round 3: Fine-tuning iteration
2026-03-23 23:18:59,466 - INFO: ====================
2026-03-23 23:18:59,519 - INFO: Round 3 Part 1: Fine-tuning embedding model
2026-03-23 23:18:59,520 - INFO: Using pseudo-label file: runs/the big bang theory/exp_video_ablation/result/d/self_supervised/exp0/round2/pseudo_label/pseudo_labels_audio_hmmx_X_only(unreliable_pp=20.0).json
2026-03-23 23:18:59,539 - INFO: Fine-tuning speaker embedding model for 20 epochs...
2026-03-23 23:18:59,714 - INFO: Epoch: [0][  0/107]	Time  0.171 ( 0.171)	Loss 6.6544e-01 (6.6544e-01)	Acc pseudo  85.94 ( 85.94)	Lr 1.000e-03 (1.000e-03)
2026-03-23 23:18:59,872 - INFO: Epoch: [0][ 50/107]	Time  0.003 ( 0.006)	Loss 8.8135e-01 (7.1001e-01)	Acc pseudo  84.38 ( 85.69)	Lr 1.000e-03 (1.000e-03)
2026-03-23 23:19:00,022 - INFO: Epoch: [0][100/107]	Time  0.002 ( 0.005)	Loss 8.7902e-01 (6.6336e-01)	Acc pseudo  78.12 ( 85.63)	Lr 1.000e-03 (1.000e-03)
2026-03-23 23:19:00,080 - INFO: Round 3, Fine-tune Epoch 0: loss=0.6556, acc(pseudo)=85.72%
2026-03-23 23:19:04,715 - INFO: Round 3, Fine-tune Epoch 0: acc(valid_pseudo): 0.9757, acc: 0.8600
2026-03-23 23:19:05,170 - INFO: Epoch: [1][  0/107]	Time  0.174 ( 0.174)	Loss 5.3002e-01 (5.3002e-01)	Acc pseudo  90.62 ( 90.62)	Lr 1.000e-03 (1.000e-03)
2026-03-23 23:19:05,335 - INFO: Epoch: [1][ 50/107]	Time  0.003 ( 0.007)	Loss 2.7031e-01 (5.3075e-01)	Acc pseudo  92.19 ( 87.81)	Lr 1.000e-03 (1.000e-03)
2026-03-23 23:19:05,486 - INFO: Epoch: [1][100/107]	Time  0.002 ( 0.005)	Loss 6.3653e-01 (5.3122e-01)	Acc pseudo  85.94 ( 87.86)	Lr 1.000e-03 (1.000e-03)
2026-03-23 23:19:05,543 - INFO: Round 3, Fine-tune Epoch 1: loss=0.5347, acc(pseudo)=87.70%
2026-03-23 23:19:09,661 - INFO: Round 3, Fine-tune Epoch 1: acc(valid_pseudo): 0.9816, acc: 0.8590
2026-03-23 23:19:10,096 - INFO: Epoch: [2][  0/107]	Time  0.155 ( 0.155)	Loss 3.9743e-01 (3.9743e-01)	Acc pseudo  89.06 ( 89.06)	Lr 1.000e-03 (1.000e-03)
2026-03-23 23:19:10,255 - INFO: Epoch: [2][ 50/107]	Time  0.003 ( 0.006)	Loss 3.9030e-01 (4.6225e-01)	Acc pseudo  90.62 ( 88.11)	Lr 1.000e-03 (1.000e-03)
2026-03-23 23:19:10,397 - INFO: Epoch: [2][100/107]	Time  0.002 ( 0.004)	Loss 8.4897e-01 (4.6638e-01)	Acc pseudo  85.94 ( 88.34)	Lr 1.000e-03 (1.000e-03)
2026-03-23 23:19:10,455 - INFO: Round 3, Fine-tune Epoch 2: loss=0.4681, acc(pseudo)=88.40%
2026-03-23 23:19:14,676 - INFO: Round 3, Fine-tune Epoch 2: acc(valid_pseudo): 0.9665, acc: 0.8420
2026-03-23 23:19:14,676 - INFO: Round 3, Speaker Fine-tune Epoch 2: No improvement in validation accuracy. Patience(epoch): 1/3
2026-03-23 23:19:14,949 - INFO: Epoch: [3][  0/107]	Time  0.265 ( 0.265)	Loss 5.5715e-01 (5.5715e-01)	Acc pseudo  89.06 ( 89.06)	Lr 1.000e-03 (1.000e-03)
2026-03-23 23:19:15,153 - INFO: Epoch: [3][ 50/107]	Time  0.004 ( 0.009)	Loss 5.1033e-01 (4.3338e-01)	Acc pseudo  85.94 ( 89.43)	Lr 1.000e-03 (1.000e-03)
2026-03-23 23:19:15,343 - INFO: Epoch: [3][100/107]	Time  0.003 ( 0.006)	Loss 4.0658e-01 (4.4091e-01)	Acc pseudo  87.50 ( 89.34)	Lr 1.000e-03 (1.000e-03)
2026-03-23 23:19:15,406 - INFO: Round 3, Fine-tune Epoch 3: loss=0.4366, acc(pseudo)=89.41%
2026-03-23 23:19:19,548 - INFO: Round 3, Fine-tune Epoch 3: acc(valid_pseudo): 0.9105, acc: 0.8080
2026-03-23 23:19:19,548 - INFO: Round 3, Speaker Fine-tune Epoch 3: No improvement in validation accuracy. Patience(epoch): 2/3
2026-03-23 23:19:19,548 - INFO: Early stopping at epoch 3 due to significant drop in pseudo-label validation accuracy: 0.9665 -> 0.9105.
2026-03-23 23:19:19,549 - INFO: Round 3: Best speaker fine-tuned epoch=1, acc(valid_pseudo)=0.9816
2026-03-23 23:19:19,556 - INFO: Using HMM model from previous round: runs/the big bang theory/exp_video_ablation/result/d/self_supervised/exp0/round2/pseudo_label/hmm_params.pkl
2026-03-23 23:25:45,339 - INFO: Round 3: speaker_acc=0.8525
2026-03-23 23:25:45,342 - INFO: ====================
2026-03-23 23:25:45,342 - INFO: Round 4: Fine-tuning iteration
2026-03-23 23:25:45,342 - INFO: ====================
2026-03-23 23:25:45,455 - INFO: Round 4 Part 1: Fine-tuning embedding model
2026-03-23 23:25:45,456 - INFO: Using pseudo-label file: runs/the big bang theory/exp_video_ablation/result/d/self_supervised/exp0/round3/pseudo_label/pseudo_labels_audio_hmmx_X_only(unreliable_pp=20.0).json
2026-03-23 23:25:45,475 - INFO: Fine-tuning speaker embedding model for 20 epochs...
2026-03-23 23:25:45,640 - INFO: Epoch: [0][  0/107]	Time  0.161 ( 0.161)	Loss 5.1588e-01 (5.1588e-01)	Acc pseudo  89.06 ( 89.06)	Lr 1.000e-03 (1.000e-03)
2026-03-23 23:25:45,804 - INFO: Epoch: [0][ 50/107]	Time  0.003 ( 0.006)	Loss 4.1807e-01 (5.2606e-01)	Acc pseudo  90.62 ( 88.20)	Lr 1.000e-03 (1.000e-03)
2026-03-23 23:25:45,950 - INFO: Epoch: [0][100/107]	Time  0.002 ( 0.005)	Loss 6.3560e-01 (5.2175e-01)	Acc pseudo  84.38 ( 87.72)	Lr 1.000e-03 (1.000e-03)
2026-03-23 23:25:46,006 - INFO: Round 4, Fine-tune Epoch 0: loss=0.5153, acc(pseudo)=87.89%
2026-03-23 23:25:50,131 - INFO: Round 4, Fine-tune Epoch 0: acc(valid_pseudo): 0.9356, acc: 0.7620
2026-03-23 23:25:50,646 - INFO: Epoch: [1][  0/107]	Time  0.172 ( 0.172)	Loss 4.0964e-01 (4.0964e-01)	Acc pseudo  89.06 ( 89.06)	Lr 1.000e-03 (1.000e-03)
2026-03-23 23:25:50,807 - INFO: Epoch: [1][ 50/107]	Time  0.003 ( 0.006)	Loss 2.3598e-01 (4.1993e-01)	Acc pseudo  90.62 ( 88.82)	Lr 1.000e-03 (1.000e-03)
2026-03-23 23:25:50,959 - INFO: Epoch: [1][100/107]	Time  0.002 ( 0.005)	Loss 6.5820e-01 (4.2373e-01)	Acc pseudo  82.81 ( 89.06)	Lr 1.000e-03 (1.000e-03)
2026-03-23 23:25:51,016 - INFO: Round 4, Fine-tune Epoch 1: loss=0.4304, acc(pseudo)=88.90%
2026-03-23 23:25:55,234 - INFO: Round 4, Fine-tune Epoch 1: acc(valid_pseudo): 0.9741, acc: 0.8405
2026-03-23 23:25:55,689 - INFO: Epoch: [2][  0/107]	Time  0.162 ( 0.162)	Loss 5.1798e-01 (5.1798e-01)	Acc pseudo  89.06 ( 89.06)	Lr 1.000e-03 (1.000e-03)
2026-03-23 23:25:55,856 - INFO: Epoch: [2][ 50/107]	Time  0.003 ( 0.006)	Loss 1.5178e-01 (4.0476e-01)	Acc pseudo  95.31 ( 89.37)	Lr 1.000e-03 (1.000e-03)
2026-03-23 23:25:56,006 - INFO: Epoch: [2][100/107]	Time  0.002 ( 0.005)	Loss 6.8176e-01 (3.9851e-01)	Acc pseudo  87.50 ( 89.62)	Lr 1.000e-03 (1.000e-03)
2026-03-23 23:25:56,062 - INFO: Round 4, Fine-tune Epoch 2: loss=0.3988, acc(pseudo)=89.63%
2026-03-23 23:26:00,163 - INFO: Round 4, Fine-tune Epoch 2: acc(valid_pseudo): 0.9741, acc: 0.8575
2026-03-23 23:26:00,163 - INFO: Round 4, Speaker Fine-tune Epoch 2: No improvement in validation accuracy. Patience(epoch): 1/3
2026-03-23 23:26:00,328 - INFO: Epoch: [3][  0/107]	Time  0.159 ( 0.159)	Loss 3.4661e-01 (3.4661e-01)	Acc pseudo  93.75 ( 93.75)	Lr 1.000e-03 (1.000e-03)
2026-03-23 23:26:00,488 - INFO: Epoch: [3][ 50/107]	Time  0.003 ( 0.006)	Loss 3.0264e-01 (3.5574e-01)	Acc pseudo  93.75 ( 90.99)	Lr 1.000e-03 (1.000e-03)
2026-03-23 23:26:00,636 - INFO: Epoch: [3][100/107]	Time  0.002 ( 0.005)	Loss 2.9206e-01 (3.8120e-01)	Acc pseudo  90.62 ( 89.98)	Lr 1.000e-03 (1.000e-03)
2026-03-23 23:26:00,693 - INFO: Round 4, Fine-tune Epoch 3: loss=0.3816, acc(pseudo)=90.07%
2026-03-23 23:26:05,080 - INFO: Round 4, Fine-tune Epoch 3: acc(valid_pseudo): 0.8787, acc: 0.8015
2026-03-23 23:26:05,081 - INFO: Round 4, Speaker Fine-tune Epoch 3: No improvement in validation accuracy. Patience(epoch): 2/3
2026-03-23 23:26:05,081 - INFO: Early stopping at epoch 3 due to significant drop in pseudo-label validation accuracy: 0.9741 -> 0.8787.
2026-03-23 23:26:05,082 - INFO: Round 4: Best speaker fine-tuned epoch=1, acc(valid_pseudo)=0.9741
2026-03-23 23:26:05,089 - INFO: Using HMM model from previous round: runs/the big bang theory/exp_video_ablation/result/d/self_supervised/exp0/round3/pseudo_label/hmm_params.pkl
2026-03-23 23:28:54,248 - INFO: Round 4: speaker_acc=0.8350
2026-03-23 23:28:54,251 - INFO: ====================
2026-03-23 23:28:54,251 - INFO: Round 5: Fine-tuning iteration
2026-03-23 23:28:54,251 - INFO: ====================
2026-03-23 23:28:54,277 - INFO: Round 5 Part 1: Fine-tuning embedding model
2026-03-23 23:28:54,278 - INFO: Using pseudo-label file: runs/the big bang theory/exp_video_ablation/result/d/self_supervised/exp0/round4/pseudo_label/pseudo_labels_audio_hmmx_X_only(unreliable_pp=20.0).json
2026-03-23 23:28:54,297 - INFO: Fine-tuning speaker embedding model for 20 epochs...
2026-03-23 23:28:54,468 - INFO: Epoch: [0][  0/107]	Time  0.166 ( 0.166)	Loss 4.9340e-01 (4.9340e-01)	Acc pseudo  89.06 ( 89.06)	Lr 1.000e-03 (1.000e-03)
2026-03-23 23:28:54,622 - INFO: Epoch: [0][ 50/107]	Time  0.003 ( 0.006)	Loss 5.4003e-01 (5.9358e-01)	Acc pseudo  90.62 ( 86.70)	Lr 1.000e-03 (1.000e-03)
2026-03-23 23:28:54,766 - INFO: Epoch: [0][100/107]	Time  0.002 ( 0.005)	Loss 9.7983e-01 (5.6546e-01)	Acc pseudo  76.56 ( 86.36)	Lr 1.000e-03 (1.000e-03)
2026-03-23 23:28:54,826 - INFO: Round 5, Fine-tune Epoch 0: loss=0.5570, acc(pseudo)=86.53%
2026-03-23 23:28:58,918 - INFO: Round 5, Fine-tune Epoch 0: acc(valid_pseudo): 0.9230, acc: 0.7545
2026-03-23 23:28:59,355 - INFO: Epoch: [1][  0/107]	Time  0.175 ( 0.175)	Loss 3.7068e-01 (3.7068e-01)	Acc pseudo  92.19 ( 92.19)	Lr 1.000e-03 (1.000e-03)
2026-03-23 23:28:59,515 - INFO: Epoch: [1][ 50/107]	Time  0.003 ( 0.006)	Loss 9.0412e-01 (4.4690e-01)	Acc pseudo  85.94 ( 88.30)	Lr 1.000e-03 (1.000e-03)
2026-03-23 23:28:59,665 - INFO: Epoch: [1][100/107]	Time  0.002 ( 0.005)	Loss 4.9174e-01 (4.6789e-01)	Acc pseudo  85.94 ( 87.61)	Lr 1.000e-03 (1.000e-03)
2026-03-23 23:28:59,725 - INFO: Round 5, Fine-tune Epoch 1: loss=0.4724, acc(pseudo)=87.45%
2026-03-23 23:29:04,438 - INFO: Round 5, Fine-tune Epoch 1: acc(valid_pseudo): 0.9741, acc: 0.8470
2026-03-23 23:29:05,057 - INFO: Epoch: [2][  0/107]	Time  0.189 ( 0.189)	Loss 4.8361e-01 (4.8361e-01)	Acc pseudo  85.94 ( 85.94)	Lr 1.000e-03 (1.000e-03)
2026-03-23 23:29:05,217 - INFO: Epoch: [2][ 50/107]	Time  0.003 ( 0.007)	Loss 1.1393e-01 (4.2638e-01)	Acc pseudo  96.88 ( 88.08)	Lr 1.000e-03 (1.000e-03)
2026-03-23 23:29:05,367 - INFO: Epoch: [2][100/107]	Time  0.002 ( 0.005)	Loss 5.3386e-01 (4.2831e-01)	Acc pseudo  89.06 ( 88.52)	Lr 1.000e-03 (1.000e-03)
2026-03-23 23:29:05,423 - INFO: Round 5, Fine-tune Epoch 2: loss=0.4279, acc(pseudo)=88.52%
2026-03-23 23:29:09,626 - INFO: Round 5, Fine-tune Epoch 2: acc(valid_pseudo): 0.9674, acc: 0.8370
2026-03-23 23:29:09,626 - INFO: Round 5, Speaker Fine-tune Epoch 2: No improvement in validation accuracy. Patience(epoch): 1/3
2026-03-23 23:29:09,804 - INFO: Epoch: [3][  0/107]	Time  0.173 ( 0.173)	Loss 3.4121e-01 (3.4121e-01)	Acc pseudo  93.75 ( 93.75)	Lr 1.000e-03 (1.000e-03)
2026-03-23 23:29:09,965 - INFO: Epoch: [3][ 50/107]	Time  0.003 ( 0.006)	Loss 3.2315e-01 (3.9127e-01)	Acc pseudo  89.06 ( 89.00)	Lr 1.000e-03 (1.000e-03)
2026-03-23 23:29:10,112 - INFO: Epoch: [3][100/107]	Time  0.002 ( 0.005)	Loss 2.5349e-01 (4.0795e-01)	Acc pseudo  93.75 ( 88.60)	Lr 1.000e-03 (1.000e-03)
2026-03-23 23:29:10,169 - INFO: Round 5, Fine-tune Epoch 3: loss=0.4077, acc(pseudo)=88.55%
2026-03-23 23:29:15,040 - INFO: Round 5, Fine-tune Epoch 3: acc(valid_pseudo): 0.9356, acc: 0.8175
2026-03-23 23:29:15,041 - INFO: Round 5, Speaker Fine-tune Epoch 3: No improvement in validation accuracy. Patience(epoch): 2/3
2026-03-23 23:29:15,217 - INFO: Epoch: [4][  0/107]	Time  0.171 ( 0.171)	Loss 3.0757e-01 (3.0757e-01)	Acc pseudo  84.38 ( 84.38)	Lr 1.000e-03 (1.000e-03)
2026-03-23 23:29:15,394 - INFO: Epoch: [4][ 50/107]	Time  0.003 ( 0.007)	Loss 5.7104e-01 (4.2188e-01)	Acc pseudo  85.94 ( 88.48)	Lr 1.000e-03 (1.000e-03)
2026-03-23 23:29:15,558 - INFO: Epoch: [4][100/107]	Time  0.002 ( 0.005)	Loss 5.0682e-01 (4.3333e-01)	Acc pseudo  87.50 ( 88.47)	Lr 1.000e-03 (1.000e-03)
2026-03-23 23:29:15,617 - INFO: Round 5, Fine-tune Epoch 4: loss=0.4370, acc(pseudo)=88.36%
2026-03-23 23:29:19,967 - INFO: Round 5, Fine-tune Epoch 4: acc(valid_pseudo): 0.9598, acc: 0.8270
2026-03-23 23:29:19,967 - INFO: Round 5, Speaker Fine-tune Epoch 4: No improvement in validation accuracy. Patience(epoch): 3/3
2026-03-23 23:29:19,967 - INFO: Early stopping at epoch 4 due to no improvement in validation accuracy for 3 epochs.
2026-03-23 23:29:19,968 - INFO: Round 5: Best speaker fine-tuned epoch=1, acc(valid_pseudo)=0.9741
2026-03-23 23:29:19,976 - INFO: Using HMM model from previous round: runs/the big bang theory/exp_video_ablation/result/d/self_supervised/exp0/round4/pseudo_label/hmm_params.pkl
2026-03-23 23:32:29,260 - INFO: Round 5: speaker_acc=0.8325
2026-03-23 23:32:29,263 - INFO: ====================
2026-03-23 23:32:29,263 - INFO: Round 6: Fine-tuning iteration
2026-03-23 23:32:29,263 - INFO: ====================
2026-03-23 23:32:29,390 - INFO: Round 6 Part 1: Fine-tuning embedding model
2026-03-23 23:32:29,391 - INFO: Using pseudo-label file: runs/the big bang theory/exp_video_ablation/result/d/self_supervised/exp0/round5/pseudo_label/pseudo_labels_audio_hmmx_X_only(unreliable_pp=20.0).json
2026-03-23 23:32:29,410 - INFO: Fine-tuning speaker embedding model for 20 epochs...
2026-03-23 23:32:29,576 - INFO: Epoch: [0][  0/107]	Time  0.162 ( 0.162)	Loss 4.7173e-01 (4.7173e-01)	Acc pseudo  93.75 ( 93.75)	Lr 1.000e-03 (1.000e-03)
2026-03-23 23:32:29,764 - INFO: Epoch: [0][ 50/107]	Time  0.003 ( 0.007)	Loss 4.1748e-01 (5.5438e-01)	Acc pseudo  87.50 ( 88.08)	Lr 1.000e-03 (1.000e-03)
2026-03-23 23:32:29,928 - INFO: Epoch: [0][100/107]	Time  0.002 ( 0.005)	Loss 8.1118e-01 (5.2326e-01)	Acc pseudo  75.00 ( 87.76)	Lr 1.000e-03 (1.000e-03)
2026-03-23 23:32:29,985 - INFO: Round 6, Fine-tune Epoch 0: loss=0.5229, acc(pseudo)=87.83%
2026-03-23 23:32:35,714 - INFO: Round 6, Fine-tune Epoch 0: acc(valid_pseudo): 0.9707, acc: 0.8340
2026-03-23 23:32:36,141 - INFO: Epoch: [1][  0/107]	Time  0.160 ( 0.160)	Loss 4.7046e-01 (4.7046e-01)	Acc pseudo  90.62 ( 90.62)	Lr 1.000e-03 (1.000e-03)
2026-03-23 23:32:36,307 - INFO: Epoch: [1][ 50/107]	Time  0.003 ( 0.006)	Loss 2.9016e-01 (4.2093e-01)	Acc pseudo  90.62 ( 89.00)	Lr 1.000e-03 (1.000e-03)
2026-03-23 23:32:36,453 - INFO: Epoch: [1][100/107]	Time  0.002 ( 0.005)	Loss 5.4803e-01 (4.2914e-01)	Acc pseudo  92.19 ( 89.08)	Lr 1.000e-03 (1.000e-03)
2026-03-23 23:32:36,522 - INFO: Round 6, Fine-tune Epoch 1: loss=0.4321, acc(pseudo)=88.99%
2026-03-23 23:32:40,670 - INFO: Round 6, Fine-tune Epoch 1: acc(valid_pseudo): 0.9791, acc: 0.8680
2026-03-23 23:32:41,108 - INFO: Epoch: [2][  0/107]	Time  0.158 ( 0.158)	Loss 4.2998e-01 (4.2998e-01)	Acc pseudo  85.94 ( 85.94)	Lr 1.000e-03 (1.000e-03)
2026-03-23 23:32:41,283 - INFO: Epoch: [2][ 50/107]	Time  0.003 ( 0.006)	Loss 2.8587e-01 (4.1044e-01)	Acc pseudo  92.19 ( 88.51)	Lr 1.000e-03 (1.000e-03)
2026-03-23 23:32:41,431 - INFO: Epoch: [2][100/107]	Time  0.002 ( 0.005)	Loss 3.7444e-01 (4.0842e-01)	Acc pseudo  90.62 ( 89.31)	Lr 1.000e-03 (1.000e-03)
2026-03-23 23:32:41,489 - INFO: Round 6, Fine-tune Epoch 2: loss=0.4080, acc(pseudo)=89.30%
2026-03-23 23:32:45,955 - INFO: Round 6, Fine-tune Epoch 2: acc(valid_pseudo): 0.9766, acc: 0.8480
2026-03-23 23:32:45,955 - INFO: Round 6, Speaker Fine-tune Epoch 2: No improvement in validation accuracy. Patience(epoch): 1/3
2026-03-23 23:32:46,121 - INFO: Epoch: [3][  0/107]	Time  0.161 ( 0.161)	Loss 3.3218e-01 (3.3218e-01)	Acc pseudo  95.31 ( 95.31)	Lr 1.000e-03 (1.000e-03)
2026-03-23 23:32:46,312 - INFO: Epoch: [3][ 50/107]	Time  0.004 ( 0.007)	Loss 2.1291e-01 (3.5694e-01)	Acc pseudo  93.75 ( 90.04)	Lr 1.000e-03 (1.000e-03)
2026-03-23 23:32:46,505 - INFO: Epoch: [3][100/107]	Time  0.003 ( 0.005)	Loss 3.1372e-01 (3.7889e-01)	Acc pseudo  92.19 ( 89.56)	Lr 1.000e-03 (1.000e-03)
2026-03-23 23:32:46,567 - INFO: Round 6, Fine-tune Epoch 3: loss=0.3774, acc(pseudo)=89.65%
2026-03-23 23:32:52,350 - INFO: Round 6, Fine-tune Epoch 3: acc(valid_pseudo): 0.9213, acc: 0.7965
2026-03-23 23:32:52,350 - INFO: Round 6, Speaker Fine-tune Epoch 3: No improvement in validation accuracy. Patience(epoch): 2/3
2026-03-23 23:32:52,350 - INFO: Early stopping at epoch 3 due to significant drop in pseudo-label validation accuracy: 0.9766 -> 0.9213.
2026-03-23 23:32:52,351 - INFO: Round 6: Best speaker fine-tuned epoch=1, acc(valid_pseudo)=0.9791
2026-03-23 23:32:52,359 - INFO: Using HMM model from previous round: runs/the big bang theory/exp_video_ablation/result/d/self_supervised/exp0/round5/pseudo_label/hmm_params.pkl
2026-03-23 23:34:58,399 - INFO: Round 6: speaker_acc=0.8315
2026-03-23 23:34:58,401 - INFO: ====================
2026-03-23 23:34:58,401 - INFO: Round 7: Fine-tuning iteration
2026-03-23 23:34:58,401 - INFO: ====================
2026-03-23 23:34:58,486 - INFO: Round 7 Part 1: Fine-tuning embedding model
2026-03-23 23:34:58,487 - INFO: Using pseudo-label file: runs/the big bang theory/exp_video_ablation/result/d/self_supervised/exp0/round6/pseudo_label/pseudo_labels_audio_hmmx_X_only(unreliable_pp=20.0).json
2026-03-23 23:34:58,506 - INFO: Fine-tuning speaker embedding model for 20 epochs...
2026-03-23 23:34:58,680 - INFO: Epoch: [0][  0/107]	Time  0.170 ( 0.170)	Loss 1.6442e-01 (1.6442e-01)	Acc pseudo  93.75 ( 93.75)	Lr 1.000e-03 (1.000e-03)
2026-03-23 23:34:58,840 - INFO: Epoch: [0][ 50/107]	Time  0.003 ( 0.006)	Loss 4.8665e-01 (4.7413e-01)	Acc pseudo  87.50 ( 89.19)	Lr 1.000e-03 (1.000e-03)
2026-03-23 23:34:58,988 - INFO: Epoch: [0][100/107]	Time  0.002 ( 0.005)	Loss 2.8839e-01 (4.7312e-01)	Acc pseudo  87.50 ( 89.28)	Lr 1.000e-03 (1.000e-03)
2026-03-23 23:34:59,049 - INFO: Round 7, Fine-tune Epoch 0: loss=0.4719, acc(pseudo)=89.27%
2026-03-23 23:35:05,199 - INFO: Round 7, Fine-tune Epoch 0: acc(valid_pseudo): 0.9582, acc: 0.8220
2026-03-23 23:35:05,629 - INFO: Epoch: [1][  0/107]	Time  0.159 ( 0.159)	Loss 2.4061e-01 (2.4061e-01)	Acc pseudo  93.75 ( 93.75)	Lr 1.000e-03 (1.000e-03)
2026-03-23 23:35:05,798 - INFO: Epoch: [1][ 50/107]	Time  0.003 ( 0.006)	Loss 5.1271e-01 (3.7000e-01)	Acc pseudo  92.19 ( 89.89)	Lr 1.000e-03 (1.000e-03)
2026-03-23 23:35:05,945 - INFO: Epoch: [1][100/107]	Time  0.002 ( 0.005)	Loss 8.2081e-01 (3.6661e-01)	Acc pseudo  85.94 ( 90.27)	Lr 1.000e-03 (1.000e-03)
2026-03-23 23:35:06,002 - INFO: Round 7, Fine-tune Epoch 1: loss=0.3735, acc(pseudo)=90.07%
2026-03-23 23:35:10,364 - INFO: Round 7, Fine-tune Epoch 1: acc(valid_pseudo): 0.9774, acc: 0.8360
2026-03-23 23:35:10,809 - INFO: Epoch: [2][  0/107]	Time  0.162 ( 0.162)	Loss 3.0757e-01 (3.0757e-01)	Acc pseudo  90.62 ( 90.62)	Lr 1.000e-03 (1.000e-03)
2026-03-23 23:35:10,974 - INFO: Epoch: [2][ 50/107]	Time  0.003 ( 0.006)	Loss 1.6016e-01 (3.2582e-01)	Acc pseudo  93.75 ( 90.96)	Lr 1.000e-03 (1.000e-03)
2026-03-23 23:35:11,120 - INFO: Epoch: [2][100/107]	Time  0.002 ( 0.005)	Loss 2.3739e-01 (3.2668e-01)	Acc pseudo  95.31 ( 91.20)	Lr 1.000e-03 (1.000e-03)
2026-03-23 23:35:11,180 - INFO: Round 7, Fine-tune Epoch 2: loss=0.3301, acc(pseudo)=91.05%
2026-03-23 23:35:15,307 - INFO: Round 7, Fine-tune Epoch 2: acc(valid_pseudo): 0.9590, acc: 0.7925
2026-03-23 23:35:15,307 - INFO: Round 7, Speaker Fine-tune Epoch 2: No improvement in validation accuracy. Patience(epoch): 1/3
2026-03-23 23:35:15,479 - INFO: Epoch: [3][  0/107]	Time  0.167 ( 0.167)	Loss 2.2698e-01 (2.2698e-01)	Acc pseudo  96.88 ( 96.88)	Lr 1.000e-03 (1.000e-03)
2026-03-23 23:35:15,656 - INFO: Epoch: [3][ 50/107]	Time  0.003 ( 0.007)	Loss 1.9459e-01 (2.8944e-01)	Acc pseudo  93.75 ( 92.10)	Lr 1.000e-03 (1.000e-03)
2026-03-23 23:35:15,805 - INFO: Epoch: [3][100/107]	Time  0.002 ( 0.005)	Loss 4.5035e-01 (3.1441e-01)	Acc pseudo  89.06 ( 91.83)	Lr 1.000e-03 (1.000e-03)
2026-03-23 23:35:15,863 - INFO: Round 7, Fine-tune Epoch 3: loss=0.3151, acc(pseudo)=91.74%
2026-03-23 23:35:20,632 - INFO: Round 7, Fine-tune Epoch 3: acc(valid_pseudo): 0.9414, acc: 0.7950
2026-03-23 23:35:20,632 - INFO: Round 7, Speaker Fine-tune Epoch 3: No improvement in validation accuracy. Patience(epoch): 2/3
2026-03-23 23:35:20,797 - INFO: Epoch: [4][  0/107]	Time  0.160 ( 0.160)	Loss 3.0833e-01 (3.0833e-01)	Acc pseudo  92.19 ( 92.19)	Lr 1.000e-03 (1.000e-03)
2026-03-23 23:35:20,979 - INFO: Epoch: [4][ 50/107]	Time  0.004 ( 0.007)	Loss 1.6490e-01 (3.3922e-01)	Acc pseudo  93.75 ( 90.56)	Lr 1.000e-03 (1.000e-03)
2026-03-23 23:35:21,140 - INFO: Epoch: [4][100/107]	Time  0.002 ( 0.005)	Loss 4.4119e-01 (3.5027e-01)	Acc pseudo  89.06 ( 90.53)	Lr 1.000e-03 (1.000e-03)
2026-03-23 23:35:21,200 - INFO: Round 7, Fine-tune Epoch 4: loss=0.3531, acc(pseudo)=90.47%
2026-03-23 23:35:25,863 - INFO: Round 7, Fine-tune Epoch 4: acc(valid_pseudo): 0.9732, acc: 0.8185
2026-03-23 23:35:25,863 - INFO: Round 7, Speaker Fine-tune Epoch 4: No improvement in validation accuracy. Patience(epoch): 3/3
2026-03-23 23:35:25,863 - INFO: Early stopping at epoch 4 due to no improvement in validation accuracy for 3 epochs.
2026-03-23 23:35:25,865 - INFO: Round 7: Best speaker fine-tuned epoch=1, acc(valid_pseudo)=0.9774
2026-03-23 23:35:25,873 - INFO: Using HMM model from previous round: runs/the big bang theory/exp_video_ablation/result/d/self_supervised/exp0/round6/pseudo_label/hmm_params.pkl
2026-03-23 23:38:27,858 - INFO: Round 7: speaker_acc=0.8160
2026-03-23 23:38:27,860 - INFO: ====================
2026-03-23 23:38:27,860 - INFO: Round 8: Fine-tuning iteration
2026-03-23 23:38:27,860 - INFO: ====================
2026-03-23 23:38:27,934 - INFO: Round 8 Part 1: Fine-tuning embedding model
2026-03-23 23:38:27,935 - INFO: Using pseudo-label file: runs/the big bang theory/exp_video_ablation/result/d/self_supervised/exp0/round7/pseudo_label/pseudo_labels_audio_hmmx_X_only(unreliable_pp=20.0).json
2026-03-23 23:38:27,954 - INFO: Fine-tuning speaker embedding model for 20 epochs...
2026-03-23 23:38:28,111 - INFO: Epoch: [0][  0/107]	Time  0.153 ( 0.153)	Loss 6.2884e-01 (6.2884e-01)	Acc pseudo  90.62 ( 90.62)	Lr 1.000e-03 (1.000e-03)
2026-03-23 23:38:28,283 - INFO: Epoch: [0][ 50/107]	Time  0.003 ( 0.006)	Loss 7.3198e-01 (5.6185e-01)	Acc pseudo  87.50 ( 87.68)	Lr 1.000e-03 (1.000e-03)
2026-03-23 23:38:28,431 - INFO: Epoch: [0][100/107]	Time  0.002 ( 0.005)	Loss 4.4652e-01 (5.5799e-01)	Acc pseudo  84.38 ( 87.47)	Lr 1.000e-03 (1.000e-03)
2026-03-23 23:38:28,489 - INFO: Round 8, Fine-tune Epoch 0: loss=0.5500, acc(pseudo)=87.63%
2026-03-23 23:38:33,486 - INFO: Round 8, Fine-tune Epoch 0: acc(valid_pseudo): 0.9523, acc: 0.8045
2026-03-23 23:38:33,918 - INFO: Epoch: [1][  0/107]	Time  0.158 ( 0.158)	Loss 3.4847e-01 (3.4847e-01)	Acc pseudo  89.06 ( 89.06)	Lr 1.000e-03 (1.000e-03)
2026-03-23 23:38:34,079 - INFO: Epoch: [1][ 50/107]	Time  0.003 ( 0.006)	Loss 3.6221e-01 (4.0457e-01)	Acc pseudo  92.19 ( 88.97)	Lr 1.000e-03 (1.000e-03)
2026-03-23 23:38:34,227 - INFO: Epoch: [1][100/107]	Time  0.002 ( 0.005)	Loss 6.7934e-01 (4.1024e-01)	Acc pseudo  85.94 ( 88.85)	Lr 1.000e-03 (1.000e-03)
2026-03-23 23:38:34,284 - INFO: Round 8, Fine-tune Epoch 1: loss=0.4106, acc(pseudo)=88.89%
2026-03-23 23:38:39,221 - INFO: Round 8, Fine-tune Epoch 1: acc(valid_pseudo): 0.9749, acc: 0.8250
2026-03-23 23:38:39,664 - INFO: Epoch: [2][  0/107]	Time  0.160 ( 0.160)	Loss 3.0158e-01 (3.0158e-01)	Acc pseudo  90.62 ( 90.62)	Lr 1.000e-03 (1.000e-03)
2026-03-23 23:38:39,828 - INFO: Epoch: [2][ 50/107]	Time  0.003 ( 0.006)	Loss 2.0521e-01 (3.6561e-01)	Acc pseudo  93.75 ( 89.40)	Lr 1.000e-03 (1.000e-03)
2026-03-23 23:38:39,977 - INFO: Epoch: [2][100/107]	Time  0.002 ( 0.005)	Loss 5.6617e-01 (3.7830e-01)	Acc pseudo  90.62 ( 89.40)	Lr 1.000e-03 (1.000e-03)
2026-03-23 23:38:40,034 - INFO: Round 8, Fine-tune Epoch 2: loss=0.3808, acc(pseudo)=89.44%
2026-03-23 23:38:44,916 - INFO: Round 8, Fine-tune Epoch 2: acc(valid_pseudo): 0.9791, acc: 0.8105
2026-03-23 23:38:45,361 - INFO: Epoch: [3][  0/107]	Time  0.160 ( 0.160)	Loss 2.1489e-01 (2.1489e-01)	Acc pseudo  92.19 ( 92.19)	Lr 1.000e-03 (1.000e-03)
2026-03-23 23:38:45,539 - INFO: Epoch: [3][ 50/107]	Time  0.003 ( 0.007)	Loss 3.0466e-01 (3.3524e-01)	Acc pseudo  87.50 ( 90.72)	Lr 1.000e-03 (1.000e-03)
2026-03-23 23:38:45,684 - INFO: Epoch: [3][100/107]	Time  0.002 ( 0.005)	Loss 2.8297e-01 (3.5406e-01)	Acc pseudo  89.06 ( 89.82)	Lr 1.000e-03 (1.000e-03)
2026-03-23 23:38:45,743 - INFO: Round 8, Fine-tune Epoch 3: loss=0.3555, acc(pseudo)=89.72%
2026-03-23 23:38:50,329 - INFO: Round 8, Fine-tune Epoch 3: acc(valid_pseudo): 0.9715, acc: 0.8465
2026-03-23 23:38:50,330 - INFO: Round 8, Speaker Fine-tune Epoch 3: No improvement in validation accuracy. Patience(epoch): 1/3
2026-03-23 23:38:50,573 - INFO: Epoch: [4][  0/107]	Time  0.236 ( 0.236)	Loss 2.7888e-01 (2.7888e-01)	Acc pseudo  90.62 ( 90.62)	Lr 1.000e-03 (1.000e-03)
2026-03-23 23:38:50,752 - INFO: Epoch: [4][ 50/107]	Time  0.003 ( 0.008)	Loss 2.7715e-01 (3.3843e-01)	Acc pseudo  89.06 ( 89.89)	Lr 1.000e-03 (1.000e-03)
2026-03-23 23:38:50,914 - INFO: Epoch: [4][100/107]	Time  0.002 ( 0.006)	Loss 3.9568e-01 (3.4895e-01)	Acc pseudo  85.94 ( 89.88)	Lr 1.000e-03 (1.000e-03)
2026-03-23 23:38:50,969 - INFO: Round 8, Fine-tune Epoch 4: loss=0.3563, acc(pseudo)=89.71%
2026-03-23 23:38:55,160 - INFO: Round 8, Fine-tune Epoch 4: acc(valid_pseudo): 0.9464, acc: 0.8020
2026-03-23 23:38:55,160 - INFO: Round 8, Speaker Fine-tune Epoch 4: No improvement in validation accuracy. Patience(epoch): 2/3
2026-03-23 23:38:55,319 - INFO: Epoch: [5][  0/107]	Time  0.153 ( 0.153)	Loss 3.4252e-01 (3.4252e-01)	Acc pseudo  87.50 ( 87.50)	Lr 1.000e-03 (1.000e-03)
2026-03-23 23:38:55,490 - INFO: Epoch: [5][ 50/107]	Time  0.003 ( 0.006)	Loss 4.4534e-01 (4.0280e-01)	Acc pseudo  82.81 ( 88.42)	Lr 1.000e-03 (1.000e-03)
2026-03-23 23:38:55,644 - INFO: Epoch: [5][100/107]	Time  0.002 ( 0.005)	Loss 4.1627e-01 (4.1814e-01)	Acc pseudo  84.38 ( 88.41)	Lr 1.000e-03 (1.000e-03)
2026-03-23 23:38:55,701 - INFO: Round 8, Fine-tune Epoch 5: loss=0.4160, acc(pseudo)=88.45%
2026-03-23 23:38:59,852 - INFO: Round 8, Fine-tune Epoch 5: acc(valid_pseudo): 0.9456, acc: 0.8060
2026-03-23 23:38:59,853 - INFO: Round 8, Speaker Fine-tune Epoch 5: No improvement in validation accuracy. Patience(epoch): 3/3
2026-03-23 23:38:59,853 - INFO: Early stopping at epoch 5 due to no improvement in validation accuracy for 3 epochs.
2026-03-23 23:38:59,854 - INFO: Round 8: Best speaker fine-tuned epoch=2, acc(valid_pseudo)=0.9791
2026-03-23 23:38:59,861 - INFO: Using HMM model from previous round: runs/the big bang theory/exp_video_ablation/result/d/self_supervised/exp0/round7/pseudo_label/hmm_params.pkl
2026-03-23 23:43:35,411 - INFO: Round 8: speaker_acc=0.8245
2026-03-23 23:43:35,413 - INFO: ====================
2026-03-23 23:43:35,413 - INFO: Round 9: Fine-tuning iteration
2026-03-23 23:43:35,414 - INFO: ====================
2026-03-23 23:43:35,538 - INFO: Round 9 Part 1: Fine-tuning embedding model
2026-03-23 23:43:35,539 - INFO: Using pseudo-label file: runs/the big bang theory/exp_video_ablation/result/d/self_supervised/exp0/round8/pseudo_label/pseudo_labels_audio_hmmx_X_only(unreliable_pp=20.0).json
2026-03-23 23:43:35,559 - INFO: Fine-tuning speaker embedding model for 20 epochs...
2026-03-23 23:43:35,849 - INFO: Epoch: [0][  0/107]	Time  0.277 ( 0.277)	Loss 8.1816e-01 (8.1816e-01)	Acc pseudo  85.94 ( 85.94)	Lr 1.000e-03 (1.000e-03)
2026-03-23 23:43:36,007 - INFO: Epoch: [0][ 50/107]	Time  0.003 ( 0.008)	Loss 4.1886e-01 (5.1973e-01)	Acc pseudo  87.50 ( 87.87)	Lr 1.000e-03 (1.000e-03)
2026-03-23 23:43:36,153 - INFO: Epoch: [0][100/107]	Time  0.002 ( 0.006)	Loss 9.4013e-01 (5.4248e-01)	Acc pseudo  84.38 ( 87.38)	Lr 1.000e-03 (1.000e-03)
2026-03-23 23:43:36,209 - INFO: Round 9, Fine-tune Epoch 0: loss=0.5370, acc(pseudo)=87.55%
2026-03-23 23:43:40,425 - INFO: Round 9, Fine-tune Epoch 0: acc(valid_pseudo): 0.9021, acc: 0.7460
2026-03-23 23:43:40,874 - INFO: Epoch: [1][  0/107]	Time  0.177 ( 0.177)	Loss 3.7462e-01 (3.7462e-01)	Acc pseudo  84.38 ( 84.38)	Lr 1.000e-03 (1.000e-03)
2026-03-23 23:43:41,041 - INFO: Epoch: [1][ 50/107]	Time  0.003 ( 0.007)	Loss 3.8031e-01 (4.4567e-01)	Acc pseudo  89.06 ( 87.93)	Lr 1.000e-03 (1.000e-03)
2026-03-23 23:43:41,189 - INFO: Epoch: [1][100/107]	Time  0.002 ( 0.005)	Loss 7.5361e-01 (4.5114e-01)	Acc pseudo  89.06 ( 88.30)	Lr 1.000e-03 (1.000e-03)
2026-03-23 23:43:41,250 - INFO: Round 9, Fine-tune Epoch 1: loss=0.4534, acc(pseudo)=88.26%
2026-03-23 23:43:45,287 - INFO: Round 9, Fine-tune Epoch 1: acc(valid_pseudo): 0.9582, acc: 0.8300
2026-03-23 23:43:45,742 - INFO: Epoch: [2][  0/107]	Time  0.160 ( 0.160)	Loss 2.5187e-01 (2.5187e-01)	Acc pseudo  95.31 ( 95.31)	Lr 1.000e-03 (1.000e-03)
2026-03-23 23:43:45,902 - INFO: Epoch: [2][ 50/107]	Time  0.003 ( 0.006)	Loss 4.7444e-01 (4.0060e-01)	Acc pseudo  90.62 ( 89.06)	Lr 1.000e-03 (1.000e-03)
2026-03-23 23:43:46,044 - INFO: Epoch: [2][100/107]	Time  0.002 ( 0.005)	Loss 4.6568e-01 (4.1632e-01)	Acc pseudo  89.06 ( 89.05)	Lr 1.000e-03 (1.000e-03)
2026-03-23 23:43:46,101 - INFO: Round 9, Fine-tune Epoch 2: loss=0.4149, acc(pseudo)=89.00%
2026-03-23 23:43:51,142 - INFO: Round 9, Fine-tune Epoch 2: acc(valid_pseudo): 0.9724, acc: 0.8260
2026-03-23 23:43:51,616 - INFO: Epoch: [3][  0/107]	Time  0.180 ( 0.180)	Loss 2.4934e-01 (2.4934e-01)	Acc pseudo  90.62 ( 90.62)	Lr 1.000e-03 (1.000e-03)
2026-03-23 23:43:51,770 - INFO: Epoch: [3][ 50/107]	Time  0.003 ( 0.006)	Loss 2.2332e-01 (3.6353e-01)	Acc pseudo  92.19 ( 90.13)	Lr 1.000e-03 (1.000e-03)
2026-03-23 23:43:51,915 - INFO: Epoch: [3][100/107]	Time  0.002 ( 0.005)	Loss 2.8472e-01 (3.8123e-01)	Acc pseudo  90.62 ( 89.53)	Lr 1.000e-03 (1.000e-03)
2026-03-23 23:43:51,973 - INFO: Round 9, Fine-tune Epoch 3: loss=0.3801, acc(pseudo)=89.53%
2026-03-23 23:43:56,220 - INFO: Round 9, Fine-tune Epoch 3: acc(valid_pseudo): 0.9782, acc: 0.8480
2026-03-23 23:43:56,670 - INFO: Epoch: [4][  0/107]	Time  0.168 ( 0.168)	Loss 2.5586e-01 (2.5586e-01)	Acc pseudo  93.75 ( 93.75)	Lr 1.000e-03 (1.000e-03)
2026-03-23 23:43:56,829 - INFO: Epoch: [4][ 50/107]	Time  0.003 ( 0.006)	Loss 4.6315e-01 (3.6362e-01)	Acc pseudo  90.62 ( 90.44)	Lr 1.000e-03 (1.000e-03)
2026-03-23 23:43:56,977 - INFO: Epoch: [4][100/107]	Time  0.002 ( 0.005)	Loss 3.2557e-01 (3.7046e-01)	Acc pseudo  87.50 ( 89.90)	Lr 1.000e-03 (1.000e-03)
2026-03-23 23:43:57,035 - INFO: Round 9, Fine-tune Epoch 4: loss=0.3735, acc(pseudo)=89.85%
2026-03-23 23:44:01,145 - INFO: Round 9, Fine-tune Epoch 4: acc(valid_pseudo): 0.9690, acc: 0.8225
2026-03-23 23:44:01,146 - INFO: Round 9, Speaker Fine-tune Epoch 4: No improvement in validation accuracy. Patience(epoch): 1/3
2026-03-23 23:44:01,328 - INFO: Epoch: [5][  0/107]	Time  0.177 ( 0.177)	Loss 3.3427e-01 (3.3427e-01)	Acc pseudo  90.62 ( 90.62)	Lr 1.000e-03 (1.000e-03)
2026-03-23 23:44:01,514 - INFO: Epoch: [5][ 50/107]	Time  0.004 ( 0.007)	Loss 6.7884e-01 (3.4288e-01)	Acc pseudo  79.69 ( 89.77)	Lr 1.000e-03 (1.000e-03)
2026-03-23 23:44:01,680 - INFO: Epoch: [5][100/107]	Time  0.002 ( 0.005)	Loss 3.3554e-01 (3.4496e-01)	Acc pseudo  87.50 ( 90.28)	Lr 1.000e-03 (1.000e-03)
2026-03-23 23:44:01,740 - INFO: Round 9, Fine-tune Epoch 5: loss=0.3465, acc(pseudo)=90.13%
2026-03-23 23:44:06,326 - INFO: Round 9, Fine-tune Epoch 5: acc(valid_pseudo): 0.9757, acc: 0.8395
2026-03-23 23:44:06,326 - INFO: Round 9, Speaker Fine-tune Epoch 5: No improvement in validation accuracy. Patience(epoch): 2/3
2026-03-23 23:44:06,499 - INFO: Epoch: [6][  0/107]	Time  0.168 ( 0.168)	Loss 2.4506e-01 (2.4506e-01)	Acc pseudo  93.75 ( 93.75)	Lr 1.000e-03 (1.000e-03)
2026-03-23 23:44:06,663 - INFO: Epoch: [6][ 50/107]	Time  0.003 ( 0.006)	Loss 1.8698e-01 (3.4047e-01)	Acc pseudo  92.19 ( 90.20)	Lr 1.000e-03 (1.000e-03)
2026-03-23 23:44:06,817 - INFO: Epoch: [6][100/107]	Time  0.002 ( 0.005)	Loss 3.4625e-01 (3.6092e-01)	Acc pseudo  95.31 ( 89.70)	Lr 1.000e-03 (1.000e-03)
2026-03-23 23:44:06,874 - INFO: Round 9, Fine-tune Epoch 6: loss=0.3602, acc(pseudo)=89.68%
2026-03-23 23:44:12,093 - INFO: Round 9, Fine-tune Epoch 6: acc(valid_pseudo): 0.9506, acc: 0.7935
2026-03-23 23:44:12,093 - INFO: Round 9, Speaker Fine-tune Epoch 6: No improvement in validation accuracy. Patience(epoch): 3/3
2026-03-23 23:44:12,093 - INFO: Early stopping at epoch 6 due to no improvement in validation accuracy for 3 epochs.
2026-03-23 23:44:12,094 - INFO: Round 9: Best speaker fine-tuned epoch=3, acc(valid_pseudo)=0.9782
2026-03-23 23:44:12,101 - INFO: Using HMM model from previous round: runs/the big bang theory/exp_video_ablation/result/d/self_supervised/exp0/round8/pseudo_label/hmm_params.pkl
2026-03-23 23:46:22,939 - INFO: Round 9: speaker_acc=0.8250
2026-03-23 23:46:22,942 - INFO: ====================
2026-03-23 23:46:22,942 - INFO: Self-supervised fine-tuning completed!
2026-03-23 23:46:22,942 - INFO: Initial speaker: acc=0.8750
2026-03-23 23:46:22,942 - INFO: Final speaker at round 9: acc=0.8250
2026-03-23 23:46:22,942 - INFO: Speaker improvement: -0.0500 (-5.71%)
2026-03-23 23:46:22,942 - INFO: ====================
