2025-12-23 16:09:26,111 - INFO: Starting self-supervised fine-tuning pipeline
2025-12-23 16:09:26,113 - INFO: Device: cuda:0
2025-12-23 16:09:26,116 - INFO: Saved arguments to runs/the big bang theory/exp_video/result/self_supervised/exp2/args.json
2025-12-23 16:09:26,116 - INFO: ====================
2025-12-23 16:09:26,116 - INFO: Initialization: Initial clustering with HMM correction
2025-12-23 16:09:26,116 - INFO: ====================
2025-12-23 16:09:26,160 - INFO: Skipping initial clustering, using existing results.
2025-12-23 16:09:37,442 - INFO: Initial: speaker_acc=0.9130
2025-12-23 16:09:37,442 - INFO: Initial: face_acc=0.9074
2025-12-23 16:09:37,469 - INFO: ====================
2025-12-23 16:09:37,469 - INFO: Round 0: Fine-tuning iteration
2025-12-23 16:09:37,469 - INFO: ====================
2025-12-23 16:09:37,543 - INFO: Round 0 Part 1: Fine-tuning embedding model
2025-12-23 16:09:37,546 - INFO: Using pseudo-label file: runs/the big bang theory/exp_video/result/self_supervised/exp2/initial/pseudo_label/pseudo_labels_audio_nested_hmm_full(unreliable_pp=5.0).json
2025-12-23 16:09:40,736 - INFO: Speaker embedding dimension: 512
2025-12-23 16:09:41,268 - INFO: Saved speaker config_model to runs/the big bang theory/exp_video/result/self_supervised/exp2/round0/config_model_speaker.json
2025-12-23 16:09:42,173 - INFO: Face embedding dimension: 512
2025-12-23 16:09:42,174 - INFO: Loading face pretrained model from pretrained_models/pytorch_model_tongyi.bin
2025-12-23 16:09:43,573 - INFO: Face model weights loaded successfully
2025-12-23 16:11:06,571 - INFO: Extracting hidden features for all speaker samples, which are outputs of StatsPool layer...
2025-12-23 16:11:06,571 - INFO: args.unfrozen_layers_num=2 is not used when extracting hidden features.
2025-12-23 16:15:05,927 - INFO: Hidden features extracted for 6829 speaker samples
2025-12-23 16:15:05,978 - INFO: Using face pseudo-label file: runs/the big bang theory/exp_video/result/self_supervised/exp2/initial/pseudo_label/pseudo_labels_faces_mid_frame.json
2025-12-23 16:15:06,014 - INFO: Created face dataloader with 14646 samples
2025-12-23 16:15:06,017 - INFO: Warmup training speaker classifier for 2 epochs...
2025-12-23 16:15:06,737 - INFO: Epoch: [0][  0/107]	Time  0.716 ( 0.716)	Loss 2.6408e+00 (2.6408e+00)	Acc pseudo   1.56 (  1.56)	Lr 1.000e-03 (1.000e-03)
2025-12-23 16:15:06,893 - INFO: Epoch: [0][ 50/107]	Time  0.003 ( 0.017)	Loss 6.5299e-01 (1.2161e+00)	Acc pseudo  89.06 ( 78.03)	Lr 1.000e-03 (1.000e-03)
2025-12-23 16:15:07,019 - INFO: Epoch: [0][100/107]	Time  0.002 ( 0.010)	Loss 6.4303e-01 (8.6902e-01)	Acc pseudo  87.50 ( 84.87)	Lr 1.000e-03 (1.000e-03)
2025-12-23 16:15:07,074 - INFO: Round 0, Speaker Warmup Epoch 0: loss=0.8450, acc(pseudo)=85.30%
2025-12-23 16:15:07,248 - INFO: Epoch: [1][  0/107]	Time  0.170 ( 0.170)	Loss 4.9938e-01 (4.9938e-01)	Acc pseudo  93.75 ( 93.75)	Lr 1.000e-03 (1.000e-03)
2025-12-23 16:15:07,388 - INFO: Epoch: [1][ 50/107]	Time  0.003 ( 0.006)	Loss 2.7733e-01 (3.8435e-01)	Acc pseudo  95.31 ( 92.92)	Lr 1.000e-03 (1.000e-03)
2025-12-23 16:15:07,517 - INFO: Epoch: [1][100/107]	Time  0.002 ( 0.004)	Loss 3.9138e-01 (3.6594e-01)	Acc pseudo  89.06 ( 93.10)	Lr 1.000e-03 (1.000e-03)
2025-12-23 16:15:07,571 - INFO: Round 0, Speaker Warmup Epoch 1: loss=0.3678, acc(pseudo)=93.09%
2025-12-23 16:15:07,575 - INFO: Warmup training face classifier for 2 epochs...
2025-12-23 16:15:08,606 - INFO: Epoch: [0][  0/229]	Time  1.004 ( 1.004)	Loss 2.8906e+00 (2.8906e+00)	Acc pseudo   1.56 (  1.56)	Lr 1.000e-03 (1.000e-03)
2025-12-23 16:15:13,583 - INFO: Epoch: [0][ 50/229]	Time  0.028 ( 0.054)	Loss 1.6329e+00 (1.9748e+00)	Acc pseudo  67.19 ( 57.75)	Lr 1.000e-03 (1.000e-03)
2025-12-23 16:15:18,767 - INFO: Epoch: [0][100/229]	Time  0.030 ( 0.047)	Loss 1.0211e+00 (1.5732e+00)	Acc pseudo  78.12 ( 67.99)	Lr 1.000e-03 (1.000e-03)
2025-12-23 16:15:23,474 - INFO: Epoch: [0][150/229]	Time  0.042 ( 0.044)	Loss 5.7950e-01 (1.3753e+00)	Acc pseudo  89.06 ( 72.60)	Lr 1.000e-03 (1.000e-03)
2025-12-23 16:15:28,335 - INFO: Epoch: [0][200/229]	Time  0.025 ( 0.041)	Loss 6.9936e-01 (1.2514e+00)	Acc pseudo  84.38 ( 75.62)	Lr 1.000e-03 (1.000e-03)
2025-12-23 16:15:31,092 - INFO: Round 0, Face Warmup Epoch 0: loss=1.1961, acc(pseudo)=76.64%
2025-12-23 16:15:31,608 - INFO: Epoch: [1][  0/229]	Time  0.458 ( 0.458)	Loss 9.1927e-01 (9.1927e-01)	Acc pseudo  81.25 ( 81.25)	Lr 1.000e-03 (1.000e-03)
2025-12-23 16:15:36,212 - INFO: Epoch: [1][ 50/229]	Time  0.027 ( 0.035)	Loss 7.1430e-01 (6.4569e-01)	Acc pseudo  90.62 ( 85.78)	Lr 1.000e-03 (1.000e-03)
2025-12-23 16:15:40,814 - INFO: Epoch: [1][100/229]	Time  0.031 ( 0.032)	Loss 8.4195e-01 (6.3122e-01)	Acc pseudo  85.94 ( 86.46)	Lr 1.000e-03 (1.000e-03)
2025-12-23 16:15:45,421 - INFO: Epoch: [1][150/229]	Time  0.025 ( 0.032)	Loss 8.8639e-01 (6.3731e-01)	Acc pseudo  90.62 ( 86.07)	Lr 1.000e-03 (1.000e-03)
2025-12-23 16:15:50,022 - INFO: Epoch: [1][200/229]	Time  0.026 ( 0.030)	Loss 7.3010e-01 (6.2812e-01)	Acc pseudo  79.69 ( 86.17)	Lr 1.000e-03 (1.000e-03)
2025-12-23 16:15:52,655 - INFO: Round 0, Face Warmup Epoch 1: loss=0.6211, acc(pseudo)=86.22%
2025-12-23 16:15:52,668 - INFO: Fine-tuning speaker embedding model for 20 epochs...
2025-12-23 16:15:53,687 - INFO: Epoch: [0][  0/107]	Time  1.014 ( 1.014)	Loss 4.1051e-01 (4.1051e-01)	Acc pseudo  90.62 ( 90.62)	Lr 1.000e-03 (1.000e-03)
2025-12-23 16:15:53,837 - INFO: Epoch: [0][ 50/107]	Time  0.003 ( 0.023)	Loss 4.4636e-01 (5.0941e-01)	Acc pseudo  84.38 ( 89.61)	Lr 1.000e-03 (1.000e-03)
2025-12-23 16:15:53,980 - INFO: Epoch: [0][100/107]	Time  0.002 ( 0.013)	Loss 1.8894e-01 (4.6678e-01)	Acc pseudo  96.88 ( 90.47)	Lr 1.000e-03 (1.000e-03)
2025-12-23 16:15:54,038 - INFO: Round 0, Fine-tune Epoch 0: loss=0.4614, acc(pseudo)=90.51%
2025-12-23 16:15:58,709 - INFO: Round 0, Fine-tune Epoch 0: acc(valid_pseudo): 0.9849, acc: 0.8920
2025-12-23 16:15:58,977 - INFO: Epoch: [1][  0/107]	Time  0.176 ( 0.176)	Loss 1.9414e-01 (1.9414e-01)	Acc pseudo  95.31 ( 95.31)	Lr 1.000e-03 (1.000e-03)
2025-12-23 16:15:59,145 - INFO: Epoch: [1][ 50/107]	Time  0.003 ( 0.007)	Loss 2.0475e-01 (3.0741e-01)	Acc pseudo  92.19 ( 93.47)	Lr 1.000e-03 (1.000e-03)
2025-12-23 16:15:59,292 - INFO: Epoch: [1][100/107]	Time  0.002 ( 0.005)	Loss 8.2346e-02 (3.1021e-01)	Acc pseudo  98.44 ( 93.16)	Lr 1.000e-03 (1.000e-03)
2025-12-23 16:15:59,351 - INFO: Round 0, Fine-tune Epoch 1: loss=0.3125, acc(pseudo)=93.12%
2025-12-23 16:16:03,722 - INFO: Round 0, Fine-tune Epoch 1: acc(valid_pseudo): 0.8184, acc: 0.7985
2025-12-23 16:16:03,723 - INFO: Round 0, Speaker Fine-tune Epoch 1: No improvement in validation accuracy. Patience(epoch): 1/3
2025-12-23 16:16:03,905 - INFO: Epoch: [2][  0/107]	Time  0.177 ( 0.177)	Loss 1.6626e-01 (1.6626e-01)	Acc pseudo  95.31 ( 95.31)	Lr 1.000e-03 (1.000e-03)
2025-12-23 16:16:04,094 - INFO: Epoch: [2][ 50/107]	Time  0.003 ( 0.007)	Loss 3.1436e-01 (2.7200e-01)	Acc pseudo  93.75 ( 93.60)	Lr 1.000e-03 (1.000e-03)
2025-12-23 16:16:04,253 - INFO: Epoch: [2][100/107]	Time  0.002 ( 0.005)	Loss 1.3859e-01 (2.6782e-01)	Acc pseudo  93.75 ( 93.70)	Lr 1.000e-03 (1.000e-03)
2025-12-23 16:16:04,310 - INFO: Round 0, Fine-tune Epoch 2: loss=0.2665, acc(pseudo)=93.78%
2025-12-23 16:16:08,521 - INFO: Round 0, Fine-tune Epoch 2: acc(valid_pseudo): 0.9213, acc: 0.8535
2025-12-23 16:16:08,522 - INFO: Round 0, Speaker Fine-tune Epoch 2: No improvement in validation accuracy. Patience(epoch): 2/3
2025-12-23 16:16:08,698 - INFO: Epoch: [3][  0/107]	Time  0.172 ( 0.172)	Loss 2.6738e-01 (2.6738e-01)	Acc pseudo  93.75 ( 93.75)	Lr 1.000e-03 (1.000e-03)
2025-12-23 16:16:08,890 - INFO: Epoch: [3][ 50/107]	Time  0.004 ( 0.007)	Loss 1.7883e-01 (2.0407e-01)	Acc pseudo  96.88 ( 95.07)	Lr 1.000e-03 (1.000e-03)
2025-12-23 16:16:09,079 - INFO: Epoch: [3][100/107]	Time  0.003 ( 0.005)	Loss 1.0377e-01 (2.2231e-01)	Acc pseudo  96.88 ( 94.65)	Lr 1.000e-03 (1.000e-03)
2025-12-23 16:16:09,139 - INFO: Round 0, Fine-tune Epoch 3: loss=0.2239, acc(pseudo)=94.54%
2025-12-23 16:16:13,562 - INFO: Round 0, Fine-tune Epoch 3: acc(valid_pseudo): 0.9925, acc: 0.8680
2025-12-23 16:16:13,817 - INFO: Epoch: [4][  0/107]	Time  0.171 ( 0.171)	Loss 1.8867e-01 (1.8867e-01)	Acc pseudo  93.75 ( 93.75)	Lr 1.000e-03 (1.000e-03)
2025-12-23 16:16:13,976 - INFO: Epoch: [4][ 50/107]	Time  0.003 ( 0.006)	Loss 1.0398e-01 (2.2039e-01)	Acc pseudo  98.44 ( 94.61)	Lr 1.000e-03 (1.000e-03)
2025-12-23 16:16:14,132 - INFO: Epoch: [4][100/107]	Time  0.002 ( 0.005)	Loss 1.9807e-01 (2.1677e-01)	Acc pseudo  93.75 ( 94.83)	Lr 1.000e-03 (1.000e-03)
2025-12-23 16:16:14,187 - INFO: Round 0, Fine-tune Epoch 4: loss=0.2148, acc(pseudo)=94.82%
2025-12-23 16:16:18,347 - INFO: Round 0, Fine-tune Epoch 4: acc(valid_pseudo): 0.9615, acc: 0.8750
2025-12-23 16:16:18,347 - INFO: Round 0, Speaker Fine-tune Epoch 4: No improvement in validation accuracy. Patience(epoch): 1/3
2025-12-23 16:16:18,520 - INFO: Epoch: [5][  0/107]	Time  0.167 ( 0.167)	Loss 2.0560e-01 (2.0560e-01)	Acc pseudo  93.75 ( 93.75)	Lr 1.000e-03 (1.000e-03)
2025-12-23 16:16:18,685 - INFO: Epoch: [5][ 50/107]	Time  0.003 ( 0.006)	Loss 1.9744e-01 (1.7360e-01)	Acc pseudo  96.88 ( 95.31)	Lr 1.000e-03 (1.000e-03)
2025-12-23 16:16:18,847 - INFO: Epoch: [5][100/107]	Time  0.002 ( 0.005)	Loss 2.8421e-01 (1.8416e-01)	Acc pseudo  93.75 ( 95.10)	Lr 1.000e-03 (1.000e-03)
2025-12-23 16:16:18,907 - INFO: Round 0, Fine-tune Epoch 5: loss=0.1858, acc(pseudo)=95.07%
2025-12-23 16:16:22,977 - INFO: Round 0, Fine-tune Epoch 5: acc(valid_pseudo): 0.9799, acc: 0.9010
2025-12-23 16:16:22,977 - INFO: Round 0, Speaker Fine-tune Epoch 5: No improvement in validation accuracy. Patience(epoch): 2/3
2025-12-23 16:16:23,174 - INFO: Epoch: [6][  0/107]	Time  0.191 ( 0.191)	Loss 1.3586e-01 (1.3586e-01)	Acc pseudo  96.88 ( 96.88)	Lr 1.000e-03 (1.000e-03)
2025-12-23 16:16:23,341 - INFO: Epoch: [6][ 50/107]	Time  0.003 ( 0.007)	Loss 4.5846e-02 (1.7523e-01)	Acc pseudo  98.44 ( 95.59)	Lr 1.000e-03 (1.000e-03)
2025-12-23 16:16:23,510 - INFO: Epoch: [6][100/107]	Time  0.002 ( 0.005)	Loss 1.8919e-02 (1.7980e-01)	Acc pseudo 100.00 ( 95.50)	Lr 1.000e-03 (1.000e-03)
2025-12-23 16:16:23,571 - INFO: Round 0, Fine-tune Epoch 6: loss=0.1812, acc(pseudo)=95.42%
2025-12-23 16:16:27,534 - INFO: Round 0, Fine-tune Epoch 6: acc(valid_pseudo): 0.9799, acc: 0.8680
2025-12-23 16:16:27,535 - INFO: Round 0, Speaker Fine-tune Epoch 6: No improvement in validation accuracy. Patience(epoch): 3/3
2025-12-23 16:16:27,535 - INFO: Early stopping at epoch 6 due to no improvement in validation accuracy for 3 epochs.
2025-12-23 16:16:27,536 - INFO: Round 0: Best speaker fine-tuned epoch=3, acc(valid_pseudo)=0.9925
2025-12-23 16:16:27,540 - INFO: Fine-tuning face embedding model for 20 epochs...
2025-12-23 16:16:27,996 - INFO: Epoch: [0][  0/229]	Time  0.452 ( 0.452)	Loss 5.2859e-01 (5.2859e-01)	Acc pseudo  85.94 ( 85.94)	Lr 1.000e-03 (1.000e-03)
2025-12-23 16:16:32,665 - INFO: Epoch: [0][ 50/229]	Time  0.037 ( 0.037)	Loss 1.3404e+00 (9.7352e-01)	Acc pseudo  78.12 ( 78.71)	Lr 1.000e-03 (1.000e-03)
2025-12-23 16:16:37,323 - INFO: Epoch: [0][100/229]	Time  0.030 ( 0.032)	Loss 9.1904e-01 (8.5295e-01)	Acc pseudo  76.56 ( 80.58)	Lr 1.000e-03 (1.000e-03)
2025-12-23 16:16:41,988 - INFO: Epoch: [0][150/229]	Time  0.029 ( 0.031)	Loss 5.7627e-01 (7.6645e-01)	Acc pseudo  89.06 ( 82.62)	Lr 1.000e-03 (1.000e-03)
2025-12-23 16:16:46,656 - INFO: Epoch: [0][200/229]	Time  0.027 ( 0.031)	Loss 3.0227e-01 (7.0100e-01)	Acc pseudo  95.31 ( 83.76)	Lr 1.000e-03 (1.000e-03)
2025-12-23 16:16:49,323 - INFO: Round 0, Face Fine-tune Epoch 0: loss=0.6746, acc(pseudo)=84.22%
2025-12-23 16:17:15,412 - INFO: Round 0, Face Fine-tune Epoch 0: acc(valid_pseudo): 0.9829, acc: 0.8906
2025-12-23 16:17:15,951 - INFO: Epoch: [1][  0/229]	Time  0.405 ( 0.405)	Loss 4.1291e-01 (4.1291e-01)	Acc pseudo  89.06 ( 89.06)	Lr 1.000e-03 (1.000e-03)
2025-12-23 16:17:20,631 - INFO: Epoch: [1][ 50/229]	Time  0.026 ( 0.035)	Loss 3.5418e-01 (3.3061e-01)	Acc pseudo  92.19 ( 89.98)	Lr 1.000e-03 (1.000e-03)
2025-12-23 16:17:25,308 - INFO: Epoch: [1][100/229]	Time  0.032 ( 0.032)	Loss 3.1409e-01 (3.1194e-01)	Acc pseudo  92.19 ( 90.76)	Lr 1.000e-03 (1.000e-03)
2025-12-23 16:17:29,988 - INFO: Epoch: [1][150/229]	Time  0.027 ( 0.030)	Loss 1.0036e+00 (3.3854e-01)	Acc pseudo  93.75 ( 90.40)	Lr 1.000e-03 (1.000e-03)
2025-12-23 16:17:34,673 - INFO: Epoch: [1][200/229]	Time  0.026 ( 0.029)	Loss 4.7969e-01 (3.3678e-01)	Acc pseudo  85.94 ( 90.28)	Lr 1.000e-03 (1.000e-03)
2025-12-23 16:17:37,347 - INFO: Round 0, Face Fine-tune Epoch 1: loss=0.3317, acc(pseudo)=90.27%
2025-12-23 16:18:03,413 - INFO: Round 0, Face Fine-tune Epoch 1: acc(valid_pseudo): 0.9924, acc: 0.8990
2025-12-23 16:18:03,970 - INFO: Epoch: [2][  0/229]	Time  0.423 ( 0.423)	Loss 2.5861e-01 (2.5861e-01)	Acc pseudo  89.06 ( 89.06)	Lr 1.000e-03 (1.000e-03)
2025-12-23 16:18:08,664 - INFO: Epoch: [2][ 50/229]	Time  0.039 ( 0.040)	Loss 1.9452e-01 (2.5567e-01)	Acc pseudo  90.62 ( 91.88)	Lr 1.000e-03 (1.000e-03)
2025-12-23 16:18:13,350 - INFO: Epoch: [2][100/229]	Time  0.026 ( 0.035)	Loss 3.2861e-01 (2.6391e-01)	Acc pseudo  89.06 ( 91.58)	Lr 1.000e-03 (1.000e-03)
2025-12-23 16:18:18,035 - INFO: Epoch: [2][150/229]	Time  0.029 ( 0.033)	Loss 2.7634e-01 (2.6427e-01)	Acc pseudo  93.75 ( 91.46)	Lr 1.000e-03 (1.000e-03)
2025-12-23 16:18:22,720 - INFO: Epoch: [2][200/229]	Time  0.029 ( 0.032)	Loss 2.3102e-01 (2.6754e-01)	Acc pseudo  92.19 ( 91.22)	Lr 1.000e-03 (1.000e-03)
2025-12-23 16:18:25,404 - INFO: Round 0, Face Fine-tune Epoch 2: loss=0.2814, acc(pseudo)=91.32%
2025-12-23 16:18:52,394 - INFO: Round 0, Face Fine-tune Epoch 2: acc(valid_pseudo): 0.9909, acc: 0.9008
2025-12-23 16:18:52,396 - INFO: Round 0, Face Fine-tune Epoch 2: No improvement. Patience(epoch): 1/3
2025-12-23 16:18:53,355 - INFO: Epoch: [3][  0/229]	Time  0.904 ( 0.904)	Loss 1.6576e-01 (1.6576e-01)	Acc pseudo  92.19 ( 92.19)	Lr 1.000e-03 (1.000e-03)
2025-12-23 16:18:58,043 - INFO: Epoch: [3][ 50/229]	Time  0.038 ( 0.046)	Loss 2.0201e-01 (2.4345e-01)	Acc pseudo  95.31 ( 92.56)	Lr 1.000e-03 (1.000e-03)
2025-12-23 16:19:02,735 - INFO: Epoch: [3][100/229]	Time  0.027 ( 0.038)	Loss 3.4562e-01 (2.2316e-01)	Acc pseudo  84.38 ( 92.62)	Lr 1.000e-03 (1.000e-03)
2025-12-23 16:19:07,420 - INFO: Epoch: [3][150/229]	Time  0.027 ( 0.034)	Loss 2.5185e-01 (2.2002e-01)	Acc pseudo  92.19 ( 92.80)	Lr 1.000e-03 (1.000e-03)
2025-12-23 16:19:12,109 - INFO: Epoch: [3][200/229]	Time  0.028 ( 0.033)	Loss 3.9490e-01 (2.2718e-01)	Acc pseudo  89.06 ( 92.72)	Lr 1.000e-03 (1.000e-03)
2025-12-23 16:19:14,788 - INFO: Round 0, Face Fine-tune Epoch 3: loss=0.2346, acc(pseudo)=92.70%
2025-12-23 16:19:40,215 - INFO: Round 0, Face Fine-tune Epoch 3: acc(valid_pseudo): 0.9938, acc: 0.9102
2025-12-23 16:19:40,798 - INFO: Epoch: [4][  0/229]	Time  0.459 ( 0.459)	Loss 8.9499e-02 (8.9499e-02)	Acc pseudo  95.31 ( 95.31)	Lr 1.000e-03 (1.000e-03)
2025-12-23 16:19:45,487 - INFO: Epoch: [4][ 50/229]	Time  0.027 ( 0.037)	Loss 1.9146e-01 (1.6616e-01)	Acc pseudo  92.19 ( 93.50)	Lr 1.000e-03 (1.000e-03)
2025-12-23 16:19:50,172 - INFO: Epoch: [4][100/229]	Time  0.031 ( 0.032)	Loss 1.4515e-01 (1.7346e-01)	Acc pseudo  93.75 ( 93.81)	Lr 1.000e-03 (1.000e-03)
2025-12-23 16:19:54,861 - INFO: Epoch: [4][150/229]	Time  0.027 ( 0.031)	Loss 2.9252e-01 (1.8243e-01)	Acc pseudo  81.25 ( 93.67)	Lr 1.000e-03 (1.000e-03)
2025-12-23 16:19:59,551 - INFO: Epoch: [4][200/229]	Time  0.032 ( 0.030)	Loss 2.1183e-01 (1.8266e-01)	Acc pseudo  95.31 ( 93.76)	Lr 1.000e-03 (1.000e-03)
2025-12-23 16:20:02,234 - INFO: Round 0, Face Fine-tune Epoch 4: loss=0.1860, acc(pseudo)=93.72%
2025-12-23 16:20:28,384 - INFO: Round 0, Face Fine-tune Epoch 4: acc(valid_pseudo): 0.9967, acc: 0.9102
2025-12-23 16:20:29,075 - INFO: Epoch: [5][  0/229]	Time  0.406 ( 0.406)	Loss 1.3221e-01 (1.3221e-01)	Acc pseudo  95.31 ( 95.31)	Lr 1.000e-03 (1.000e-03)
2025-12-23 16:20:33,765 - INFO: Epoch: [5][ 50/229]	Time  0.027 ( 0.035)	Loss 1.7539e-01 (1.6966e-01)	Acc pseudo  90.62 ( 94.15)	Lr 1.000e-03 (1.000e-03)
2025-12-23 16:20:38,454 - INFO: Epoch: [5][100/229]	Time  0.039 ( 0.033)	Loss 1.2550e-01 (1.7797e-01)	Acc pseudo  90.62 ( 94.17)	Lr 1.000e-03 (1.000e-03)
2025-12-23 16:20:43,146 - INFO: Epoch: [5][150/229]	Time  0.027 ( 0.032)	Loss 1.1726e-01 (1.7026e-01)	Acc pseudo  95.31 ( 94.31)	Lr 1.000e-03 (1.000e-03)
2025-12-23 16:20:47,836 - INFO: Epoch: [5][200/229]	Time  0.026 ( 0.031)	Loss 7.5813e-02 (1.6712e-01)	Acc pseudo  98.44 ( 94.35)	Lr 1.000e-03 (1.000e-03)
2025-12-23 16:20:50,519 - INFO: Round 0, Face Fine-tune Epoch 5: loss=0.1652, acc(pseudo)=94.41%
2025-12-23 16:21:15,918 - INFO: Round 0, Face Fine-tune Epoch 5: acc(valid_pseudo): 0.9957, acc: 0.9074
2025-12-23 16:21:15,920 - INFO: Round 0, Face Fine-tune Epoch 5: No improvement. Patience(epoch): 1/3
2025-12-23 16:21:16,392 - INFO: Epoch: [6][  0/229]	Time  0.421 ( 0.421)	Loss 3.6657e-02 (3.6657e-02)	Acc pseudo  98.44 ( 98.44)	Lr 1.000e-03 (1.000e-03)
2025-12-23 16:21:21,081 - INFO: Epoch: [6][ 50/229]	Time  0.029 ( 0.037)	Loss 7.7207e-02 (1.2765e-01)	Acc pseudo  98.44 ( 94.98)	Lr 1.000e-03 (1.000e-03)
2025-12-23 16:21:25,772 - INFO: Epoch: [6][100/229]	Time  0.029 ( 0.032)	Loss 1.4030e-01 (1.2506e-01)	Acc pseudo  95.31 ( 95.03)	Lr 1.000e-03 (1.000e-03)
2025-12-23 16:21:30,463 - INFO: Epoch: [6][150/229]	Time  0.034 ( 0.031)	Loss 1.1722e-01 (1.2834e-01)	Acc pseudo  96.88 ( 95.01)	Lr 1.000e-03 (1.000e-03)
2025-12-23 16:21:35,154 - INFO: Epoch: [6][200/229]	Time  0.026 ( 0.030)	Loss 3.0569e-02 (1.2977e-01)	Acc pseudo 100.00 ( 95.03)	Lr 1.000e-03 (1.000e-03)
2025-12-23 16:21:37,834 - INFO: Round 0, Face Fine-tune Epoch 6: loss=0.1341, acc(pseudo)=94.98%
2025-12-23 16:22:04,400 - INFO: Round 0, Face Fine-tune Epoch 6: acc(valid_pseudo): 0.9983, acc: 0.9111
2025-12-23 16:22:04,981 - INFO: Epoch: [7][  0/229]	Time  0.458 ( 0.458)	Loss 1.0570e-01 (1.0570e-01)	Acc pseudo  98.44 ( 98.44)	Lr 1.000e-03 (1.000e-03)
2025-12-23 16:22:09,675 - INFO: Epoch: [7][ 50/229]	Time  0.028 ( 0.037)	Loss 8.8008e-02 (1.5772e-01)	Acc pseudo  96.88 ( 95.74)	Lr 1.000e-03 (1.000e-03)
2025-12-23 16:22:14,362 - INFO: Epoch: [7][100/229]	Time  0.027 ( 0.033)	Loss 7.1103e-02 (1.6456e-01)	Acc pseudo  98.44 ( 95.06)	Lr 1.000e-03 (1.000e-03)
2025-12-23 16:22:19,052 - INFO: Epoch: [7][150/229]	Time  0.029 ( 0.032)	Loss 1.2181e-01 (1.5330e-01)	Acc pseudo  98.44 ( 95.20)	Lr 1.000e-03 (1.000e-03)
2025-12-23 16:22:23,747 - INFO: Epoch: [7][200/229]	Time  0.027 ( 0.031)	Loss 1.7007e-01 (1.5085e-01)	Acc pseudo  92.19 ( 95.00)	Lr 1.000e-03 (1.000e-03)
2025-12-23 16:22:26,432 - INFO: Round 0, Face Fine-tune Epoch 7: loss=0.1541, acc(pseudo)=94.93%
2025-12-23 16:22:52,125 - INFO: Round 0, Face Fine-tune Epoch 7: acc(valid_pseudo): 0.9953, acc: 0.9111
2025-12-23 16:22:52,125 - INFO: Round 0, Face Fine-tune Epoch 7: No improvement. Patience(epoch): 1/3
2025-12-23 16:22:52,611 - INFO: Epoch: [8][  0/229]	Time  0.431 ( 0.431)	Loss 1.4409e-01 (1.4409e-01)	Acc pseudo  95.31 ( 95.31)	Lr 1.000e-03 (1.000e-03)
2025-12-23 16:22:57,303 - INFO: Epoch: [8][ 50/229]	Time  0.028 ( 0.037)	Loss 5.8350e-02 (1.3013e-01)	Acc pseudo  96.88 ( 95.13)	Lr 1.000e-03 (1.000e-03)
2025-12-23 16:23:01,993 - INFO: Epoch: [8][100/229]	Time  0.033 ( 0.033)	Loss 2.9839e-01 (1.3577e-01)	Acc pseudo  89.06 ( 94.76)	Lr 1.000e-03 (1.000e-03)
2025-12-23 16:23:06,683 - INFO: Epoch: [8][150/229]	Time  0.026 ( 0.031)	Loss 1.3318e-01 (1.4165e-01)	Acc pseudo  95.31 ( 94.64)	Lr 1.000e-03 (1.000e-03)
2025-12-23 16:23:11,375 - INFO: Epoch: [8][200/229]	Time  0.027 ( 0.030)	Loss 2.0474e-01 (1.6788e-01)	Acc pseudo  89.06 ( 94.61)	Lr 1.000e-03 (1.000e-03)
2025-12-23 16:23:14,062 - INFO: Round 0, Face Fine-tune Epoch 8: loss=0.1673, acc(pseudo)=94.50%
2025-12-23 16:23:40,612 - INFO: Round 0, Face Fine-tune Epoch 8: acc(valid_pseudo): 0.9963, acc: 0.9083
2025-12-23 16:23:40,612 - INFO: Round 0, Face Fine-tune Epoch 8: No improvement. Patience(epoch): 2/3
2025-12-23 16:23:41,074 - INFO: Epoch: [9][  0/229]	Time  0.409 ( 0.409)	Loss 6.0992e-02 (6.0992e-02)	Acc pseudo  96.88 ( 96.88)	Lr 1.000e-03 (1.000e-03)
2025-12-23 16:23:45,770 - INFO: Epoch: [9][ 50/229]	Time  0.027 ( 0.040)	Loss 2.7897e-01 (1.3789e-01)	Acc pseudo  92.19 ( 94.73)	Lr 1.000e-03 (1.000e-03)
2025-12-23 16:23:50,462 - INFO: Epoch: [9][100/229]	Time  0.035 ( 0.034)	Loss 2.0523e-01 (1.4584e-01)	Acc pseudo  93.75 ( 94.57)	Lr 1.000e-03 (1.000e-03)
2025-12-23 16:23:55,155 - INFO: Epoch: [9][150/229]	Time  0.027 ( 0.033)	Loss 7.3813e-02 (1.3914e-01)	Acc pseudo  96.88 ( 94.82)	Lr 1.000e-03 (1.000e-03)
2025-12-23 16:23:59,845 - INFO: Epoch: [9][200/229]	Time  0.030 ( 0.032)	Loss 1.9379e-01 (1.4142e-01)	Acc pseudo  95.31 ( 94.81)	Lr 1.000e-03 (1.000e-03)
2025-12-23 16:24:02,529 - INFO: Round 0, Face Fine-tune Epoch 9: loss=0.1443, acc(pseudo)=94.80%
2025-12-23 16:24:28,257 - INFO: Round 0, Face Fine-tune Epoch 9: acc(valid_pseudo): 0.9984, acc: 0.9121
2025-12-23 16:24:28,813 - INFO: Epoch: [10][  0/229]	Time  0.432 ( 0.432)	Loss 5.3194e-02 (5.3194e-02)	Acc pseudo  98.44 ( 98.44)	Lr 1.000e-03 (1.000e-03)
2025-12-23 16:24:33,509 - INFO: Epoch: [10][ 50/229]	Time  0.031 ( 0.037)	Loss 1.3731e-01 (1.2033e-01)	Acc pseudo  93.75 ( 95.62)	Lr 1.000e-03 (1.000e-03)
2025-12-23 16:24:38,198 - INFO: Epoch: [10][100/229]	Time  0.028 ( 0.033)	Loss 1.0561e-01 (1.3093e-01)	Acc pseudo  93.75 ( 95.64)	Lr 1.000e-03 (1.000e-03)
2025-12-23 16:24:42,887 - INFO: Epoch: [10][150/229]	Time  0.027 ( 0.031)	Loss 1.7617e-01 (1.3555e-01)	Acc pseudo  95.31 ( 95.26)	Lr 1.000e-03 (1.000e-03)
2025-12-23 16:24:47,576 - INFO: Epoch: [10][200/229]	Time  0.027 ( 0.030)	Loss 4.7205e-02 (1.3747e-01)	Acc pseudo 100.00 ( 95.30)	Lr 1.000e-03 (1.000e-03)
2025-12-23 16:24:50,272 - INFO: Round 0, Face Fine-tune Epoch 10: loss=0.1364, acc(pseudo)=95.23%
2025-12-23 16:25:16,517 - INFO: Round 0, Face Fine-tune Epoch 10: acc(valid_pseudo): 0.9981, acc: 0.9083
2025-12-23 16:25:16,519 - INFO: Round 0, Face Fine-tune Epoch 10: No improvement. Patience(epoch): 1/3
2025-12-23 16:25:16,993 - INFO: Epoch: [11][  0/229]	Time  0.428 ( 0.428)	Loss 1.1915e-01 (1.1915e-01)	Acc pseudo  93.75 ( 93.75)	Lr 1.000e-03 (1.000e-03)
2025-12-23 16:25:21,688 - INFO: Epoch: [11][ 50/229]	Time  0.027 ( 0.037)	Loss 5.4834e-02 (1.2278e-01)	Acc pseudo  96.88 ( 95.28)	Lr 1.000e-03 (1.000e-03)
2025-12-23 16:25:26,378 - INFO: Epoch: [11][100/229]	Time  0.038 ( 0.032)	Loss 5.2278e-02 (1.2310e-01)	Acc pseudo  96.88 ( 95.31)	Lr 1.000e-03 (1.000e-03)
2025-12-23 16:25:31,068 - INFO: Epoch: [11][150/229]	Time  0.028 ( 0.031)	Loss 8.8219e-02 (1.3021e-01)	Acc pseudo  95.31 ( 95.27)	Lr 1.000e-03 (1.000e-03)
2025-12-23 16:25:35,761 - INFO: Epoch: [11][200/229]	Time  0.028 ( 0.031)	Loss 2.6758e-01 (1.3031e-01)	Acc pseudo  89.06 ( 95.08)	Lr 1.000e-03 (1.000e-03)
2025-12-23 16:25:38,444 - INFO: Round 0, Face Fine-tune Epoch 11: loss=0.1294, acc(pseudo)=95.12%
2025-12-23 16:26:04,661 - INFO: Round 0, Face Fine-tune Epoch 11: acc(valid_pseudo): 0.9988, acc: 0.9093
2025-12-23 16:26:05,211 - INFO: Epoch: [12][  0/229]	Time  0.415 ( 0.415)	Loss 1.2841e-01 (1.2841e-01)	Acc pseudo  92.19 ( 92.19)	Lr 1.000e-03 (1.000e-03)
2025-12-23 16:26:09,903 - INFO: Epoch: [12][ 50/229]	Time  0.029 ( 0.037)	Loss 1.8510e-01 (1.0597e-01)	Acc pseudo  93.75 ( 95.62)	Lr 1.000e-03 (1.000e-03)
2025-12-23 16:26:14,596 - INFO: Epoch: [12][100/229]	Time  0.027 ( 0.033)	Loss 2.7350e-01 (1.0414e-01)	Acc pseudo  95.31 ( 95.96)	Lr 1.000e-03 (1.000e-03)
2025-12-23 16:26:19,290 - INFO: Epoch: [12][150/229]	Time  0.031 ( 0.032)	Loss 7.5742e-02 (1.1134e-01)	Acc pseudo  95.31 ( 95.73)	Lr 1.000e-03 (1.000e-03)
2025-12-23 16:26:23,985 - INFO: Epoch: [12][200/229]	Time  0.029 ( 0.032)	Loss 1.1305e-01 (1.1179e-01)	Acc pseudo  93.75 ( 95.72)	Lr 1.000e-03 (1.000e-03)
2025-12-23 16:26:26,679 - INFO: Round 0, Face Fine-tune Epoch 12: loss=0.1137, acc(pseudo)=95.56%
2025-12-23 16:26:52,685 - INFO: Round 0, Face Fine-tune Epoch 12: acc(valid_pseudo): 0.9981, acc: 0.9046
2025-12-23 16:26:52,685 - INFO: Round 0, Face Fine-tune Epoch 12: No improvement. Patience(epoch): 1/3
2025-12-23 16:26:53,143 - INFO: Epoch: [13][  0/229]	Time  0.425 ( 0.425)	Loss 4.1024e-02 (4.1024e-02)	Acc pseudo  98.44 ( 98.44)	Lr 1.000e-03 (1.000e-03)
2025-12-23 16:26:57,833 - INFO: Epoch: [13][ 50/229]	Time  0.028 ( 0.036)	Loss 1.9491e-02 (1.1568e-01)	Acc pseudo 100.00 ( 96.14)	Lr 1.000e-03 (1.000e-03)
2025-12-23 16:27:02,528 - INFO: Epoch: [13][100/229]	Time  0.030 ( 0.033)	Loss 7.6790e-02 (1.1057e-01)	Acc pseudo  98.44 ( 95.99)	Lr 1.000e-03 (1.000e-03)
2025-12-23 16:27:07,226 - INFO: Epoch: [13][150/229]	Time  0.027 ( 0.031)	Loss 2.1003e-01 (1.1556e-01)	Acc pseudo  95.31 ( 95.89)	Lr 1.000e-03 (1.000e-03)
2025-12-23 16:27:11,926 - INFO: Epoch: [13][200/229]	Time  0.032 ( 0.031)	Loss 1.3009e-01 (1.2477e-01)	Acc pseudo  95.31 ( 95.72)	Lr 1.000e-03 (1.000e-03)
2025-12-23 16:27:14,619 - INFO: Round 0, Face Fine-tune Epoch 13: loss=0.1227, acc(pseudo)=95.73%
2025-12-23 16:27:40,444 - INFO: Round 0, Face Fine-tune Epoch 13: acc(valid_pseudo): 0.9977, acc: 0.9093
2025-12-23 16:27:40,444 - INFO: Round 0, Face Fine-tune Epoch 13: No improvement. Patience(epoch): 2/3
2025-12-23 16:27:40,902 - INFO: Epoch: [14][  0/229]	Time  0.419 ( 0.419)	Loss 8.4135e-02 (8.4135e-02)	Acc pseudo  96.88 ( 96.88)	Lr 1.000e-03 (1.000e-03)
2025-12-23 16:27:45,608 - INFO: Epoch: [14][ 50/229]	Time  0.032 ( 0.039)	Loss 5.2583e-02 (9.4736e-02)	Acc pseudo  98.44 ( 96.69)	Lr 1.000e-03 (1.000e-03)
2025-12-23 16:27:50,303 - INFO: Epoch: [14][100/229]	Time  0.028 ( 0.034)	Loss 6.8293e-02 (1.2384e-01)	Acc pseudo  95.31 ( 95.76)	Lr 1.000e-03 (1.000e-03)
2025-12-23 16:27:55,001 - INFO: Epoch: [14][150/229]	Time  0.033 ( 0.033)	Loss 1.5115e-01 (1.2559e-01)	Acc pseudo  93.75 ( 95.50)	Lr 1.000e-03 (1.000e-03)
2025-12-23 16:27:59,699 - INFO: Epoch: [14][200/229]	Time  0.028 ( 0.032)	Loss 9.1640e-02 (1.3378e-01)	Acc pseudo  93.75 ( 95.51)	Lr 1.000e-03 (1.000e-03)
2025-12-23 16:28:02,415 - INFO: Round 0, Face Fine-tune Epoch 14: loss=0.1328, acc(pseudo)=95.47%
2025-12-23 16:28:28,631 - INFO: Round 0, Face Fine-tune Epoch 14: acc(valid_pseudo): 0.9979, acc: 0.9065
2025-12-23 16:28:28,632 - INFO: Round 0, Face Fine-tune Epoch 14: No improvement. Patience(epoch): 3/3
2025-12-23 16:28:28,632 - INFO: Early stopping at face epoch 14
2025-12-23 16:28:28,633 - INFO: Round 0: Best face fine-tuned epoch=11, acc(valid_pseudo)=0.9988
2025-12-23 16:28:28,681 - INFO: Using HMM model from previous round: runs/the big bang theory/exp_video/result/self_supervised/exp2/initial/pseudo_label/hmm_params.pkl
2025-12-23 16:42:26,157 - INFO: Round 0: speaker_acc=0.9080
2025-12-23 16:42:26,161 - INFO: Round 0: face_acc=0.9111
2025-12-23 16:42:26,174 - INFO: ====================
2025-12-23 16:42:26,174 - INFO: Round 1: Fine-tuning iteration
2025-12-23 16:42:26,174 - INFO: ====================
2025-12-23 16:42:26,211 - INFO: Round 1 Part 1: Fine-tuning embedding model
2025-12-23 16:42:26,212 - INFO: Using pseudo-label file: runs/the big bang theory/exp_video/result/self_supervised/exp2/round0/pseudo_label/pseudo_labels_audio_nested_hmm_full(unreliable_pp=5.0).json
2025-12-23 16:42:26,226 - INFO: Using face pseudo-label file: runs/the big bang theory/exp_video/result/self_supervised/exp2/round0/pseudo_label/pseudo_labels_faces_mid_frame_nested_hmm_full.json
2025-12-23 16:42:26,241 - INFO: Created face dataloader with 14646 samples
2025-12-23 16:42:26,271 - INFO: Warmup training face classifier for 2 epochs...
2025-12-23 16:42:27,394 - INFO: Epoch: [0][  0/229]	Time  1.111 ( 1.111)	Loss 2.9611e+00 (2.9611e+00)	Acc pseudo   1.56 (  1.56)	Lr 1.000e-03 (1.000e-03)
2025-12-23 16:42:31,979 - INFO: Epoch: [0][ 50/229]	Time  0.027 ( 0.050)	Loss 6.3014e-01 (1.0950e+00)	Acc pseudo  93.75 ( 84.74)	Lr 1.000e-03 (1.000e-03)
2025-12-23 16:42:36,570 - INFO: Epoch: [0][100/229]	Time  0.037 ( 0.039)	Loss 4.3932e-01 (7.8010e-01)	Acc pseudo  89.06 ( 89.06)	Lr 1.000e-03 (1.000e-03)
2025-12-23 16:42:41,162 - INFO: Epoch: [0][150/229]	Time  0.026 ( 0.036)	Loss 1.3507e-01 (6.6015e-01)	Acc pseudo  98.44 ( 90.82)	Lr 1.000e-03 (1.000e-03)
2025-12-23 16:42:45,763 - INFO: Epoch: [0][200/229]	Time  0.027 ( 0.034)	Loss 9.2382e-02 (5.9866e-01)	Acc pseudo  95.31 ( 91.72)	Lr 1.000e-03 (1.000e-03)
2025-12-23 16:42:48,399 - INFO: Round 1, Face Warmup Epoch 0: loss=0.5599, acc(pseudo)=92.13%
2025-12-23 16:42:48,838 - INFO: Epoch: [1][  0/229]	Time  0.402 ( 0.402)	Loss 1.7069e-01 (1.7069e-01)	Acc pseudo  96.88 ( 96.88)	Lr 1.000e-03 (1.000e-03)
2025-12-23 16:42:53,439 - INFO: Epoch: [1][ 50/229]	Time  0.038 ( 0.035)	Loss 1.1343e-01 (2.2049e-01)	Acc pseudo  98.44 ( 95.07)	Lr 1.000e-03 (1.000e-03)
2025-12-23 16:42:58,039 - INFO: Epoch: [1][100/229]	Time  0.027 ( 0.031)	Loss 1.6722e-01 (2.3139e-01)	Acc pseudo  96.88 ( 95.31)	Lr 1.000e-03 (1.000e-03)
2025-12-23 16:43:02,642 - INFO: Epoch: [1][150/229]	Time  0.026 ( 0.031)	Loss 1.5528e-01 (2.4052e-01)	Acc pseudo  90.62 ( 95.07)	Lr 1.000e-03 (1.000e-03)
2025-12-23 16:43:07,246 - INFO: Epoch: [1][200/229]	Time  0.029 ( 0.030)	Loss 2.2195e-01 (2.4250e-01)	Acc pseudo  93.75 ( 95.08)	Lr 1.000e-03 (1.000e-03)
2025-12-23 16:43:09,885 - INFO: Round 1, Face Warmup Epoch 1: loss=0.2549, acc(pseudo)=95.12%
2025-12-23 16:43:09,892 - INFO: Fine-tuning speaker embedding model for 20 epochs...
2025-12-23 16:43:10,087 - INFO: Epoch: [0][  0/107]	Time  0.191 ( 0.191)	Loss 2.1441e-01 (2.1441e-01)	Acc pseudo  92.19 ( 92.19)	Lr 1.000e-03 (1.000e-03)
2025-12-23 16:43:10,254 - INFO: Epoch: [0][ 50/107]	Time  0.003 ( 0.007)	Loss 1.3169e-01 (2.5047e-01)	Acc pseudo  95.31 ( 93.87)	Lr 1.000e-03 (1.000e-03)
2025-12-23 16:43:10,413 - INFO: Epoch: [0][100/107]	Time  0.002 ( 0.005)	Loss 3.1266e-01 (2.5289e-01)	Acc pseudo  90.62 ( 94.18)	Lr 1.000e-03 (1.000e-03)
2025-12-23 16:43:10,474 - INFO: Round 1, Fine-tune Epoch 0: loss=0.2496, acc(pseudo)=94.22%
2025-12-23 16:43:15,306 - INFO: Round 1, Fine-tune Epoch 0: acc(valid_pseudo): 0.9690, acc: 0.8915
2025-12-23 16:43:15,579 - INFO: Epoch: [1][  0/107]	Time  0.180 ( 0.180)	Loss 1.7234e-01 (1.7234e-01)	Acc pseudo  96.88 ( 96.88)	Lr 1.000e-03 (1.000e-03)
2025-12-23 16:43:15,750 - INFO: Epoch: [1][ 50/107]	Time  0.003 ( 0.007)	Loss 8.2082e-02 (1.9090e-01)	Acc pseudo  96.88 ( 94.94)	Lr 1.000e-03 (1.000e-03)
2025-12-23 16:43:15,897 - INFO: Epoch: [1][100/107]	Time  0.002 ( 0.005)	Loss 1.5649e-01 (1.9898e-01)	Acc pseudo  92.19 ( 94.71)	Lr 1.000e-03 (1.000e-03)
2025-12-23 16:43:15,953 - INFO: Round 1, Fine-tune Epoch 1: loss=0.2039, acc(pseudo)=94.67%
2025-12-23 16:43:20,715 - INFO: Round 1, Fine-tune Epoch 1: acc(valid_pseudo): 0.7456, acc: 0.5275
2025-12-23 16:43:20,715 - INFO: Round 1, Speaker Fine-tune Epoch 1: No improvement in validation accuracy. Patience(epoch): 1/3
2025-12-23 16:43:20,903 - INFO: Epoch: [2][  0/107]	Time  0.183 ( 0.183)	Loss 1.8156e-01 (1.8156e-01)	Acc pseudo  95.31 ( 95.31)	Lr 1.000e-03 (1.000e-03)
2025-12-23 16:43:21,107 - INFO: Epoch: [2][ 50/107]	Time  0.003 ( 0.007)	Loss 3.1150e-01 (1.7619e-01)	Acc pseudo  92.19 ( 95.22)	Lr 1.000e-03 (1.000e-03)
2025-12-23 16:43:21,266 - INFO: Epoch: [2][100/107]	Time  0.002 ( 0.005)	Loss 9.9947e-02 (1.6873e-01)	Acc pseudo  96.88 ( 95.28)	Lr 1.000e-03 (1.000e-03)
2025-12-23 16:43:21,326 - INFO: Round 1, Fine-tune Epoch 2: loss=0.1676, acc(pseudo)=95.31%
2025-12-23 16:43:26,311 - INFO: Round 1, Fine-tune Epoch 2: acc(valid_pseudo): 0.9556, acc: 0.8335
2025-12-23 16:43:26,311 - INFO: Round 1, Speaker Fine-tune Epoch 2: No improvement in validation accuracy. Patience(epoch): 2/3
2025-12-23 16:43:26,491 - INFO: Epoch: [3][  0/107]	Time  0.175 ( 0.175)	Loss 1.3661e-01 (1.3661e-01)	Acc pseudo  95.31 ( 95.31)	Lr 1.000e-03 (1.000e-03)
2025-12-23 16:43:26,662 - INFO: Epoch: [3][ 50/107]	Time  0.003 ( 0.007)	Loss 6.8958e-02 (1.6147e-01)	Acc pseudo  98.44 ( 95.50)	Lr 1.000e-03 (1.000e-03)
2025-12-23 16:43:26,820 - INFO: Epoch: [3][100/107]	Time  0.002 ( 0.005)	Loss 1.9418e-01 (1.6591e-01)	Acc pseudo  95.31 ( 95.31)	Lr 1.000e-03 (1.000e-03)
2025-12-23 16:43:26,877 - INFO: Round 1, Fine-tune Epoch 3: loss=0.1665, acc(pseudo)=95.31%
2025-12-23 16:43:30,886 - INFO: Round 1, Fine-tune Epoch 3: acc(valid_pseudo): 0.9464, acc: 0.8775
2025-12-23 16:43:30,886 - INFO: Round 1, Speaker Fine-tune Epoch 3: No improvement in validation accuracy. Patience(epoch): 3/3
2025-12-23 16:43:30,887 - INFO: Early stopping at epoch 3 due to no improvement in validation accuracy for 3 epochs.
2025-12-23 16:43:30,888 - INFO: Round 1: Best speaker fine-tuned epoch=0, acc(valid_pseudo)=0.9690
2025-12-23 16:43:30,892 - INFO: Fine-tuning face embedding model for 20 epochs...
2025-12-23 16:43:31,386 - INFO: Epoch: [0][  0/229]	Time  0.452 ( 0.452)	Loss 5.7552e-02 (5.7552e-02)	Acc pseudo  95.31 ( 95.31)	Lr 1.000e-03 (1.000e-03)
2025-12-23 16:43:36,052 - INFO: Epoch: [0][ 50/229]	Time  0.028 ( 0.037)	Loss 9.9572e-02 (2.0225e-01)	Acc pseudo  96.88 ( 95.56)	Lr 1.000e-03 (1.000e-03)
2025-12-23 16:43:40,723 - INFO: Epoch: [0][100/229]	Time  0.029 ( 0.034)	Loss 1.9813e-01 (1.9947e-01)	Acc pseudo  90.62 ( 94.91)	Lr 1.000e-03 (1.000e-03)
2025-12-23 16:43:45,393 - INFO: Epoch: [0][150/229]	Time  0.028 ( 0.032)	Loss 1.2386e-01 (2.2417e-01)	Acc pseudo  96.88 ( 94.62)	Lr 1.000e-03 (1.000e-03)
2025-12-23 16:43:50,062 - INFO: Epoch: [0][200/229]	Time  0.031 ( 0.031)	Loss 9.7059e-02 (2.3723e-01)	Acc pseudo  96.88 ( 94.60)	Lr 1.000e-03 (1.000e-03)
2025-12-23 16:43:52,741 - INFO: Round 1, Face Fine-tune Epoch 0: loss=0.2365, acc(pseudo)=94.61%
2025-12-23 16:44:18,311 - INFO: Round 1, Face Fine-tune Epoch 0: acc(valid_pseudo): 0.9948, acc: 0.9083
2025-12-23 16:44:18,873 - INFO: Epoch: [1][  0/229]	Time  0.432 ( 0.432)	Loss 1.1544e-01 (1.1544e-01)	Acc pseudo  95.31 ( 95.31)	Lr 1.000e-03 (1.000e-03)
2025-12-23 16:44:23,560 - INFO: Epoch: [1][ 50/229]	Time  0.036 ( 0.037)	Loss 5.3218e-02 (1.8380e-01)	Acc pseudo  96.88 ( 94.79)	Lr 1.000e-03 (1.000e-03)
2025-12-23 16:44:28,241 - INFO: Epoch: [1][100/229]	Time  0.028 ( 0.032)	Loss 1.0547e-01 (1.6817e-01)	Acc pseudo  98.44 ( 95.19)	Lr 1.000e-03 (1.000e-03)
2025-12-23 16:44:32,921 - INFO: Epoch: [1][150/229]	Time  0.027 ( 0.031)	Loss 9.5923e-02 (1.7375e-01)	Acc pseudo  95.31 ( 95.07)	Lr 1.000e-03 (1.000e-03)
2025-12-23 16:44:37,605 - INFO: Epoch: [1][200/229]	Time  0.028 ( 0.030)	Loss 9.1687e-02 (2.0447e-01)	Acc pseudo  96.88 ( 95.06)	Lr 1.000e-03 (1.000e-03)
2025-12-23 16:44:40,286 - INFO: Round 1, Face Fine-tune Epoch 1: loss=0.2333, acc(pseudo)=95.05%
2025-12-23 16:45:06,887 - INFO: Round 1, Face Fine-tune Epoch 1: acc(valid_pseudo): 0.9977, acc: 0.9121
2025-12-23 16:45:07,488 - INFO: Epoch: [2][  0/229]	Time  0.467 ( 0.467)	Loss 1.2529e-01 (1.2529e-01)	Acc pseudo  96.88 ( 96.88)	Lr 1.000e-03 (1.000e-03)
2025-12-23 16:45:12,180 - INFO: Epoch: [2][ 50/229]	Time  0.043 ( 0.040)	Loss 9.2489e-02 (2.2726e-01)	Acc pseudo  96.88 ( 94.58)	Lr 1.000e-03 (1.000e-03)
2025-12-23 16:45:16,876 - INFO: Epoch: [2][100/229]	Time  0.040 ( 0.037)	Loss 2.4430e-01 (1.9368e-01)	Acc pseudo  93.75 ( 94.88)	Lr 1.000e-03 (1.000e-03)
2025-12-23 16:45:21,568 - INFO: Epoch: [2][150/229]	Time  0.030 ( 0.036)	Loss 5.2101e-02 (1.6831e-01)	Acc pseudo  96.88 ( 95.44)	Lr 1.000e-03 (1.000e-03)
2025-12-23 16:45:26,261 - INFO: Epoch: [2][200/229]	Time  0.029 ( 0.034)	Loss 3.2701e-01 (1.7438e-01)	Acc pseudo  92.19 ( 95.08)	Lr 1.000e-03 (1.000e-03)
2025-12-23 16:45:28,952 - INFO: Round 1, Face Fine-tune Epoch 2: loss=0.1997, acc(pseudo)=95.07%
2025-12-23 16:45:54,414 - INFO: Round 1, Face Fine-tune Epoch 2: acc(valid_pseudo): 0.9981, acc: 0.9102
2025-12-23 16:45:54,986 - INFO: Epoch: [3][  0/229]	Time  0.439 ( 0.439)	Loss 5.9448e-02 (5.9448e-02)	Acc pseudo  96.88 ( 96.88)	Lr 1.000e-03 (1.000e-03)
2025-12-23 16:45:59,692 - INFO: Epoch: [3][ 50/229]	Time  0.028 ( 0.040)	Loss 1.7248e-01 (2.7434e-01)	Acc pseudo  93.75 ( 95.59)	Lr 1.000e-03 (1.000e-03)
2025-12-23 16:46:04,387 - INFO: Epoch: [3][100/229]	Time  0.028 ( 0.035)	Loss 3.7263e-01 (2.3592e-01)	Acc pseudo  93.75 ( 95.45)	Lr 1.000e-03 (1.000e-03)
2025-12-23 16:46:09,083 - INFO: Epoch: [3][150/229]	Time  0.029 ( 0.034)	Loss 1.1526e-01 (2.0899e-01)	Acc pseudo  96.88 ( 95.43)	Lr 1.000e-03 (1.000e-03)
2025-12-23 16:46:13,779 - INFO: Epoch: [3][200/229]	Time  0.028 ( 0.032)	Loss 9.1198e-02 (2.0119e-01)	Acc pseudo  96.88 ( 95.27)	Lr 1.000e-03 (1.000e-03)
2025-12-23 16:46:16,464 - INFO: Round 1, Face Fine-tune Epoch 3: loss=0.2019, acc(pseudo)=95.29%
2025-12-23 16:46:42,580 - INFO: Round 1, Face Fine-tune Epoch 3: acc(valid_pseudo): 0.9975, acc: 0.9083
2025-12-23 16:46:42,581 - INFO: Round 1, Face Fine-tune Epoch 3: No improvement. Patience(epoch): 1/3
2025-12-23 16:46:43,052 - INFO: Epoch: [4][  0/229]	Time  0.420 ( 0.420)	Loss 1.0785e-01 (1.0785e-01)	Acc pseudo  95.31 ( 95.31)	Lr 1.000e-03 (1.000e-03)
2025-12-23 16:46:47,750 - INFO: Epoch: [4][ 50/229]	Time  0.028 ( 0.037)	Loss 2.3185e-01 (1.8229e-01)	Acc pseudo  95.31 ( 95.25)	Lr 1.000e-03 (1.000e-03)
2025-12-23 16:46:52,442 - INFO: Epoch: [4][100/229]	Time  0.028 ( 0.033)	Loss 1.6687e-01 (2.1559e-01)	Acc pseudo  90.62 ( 95.11)	Lr 1.000e-03 (1.000e-03)
2025-12-23 16:46:57,143 - INFO: Epoch: [4][150/229]	Time  0.028 ( 0.033)	Loss 3.8649e-01 (2.0635e-01)	Acc pseudo  85.94 ( 94.92)	Lr 1.000e-03 (1.000e-03)
2025-12-23 16:47:01,845 - INFO: Epoch: [4][200/229]	Time  0.037 ( 0.033)	Loss 3.8745e-01 (1.9251e-01)	Acc pseudo  90.62 ( 94.84)	Lr 1.000e-03 (1.000e-03)
2025-12-23 16:47:04,531 - INFO: Round 1, Face Fine-tune Epoch 4: loss=0.1849, acc(pseudo)=94.95%
2025-12-23 16:47:30,799 - INFO: Round 1, Face Fine-tune Epoch 4: acc(valid_pseudo): 0.9981, acc: 0.9130
2025-12-23 16:47:30,799 - INFO: Round 1, Face Fine-tune Epoch 4: No improvement. Patience(epoch): 2/3
2025-12-23 16:47:31,258 - INFO: Epoch: [5][  0/229]	Time  0.418 ( 0.418)	Loss 5.5582e-02 (5.5582e-02)	Acc pseudo  98.44 ( 98.44)	Lr 1.000e-03 (1.000e-03)
2025-12-23 16:47:35,948 - INFO: Epoch: [5][ 50/229]	Time  0.028 ( 0.038)	Loss 1.3840e-01 (2.4986e-01)	Acc pseudo  95.31 ( 95.40)	Lr 1.000e-03 (1.000e-03)
2025-12-23 16:47:40,641 - INFO: Epoch: [5][100/229]	Time  0.028 ( 0.034)	Loss 4.1013e-02 (1.9524e-01)	Acc pseudo  98.44 ( 95.54)	Lr 1.000e-03 (1.000e-03)
2025-12-23 16:47:45,337 - INFO: Epoch: [5][150/229]	Time  0.028 ( 0.032)	Loss 3.3261e-01 (1.8625e-01)	Acc pseudo  93.75 ( 95.22)	Lr 1.000e-03 (1.000e-03)
2025-12-23 16:47:50,038 - INFO: Epoch: [5][200/229]	Time  0.047 ( 0.033)	Loss 1.4388e-01 (1.7836e-01)	Acc pseudo  93.75 ( 95.29)	Lr 1.000e-03 (1.000e-03)
2025-12-23 16:47:52,725 - INFO: Round 1, Face Fine-tune Epoch 5: loss=0.1872, acc(pseudo)=95.40%
2025-12-23 16:48:19,116 - INFO: Round 1, Face Fine-tune Epoch 5: acc(valid_pseudo): 0.9977, acc: 0.9102
2025-12-23 16:48:19,117 - INFO: Round 1, Face Fine-tune Epoch 5: No improvement. Patience(epoch): 3/3
2025-12-23 16:48:19,117 - INFO: Early stopping at face epoch 5
2025-12-23 16:48:19,118 - INFO: Round 1: Best face fine-tuned epoch=2, acc(valid_pseudo)=0.9981
2025-12-23 16:48:19,134 - INFO: Using HMM model from previous round: runs/the big bang theory/exp_video/result/self_supervised/exp2/round0/pseudo_label/hmm_params.pkl
2025-12-23 16:56:33,988 - INFO: Round 1: speaker_acc=0.9100
2025-12-23 16:56:33,991 - INFO: Round 1: face_acc=0.9121
2025-12-23 16:56:33,993 - INFO: ====================
2025-12-23 16:56:33,993 - INFO: Round 2: Fine-tuning iteration
2025-12-23 16:56:33,993 - INFO: ====================
2025-12-23 16:56:34,083 - INFO: Round 2 Part 1: Fine-tuning embedding model
2025-12-23 16:56:34,084 - INFO: Using pseudo-label file: runs/the big bang theory/exp_video/result/self_supervised/exp2/round1/pseudo_label/pseudo_labels_audio_nested_hmm_full(unreliable_pp=5.0).json
2025-12-23 16:56:34,095 - INFO: Using face pseudo-label file: runs/the big bang theory/exp_video/result/self_supervised/exp2/round1/pseudo_label/pseudo_labels_faces_mid_frame_nested_hmm_full.json
2025-12-23 16:56:34,110 - INFO: Created face dataloader with 14646 samples
2025-12-23 16:56:34,121 - INFO: Fine-tuning speaker embedding model for 20 epochs...
2025-12-23 16:56:34,308 - INFO: Epoch: [0][  0/107]	Time  0.182 ( 0.182)	Loss 2.6257e-01 (2.6257e-01)	Acc pseudo  92.19 ( 92.19)	Lr 1.000e-03 (1.000e-03)
2025-12-23 16:56:34,489 - INFO: Epoch: [0][ 50/107]	Time  0.004 ( 0.007)	Loss 1.0475e-01 (2.4132e-01)	Acc pseudo  95.31 ( 95.65)	Lr 1.000e-03 (1.000e-03)
2025-12-23 16:56:34,651 - INFO: Epoch: [0][100/107]	Time  0.002 ( 0.005)	Loss 5.7958e-01 (2.2387e-01)	Acc pseudo  90.62 ( 96.06)	Lr 1.000e-03 (1.000e-03)
2025-12-23 16:56:34,710 - INFO: Round 2, Fine-tune Epoch 0: loss=0.2213, acc(pseudo)=96.08%
2025-12-23 16:56:39,349 - INFO: Round 2, Fine-tune Epoch 0: acc(valid_pseudo): 0.9297, acc: 0.8425
2025-12-23 16:56:39,622 - INFO: Epoch: [1][  0/107]	Time  0.183 ( 0.183)	Loss 1.4467e-01 (1.4467e-01)	Acc pseudo  93.75 ( 93.75)	Lr 1.000e-03 (1.000e-03)
2025-12-23 16:56:39,819 - INFO: Epoch: [1][ 50/107]	Time  0.003 ( 0.007)	Loss 1.0735e-01 (1.4532e-01)	Acc pseudo  96.88 ( 96.38)	Lr 1.000e-03 (1.000e-03)
2025-12-23 16:56:39,999 - INFO: Epoch: [1][100/107]	Time  0.002 ( 0.005)	Loss 1.8311e-01 (1.6318e-01)	Acc pseudo  92.19 ( 96.06)	Lr 1.000e-03 (1.000e-03)
2025-12-23 16:56:40,063 - INFO: Round 2, Fine-tune Epoch 1: loss=0.1633, acc(pseudo)=96.06%
2025-12-23 16:56:45,303 - INFO: Round 2, Fine-tune Epoch 1: acc(valid_pseudo): 0.9774, acc: 0.8800
2025-12-23 16:56:45,587 - INFO: Epoch: [2][  0/107]	Time  0.195 ( 0.195)	Loss 1.6449e-01 (1.6449e-01)	Acc pseudo  95.31 ( 95.31)	Lr 1.000e-03 (1.000e-03)
2025-12-23 16:56:45,806 - INFO: Epoch: [2][ 50/107]	Time  0.004 ( 0.008)	Loss 2.6421e-01 (1.4255e-01)	Acc pseudo  90.62 ( 96.57)	Lr 1.000e-03 (1.000e-03)
2025-12-23 16:56:46,016 - INFO: Epoch: [2][100/107]	Time  0.003 ( 0.006)	Loss 6.4404e-02 (1.3512e-01)	Acc pseudo  95.31 ( 96.58)	Lr 1.000e-03 (1.000e-03)
2025-12-23 16:56:46,089 - INFO: Round 2, Fine-tune Epoch 2: loss=0.1327, acc(pseudo)=96.60%
2025-12-23 16:56:51,085 - INFO: Round 2, Fine-tune Epoch 2: acc(valid_pseudo): 0.9925, acc: 0.9060
2025-12-23 16:56:51,348 - INFO: Epoch: [3][  0/107]	Time  0.177 ( 0.177)	Loss 5.9291e-02 (5.9291e-02)	Acc pseudo  98.44 ( 98.44)	Lr 1.000e-03 (1.000e-03)
2025-12-23 16:56:51,533 - INFO: Epoch: [3][ 50/107]	Time  0.003 ( 0.007)	Loss 1.6497e-02 (1.1059e-01)	Acc pseudo 100.00 ( 97.12)	Lr 1.000e-03 (1.000e-03)
2025-12-23 16:56:51,691 - INFO: Epoch: [3][100/107]	Time  0.002 ( 0.005)	Loss 2.5722e-01 (1.1850e-01)	Acc pseudo  92.19 ( 96.64)	Lr 1.000e-03 (1.000e-03)
2025-12-23 16:56:51,755 - INFO: Round 2, Fine-tune Epoch 3: loss=0.1182, acc(pseudo)=96.63%
2025-12-23 16:56:57,210 - INFO: Round 2, Fine-tune Epoch 3: acc(valid_pseudo): 0.9690, acc: 0.8905
2025-12-23 16:56:57,210 - INFO: Round 2, Speaker Fine-tune Epoch 3: No improvement in validation accuracy. Patience(epoch): 1/3
2025-12-23 16:56:57,390 - INFO: Epoch: [4][  0/107]	Time  0.175 ( 0.175)	Loss 8.5766e-02 (8.5766e-02)	Acc pseudo 100.00 (100.00)	Lr 1.000e-03 (1.000e-03)
2025-12-23 16:56:57,584 - INFO: Epoch: [4][ 50/107]	Time  0.003 ( 0.007)	Loss 2.4436e-02 (1.2536e-01)	Acc pseudo 100.00 ( 96.48)	Lr 1.000e-03 (1.000e-03)
2025-12-23 16:56:57,755 - INFO: Epoch: [4][100/107]	Time  0.002 ( 0.005)	Loss 5.9954e-02 (1.4255e-01)	Acc pseudo  96.88 ( 96.13)	Lr 1.000e-03 (1.000e-03)
2025-12-23 16:56:57,812 - INFO: Round 2, Fine-tune Epoch 4: loss=0.1429, acc(pseudo)=96.12%
2025-12-23 16:57:03,758 - INFO: Round 2, Fine-tune Epoch 4: acc(valid_pseudo): 0.9808, acc: 0.9085
2025-12-23 16:57:03,758 - INFO: Round 2, Speaker Fine-tune Epoch 4: No improvement in validation accuracy. Patience(epoch): 2/3
2025-12-23 16:57:03,935 - INFO: Epoch: [5][  0/107]	Time  0.172 ( 0.172)	Loss 1.4690e-01 (1.4690e-01)	Acc pseudo  95.31 ( 95.31)	Lr 1.000e-03 (1.000e-03)
2025-12-23 16:57:04,108 - INFO: Epoch: [5][ 50/107]	Time  0.003 ( 0.007)	Loss 1.2782e-01 (1.1370e-01)	Acc pseudo  96.88 ( 96.38)	Lr 1.000e-03 (1.000e-03)
2025-12-23 16:57:04,260 - INFO: Epoch: [5][100/107]	Time  0.002 ( 0.005)	Loss 1.1016e-01 (1.1803e-01)	Acc pseudo  95.31 ( 96.41)	Lr 1.000e-03 (1.000e-03)
2025-12-23 16:57:04,326 - INFO: Round 2, Fine-tune Epoch 5: loss=0.1231, acc(pseudo)=96.30%
2025-12-23 16:57:09,104 - INFO: Round 2, Fine-tune Epoch 5: acc(valid_pseudo): 0.9632, acc: 0.8775
2025-12-23 16:57:09,105 - INFO: Round 2, Speaker Fine-tune Epoch 5: No improvement in validation accuracy. Patience(epoch): 3/3
2025-12-23 16:57:09,105 - INFO: Early stopping at epoch 5 due to no improvement in validation accuracy for 3 epochs.
2025-12-23 16:57:09,106 - INFO: Round 2: Best speaker fine-tuned epoch=2, acc(valid_pseudo)=0.9925
2025-12-23 16:57:09,110 - INFO: Fine-tuning face embedding model for 20 epochs...
2025-12-23 16:57:10,011 - INFO: Epoch: [0][  0/229]	Time  0.844 ( 0.844)	Loss 8.3280e-03 (8.3280e-03)	Acc pseudo 100.00 (100.00)	Lr 1.000e-03 (1.000e-03)
2025-12-23 16:57:14,668 - INFO: Epoch: [0][ 50/229]	Time  0.032 ( 0.045)	Loss 1.5570e-01 (6.6973e-01)	Acc pseudo  95.31 ( 96.91)	Lr 1.000e-03 (1.000e-03)
2025-12-23 16:57:19,323 - INFO: Epoch: [0][100/229]	Time  0.029 ( 0.038)	Loss 1.3980e-01 (5.4282e-01)	Acc pseudo  93.75 ( 96.55)	Lr 1.000e-03 (1.000e-03)
2025-12-23 16:57:23,980 - INFO: Epoch: [0][150/229]	Time  0.029 ( 0.035)	Loss 1.4717e-01 (4.7889e-01)	Acc pseudo  96.88 ( 96.43)	Lr 1.000e-03 (1.000e-03)
2025-12-23 16:57:28,644 - INFO: Epoch: [0][200/229]	Time  0.028 ( 0.034)	Loss 4.2991e-02 (4.0618e-01)	Acc pseudo  98.44 ( 96.09)	Lr 1.000e-03 (1.000e-03)
2025-12-23 16:57:31,308 - INFO: Round 2, Face Fine-tune Epoch 0: loss=0.3825, acc(pseudo)=96.08%
2025-12-23 16:57:57,142 - INFO: Round 2, Face Fine-tune Epoch 0: acc(valid_pseudo): 0.9963, acc: 0.9065
2025-12-23 16:57:58,000 - INFO: Epoch: [1][  0/229]	Time  0.711 ( 0.711)	Loss 1.3687e-01 (1.3687e-01)	Acc pseudo  96.88 ( 96.88)	Lr 1.000e-03 (1.000e-03)
2025-12-23 16:58:02,683 - INFO: Epoch: [1][ 50/229]	Time  0.027 ( 0.043)	Loss 7.4983e-02 (1.6077e-01)	Acc pseudo  96.88 ( 96.11)	Lr 1.000e-03 (1.000e-03)
2025-12-23 16:58:07,393 - INFO: Epoch: [1][100/229]	Time  0.027 ( 0.035)	Loss 3.5453e-02 (1.7696e-01)	Acc pseudo  98.44 ( 96.46)	Lr 1.000e-03 (1.000e-03)
2025-12-23 16:58:12,068 - INFO: Epoch: [1][150/229]	Time  0.027 ( 0.033)	Loss 4.2669e-02 (1.7540e-01)	Acc pseudo 100.00 ( 96.51)	Lr 1.000e-03 (1.000e-03)
2025-12-23 16:58:16,746 - INFO: Epoch: [1][200/229]	Time  0.027 ( 0.031)	Loss 7.3753e-02 (1.7020e-01)	Acc pseudo  98.44 ( 96.58)	Lr 1.000e-03 (1.000e-03)
2025-12-23 16:58:19,418 - INFO: Round 2, Face Fine-tune Epoch 1: loss=0.1666, acc(pseudo)=96.57%
2025-12-23 16:58:44,806 - INFO: Round 2, Face Fine-tune Epoch 1: acc(valid_pseudo): 0.9975, acc: 0.9093
2025-12-23 16:58:45,918 - INFO: Epoch: [2][  0/229]	Time  0.780 ( 0.780)	Loss 2.7631e-01 (2.7631e-01)	Acc pseudo  98.44 ( 98.44)	Lr 1.000e-03 (1.000e-03)
2025-12-23 16:58:50,603 - INFO: Epoch: [2][ 50/229]	Time  0.027 ( 0.044)	Loss 4.8922e-02 (1.4326e-01)	Acc pseudo  98.44 ( 96.78)	Lr 1.000e-03 (1.000e-03)
2025-12-23 16:58:55,284 - INFO: Epoch: [2][100/229]	Time  0.029 ( 0.036)	Loss 9.2172e-02 (1.4693e-01)	Acc pseudo  96.88 ( 96.64)	Lr 1.000e-03 (1.000e-03)
2025-12-23 16:58:59,969 - INFO: Epoch: [2][150/229]	Time  0.028 ( 0.033)	Loss 7.2425e-02 (1.3262e-01)	Acc pseudo  96.88 ( 96.77)	Lr 1.000e-03 (1.000e-03)
2025-12-23 16:59:04,657 - INFO: Epoch: [2][200/229]	Time  0.027 ( 0.032)	Loss 7.2089e-02 (1.2981e-01)	Acc pseudo  98.44 ( 96.77)	Lr 1.000e-03 (1.000e-03)
2025-12-23 16:59:07,340 - INFO: Round 2, Face Fine-tune Epoch 2: loss=0.1459, acc(pseudo)=96.76%
2025-12-23 16:59:33,361 - INFO: Round 2, Face Fine-tune Epoch 2: acc(valid_pseudo): 0.9977, acc: 0.9121
2025-12-23 16:59:33,916 - INFO: Epoch: [3][  0/229]	Time  0.432 ( 0.432)	Loss 2.9006e-02 (2.9006e-02)	Acc pseudo  98.44 ( 98.44)	Lr 1.000e-03 (1.000e-03)
2025-12-23 16:59:38,610 - INFO: Epoch: [3][ 50/229]	Time  0.027 ( 0.039)	Loss 3.5499e-02 (9.8533e-02)	Acc pseudo  98.44 ( 96.91)	Lr 1.000e-03 (1.000e-03)
2025-12-23 16:59:43,294 - INFO: Epoch: [3][100/229]	Time  0.028 ( 0.034)	Loss 1.2102e-01 (1.2106e-01)	Acc pseudo  96.88 ( 97.28)	Lr 1.000e-03 (1.000e-03)
2025-12-23 16:59:47,986 - INFO: Epoch: [3][150/229]	Time  0.029 ( 0.032)	Loss 1.5968e-02 (1.2818e-01)	Acc pseudo 100.00 ( 97.30)	Lr 1.000e-03 (1.000e-03)
2025-12-23 16:59:52,677 - INFO: Epoch: [3][200/229]	Time  0.032 ( 0.032)	Loss 5.4100e-02 (1.2945e-01)	Acc pseudo 100.00 ( 97.15)	Lr 1.000e-03 (1.000e-03)
2025-12-23 16:59:55,360 - INFO: Round 2, Face Fine-tune Epoch 3: loss=0.1261, acc(pseudo)=97.17%
2025-12-23 17:00:21,544 - INFO: Round 2, Face Fine-tune Epoch 3: acc(valid_pseudo): 0.9979, acc: 0.9139
2025-12-23 17:00:22,097 - INFO: Epoch: [4][  0/229]	Time  0.432 ( 0.432)	Loss 4.1970e-02 (4.1970e-02)	Acc pseudo  96.88 ( 96.88)	Lr 1.000e-03 (1.000e-03)
2025-12-23 17:00:26,790 - INFO: Epoch: [4][ 50/229]	Time  0.028 ( 0.038)	Loss 7.9294e-02 (8.1841e-02)	Acc pseudo  93.75 ( 97.27)	Lr 1.000e-03 (1.000e-03)
2025-12-23 17:00:31,483 - INFO: Epoch: [4][100/229]	Time  0.027 ( 0.034)	Loss 3.3743e-02 (9.9332e-02)	Acc pseudo  98.44 ( 97.15)	Lr 1.000e-03 (1.000e-03)
2025-12-23 17:00:36,174 - INFO: Epoch: [4][150/229]	Time  0.028 ( 0.032)	Loss 3.8295e-01 (1.0732e-01)	Acc pseudo  95.31 ( 97.24)	Lr 1.000e-03 (1.000e-03)
2025-12-23 17:00:40,869 - INFO: Epoch: [4][200/229]	Time  0.032 ( 0.032)	Loss 5.9843e-02 (1.1065e-01)	Acc pseudo  95.31 ( 97.26)	Lr 1.000e-03 (1.000e-03)
2025-12-23 17:00:43,551 - INFO: Round 2, Face Fine-tune Epoch 4: loss=0.1086, acc(pseudo)=97.30%
2025-12-23 17:01:09,793 - INFO: Round 2, Face Fine-tune Epoch 4: acc(valid_pseudo): 0.9971, acc: 0.9121
2025-12-23 17:01:09,793 - INFO: Round 2, Face Fine-tune Epoch 4: No improvement. Patience(epoch): 1/3
2025-12-23 17:01:10,289 - INFO: Epoch: [5][  0/229]	Time  0.458 ( 0.458)	Loss 7.4754e-03 (7.4754e-03)	Acc pseudo 100.00 (100.00)	Lr 1.000e-03 (1.000e-03)
2025-12-23 17:01:14,982 - INFO: Epoch: [5][ 50/229]	Time  0.030 ( 0.038)	Loss 8.3475e-02 (3.3345e-01)	Acc pseudo  96.88 ( 97.61)	Lr 1.000e-03 (1.000e-03)
2025-12-23 17:01:19,676 - INFO: Epoch: [5][100/229]	Time  0.029 ( 0.034)	Loss 1.1265e-02 (2.2041e-01)	Acc pseudo 100.00 ( 97.12)	Lr 1.000e-03 (1.000e-03)
2025-12-23 17:01:24,367 - INFO: Epoch: [5][150/229]	Time  0.027 ( 0.032)	Loss 1.8043e-01 (1.9575e-01)	Acc pseudo  93.75 ( 96.95)	Lr 1.000e-03 (1.000e-03)
2025-12-23 17:01:29,055 - INFO: Epoch: [5][200/229]	Time  0.027 ( 0.031)	Loss 3.1681e-01 (1.8053e-01)	Acc pseudo  95.31 ( 96.75)	Lr 1.000e-03 (1.000e-03)
2025-12-23 17:01:31,741 - INFO: Round 2, Face Fine-tune Epoch 5: loss=0.1730, acc(pseudo)=96.71%
2025-12-23 17:01:57,358 - INFO: Round 2, Face Fine-tune Epoch 5: acc(valid_pseudo): 0.9967, acc: 0.9102
2025-12-23 17:01:57,358 - INFO: Round 2, Face Fine-tune Epoch 5: No improvement. Patience(epoch): 2/3
2025-12-23 17:01:57,867 - INFO: Epoch: [6][  0/229]	Time  0.464 ( 0.464)	Loss 1.4121e-01 (1.4121e-01)	Acc pseudo  96.88 ( 96.88)	Lr 1.000e-03 (1.000e-03)
2025-12-23 17:02:02,561 - INFO: Epoch: [6][ 50/229]	Time  0.027 ( 0.038)	Loss 5.7014e-01 (1.3259e-01)	Acc pseudo  93.75 ( 96.20)	Lr 1.000e-03 (1.000e-03)
2025-12-23 17:02:07,256 - INFO: Epoch: [6][100/229]	Time  0.029 ( 0.034)	Loss 2.1798e-01 (1.5988e-01)	Acc pseudo  95.31 ( 96.18)	Lr 1.000e-03 (1.000e-03)
2025-12-23 17:02:11,952 - INFO: Epoch: [6][150/229]	Time  0.028 ( 0.033)	Loss 1.0907e-01 (1.5617e-01)	Acc pseudo  96.88 ( 96.13)	Lr 1.000e-03 (1.000e-03)
2025-12-23 17:02:16,644 - INFO: Epoch: [6][200/229]	Time  0.027 ( 0.032)	Loss 8.1329e-01 (1.5570e-01)	Acc pseudo  93.75 ( 96.24)	Lr 1.000e-03 (1.000e-03)
2025-12-23 17:02:19,327 - INFO: Round 2, Face Fine-tune Epoch 6: loss=0.1618, acc(pseudo)=96.03%
2025-12-23 17:02:46,592 - INFO: Round 2, Face Fine-tune Epoch 6: acc(valid_pseudo): 0.9969, acc: 0.9093
2025-12-23 17:02:46,593 - INFO: Round 2, Face Fine-tune Epoch 6: No improvement. Patience(epoch): 3/3
2025-12-23 17:02:46,593 - INFO: Early stopping at face epoch 6
2025-12-23 17:02:46,594 - INFO: Round 2: Best face fine-tuned epoch=3, acc(valid_pseudo)=0.9979
2025-12-23 17:02:46,610 - INFO: Using HMM model from previous round: runs/the big bang theory/exp_video/result/self_supervised/exp2/round1/pseudo_label/hmm_params.pkl
2025-12-23 17:13:28,423 - INFO: Round 2: speaker_acc=0.9100
2025-12-23 17:13:28,428 - INFO: Round 2: face_acc=0.9139
2025-12-23 17:13:28,433 - INFO: ====================
2025-12-23 17:13:28,433 - INFO: Round 3: Fine-tuning iteration
2025-12-23 17:13:28,433 - INFO: ====================
2025-12-23 17:13:28,564 - INFO: Round 3 Part 1: Fine-tuning embedding model
2025-12-23 17:13:28,565 - INFO: Using pseudo-label file: runs/the big bang theory/exp_video/result/self_supervised/exp2/round2/pseudo_label/pseudo_labels_audio_nested_hmm_full(unreliable_pp=5.0).json
2025-12-23 17:13:28,576 - INFO: Using face pseudo-label file: runs/the big bang theory/exp_video/result/self_supervised/exp2/round2/pseudo_label/pseudo_labels_faces_mid_frame_nested_hmm_full.json
2025-12-23 17:13:28,591 - INFO: Created face dataloader with 14646 samples
2025-12-23 17:13:28,602 - INFO: Fine-tuning speaker embedding model for 20 epochs...
2025-12-23 17:13:28,778 - INFO: Epoch: [0][  0/107]	Time  0.172 ( 0.172)	Loss 9.1730e-01 (9.1730e-01)	Acc pseudo  93.75 ( 93.75)	Lr 1.000e-03 (1.000e-03)
2025-12-23 17:13:28,956 - INFO: Epoch: [0][ 50/107]	Time  0.003 ( 0.007)	Loss 3.3947e-01 (2.3110e-01)	Acc pseudo  98.44 ( 96.14)	Lr 1.000e-03 (1.000e-03)
2025-12-23 17:13:29,116 - INFO: Epoch: [0][100/107]	Time  0.002 ( 0.005)	Loss 1.7733e-01 (2.2513e-01)	Acc pseudo  95.31 ( 95.87)	Lr 1.000e-03 (1.000e-03)
2025-12-23 17:13:29,173 - INFO: Round 3, Fine-tune Epoch 0: loss=0.2219, acc(pseudo)=95.90%
2025-12-23 17:13:33,297 - INFO: Round 3, Fine-tune Epoch 0: acc(valid_pseudo): 0.9908, acc: 0.8955
2025-12-23 17:13:33,609 - INFO: Epoch: [1][  0/107]	Time  0.171 ( 0.171)	Loss 1.6007e-01 (1.6007e-01)	Acc pseudo  95.31 ( 95.31)	Lr 1.000e-03 (1.000e-03)
2025-12-23 17:13:33,792 - INFO: Epoch: [1][ 50/107]	Time  0.003 ( 0.007)	Loss 6.5189e-02 (1.5815e-01)	Acc pseudo  95.31 ( 96.42)	Lr 1.000e-03 (1.000e-03)
2025-12-23 17:13:33,941 - INFO: Epoch: [1][100/107]	Time  0.002 ( 0.005)	Loss 1.6120e-01 (1.5515e-01)	Acc pseudo  96.88 ( 96.58)	Lr 1.000e-03 (1.000e-03)
2025-12-23 17:13:34,000 - INFO: Round 3, Fine-tune Epoch 1: loss=0.1576, acc(pseudo)=96.60%
2025-12-23 17:13:39,097 - INFO: Round 3, Fine-tune Epoch 1: acc(valid_pseudo): 0.9665, acc: 0.8695
2025-12-23 17:13:39,097 - INFO: Round 3, Speaker Fine-tune Epoch 1: No improvement in validation accuracy. Patience(epoch): 1/3
2025-12-23 17:13:39,278 - INFO: Epoch: [2][  0/107]	Time  0.176 ( 0.176)	Loss 9.5785e-02 (9.5785e-02)	Acc pseudo  96.88 ( 96.88)	Lr 1.000e-03 (1.000e-03)
2025-12-23 17:13:39,468 - INFO: Epoch: [2][ 50/107]	Time  0.003 ( 0.007)	Loss 2.1820e-01 (1.1211e-01)	Acc pseudo  90.62 ( 97.00)	Lr 1.000e-03 (1.000e-03)
2025-12-23 17:13:39,628 - INFO: Epoch: [2][100/107]	Time  0.002 ( 0.005)	Loss 6.5602e-02 (1.0915e-01)	Acc pseudo  96.88 ( 97.18)	Lr 1.000e-03 (1.000e-03)
2025-12-23 17:13:39,696 - INFO: Round 3, Fine-tune Epoch 2: loss=0.1118, acc(pseudo)=97.07%
2025-12-23 17:13:44,719 - INFO: Round 3, Fine-tune Epoch 2: acc(valid_pseudo): 0.9841, acc: 0.9010
2025-12-23 17:13:44,719 - INFO: Round 3, Speaker Fine-tune Epoch 2: No improvement in validation accuracy. Patience(epoch): 2/3
2025-12-23 17:13:44,902 - INFO: Epoch: [3][  0/107]	Time  0.177 ( 0.177)	Loss 5.1349e-02 (5.1349e-02)	Acc pseudo  98.44 ( 98.44)	Lr 1.000e-03 (1.000e-03)
2025-12-23 17:13:45,082 - INFO: Epoch: [3][ 50/107]	Time  0.003 ( 0.007)	Loss 4.7554e-02 (1.2538e-01)	Acc pseudo  98.44 ( 96.57)	Lr 1.000e-03 (1.000e-03)
2025-12-23 17:13:45,232 - INFO: Epoch: [3][100/107]	Time  0.002 ( 0.005)	Loss 2.1125e-01 (1.2630e-01)	Acc pseudo  93.75 ( 96.49)	Lr 1.000e-03 (1.000e-03)
2025-12-23 17:13:45,291 - INFO: Round 3, Fine-tune Epoch 3: loss=0.1257, acc(pseudo)=96.50%
2025-12-23 17:13:49,498 - INFO: Round 3, Fine-tune Epoch 3: acc(valid_pseudo): 0.9858, acc: 0.8975
2025-12-23 17:13:49,498 - INFO: Round 3, Speaker Fine-tune Epoch 3: No improvement in validation accuracy. Patience(epoch): 3/3
2025-12-23 17:13:49,499 - INFO: Early stopping at epoch 3 due to no improvement in validation accuracy for 3 epochs.
2025-12-23 17:13:49,500 - INFO: Round 3: Best speaker fine-tuned epoch=0, acc(valid_pseudo)=0.9908
2025-12-23 17:13:49,504 - INFO: Fine-tuning face embedding model for 20 epochs...
2025-12-23 17:13:49,967 - INFO: Epoch: [0][  0/229]	Time  0.409 ( 0.409)	Loss 9.6612e-02 (9.6612e-02)	Acc pseudo  98.44 ( 98.44)	Lr 1.000e-03 (1.000e-03)
2025-12-23 17:13:54,625 - INFO: Epoch: [0][ 50/229]	Time  0.029 ( 0.037)	Loss 2.9375e-02 (1.1487e-01)	Acc pseudo  98.44 ( 97.46)	Lr 1.000e-03 (1.000e-03)
2025-12-23 17:13:59,398 - INFO: Epoch: [0][100/229]	Time  0.026 ( 0.036)	Loss 3.6044e-01 (1.2255e-01)	Acc pseudo  95.31 ( 97.06)	Lr 1.000e-03 (1.000e-03)
2025-12-23 17:14:04,062 - INFO: Epoch: [0][150/229]	Time  0.027 ( 0.034)	Loss 7.9506e-03 (1.6226e-01)	Acc pseudo 100.00 ( 97.07)	Lr 1.000e-03 (1.000e-03)
2025-12-23 17:14:08,730 - INFO: Epoch: [0][200/229]	Time  0.029 ( 0.032)	Loss 1.6420e-01 (1.6919e-01)	Acc pseudo  98.44 ( 96.98)	Lr 1.000e-03 (1.000e-03)
2025-12-23 17:14:11,403 - INFO: Round 3, Face Fine-tune Epoch 0: loss=0.1630, acc(pseudo)=96.93%
2025-12-23 17:14:37,529 - INFO: Round 3, Face Fine-tune Epoch 0: acc(valid_pseudo): 0.9971, acc: 0.9074
2025-12-23 17:14:38,059 - INFO: Epoch: [1][  0/229]	Time  0.402 ( 0.402)	Loss 3.1619e-02 (3.1619e-02)	Acc pseudo 100.00 (100.00)	Lr 1.000e-03 (1.000e-03)
2025-12-23 17:14:42,736 - INFO: Epoch: [1][ 50/229]	Time  0.032 ( 0.037)	Loss 2.6067e-02 (8.5694e-02)	Acc pseudo 100.00 ( 97.27)	Lr 1.000e-03 (1.000e-03)
2025-12-23 17:14:47,412 - INFO: Epoch: [1][100/229]	Time  0.029 ( 0.033)	Loss 2.4268e-02 (9.1184e-02)	Acc pseudo  98.44 ( 97.42)	Lr 1.000e-03 (1.000e-03)
2025-12-23 17:14:52,091 - INFO: Epoch: [1][150/229]	Time  0.029 ( 0.031)	Loss 1.0295e-02 (9.5005e-02)	Acc pseudo 100.00 ( 97.10)	Lr 1.000e-03 (1.000e-03)
2025-12-23 17:14:56,772 - INFO: Epoch: [1][200/229]	Time  0.027 ( 0.031)	Loss 4.2151e-01 (1.1067e-01)	Acc pseudo  98.44 ( 97.23)	Lr 1.000e-03 (1.000e-03)
2025-12-23 17:14:59,451 - INFO: Round 3, Face Fine-tune Epoch 1: loss=0.1416, acc(pseudo)=97.24%
2025-12-23 17:15:24,986 - INFO: Round 3, Face Fine-tune Epoch 1: acc(valid_pseudo): 0.9965, acc: 0.9093
2025-12-23 17:15:24,986 - INFO: Round 3, Face Fine-tune Epoch 1: No improvement. Patience(epoch): 1/3
2025-12-23 17:15:25,500 - INFO: Epoch: [2][  0/229]	Time  0.461 ( 0.461)	Loss 1.2407e-01 (1.2407e-01)	Acc pseudo  96.88 ( 96.88)	Lr 1.000e-03 (1.000e-03)
2025-12-23 17:15:30,192 - INFO: Epoch: [2][ 50/229]	Time  0.030 ( 0.039)	Loss 1.6395e-02 (1.3683e-01)	Acc pseudo 100.00 ( 96.94)	Lr 1.000e-03 (1.000e-03)
2025-12-23 17:15:34,877 - INFO: Epoch: [2][100/229]	Time  0.027 ( 0.034)	Loss 1.8543e-01 (1.1020e-01)	Acc pseudo  96.88 ( 97.11)	Lr 1.000e-03 (1.000e-03)
2025-12-23 17:15:39,565 - INFO: Epoch: [2][150/229]	Time  0.027 ( 0.032)	Loss 1.5893e-01 (9.4307e-02)	Acc pseudo  98.44 ( 97.38)	Lr 1.000e-03 (1.000e-03)
2025-12-23 17:15:44,254 - INFO: Epoch: [2][200/229]	Time  0.028 ( 0.031)	Loss 1.3778e-01 (9.4032e-02)	Acc pseudo  93.75 ( 97.31)	Lr 1.000e-03 (1.000e-03)
2025-12-23 17:15:46,954 - INFO: Round 3, Face Fine-tune Epoch 2: loss=0.1275, acc(pseudo)=97.29%
2025-12-23 17:16:13,155 - INFO: Round 3, Face Fine-tune Epoch 2: acc(valid_pseudo): 0.9957, acc: 0.9121
2025-12-23 17:16:13,155 - INFO: Round 3, Face Fine-tune Epoch 2: No improvement. Patience(epoch): 2/3
2025-12-23 17:16:13,630 - INFO: Epoch: [3][  0/229]	Time  0.425 ( 0.425)	Loss 2.2822e-02 (2.2822e-02)	Acc pseudo  98.44 ( 98.44)	Lr 1.000e-03 (1.000e-03)
2025-12-23 17:16:18,354 - INFO: Epoch: [3][ 50/229]	Time  0.071 ( 0.039)	Loss 1.0686e-01 (1.1308e-01)	Acc pseudo  95.31 ( 97.58)	Lr 1.000e-03 (1.000e-03)
2025-12-23 17:16:23,044 - INFO: Epoch: [3][100/229]	Time  0.039 ( 0.034)	Loss 2.1430e-01 (1.3254e-01)	Acc pseudo  92.19 ( 97.25)	Lr 1.000e-03 (1.000e-03)
2025-12-23 17:16:27,734 - INFO: Epoch: [3][150/229]	Time  0.028 ( 0.033)	Loss 4.4363e-02 (1.1879e-01)	Acc pseudo  98.44 ( 97.02)	Lr 1.000e-03 (1.000e-03)
2025-12-23 17:16:32,426 - INFO: Epoch: [3][200/229]	Time  0.028 ( 0.032)	Loss 4.0073e-02 (1.2288e-01)	Acc pseudo  98.44 ( 96.90)	Lr 1.000e-03 (1.000e-03)
2025-12-23 17:16:35,114 - INFO: Round 3, Face Fine-tune Epoch 3: loss=0.1186, acc(pseudo)=96.91%
2025-12-23 17:17:00,805 - INFO: Round 3, Face Fine-tune Epoch 3: acc(valid_pseudo): 0.9971, acc: 0.9111
2025-12-23 17:17:00,805 - INFO: Round 3, Face Fine-tune Epoch 3: No improvement. Patience(epoch): 3/3
2025-12-23 17:17:00,805 - INFO: Early stopping at face epoch 3
2025-12-23 17:17:00,806 - INFO: Round 3: Best face fine-tuned epoch=0, acc(valid_pseudo)=0.9971
2025-12-23 17:17:00,824 - INFO: Using HMM model from previous round: runs/the big bang theory/exp_video/result/self_supervised/exp2/round2/pseudo_label/hmm_params.pkl
2025-12-23 17:22:23,578 - INFO: Round 3: speaker_acc=0.9070
2025-12-23 17:22:23,581 - INFO: Round 3: face_acc=0.9074
2025-12-23 17:22:23,583 - INFO: ====================
2025-12-23 17:22:23,583 - INFO: Round 4: Fine-tuning iteration
2025-12-23 17:22:23,583 - INFO: ====================
2025-12-23 17:22:23,649 - INFO: Round 4 Part 1: Fine-tuning embedding model
2025-12-23 17:22:23,650 - INFO: Using pseudo-label file: runs/the big bang theory/exp_video/result/self_supervised/exp2/round3/pseudo_label/pseudo_labels_audio_nested_hmm_full(unreliable_pp=5.0).json
2025-12-23 17:22:23,733 - INFO: Using face pseudo-label file: runs/the big bang theory/exp_video/result/self_supervised/exp2/round3/pseudo_label/pseudo_labels_faces_mid_frame_nested_hmm_full.json
2025-12-23 17:22:23,748 - INFO: Created face dataloader with 14646 samples
2025-12-23 17:22:23,760 - INFO: Fine-tuning speaker embedding model for 20 epochs...
2025-12-23 17:22:24,311 - INFO: Epoch: [0][  0/107]	Time  0.521 ( 0.521)	Loss 4.0843e-01 (4.0843e-01)	Acc pseudo  92.19 ( 92.19)	Lr 1.000e-03 (1.000e-03)
2025-12-23 17:22:24,487 - INFO: Epoch: [0][ 50/107]	Time  0.003 ( 0.014)	Loss 9.6494e-03 (2.0890e-01)	Acc pseudo 100.00 ( 96.20)	Lr 1.000e-03 (1.000e-03)
2025-12-23 17:22:24,638 - INFO: Epoch: [0][100/107]	Time  0.002 ( 0.008)	Loss 2.8208e-01 (2.2297e-01)	Acc pseudo  90.62 ( 96.13)	Lr 1.000e-03 (1.000e-03)
2025-12-23 17:22:24,698 - INFO: Round 4, Fine-tune Epoch 0: loss=0.2200, acc(pseudo)=96.21%
2025-12-23 17:22:28,826 - INFO: Round 4, Fine-tune Epoch 0: acc(valid_pseudo): 0.9883, acc: 0.9035
2025-12-23 17:22:29,108 - INFO: Epoch: [1][  0/107]	Time  0.192 ( 0.192)	Loss 1.2185e-01 (1.2185e-01)	Acc pseudo  95.31 ( 95.31)	Lr 1.000e-03 (1.000e-03)
2025-12-23 17:22:29,277 - INFO: Epoch: [1][ 50/107]	Time  0.004 ( 0.007)	Loss 2.8146e-02 (1.2868e-01)	Acc pseudo  98.44 ( 96.66)	Lr 1.000e-03 (1.000e-03)
2025-12-23 17:22:29,427 - INFO: Epoch: [1][100/107]	Time  0.002 ( 0.005)	Loss 2.1389e-01 (1.3637e-01)	Acc pseudo  92.19 ( 96.63)	Lr 1.000e-03 (1.000e-03)
2025-12-23 17:22:29,490 - INFO: Round 4, Fine-tune Epoch 1: loss=0.1422, acc(pseudo)=96.60%
2025-12-23 17:22:33,703 - INFO: Round 4, Fine-tune Epoch 1: acc(valid_pseudo): 0.8820, acc: 0.7060
2025-12-23 17:22:33,703 - INFO: Round 4, Speaker Fine-tune Epoch 1: No improvement in validation accuracy. Patience(epoch): 1/3
2025-12-23 17:22:33,894 - INFO: Epoch: [2][  0/107]	Time  0.186 ( 0.186)	Loss 7.7062e-02 (7.7062e-02)	Acc pseudo  98.44 ( 98.44)	Lr 1.000e-03 (1.000e-03)
2025-12-23 17:22:34,061 - INFO: Epoch: [2][ 50/107]	Time  0.003 ( 0.007)	Loss 1.6828e-01 (1.1934e-01)	Acc pseudo  92.19 ( 97.12)	Lr 1.000e-03 (1.000e-03)
2025-12-23 17:22:34,218 - INFO: Epoch: [2][100/107]	Time  0.002 ( 0.005)	Loss 7.2258e-02 (1.1457e-01)	Acc pseudo  96.88 ( 97.23)	Lr 1.000e-03 (1.000e-03)
2025-12-23 17:22:34,276 - INFO: Round 4, Fine-tune Epoch 2: loss=0.1163, acc(pseudo)=97.22%
2025-12-23 17:22:39,134 - INFO: Round 4, Fine-tune Epoch 2: acc(valid_pseudo): 0.9824, acc: 0.8985
2025-12-23 17:22:39,134 - INFO: Round 4, Speaker Fine-tune Epoch 2: No improvement in validation accuracy. Patience(epoch): 2/3
2025-12-23 17:22:39,324 - INFO: Epoch: [3][  0/107]	Time  0.185 ( 0.185)	Loss 6.9160e-02 (6.9160e-02)	Acc pseudo  95.31 ( 95.31)	Lr 1.000e-03 (1.000e-03)
2025-12-23 17:22:39,498 - INFO: Epoch: [3][ 50/107]	Time  0.003 ( 0.007)	Loss 6.6399e-02 (1.2136e-01)	Acc pseudo  98.44 ( 96.97)	Lr 1.000e-03 (1.000e-03)
2025-12-23 17:22:39,647 - INFO: Epoch: [3][100/107]	Time  0.002 ( 0.005)	Loss 2.2119e-01 (1.1212e-01)	Acc pseudo  93.75 ( 96.94)	Lr 1.000e-03 (1.000e-03)
2025-12-23 17:22:39,708 - INFO: Round 4, Fine-tune Epoch 3: loss=0.1113, acc(pseudo)=96.90%
2025-12-23 17:22:44,974 - INFO: Round 4, Fine-tune Epoch 3: acc(valid_pseudo): 0.9456, acc: 0.8790
2025-12-23 17:22:44,974 - INFO: Round 4, Speaker Fine-tune Epoch 3: No improvement in validation accuracy. Patience(epoch): 3/3
2025-12-23 17:22:44,974 - INFO: Early stopping at epoch 3 due to no improvement in validation accuracy for 3 epochs.
2025-12-23 17:22:44,975 - INFO: Round 4: Best speaker fine-tuned epoch=0, acc(valid_pseudo)=0.9883
2025-12-23 17:22:44,980 - INFO: Fine-tuning face embedding model for 20 epochs...
2025-12-23 17:22:45,753 - INFO: Epoch: [0][  0/229]	Time  0.755 ( 0.755)	Loss 6.6936e-03 (6.6936e-03)	Acc pseudo 100.00 (100.00)	Lr 1.000e-03 (1.000e-03)
2025-12-23 17:22:50,413 - INFO: Epoch: [0][ 50/229]	Time  0.028 ( 0.046)	Loss 5.3082e-02 (5.6761e-02)	Acc pseudo  98.44 ( 98.28)	Lr 1.000e-03 (1.000e-03)
2025-12-23 17:22:55,073 - INFO: Epoch: [0][100/229]	Time  0.027 ( 0.040)	Loss 1.5189e-01 (7.9184e-02)	Acc pseudo  98.44 ( 98.24)	Lr 1.000e-03 (1.000e-03)
2025-12-23 17:22:59,729 - INFO: Epoch: [0][150/229]	Time  0.028 ( 0.035)	Loss 1.3292e-02 (7.4229e-02)	Acc pseudo 100.00 ( 98.21)	Lr 1.000e-03 (1.000e-03)
2025-12-23 17:23:04,392 - INFO: Epoch: [0][200/229]	Time  0.028 ( 0.034)	Loss 1.4527e-02 (8.1261e-02)	Acc pseudo  98.44 ( 98.09)	Lr 1.000e-03 (1.000e-03)
2025-12-23 17:23:07,059 - INFO: Round 4, Face Fine-tune Epoch 0: loss=0.1474, acc(pseudo)=98.01%
2025-12-23 17:23:33,512 - INFO: Round 4, Face Fine-tune Epoch 0: acc(valid_pseudo): 0.9967, acc: 0.9055
2025-12-23 17:23:34,209 - INFO: Epoch: [1][  0/229]	Time  0.411 ( 0.411)	Loss 3.0418e-02 (3.0418e-02)	Acc pseudo 100.00 (100.00)	Lr 1.000e-03 (1.000e-03)
2025-12-23 17:23:38,892 - INFO: Epoch: [1][ 50/229]	Time  0.028 ( 0.036)	Loss 1.5396e-02 (2.4687e-01)	Acc pseudo 100.00 ( 97.18)	Lr 1.000e-03 (1.000e-03)
2025-12-23 17:23:43,567 - INFO: Epoch: [1][100/229]	Time  0.027 ( 0.033)	Loss 1.8331e-02 (3.4233e-01)	Acc pseudo 100.00 ( 97.42)	Lr 1.000e-03 (1.000e-03)
2025-12-23 17:23:48,245 - INFO: Epoch: [1][150/229]	Time  0.028 ( 0.031)	Loss 6.6470e-02 (2.5397e-01)	Acc pseudo  96.88 ( 97.25)	Lr 1.000e-03 (1.000e-03)
2025-12-23 17:23:52,924 - INFO: Epoch: [1][200/229]	Time  0.027 ( 0.031)	Loss 1.5301e-01 (2.0573e-01)	Acc pseudo  92.19 ( 97.44)	Lr 1.000e-03 (1.000e-03)
2025-12-23 17:23:55,619 - INFO: Round 4, Face Fine-tune Epoch 1: loss=0.1904, acc(pseudo)=97.43%
2025-12-23 17:24:21,678 - INFO: Round 4, Face Fine-tune Epoch 1: acc(valid_pseudo): 0.9973, acc: 0.9046
2025-12-23 17:24:22,231 - INFO: Epoch: [2][  0/229]	Time  0.421 ( 0.421)	Loss 5.7393e-02 (5.7393e-02)	Acc pseudo  98.44 ( 98.44)	Lr 1.000e-03 (1.000e-03)
2025-12-23 17:24:26,922 - INFO: Epoch: [2][ 50/229]	Time  0.027 ( 0.038)	Loss 1.7020e-02 (6.4483e-02)	Acc pseudo  98.44 ( 98.16)	Lr 1.000e-03 (1.000e-03)
2025-12-23 17:24:31,603 - INFO: Epoch: [2][100/229]	Time  0.028 ( 0.034)	Loss 5.5878e-02 (1.1412e-01)	Acc pseudo  93.75 ( 98.10)	Lr 1.000e-03 (1.000e-03)
2025-12-23 17:24:36,289 - INFO: Epoch: [2][150/229]	Time  0.027 ( 0.032)	Loss 3.4201e-02 (9.1924e-02)	Acc pseudo  98.44 ( 98.22)	Lr 1.000e-03 (1.000e-03)
2025-12-23 17:24:40,976 - INFO: Epoch: [2][200/229]	Time  0.027 ( 0.031)	Loss 2.1683e-02 (8.3858e-02)	Acc pseudo 100.00 ( 98.06)	Lr 1.000e-03 (1.000e-03)
2025-12-23 17:24:43,656 - INFO: Round 4, Face Fine-tune Epoch 2: loss=0.0896, acc(pseudo)=98.01%
2025-12-23 17:25:10,839 - INFO: Round 4, Face Fine-tune Epoch 2: acc(valid_pseudo): 0.9959, acc: 0.9055
2025-12-23 17:25:10,839 - INFO: Round 4, Face Fine-tune Epoch 2: No improvement. Patience(epoch): 1/3
2025-12-23 17:25:11,317 - INFO: Epoch: [3][  0/229]	Time  0.433 ( 0.433)	Loss 2.8027e-02 (2.8027e-02)	Acc pseudo 100.00 (100.00)	Lr 1.000e-03 (1.000e-03)
2025-12-23 17:25:16,007 - INFO: Epoch: [3][ 50/229]	Time  0.037 ( 0.039)	Loss 4.1360e-02 (4.9620e-02)	Acc pseudo  98.44 ( 98.50)	Lr 1.000e-03 (1.000e-03)
2025-12-23 17:25:20,696 - INFO: Epoch: [3][100/229]	Time  0.028 ( 0.034)	Loss 9.2885e-02 (5.8255e-02)	Acc pseudo  95.31 ( 98.34)	Lr 1.000e-03 (1.000e-03)
2025-12-23 17:25:25,386 - INFO: Epoch: [3][150/229]	Time  0.028 ( 0.033)	Loss 1.7816e-02 (8.6515e-02)	Acc pseudo 100.00 ( 98.24)	Lr 1.000e-03 (1.000e-03)
2025-12-23 17:25:30,079 - INFO: Epoch: [3][200/229]	Time  0.027 ( 0.032)	Loss 2.9794e-02 (8.8122e-02)	Acc pseudo  98.44 ( 98.13)	Lr 1.000e-03 (1.000e-03)
2025-12-23 17:25:32,762 - INFO: Round 4, Face Fine-tune Epoch 3: loss=0.0878, acc(pseudo)=98.14%
2025-12-23 17:25:58,255 - INFO: Round 4, Face Fine-tune Epoch 3: acc(valid_pseudo): 0.9965, acc: 0.9074
2025-12-23 17:25:58,256 - INFO: Round 4, Face Fine-tune Epoch 3: No improvement. Patience(epoch): 2/3
2025-12-23 17:25:58,759 - INFO: Epoch: [4][  0/229]	Time  0.460 ( 0.460)	Loss 1.9305e-02 (1.9305e-02)	Acc pseudo 100.00 (100.00)	Lr 1.000e-03 (1.000e-03)
2025-12-23 17:26:03,459 - INFO: Epoch: [4][ 50/229]	Time  0.026 ( 0.038)	Loss 1.2157e-01 (7.9534e-02)	Acc pseudo  92.19 ( 97.40)	Lr 1.000e-03 (1.000e-03)
2025-12-23 17:26:08,147 - INFO: Epoch: [4][100/229]	Time  0.036 ( 0.033)	Loss 2.6971e-02 (8.4957e-02)	Acc pseudo  98.44 ( 97.40)	Lr 1.000e-03 (1.000e-03)
2025-12-23 17:26:12,836 - INFO: Epoch: [4][150/229]	Time  0.038 ( 0.031)	Loss 7.4026e-02 (7.9441e-02)	Acc pseudo  96.88 ( 97.58)	Lr 1.000e-03 (1.000e-03)
2025-12-23 17:26:17,529 - INFO: Epoch: [4][200/229]	Time  0.027 ( 0.031)	Loss 4.4932e-02 (8.8747e-02)	Acc pseudo  95.31 ( 97.57)	Lr 1.000e-03 (1.000e-03)
2025-12-23 17:26:20,214 - INFO: Round 4, Face Fine-tune Epoch 4: loss=0.0884, acc(pseudo)=97.62%
2025-12-23 17:26:47,315 - INFO: Round 4, Face Fine-tune Epoch 4: acc(valid_pseudo): 0.9963, acc: 0.9065
2025-12-23 17:26:47,316 - INFO: Round 4, Face Fine-tune Epoch 4: No improvement. Patience(epoch): 3/3
2025-12-23 17:26:47,316 - INFO: Early stopping at face epoch 4
2025-12-23 17:26:47,317 - INFO: Round 4: Best face fine-tuned epoch=1, acc(valid_pseudo)=0.9973
2025-12-23 17:26:47,333 - INFO: Using HMM model from previous round: runs/the big bang theory/exp_video/result/self_supervised/exp2/round3/pseudo_label/hmm_params.pkl
2025-12-23 17:32:08,026 - INFO: Round 4: speaker_acc=0.9080
2025-12-23 17:32:08,029 - INFO: Round 4: face_acc=0.9055
2025-12-23 17:32:08,031 - INFO: ====================
2025-12-23 17:32:08,031 - INFO: Round 5: Fine-tuning iteration
2025-12-23 17:32:08,031 - INFO: ====================
2025-12-23 17:32:08,063 - INFO: Round 5 Part 1: Fine-tuning embedding model
2025-12-23 17:32:08,064 - INFO: Using pseudo-label file: runs/the big bang theory/exp_video/result/self_supervised/exp2/round4/pseudo_label/pseudo_labels_audio_nested_hmm_full(unreliable_pp=5.0).json
2025-12-23 17:32:08,077 - INFO: Using face pseudo-label file: runs/the big bang theory/exp_video/result/self_supervised/exp2/round4/pseudo_label/pseudo_labels_faces_mid_frame_nested_hmm_full.json
2025-12-23 17:32:08,094 - INFO: Created face dataloader with 14646 samples
2025-12-23 17:32:08,105 - INFO: Fine-tuning speaker embedding model for 20 epochs...
2025-12-23 17:32:08,297 - INFO: Epoch: [0][  0/107]	Time  0.188 ( 0.188)	Loss 7.6650e-02 (7.6650e-02)	Acc pseudo  95.31 ( 95.31)	Lr 1.000e-03 (1.000e-03)
2025-12-23 17:32:08,463 - INFO: Epoch: [0][ 50/107]	Time  0.003 ( 0.007)	Loss 6.9158e-02 (1.5793e-01)	Acc pseudo  98.44 ( 97.49)	Lr 1.000e-03 (1.000e-03)
2025-12-23 17:32:08,616 - INFO: Epoch: [0][100/107]	Time  0.002 ( 0.005)	Loss 4.7693e-01 (1.4978e-01)	Acc pseudo  92.19 ( 97.18)	Lr 1.000e-03 (1.000e-03)
2025-12-23 17:32:08,676 - INFO: Round 5, Fine-tune Epoch 0: loss=0.1471, acc(pseudo)=97.26%
2025-12-23 17:32:12,661 - INFO: Round 5, Fine-tune Epoch 0: acc(valid_pseudo): 0.9682, acc: 0.8560
2025-12-23 17:32:12,922 - INFO: Epoch: [1][  0/107]	Time  0.171 ( 0.171)	Loss 1.2696e-01 (1.2696e-01)	Acc pseudo  96.88 ( 96.88)	Lr 1.000e-03 (1.000e-03)
2025-12-23 17:32:13,105 - INFO: Epoch: [1][ 50/107]	Time  0.003 ( 0.007)	Loss 2.6343e-02 (1.0944e-01)	Acc pseudo  98.44 ( 97.24)	Lr 1.000e-03 (1.000e-03)
2025-12-23 17:32:13,256 - INFO: Epoch: [1][100/107]	Time  0.002 ( 0.005)	Loss 1.3002e-01 (1.0951e-01)	Acc pseudo  96.88 ( 97.12)	Lr 1.000e-03 (1.000e-03)
2025-12-23 17:32:13,313 - INFO: Round 5, Fine-tune Epoch 1: loss=0.1127, acc(pseudo)=97.17%
2025-12-23 17:32:17,311 - INFO: Round 5, Fine-tune Epoch 1: acc(valid_pseudo): 0.9941, acc: 0.9015
2025-12-23 17:32:17,573 - INFO: Epoch: [2][  0/107]	Time  0.172 ( 0.172)	Loss 1.3649e-01 (1.3649e-01)	Acc pseudo  98.44 ( 98.44)	Lr 1.000e-03 (1.000e-03)
2025-12-23 17:32:17,741 - INFO: Epoch: [2][ 50/107]	Time  0.003 ( 0.007)	Loss 1.2201e-01 (1.0068e-01)	Acc pseudo  93.75 ( 97.30)	Lr 1.000e-03 (1.000e-03)
2025-12-23 17:32:17,893 - INFO: Epoch: [2][100/107]	Time  0.002 ( 0.005)	Loss 1.9759e-02 (8.3466e-02)	Acc pseudo  98.44 ( 97.69)	Lr 1.000e-03 (1.000e-03)
2025-12-23 17:32:17,953 - INFO: Round 5, Fine-tune Epoch 2: loss=0.0829, acc(pseudo)=97.67%
2025-12-23 17:32:21,994 - INFO: Round 5, Fine-tune Epoch 2: acc(valid_pseudo): 0.9925, acc: 0.9140
2025-12-23 17:32:21,995 - INFO: Round 5, Speaker Fine-tune Epoch 2: No improvement in validation accuracy. Patience(epoch): 1/3
2025-12-23 17:32:22,171 - INFO: Epoch: [3][  0/107]	Time  0.171 ( 0.171)	Loss 1.4648e-02 (1.4648e-02)	Acc pseudo 100.00 (100.00)	Lr 1.000e-03 (1.000e-03)
2025-12-23 17:32:22,348 - INFO: Epoch: [3][ 50/107]	Time  0.003 ( 0.007)	Loss 1.7450e-02 (9.2052e-02)	Acc pseudo 100.00 ( 97.92)	Lr 1.000e-03 (1.000e-03)
2025-12-23 17:32:22,497 - INFO: Epoch: [3][100/107]	Time  0.002 ( 0.005)	Loss 1.1637e-01 (8.3977e-02)	Acc pseudo  96.88 ( 97.76)	Lr 1.000e-03 (1.000e-03)
2025-12-23 17:32:22,556 - INFO: Round 5, Fine-tune Epoch 3: loss=0.0831, acc(pseudo)=97.76%
2025-12-23 17:32:27,666 - INFO: Round 5, Fine-tune Epoch 3: acc(valid_pseudo): 0.9958, acc: 0.9105
2025-12-23 17:32:27,932 - INFO: Epoch: [4][  0/107]	Time  0.176 ( 0.176)	Loss 6.4952e-02 (6.4952e-02)	Acc pseudo  96.88 ( 96.88)	Lr 1.000e-03 (1.000e-03)
2025-12-23 17:32:28,109 - INFO: Epoch: [4][ 50/107]	Time  0.003 ( 0.007)	Loss 2.6416e-01 (1.3660e-01)	Acc pseudo  93.75 ( 96.51)	Lr 1.000e-03 (1.000e-03)
2025-12-23 17:32:28,268 - INFO: Epoch: [4][100/107]	Time  0.002 ( 0.005)	Loss 1.5600e-01 (1.4824e-01)	Acc pseudo  95.31 ( 96.26)	Lr 1.000e-03 (1.000e-03)
2025-12-23 17:32:28,329 - INFO: Round 5, Fine-tune Epoch 4: loss=0.1478, acc(pseudo)=96.22%
2025-12-23 17:32:33,002 - INFO: Round 5, Fine-tune Epoch 4: acc(valid_pseudo): 0.9540, acc: 0.8505
2025-12-23 17:32:33,003 - INFO: Round 5, Speaker Fine-tune Epoch 4: No improvement in validation accuracy. Patience(epoch): 1/3
2025-12-23 17:32:33,329 - INFO: Epoch: [5][  0/107]	Time  0.319 ( 0.319)	Loss 4.0186e-01 (4.0186e-01)	Acc pseudo  93.75 ( 93.75)	Lr 1.000e-03 (1.000e-03)
2025-12-23 17:32:33,505 - INFO: Epoch: [5][ 50/107]	Time  0.004 ( 0.010)	Loss 1.6250e-01 (1.6208e-01)	Acc pseudo  98.44 ( 96.17)	Lr 1.000e-03 (1.000e-03)
2025-12-23 17:32:33,661 - INFO: Epoch: [5][100/107]	Time  0.002 ( 0.006)	Loss 7.9009e-02 (1.3235e-01)	Acc pseudo  98.44 ( 96.61)	Lr 1.000e-03 (1.000e-03)
2025-12-23 17:32:33,726 - INFO: Round 5, Fine-tune Epoch 5: loss=0.1309, acc(pseudo)=96.63%
2025-12-23 17:32:38,613 - INFO: Round 5, Fine-tune Epoch 5: acc(valid_pseudo): 0.9858, acc: 0.9035
2025-12-23 17:32:38,613 - INFO: Round 5, Speaker Fine-tune Epoch 5: No improvement in validation accuracy. Patience(epoch): 2/3
2025-12-23 17:32:38,808 - INFO: Epoch: [6][  0/107]	Time  0.189 ( 0.189)	Loss 1.0741e-01 (1.0741e-01)	Acc pseudo  95.31 ( 95.31)	Lr 1.000e-03 (1.000e-03)
2025-12-23 17:32:38,986 - INFO: Epoch: [6][ 50/107]	Time  0.003 ( 0.007)	Loss 1.7883e-01 (1.1372e-01)	Acc pseudo  95.31 ( 97.00)	Lr 1.000e-03 (1.000e-03)
2025-12-23 17:32:39,139 - INFO: Epoch: [6][100/107]	Time  0.002 ( 0.005)	Loss 1.0593e-01 (1.1077e-01)	Acc pseudo  96.88 ( 96.95)	Lr 1.000e-03 (1.000e-03)
2025-12-23 17:32:39,199 - INFO: Round 5, Fine-tune Epoch 6: loss=0.1133, acc(pseudo)=96.87%
2025-12-23 17:32:43,821 - INFO: Round 5, Fine-tune Epoch 6: acc(valid_pseudo): 0.9724, acc: 0.8875
2025-12-23 17:32:43,822 - INFO: Round 5, Speaker Fine-tune Epoch 6: No improvement in validation accuracy. Patience(epoch): 3/3
2025-12-23 17:32:43,822 - INFO: Early stopping at epoch 6 due to no improvement in validation accuracy for 3 epochs.
2025-12-23 17:32:43,823 - INFO: Round 5: Best speaker fine-tuned epoch=3, acc(valid_pseudo)=0.9958
2025-12-23 17:32:43,828 - INFO: Fine-tuning face embedding model for 20 epochs...
2025-12-23 17:32:44,400 - INFO: Epoch: [0][  0/229]	Time  0.513 ( 0.513)	Loss 1.7733e-02 (1.7733e-02)	Acc pseudo  98.44 ( 98.44)	Lr 1.000e-03 (1.000e-03)
2025-12-23 17:32:49,240 - INFO: Epoch: [0][ 50/229]	Time  0.029 ( 0.043)	Loss 6.0944e-03 (9.0972e-01)	Acc pseudo 100.00 ( 97.43)	Lr 1.000e-03 (1.000e-03)
2025-12-23 17:32:53,896 - INFO: Epoch: [0][100/229]	Time  0.032 ( 0.036)	Loss 8.7920e-01 (6.0943e-01)	Acc pseudo  95.31 ( 97.01)	Lr 1.000e-03 (1.000e-03)
2025-12-23 17:32:58,555 - INFO: Epoch: [0][150/229]	Time  0.027 ( 0.033)	Loss 3.3007e-02 (5.1675e-01)	Acc pseudo  98.44 ( 96.81)	Lr 1.000e-03 (1.000e-03)
2025-12-23 17:33:03,217 - INFO: Epoch: [0][200/229]	Time  0.028 ( 0.032)	Loss 7.0584e-02 (4.4668e-01)	Acc pseudo  98.44 ( 96.85)	Lr 1.000e-03 (1.000e-03)
2025-12-23 17:33:05,887 - INFO: Round 5, Face Fine-tune Epoch 0: loss=0.4124, acc(pseudo)=96.80%
2025-12-23 17:33:31,951 - INFO: Round 5, Face Fine-tune Epoch 0: acc(valid_pseudo): 0.9963, acc: 0.9046
2025-12-23 17:33:32,667 - INFO: Epoch: [1][  0/229]	Time  0.550 ( 0.550)	Loss 1.1832e-02 (1.1832e-02)	Acc pseudo 100.00 (100.00)	Lr 1.000e-03 (1.000e-03)
2025-12-23 17:33:37,344 - INFO: Epoch: [1][ 50/229]	Time  0.027 ( 0.039)	Loss 3.6626e-02 (2.0788e-01)	Acc pseudo  98.44 ( 96.32)	Lr 1.000e-03 (1.000e-03)
2025-12-23 17:33:42,023 - INFO: Epoch: [1][100/229]	Time  0.031 ( 0.034)	Loss 1.0187e-02 (1.6476e-01)	Acc pseudo 100.00 ( 96.66)	Lr 1.000e-03 (1.000e-03)
2025-12-23 17:33:46,703 - INFO: Epoch: [1][150/229]	Time  0.027 ( 0.033)	Loss 5.6817e-02 (1.5549e-01)	Acc pseudo  96.88 ( 96.55)	Lr 1.000e-03 (1.000e-03)
2025-12-23 17:33:51,384 - INFO: Epoch: [1][200/229]	Time  0.030 ( 0.032)	Loss 4.5312e-01 (1.4830e-01)	Acc pseudo  95.31 ( 96.75)	Lr 1.000e-03 (1.000e-03)
2025-12-23 17:33:54,065 - INFO: Round 5, Face Fine-tune Epoch 1: loss=0.2212, acc(pseudo)=96.70%
2025-12-23 17:34:20,266 - INFO: Round 5, Face Fine-tune Epoch 1: acc(valid_pseudo): 0.9950, acc: 0.9008
2025-12-23 17:34:20,266 - INFO: Round 5, Face Fine-tune Epoch 1: No improvement. Patience(epoch): 1/3
2025-12-23 17:34:20,756 - INFO: Epoch: [2][  0/229]	Time  0.439 ( 0.439)	Loss 1.6237e-01 (1.6237e-01)	Acc pseudo  95.31 ( 95.31)	Lr 1.000e-03 (1.000e-03)
2025-12-23 17:34:25,451 - INFO: Epoch: [2][ 50/229]	Time  0.027 ( 0.040)	Loss 5.5366e-02 (1.4115e-01)	Acc pseudo  98.44 ( 96.75)	Lr 1.000e-03 (1.000e-03)
2025-12-23 17:34:30,134 - INFO: Epoch: [2][100/229]	Time  0.027 ( 0.034)	Loss 5.2684e-02 (1.2577e-01)	Acc pseudo  96.88 ( 96.91)	Lr 1.000e-03 (1.000e-03)
2025-12-23 17:34:34,822 - INFO: Epoch: [2][150/229]	Time  0.030 ( 0.032)	Loss 1.5778e-01 (1.2162e-01)	Acc pseudo  95.31 ( 97.07)	Lr 1.000e-03 (1.000e-03)
2025-12-23 17:34:39,516 - INFO: Epoch: [2][200/229]	Time  0.029 ( 0.031)	Loss 1.4550e-01 (1.2627e-01)	Acc pseudo  95.31 ( 97.03)	Lr 1.000e-03 (1.000e-03)
2025-12-23 17:34:42,200 - INFO: Round 5, Face Fine-tune Epoch 2: loss=0.1418, acc(pseudo)=96.96%
2025-12-23 17:35:08,879 - INFO: Round 5, Face Fine-tune Epoch 2: acc(valid_pseudo): 0.9959, acc: 0.9055
2025-12-23 17:35:08,879 - INFO: Round 5, Face Fine-tune Epoch 2: No improvement. Patience(epoch): 2/3
2025-12-23 17:35:09,512 - INFO: Epoch: [3][  0/229]	Time  0.580 ( 0.580)	Loss 6.7051e-02 (6.7051e-02)	Acc pseudo  98.44 ( 98.44)	Lr 1.000e-03 (1.000e-03)
2025-12-23 17:35:14,391 - INFO: Epoch: [3][ 50/229]	Time  0.042 ( 0.052)	Loss 1.8351e-02 (1.0433e-01)	Acc pseudo 100.00 ( 97.15)	Lr 1.000e-03 (1.000e-03)
2025-12-23 17:35:19,089 - INFO: Epoch: [3][100/229]	Time  0.027 ( 0.046)	Loss 1.3133e-01 (1.6134e-01)	Acc pseudo  98.44 ( 97.51)	Lr 1.000e-03 (1.000e-03)
2025-12-23 17:35:23,777 - INFO: Epoch: [3][150/229]	Time  0.028 ( 0.040)	Loss 2.1156e-01 (1.4507e-01)	Acc pseudo  96.88 ( 97.58)	Lr 1.000e-03 (1.000e-03)
2025-12-23 17:35:28,471 - INFO: Epoch: [3][200/229]	Time  0.028 ( 0.037)	Loss 9.4111e-02 (1.4178e-01)	Acc pseudo  98.44 ( 97.54)	Lr 1.000e-03 (1.000e-03)
2025-12-23 17:35:31,174 - INFO: Round 5, Face Fine-tune Epoch 3: loss=0.1380, acc(pseudo)=97.51%
2025-12-23 17:35:57,434 - INFO: Round 5, Face Fine-tune Epoch 3: acc(valid_pseudo): 0.9971, acc: 0.9055
2025-12-23 17:35:58,033 - INFO: Epoch: [4][  0/229]	Time  0.469 ( 0.469)	Loss 1.1658e-01 (1.1658e-01)	Acc pseudo  96.88 ( 96.88)	Lr 1.000e-03 (1.000e-03)
2025-12-23 17:36:02,841 - INFO: Epoch: [4][ 50/229]	Time  0.029 ( 0.041)	Loss 2.3349e-02 (8.9191e-02)	Acc pseudo  98.44 ( 97.58)	Lr 1.000e-03 (1.000e-03)
2025-12-23 17:36:07,530 - INFO: Epoch: [4][100/229]	Time  0.028 ( 0.034)	Loss 4.1966e-02 (1.1338e-01)	Acc pseudo  98.44 ( 97.66)	Lr 1.000e-03 (1.000e-03)
2025-12-23 17:36:12,224 - INFO: Epoch: [4][150/229]	Time  0.030 ( 0.032)	Loss 3.2190e-01 (1.1100e-01)	Acc pseudo  93.75 ( 97.69)	Lr 1.000e-03 (1.000e-03)
2025-12-23 17:36:16,917 - INFO: Epoch: [4][200/229]	Time  0.028 ( 0.031)	Loss 7.9515e-03 (1.0903e-01)	Acc pseudo 100.00 ( 97.68)	Lr 1.000e-03 (1.000e-03)
2025-12-23 17:36:19,603 - INFO: Round 5, Face Fine-tune Epoch 4: loss=0.1092, acc(pseudo)=97.60%
2025-12-23 17:36:46,925 - INFO: Round 5, Face Fine-tune Epoch 4: acc(valid_pseudo): 0.9969, acc: 0.9036
2025-12-23 17:36:46,927 - INFO: Round 5, Face Fine-tune Epoch 4: No improvement. Patience(epoch): 1/3
2025-12-23 17:36:47,434 - INFO: Epoch: [5][  0/229]	Time  0.470 ( 0.470)	Loss 7.6982e-03 (7.6982e-03)	Acc pseudo 100.00 (100.00)	Lr 1.000e-03 (1.000e-03)
2025-12-23 17:36:52,125 - INFO: Epoch: [5][ 50/229]	Time  0.027 ( 0.040)	Loss 4.3137e-02 (1.4489e-01)	Acc pseudo  98.44 ( 96.57)	Lr 1.000e-03 (1.000e-03)
2025-12-23 17:36:56,815 - INFO: Epoch: [5][100/229]	Time  0.029 ( 0.034)	Loss 2.0086e-02 (1.2703e-01)	Acc pseudo 100.00 ( 96.78)	Lr 1.000e-03 (1.000e-03)
2025-12-23 17:37:01,503 - INFO: Epoch: [5][150/229]	Time  0.028 ( 0.032)	Loss 4.9481e-02 (1.3347e-01)	Acc pseudo 100.00 ( 96.70)	Lr 1.000e-03 (1.000e-03)
2025-12-23 17:37:06,189 - INFO: Epoch: [5][200/229]	Time  0.028 ( 0.031)	Loss 1.7438e-01 (1.3165e-01)	Acc pseudo  93.75 ( 96.67)	Lr 1.000e-03 (1.000e-03)
2025-12-23 17:37:08,878 - INFO: Round 5, Face Fine-tune Epoch 5: loss=0.1417, acc(pseudo)=96.58%
2025-12-23 17:37:35,188 - INFO: Round 5, Face Fine-tune Epoch 5: acc(valid_pseudo): 0.9965, acc: 0.9046
2025-12-23 17:37:35,188 - INFO: Round 5, Face Fine-tune Epoch 5: No improvement. Patience(epoch): 2/3
2025-12-23 17:37:35,681 - INFO: Epoch: [6][  0/229]	Time  0.466 ( 0.466)	Loss 2.2215e-02 (2.2215e-02)	Acc pseudo  98.44 ( 98.44)	Lr 1.000e-03 (1.000e-03)
2025-12-23 17:37:40,451 - INFO: Epoch: [6][ 50/229]	Time  0.028 ( 0.041)	Loss 4.3022e-02 (1.3195e-01)	Acc pseudo  98.44 ( 96.32)	Lr 1.000e-03 (1.000e-03)
2025-12-23 17:37:45,135 - INFO: Epoch: [6][100/229]	Time  0.038 ( 0.035)	Loss 1.5298e-02 (1.3156e-01)	Acc pseudo 100.00 ( 96.15)	Lr 1.000e-03 (1.000e-03)
2025-12-23 17:37:49,826 - INFO: Epoch: [6][150/229]	Time  0.027 ( 0.033)	Loss 2.5772e-01 (1.3286e-01)	Acc pseudo  96.88 ( 96.49)	Lr 1.000e-03 (1.000e-03)
2025-12-23 17:37:54,516 - INFO: Epoch: [6][200/229]	Time  0.027 ( 0.032)	Loss 9.2422e-02 (1.2491e-01)	Acc pseudo  96.88 ( 96.59)	Lr 1.000e-03 (1.000e-03)
2025-12-23 17:37:57,201 - INFO: Round 5, Face Fine-tune Epoch 6: loss=0.1269, acc(pseudo)=96.59%
2025-12-23 17:38:24,040 - INFO: Round 5, Face Fine-tune Epoch 6: acc(valid_pseudo): 0.9967, acc: 0.9046
2025-12-23 17:38:24,040 - INFO: Round 5, Face Fine-tune Epoch 6: No improvement. Patience(epoch): 3/3
2025-12-23 17:38:24,040 - INFO: Early stopping at face epoch 6
2025-12-23 17:38:24,041 - INFO: Round 5: Best face fine-tuned epoch=3, acc(valid_pseudo)=0.9971
2025-12-23 17:38:24,135 - INFO: Using HMM model from previous round: runs/the big bang theory/exp_video/result/self_supervised/exp2/round4/pseudo_label/hmm_params.pkl
2025-12-23 17:43:04,513 - INFO: Round 5: speaker_acc=0.9120
2025-12-23 17:43:04,516 - INFO: Round 5: face_acc=0.9065
2025-12-23 17:43:04,518 - INFO: ====================
2025-12-23 17:43:04,519 - INFO: Round 6: Fine-tuning iteration
2025-12-23 17:43:04,519 - INFO: ====================
2025-12-23 17:43:04,616 - INFO: Round 6 Part 1: Fine-tuning embedding model
2025-12-23 17:43:04,617 - INFO: Using pseudo-label file: runs/the big bang theory/exp_video/result/self_supervised/exp2/round5/pseudo_label/pseudo_labels_audio_nested_hmm_full(unreliable_pp=5.0).json
2025-12-23 17:43:04,628 - INFO: Using face pseudo-label file: runs/the big bang theory/exp_video/result/self_supervised/exp2/round5/pseudo_label/pseudo_labels_faces_mid_frame_nested_hmm_full.json
2025-12-23 17:43:04,644 - INFO: Created face dataloader with 14646 samples
2025-12-23 17:43:04,658 - INFO: Warmup training face classifier for 2 epochs...
2025-12-23 17:43:05,135 - INFO: Epoch: [0][  0/229]	Time  0.436 ( 0.436)	Loss 3.0147e+00 (3.0147e+00)	Acc pseudo  12.50 ( 12.50)	Lr 1.000e-03 (1.000e-03)
2025-12-23 17:43:09,727 - INFO: Epoch: [0][ 50/229]	Time  0.029 ( 0.037)	Loss 8.3802e-01 (1.1355e+00)	Acc pseudo  90.62 ( 85.69)	Lr 1.000e-03 (1.000e-03)
2025-12-23 17:43:14,319 - INFO: Epoch: [0][100/229]	Time  0.028 ( 0.034)	Loss 3.2750e-01 (8.1510e-01)	Acc pseudo  96.88 ( 90.08)	Lr 1.000e-03 (1.000e-03)
2025-12-23 17:43:18,914 - INFO: Epoch: [0][150/229]	Time  0.028 ( 0.033)	Loss 1.0212e-01 (6.6509e-01)	Acc pseudo 100.00 ( 92.01)	Lr 1.000e-03 (1.000e-03)
2025-12-23 17:43:23,511 - INFO: Epoch: [0][200/229]	Time  0.028 ( 0.032)	Loss 3.7680e-01 (6.0740e-01)	Acc pseudo  92.19 ( 93.01)	Lr 1.000e-03 (1.000e-03)
2025-12-23 17:43:26,143 - INFO: Round 6, Face Warmup Epoch 0: loss=0.5815, acc(pseudo)=93.30%
2025-12-23 17:43:26,606 - INFO: Epoch: [1][  0/229]	Time  0.442 ( 0.442)	Loss 1.9989e-01 (1.9989e-01)	Acc pseudo  95.31 ( 95.31)	Lr 1.000e-03 (1.000e-03)
2025-12-23 17:43:31,218 - INFO: Epoch: [1][ 50/229]	Time  0.043 ( 0.050)	Loss 2.1927e-01 (2.9521e-01)	Acc pseudo  92.19 ( 95.80)	Lr 1.000e-03 (1.000e-03)
2025-12-23 17:43:35,833 - INFO: Epoch: [1][100/229]	Time  0.041 ( 0.046)	Loss 1.7171e-01 (2.8054e-01)	Acc pseudo  95.31 ( 95.47)	Lr 1.000e-03 (1.000e-03)
2025-12-23 17:43:40,451 - INFO: Epoch: [1][150/229]	Time  0.041 ( 0.044)	Loss 4.8919e-01 (2.6637e-01)	Acc pseudo  95.31 ( 95.47)	Lr 1.000e-03 (1.000e-03)
2025-12-23 17:43:45,068 - INFO: Epoch: [1][200/229]	Time  0.042 ( 0.044)	Loss 1.2598e-01 (2.4457e-01)	Acc pseudo  95.31 ( 95.69)	Lr 1.000e-03 (1.000e-03)
2025-12-23 17:43:47,716 - INFO: Round 6, Face Warmup Epoch 1: loss=0.2427, acc(pseudo)=95.85%
2025-12-23 17:43:47,723 - INFO: Fine-tuning speaker embedding model for 20 epochs...
2025-12-23 17:43:47,906 - INFO: Epoch: [0][  0/107]	Time  0.178 ( 0.178)	Loss 2.0937e-01 (2.0937e-01)	Acc pseudo  95.31 ( 95.31)	Lr 1.000e-03 (1.000e-03)
2025-12-23 17:43:48,090 - INFO: Epoch: [0][ 50/107]	Time  0.003 ( 0.007)	Loss 1.6792e-01 (1.1716e-01)	Acc pseudo  96.88 ( 97.06)	Lr 1.000e-03 (1.000e-03)
2025-12-23 17:43:48,258 - INFO: Epoch: [0][100/107]	Time  0.002 ( 0.005)	Loss 6.6685e-02 (1.1992e-01)	Acc pseudo  96.88 ( 97.22)	Lr 1.000e-03 (1.000e-03)
2025-12-23 17:43:48,323 - INFO: Round 6, Fine-tune Epoch 0: loss=0.1163, acc(pseudo)=97.29%
2025-12-23 17:43:53,144 - INFO: Round 6, Fine-tune Epoch 0: acc(valid_pseudo): 0.9933, acc: 0.9030
2025-12-23 17:43:53,445 - INFO: Epoch: [1][  0/107]	Time  0.193 ( 0.193)	Loss 1.0556e-01 (1.0556e-01)	Acc pseudo  96.88 ( 96.88)	Lr 1.000e-03 (1.000e-03)
2025-12-23 17:43:53,631 - INFO: Epoch: [1][ 50/107]	Time  0.003 ( 0.007)	Loss 8.5967e-02 (8.3100e-02)	Acc pseudo  98.44 ( 97.89)	Lr 1.000e-03 (1.000e-03)
2025-12-23 17:43:53,792 - INFO: Epoch: [1][100/107]	Time  0.002 ( 0.005)	Loss 7.8645e-02 (8.1625e-02)	Acc pseudo  96.88 ( 97.80)	Lr 1.000e-03 (1.000e-03)
2025-12-23 17:43:53,858 - INFO: Round 6, Fine-tune Epoch 1: loss=0.0819, acc(pseudo)=97.80%
2025-12-23 17:43:58,086 - INFO: Round 6, Fine-tune Epoch 1: acc(valid_pseudo): 0.9598, acc: 0.8270
2025-12-23 17:43:58,087 - INFO: Round 6, Speaker Fine-tune Epoch 1: No improvement in validation accuracy. Patience(epoch): 1/3
2025-12-23 17:43:58,289 - INFO: Epoch: [2][  0/107]	Time  0.198 ( 0.198)	Loss 1.4048e-01 (1.4048e-01)	Acc pseudo  96.88 ( 96.88)	Lr 1.000e-03 (1.000e-03)
2025-12-23 17:43:58,461 - INFO: Epoch: [2][ 50/107]	Time  0.003 ( 0.007)	Loss 6.0732e-02 (7.8095e-02)	Acc pseudo  96.88 ( 97.70)	Lr 1.000e-03 (1.000e-03)
2025-12-23 17:43:58,621 - INFO: Epoch: [2][100/107]	Time  0.002 ( 0.005)	Loss 9.2087e-02 (7.8593e-02)	Acc pseudo  98.44 ( 97.82)	Lr 1.000e-03 (1.000e-03)
2025-12-23 17:43:58,681 - INFO: Round 6, Fine-tune Epoch 2: loss=0.0813, acc(pseudo)=97.77%
2025-12-23 17:44:04,608 - INFO: Round 6, Fine-tune Epoch 2: acc(valid_pseudo): 0.9941, acc: 0.9165
2025-12-23 17:44:05,084 - INFO: Epoch: [3][  0/107]	Time  0.320 ( 0.320)	Loss 1.3844e-01 (1.3844e-01)	Acc pseudo  98.44 ( 98.44)	Lr 1.000e-03 (1.000e-03)
2025-12-23 17:44:05,313 - INFO: Epoch: [3][ 50/107]	Time  0.004 ( 0.011)	Loss 8.9095e-03 (1.1415e-01)	Acc pseudo 100.00 ( 97.49)	Lr 1.000e-03 (1.000e-03)
2025-12-23 17:44:05,518 - INFO: Epoch: [3][100/107]	Time  0.003 ( 0.007)	Loss 1.3083e-01 (9.2497e-02)	Acc pseudo  96.88 ( 97.73)	Lr 1.000e-03 (1.000e-03)
2025-12-23 17:44:05,584 - INFO: Round 6, Fine-tune Epoch 3: loss=0.0900, acc(pseudo)=97.74%
2025-12-23 17:44:11,026 - INFO: Round 6, Fine-tune Epoch 3: acc(valid_pseudo): 0.9824, acc: 0.9055
2025-12-23 17:44:11,026 - INFO: Round 6, Speaker Fine-tune Epoch 3: No improvement in validation accuracy. Patience(epoch): 1/3
2025-12-23 17:44:11,221 - INFO: Epoch: [4][  0/107]	Time  0.189 ( 0.189)	Loss 7.3785e-02 (7.3785e-02)	Acc pseudo  98.44 ( 98.44)	Lr 1.000e-03 (1.000e-03)
2025-12-23 17:44:11,416 - INFO: Epoch: [4][ 50/107]	Time  0.003 ( 0.007)	Loss 1.0002e-01 (9.3216e-02)	Acc pseudo  96.88 ( 97.49)	Lr 1.000e-03 (1.000e-03)
2025-12-23 17:44:11,590 - INFO: Epoch: [4][100/107]	Time  0.002 ( 0.005)	Loss 5.7549e-02 (9.0617e-02)	Acc pseudo  98.44 ( 97.43)	Lr 1.000e-03 (1.000e-03)
2025-12-23 17:44:11,653 - INFO: Round 6, Fine-tune Epoch 4: loss=0.0890, acc(pseudo)=97.47%
2025-12-23 17:44:16,320 - INFO: Round 6, Fine-tune Epoch 4: acc(valid_pseudo): 0.9874, acc: 0.9060
2025-12-23 17:44:16,320 - INFO: Round 6, Speaker Fine-tune Epoch 4: No improvement in validation accuracy. Patience(epoch): 2/3
2025-12-23 17:44:16,501 - INFO: Epoch: [5][  0/107]	Time  0.176 ( 0.176)	Loss 1.1697e-01 (1.1697e-01)	Acc pseudo  96.88 ( 96.88)	Lr 1.000e-03 (1.000e-03)
2025-12-23 17:44:16,682 - INFO: Epoch: [5][ 50/107]	Time  0.004 ( 0.007)	Loss 1.1276e-01 (7.3097e-02)	Acc pseudo  96.88 ( 97.89)	Lr 1.000e-03 (1.000e-03)
2025-12-23 17:44:16,842 - INFO: Epoch: [5][100/107]	Time  0.002 ( 0.005)	Loss 1.2466e-01 (6.9124e-02)	Acc pseudo  98.44 ( 98.05)	Lr 1.000e-03 (1.000e-03)
2025-12-23 17:44:16,907 - INFO: Round 6, Fine-tune Epoch 5: loss=0.0714, acc(pseudo)=97.99%
2025-12-23 17:44:21,342 - INFO: Round 6, Fine-tune Epoch 5: acc(valid_pseudo): 0.9941, acc: 0.9115
2025-12-23 17:44:21,342 - INFO: Round 6, Speaker Fine-tune Epoch 5: No improvement in validation accuracy. Patience(epoch): 3/3
2025-12-23 17:44:21,342 - INFO: Early stopping at epoch 5 due to no improvement in validation accuracy for 3 epochs.
2025-12-23 17:44:21,344 - INFO: Round 6: Best speaker fine-tuned epoch=2, acc(valid_pseudo)=0.9941
2025-12-23 17:44:21,349 - INFO: Fine-tuning face embedding model for 20 epochs...
2025-12-23 17:44:21,838 - INFO: Epoch: [0][  0/229]	Time  0.438 ( 0.438)	Loss 1.7494e-01 (1.7494e-01)	Acc pseudo  96.88 ( 96.88)	Lr 1.000e-03 (1.000e-03)
2025-12-23 17:44:26,505 - INFO: Epoch: [0][ 50/229]	Time  0.029 ( 0.038)	Loss 1.6661e-01 (1.8796e-01)	Acc pseudo  95.31 ( 96.51)	Lr 1.000e-03 (1.000e-03)
2025-12-23 17:44:31,176 - INFO: Epoch: [0][100/229]	Time  0.033 ( 0.035)	Loss 8.7968e-02 (1.7761e-01)	Acc pseudo  95.31 ( 96.55)	Lr 1.000e-03 (1.000e-03)
2025-12-23 17:44:35,851 - INFO: Epoch: [0][150/229]	Time  0.041 ( 0.036)	Loss 6.2513e-02 (1.6239e-01)	Acc pseudo  96.88 ( 96.70)	Lr 1.000e-03 (1.000e-03)
2025-12-23 17:44:40,533 - INFO: Epoch: [0][200/229]	Time  0.042 ( 0.038)	Loss 2.6644e-01 (1.6666e-01)	Acc pseudo  92.19 ( 96.58)	Lr 1.000e-03 (1.000e-03)
2025-12-23 17:44:43,211 - INFO: Round 6, Face Fine-tune Epoch 0: loss=0.1752, acc(pseudo)=96.54%
2025-12-23 17:45:09,749 - INFO: Round 6, Face Fine-tune Epoch 0: acc(valid_pseudo): 0.9965, acc: 0.9074
2025-12-23 17:45:10,319 - INFO: Epoch: [1][  0/229]	Time  0.442 ( 0.442)	Loss 6.5126e-02 (6.5126e-02)	Acc pseudo  96.88 ( 96.88)	Lr 1.000e-03 (1.000e-03)
2025-12-23 17:45:15,006 - INFO: Epoch: [1][ 50/229]	Time  0.029 ( 0.040)	Loss 1.3698e-01 (1.1630e-01)	Acc pseudo  95.31 ( 96.75)	Lr 1.000e-03 (1.000e-03)
2025-12-23 17:45:19,687 - INFO: Epoch: [1][100/229]	Time  0.027 ( 0.035)	Loss 1.0704e-01 (1.5142e-01)	Acc pseudo  95.31 ( 96.72)	Lr 1.000e-03 (1.000e-03)
2025-12-23 17:45:24,371 - INFO: Epoch: [1][150/229]	Time  0.040 ( 0.033)	Loss 1.0088e-01 (1.4684e-01)	Acc pseudo  98.44 ( 96.65)	Lr 1.000e-03 (1.000e-03)
2025-12-23 17:45:29,054 - INFO: Epoch: [1][200/229]	Time  0.029 ( 0.032)	Loss 7.2639e-02 (1.4293e-01)	Acc pseudo  96.88 ( 96.73)	Lr 1.000e-03 (1.000e-03)
2025-12-23 17:45:31,739 - INFO: Round 6, Face Fine-tune Epoch 1: loss=0.1389, acc(pseudo)=96.81%
2025-12-23 17:45:57,459 - INFO: Round 6, Face Fine-tune Epoch 1: acc(valid_pseudo): 0.9965, acc: 0.9036
2025-12-23 17:45:57,459 - INFO: Round 6, Face Fine-tune Epoch 1: No improvement. Patience(epoch): 1/3
2025-12-23 17:45:57,928 - INFO: Epoch: [2][  0/229]	Time  0.436 ( 0.436)	Loss 4.2049e-02 (4.2049e-02)	Acc pseudo  98.44 ( 98.44)	Lr 1.000e-03 (1.000e-03)
2025-12-23 17:46:02,615 - INFO: Epoch: [2][ 50/229]	Time  0.031 ( 0.039)	Loss 1.9002e-02 (1.2175e-01)	Acc pseudo 100.00 ( 97.06)	Lr 1.000e-03 (1.000e-03)
2025-12-23 17:46:07,302 - INFO: Epoch: [2][100/229]	Time  0.027 ( 0.035)	Loss 8.7678e-02 (1.5479e-01)	Acc pseudo  95.31 ( 96.97)	Lr 1.000e-03 (1.000e-03)
2025-12-23 17:46:11,988 - INFO: Epoch: [2][150/229]	Time  0.032 ( 0.033)	Loss 2.5362e-02 (1.4369e-01)	Acc pseudo  98.44 ( 96.79)	Lr 1.000e-03 (1.000e-03)
2025-12-23 17:46:16,676 - INFO: Epoch: [2][200/229]	Time  0.027 ( 0.032)	Loss 1.3587e-01 (1.3220e-01)	Acc pseudo  95.31 ( 96.82)	Lr 1.000e-03 (1.000e-03)
2025-12-23 17:46:19,362 - INFO: Round 6, Face Fine-tune Epoch 2: loss=0.1555, acc(pseudo)=96.81%
2025-12-23 17:46:45,640 - INFO: Round 6, Face Fine-tune Epoch 2: acc(valid_pseudo): 0.9959, acc: 0.9055
2025-12-23 17:46:45,640 - INFO: Round 6, Face Fine-tune Epoch 2: No improvement. Patience(epoch): 2/3
2025-12-23 17:46:46,126 - INFO: Epoch: [3][  0/229]	Time  0.442 ( 0.442)	Loss 1.6096e-01 (1.6096e-01)	Acc pseudo  95.31 ( 95.31)	Lr 1.000e-03 (1.000e-03)
2025-12-23 17:46:50,809 - INFO: Epoch: [3][ 50/229]	Time  0.028 ( 0.038)	Loss 6.4671e-02 (1.8330e-01)	Acc pseudo  95.31 ( 96.05)	Lr 1.000e-03 (1.000e-03)
2025-12-23 17:46:55,497 - INFO: Epoch: [3][100/229]	Time  0.028 ( 0.034)	Loss 2.0046e-01 (1.8434e-01)	Acc pseudo  93.75 ( 96.13)	Lr 1.000e-03 (1.000e-03)
2025-12-23 17:47:00,183 - INFO: Epoch: [3][150/229]	Time  0.028 ( 0.033)	Loss 9.2231e-02 (1.6545e-01)	Acc pseudo  96.88 ( 96.24)	Lr 1.000e-03 (1.000e-03)
2025-12-23 17:47:04,881 - INFO: Epoch: [3][200/229]	Time  0.029 ( 0.032)	Loss 4.7038e-02 (1.6319e-01)	Acc pseudo  98.44 ( 96.30)	Lr 1.000e-03 (1.000e-03)
2025-12-23 17:47:07,574 - INFO: Round 6, Face Fine-tune Epoch 3: loss=0.1633, acc(pseudo)=96.31%
2025-12-23 17:47:33,644 - INFO: Round 6, Face Fine-tune Epoch 3: acc(valid_pseudo): 0.9953, acc: 0.9008
2025-12-23 17:47:33,647 - INFO: Round 6, Face Fine-tune Epoch 3: No improvement. Patience(epoch): 3/3
2025-12-23 17:47:33,647 - INFO: Early stopping at face epoch 3
2025-12-23 17:47:33,648 - INFO: Round 6: Best face fine-tuned epoch=0, acc(valid_pseudo)=0.9965
2025-12-23 17:47:33,666 - INFO: Using HMM model from previous round: runs/the big bang theory/exp_video/result/self_supervised/exp2/round5/pseudo_label/hmm_params.pkl
