2025-12-20 22:05:28,391 - INFO: Starting self-supervised fine-tuning pipeline
2025-12-20 22:05:28,392 - INFO: Device: cuda:0
2025-12-20 22:05:28,395 - INFO: Saved arguments to runs/I love my family/exp_video/result/self_supervised/exp1/args.json
2025-12-20 22:05:28,395 - INFO: ====================
2025-12-20 22:05:28,395 - INFO: Initialization: Initial clustering with HMM correction
2025-12-20 22:05:28,395 - INFO: ====================
2025-12-20 22:05:28,436 - INFO: Skipping initial clustering, using existing results.
2025-12-20 22:05:47,382 - INFO: Initial: acc(valid)=0.8175, acc(test)=0.8038
2025-12-20 22:05:47,660 - INFO: ====================
2025-12-20 22:05:47,660 - INFO: Round 0: Fine-tuning iteration
2025-12-20 22:05:47,660 - INFO: ====================
2025-12-20 22:05:47,670 - INFO: Round 0 Part 1: Fine-tuning embedding model
2025-12-20 22:05:47,682 - INFO: Using pseudo-label file: runs/I love my family/exp_video/result/self_supervised/exp1/initial/pseudo_label/pseudo_labels_audio_nested_hmm_full(unreliable_pp=100.0).json
2025-12-20 22:05:50,198 - INFO: Embedding dimension: 512
2025-12-20 22:05:50,788 - INFO: Saved config_model to runs/I love my family/exp_video/result/self_supervised/exp1/round0/config_model.json
2025-12-20 22:09:32,438 - INFO: Extracting hidden features for all samples,which are outputs of StatsPool layer...
2025-12-20 22:09:32,438 - INFO: args.unfrozen_layers_num=2 is not used when extracting hidden features.
2025-12-20 22:20:29,225 - INFO: Hidden features extracted for 19225 samples
2025-12-20 22:20:29,522 - INFO: Warmup training classifier for 2 epochs...
2025-12-20 22:20:30,297 - INFO: Epoch: [0][  0/301]	Time  0.771 ( 0.771)	Loss 2.6203e+00 (2.6203e+00)	Acc pseudo   9.38 (  9.38)	Lr 1.000e-03 (1.000e-03)
2025-12-20 22:20:30,434 - INFO: Epoch: [0][ 50/301]	Time  0.002 ( 0.018)	Loss 1.5965e+00 (1.8416e+00)	Acc pseudo  54.69 ( 52.48)	Lr 1.000e-03 (1.000e-03)
2025-12-20 22:20:30,565 - INFO: Epoch: [0][100/301]	Time  0.002 ( 0.010)	Loss 1.2134e+00 (1.5140e+00)	Acc pseudo  65.62 ( 61.45)	Lr 1.000e-03 (1.000e-03)
2025-12-20 22:20:30,695 - INFO: Epoch: [0][150/301]	Time  0.003 ( 0.008)	Loss 1.2241e+00 (1.3606e+00)	Acc pseudo  68.75 ( 65.25)	Lr 1.000e-03 (1.000e-03)
2025-12-20 22:20:30,823 - INFO: Epoch: [0][200/301]	Time  0.002 ( 0.006)	Loss 8.5509e-01 (1.2639e+00)	Acc pseudo  81.25 ( 67.30)	Lr 1.000e-03 (1.000e-03)
2025-12-20 22:20:30,955 - INFO: Epoch: [0][250/301]	Time  0.003 ( 0.006)	Loss 1.0669e+00 (1.2078e+00)	Acc pseudo  73.44 ( 68.65)	Lr 1.000e-03 (1.000e-03)
2025-12-20 22:20:31,083 - INFO: Epoch: [0][300/301]	Time  0.004 ( 0.005)	Loss 7.2624e-01 (1.1695e+00)	Acc pseudo  68.00 ( 69.50)	Lr 1.000e-03 (1.000e-03)
2025-12-20 22:20:31,151 - INFO: Round 0, Warmup Epoch 0: loss=1.1695, acc(pseudo)=69.50%
2025-12-20 22:20:31,406 - INFO: Epoch: [1][  0/301]	Time  0.249 ( 0.249)	Loss 1.2085e+00 (1.2085e+00)	Acc pseudo  73.44 ( 73.44)	Lr 1.000e-03 (1.000e-03)
2025-12-20 22:20:31,692 - INFO: Epoch: [1][ 50/301]	Time  0.003 ( 0.010)	Loss 5.6977e-01 (9.2861e-01)	Acc pseudo  81.25 ( 74.60)	Lr 1.000e-03 (1.000e-03)
2025-12-20 22:20:31,826 - INFO: Epoch: [1][100/301]	Time  0.002 ( 0.007)	Loss 6.6917e-01 (9.1457e-01)	Acc pseudo  79.69 ( 74.57)	Lr 1.000e-03 (1.000e-03)
2025-12-20 22:20:31,958 - INFO: Epoch: [1][150/301]	Time  0.002 ( 0.005)	Loss 9.4286e-01 (9.0878e-01)	Acc pseudo  70.31 ( 74.70)	Lr 1.000e-03 (1.000e-03)
2025-12-20 22:20:32,086 - INFO: Epoch: [1][200/301]	Time  0.002 ( 0.005)	Loss 8.7818e-01 (9.1096e-01)	Acc pseudo  76.56 ( 74.81)	Lr 1.000e-03 (1.000e-03)
2025-12-20 22:20:32,214 - INFO: Epoch: [1][250/301]	Time  0.002 ( 0.004)	Loss 7.7430e-01 (9.1114e-01)	Acc pseudo  78.12 ( 74.78)	Lr 1.000e-03 (1.000e-03)
2025-12-20 22:20:32,339 - INFO: Epoch: [1][300/301]	Time  0.002 ( 0.004)	Loss 7.9253e-01 (9.1338e-01)	Acc pseudo  68.00 ( 74.77)	Lr 1.000e-03 (1.000e-03)
2025-12-20 22:20:32,406 - INFO: Round 0, Warmup Epoch 1: loss=0.9134, acc(pseudo)=74.77%
2025-12-20 22:20:32,428 - INFO: Fine-tuning embedding model for 20 epochs...
2025-12-20 22:20:33,404 - INFO: Epoch: [0][  0/301]	Time  0.972 ( 0.972)	Loss 7.8149e-01 (7.8149e-01)	Acc pseudo  75.00 ( 75.00)	Lr 1.000e-03 (1.000e-03)
2025-12-20 22:20:33,570 - INFO: Epoch: [0][ 50/301]	Time  0.003 ( 0.022)	Loss 1.0052e+00 (1.0353e+00)	Acc pseudo  73.44 ( 70.62)	Lr 1.000e-03 (1.000e-03)
2025-12-20 22:20:33,730 - INFO: Epoch: [0][100/301]	Time  0.003 ( 0.013)	Loss 1.2686e+00 (1.0407e+00)	Acc pseudo  70.31 ( 71.07)	Lr 1.000e-03 (1.000e-03)
2025-12-20 22:20:33,888 - INFO: Epoch: [0][150/301]	Time  0.003 ( 0.010)	Loss 7.9906e-01 (1.0345e+00)	Acc pseudo  70.31 ( 71.43)	Lr 1.000e-03 (1.000e-03)
2025-12-20 22:20:34,056 - INFO: Epoch: [0][200/301]	Time  0.003 ( 0.008)	Loss 6.7154e-01 (1.0147e+00)	Acc pseudo  81.25 ( 71.79)	Lr 1.000e-03 (1.000e-03)
2025-12-20 22:20:34,212 - INFO: Epoch: [0][250/301]	Time  0.004 ( 0.007)	Loss 1.1377e+00 (1.0060e+00)	Acc pseudo  79.69 ( 71.89)	Lr 1.000e-03 (1.000e-03)
2025-12-20 22:20:34,362 - INFO: Epoch: [0][300/301]	Time  0.005 ( 0.006)	Loss 1.1751e+00 (1.0019e+00)	Acc pseudo  72.00 ( 71.98)	Lr 1.000e-03 (1.000e-03)
2025-12-20 22:20:34,427 - INFO: Round 0, Fine-tune Epoch 0: loss=1.0019, acc(pseudo)=71.98%
2025-12-20 22:20:47,856 - INFO: Round 0, Fine-tune Epoch 0: acc(valid_pseudo): 0.6552, acc(valid): 0.5375
2025-12-20 22:20:52,343 - INFO: Epoch: [1][  0/301]	Time  0.234 ( 0.234)	Loss 9.1989e-01 (9.1989e-01)	Acc pseudo  71.88 ( 71.88)	Lr 1.000e-03 (1.000e-03)
2025-12-20 22:20:52,512 - INFO: Epoch: [1][ 50/301]	Time  0.003 ( 0.008)	Loss 1.0136e+00 (8.7712e-01)	Acc pseudo  68.75 ( 74.66)	Lr 1.000e-03 (1.000e-03)
2025-12-20 22:20:52,666 - INFO: Epoch: [1][100/301]	Time  0.003 ( 0.005)	Loss 9.6749e-01 (8.8170e-01)	Acc pseudo  70.31 ( 74.60)	Lr 1.000e-03 (1.000e-03)
2025-12-20 22:20:52,819 - INFO: Epoch: [1][150/301]	Time  0.003 ( 0.005)	Loss 8.7576e-01 (8.9291e-01)	Acc pseudo  84.38 ( 74.62)	Lr 1.000e-03 (1.000e-03)
2025-12-20 22:20:52,967 - INFO: Epoch: [1][200/301]	Time  0.003 ( 0.004)	Loss 8.5587e-01 (8.8624e-01)	Acc pseudo  75.00 ( 74.81)	Lr 1.000e-03 (1.000e-03)
2025-12-20 22:20:53,112 - INFO: Epoch: [1][250/301]	Time  0.003 ( 0.004)	Loss 5.6406e-01 (8.7847e-01)	Acc pseudo  79.69 ( 74.99)	Lr 1.000e-03 (1.000e-03)
2025-12-20 22:20:53,266 - INFO: Epoch: [1][300/301]	Time  0.002 ( 0.004)	Loss 1.1201e+00 (8.8442e-01)	Acc pseudo  64.00 ( 74.86)	Lr 1.000e-03 (1.000e-03)
2025-12-20 22:20:53,332 - INFO: Round 0, Fine-tune Epoch 1: loss=0.8844, acc(pseudo)=74.86%
2025-12-20 22:21:08,658 - INFO: Round 0, Fine-tune Epoch 1: acc(valid_pseudo): 0.8672, acc(valid): 0.7900
2025-12-20 22:21:13,156 - INFO: Epoch: [2][  0/301]	Time  0.244 ( 0.244)	Loss 1.1031e+00 (1.1031e+00)	Acc pseudo  67.19 ( 67.19)	Lr 1.000e-03 (1.000e-03)
2025-12-20 22:21:13,860 - INFO: Epoch: [2][ 50/301]	Time  0.003 ( 0.019)	Loss 1.1138e+00 (8.5196e-01)	Acc pseudo  75.00 ( 75.31)	Lr 1.000e-03 (1.000e-03)
2025-12-20 22:21:14,016 - INFO: Epoch: [2][100/301]	Time  0.003 ( 0.011)	Loss 8.8244e-01 (8.6725e-01)	Acc pseudo  68.75 ( 75.02)	Lr 1.000e-03 (1.000e-03)
2025-12-20 22:21:14,171 - INFO: Epoch: [2][150/301]	Time  0.003 ( 0.008)	Loss 8.0403e-01 (8.4504e-01)	Acc pseudo  76.56 ( 75.91)	Lr 1.000e-03 (1.000e-03)
2025-12-20 22:21:14,319 - INFO: Epoch: [2][200/301]	Time  0.003 ( 0.007)	Loss 9.4570e-01 (8.4812e-01)	Acc pseudo  76.56 ( 75.95)	Lr 1.000e-03 (1.000e-03)
2025-12-20 22:21:14,464 - INFO: Epoch: [2][250/301]	Time  0.003 ( 0.006)	Loss 8.0424e-01 (8.3792e-01)	Acc pseudo  79.69 ( 76.04)	Lr 1.000e-03 (1.000e-03)
2025-12-20 22:21:14,605 - INFO: Epoch: [2][300/301]	Time  0.002 ( 0.006)	Loss 4.8467e-01 (8.3015e-01)	Acc pseudo  92.00 ( 76.13)	Lr 1.000e-03 (1.000e-03)
2025-12-20 22:21:14,670 - INFO: Round 0, Fine-tune Epoch 2: loss=0.8302, acc(pseudo)=76.13%
2025-12-20 22:21:27,117 - INFO: Round 0, Fine-tune Epoch 2: acc(valid_pseudo): 0.9330, acc(valid): 0.8000
2025-12-20 22:21:31,929 - INFO: Epoch: [3][  0/301]	Time  0.253 ( 0.253)	Loss 6.1433e-01 (6.1433e-01)	Acc pseudo  78.12 ( 78.12)	Lr 1.000e-03 (1.000e-03)
2025-12-20 22:21:32,113 - INFO: Epoch: [3][ 50/301]	Time  0.003 ( 0.008)	Loss 6.4726e-01 (7.7815e-01)	Acc pseudo  78.12 ( 76.96)	Lr 1.000e-03 (1.000e-03)
2025-12-20 22:21:32,281 - INFO: Epoch: [3][100/301]	Time  0.004 ( 0.006)	Loss 8.7361e-01 (7.7937e-01)	Acc pseudo  78.12 ( 77.17)	Lr 1.000e-03 (1.000e-03)
2025-12-20 22:21:32,432 - INFO: Epoch: [3][150/301]	Time  0.003 ( 0.005)	Loss 4.8522e-01 (7.9814e-01)	Acc pseudo  81.25 ( 76.94)	Lr 1.000e-03 (1.000e-03)
2025-12-20 22:21:32,579 - INFO: Epoch: [3][200/301]	Time  0.003 ( 0.004)	Loss 1.0698e+00 (8.1001e-01)	Acc pseudo  82.81 ( 76.59)	Lr 1.000e-03 (1.000e-03)
2025-12-20 22:21:32,726 - INFO: Epoch: [3][250/301]	Time  0.003 ( 0.004)	Loss 1.0403e+00 (8.0361e-01)	Acc pseudo  78.12 ( 76.62)	Lr 1.000e-03 (1.000e-03)
2025-12-20 22:21:32,869 - INFO: Epoch: [3][300/301]	Time  0.002 ( 0.004)	Loss 1.0317e+00 (8.0786e-01)	Acc pseudo  76.00 ( 76.68)	Lr 1.000e-03 (1.000e-03)
2025-12-20 22:21:32,937 - INFO: Round 0, Fine-tune Epoch 3: loss=0.8079, acc(pseudo)=76.68%
2025-12-20 22:21:48,093 - INFO: Round 0, Fine-tune Epoch 3: acc(valid_pseudo): 0.8213, acc(valid): 0.6500
2025-12-20 22:21:48,093 - INFO: Round 0, Fine-tune Epoch 3: No improvement in validation accuracy. Patience(epoch): 1/3
2025-12-20 22:21:48,093 - INFO: Early stopping at epoch 3 due to significant drop in pseudo-label validation accuracy: 0.9330 -> 0.8213.
2025-12-20 22:21:48,094 - INFO: Round 0: Best fine-tuned epoch=2, acc(valid_pseudo)=0.9330
2025-12-20 22:21:48,160 - INFO: Using HMM model from previous round: runs/I love my family/exp_video/result/self_supervised/exp1/initial/pseudo_label/hmm_params.pkl
2025-12-20 23:08:24,272 - INFO: Round 0: acc(valid)=0.8550, acc(test)=0.8500
2025-12-20 23:08:24,276 - INFO: ====================
2025-12-20 23:08:24,276 - INFO: Round 1: Fine-tuning iteration
2025-12-20 23:08:24,276 - INFO: ====================
2025-12-20 23:08:24,284 - INFO: Round 1 Part 1: Fine-tuning embedding model
2025-12-20 23:08:24,287 - INFO: Using pseudo-label file: runs/I love my family/exp_video/result/self_supervised/exp1/round0/pseudo_label/pseudo_labels_audio_nested_hmm_full(unreliable_pp=100.0).json
2025-12-20 23:08:24,606 - INFO: Fine-tuning embedding model for 20 epochs...
2025-12-20 23:08:26,051 - INFO: Epoch: [0][  0/301]	Time  1.371 ( 1.371)	Loss 1.0251e+00 (1.0251e+00)	Acc pseudo  70.31 ( 70.31)	Lr 1.000e-03 (1.000e-03)
2025-12-20 23:08:26,226 - INFO: Epoch: [0][ 50/301]	Time  0.003 ( 0.030)	Loss 5.5576e-01 (7.7070e-01)	Acc pseudo  79.69 ( 78.92)	Lr 1.000e-03 (1.000e-03)
2025-12-20 23:08:26,373 - INFO: Epoch: [0][100/301]	Time  0.003 ( 0.017)	Loss 5.4714e-01 (7.8807e-01)	Acc pseudo  82.81 ( 78.88)	Lr 1.000e-03 (1.000e-03)
2025-12-20 23:08:26,517 - INFO: Epoch: [0][150/301]	Time  0.003 ( 0.012)	Loss 8.5254e-01 (7.9361e-01)	Acc pseudo  75.00 ( 78.59)	Lr 1.000e-03 (1.000e-03)
2025-12-20 23:08:26,661 - INFO: Epoch: [0][200/301]	Time  0.003 ( 0.010)	Loss 9.6065e-01 (7.9322e-01)	Acc pseudo  75.00 ( 78.40)	Lr 1.000e-03 (1.000e-03)
2025-12-20 23:08:26,802 - INFO: Epoch: [0][250/301]	Time  0.003 ( 0.008)	Loss 1.0685e+00 (8.0934e-01)	Acc pseudo  78.12 ( 78.13)	Lr 1.000e-03 (1.000e-03)
2025-12-20 23:08:26,936 - INFO: Epoch: [0][300/301]	Time  0.002 ( 0.007)	Loss 9.3921e-01 (8.0147e-01)	Acc pseudo  80.00 ( 78.39)	Lr 1.000e-03 (1.000e-03)
2025-12-20 23:08:27,002 - INFO: Round 1, Fine-tune Epoch 0: loss=0.8015, acc(pseudo)=78.39%
2025-12-20 23:08:39,061 - INFO: Round 1, Fine-tune Epoch 0: acc(valid_pseudo): 0.9272, acc(valid): 0.8250
2025-12-20 23:08:43,359 - INFO: Epoch: [1][  0/301]	Time  0.246 ( 0.246)	Loss 1.0645e+00 (1.0645e+00)	Acc pseudo  70.31 ( 70.31)	Lr 1.000e-03 (1.000e-03)
2025-12-20 23:08:43,539 - INFO: Epoch: [1][ 50/301]	Time  0.003 ( 0.008)	Loss 5.0779e-01 (7.2768e-01)	Acc pseudo  90.62 ( 79.17)	Lr 1.000e-03 (1.000e-03)
2025-12-20 23:08:43,699 - INFO: Epoch: [1][100/301]	Time  0.003 ( 0.006)	Loss 6.2132e-01 (7.1472e-01)	Acc pseudo  79.69 ( 79.25)	Lr 1.000e-03 (1.000e-03)
2025-12-20 23:08:43,860 - INFO: Epoch: [1][150/301]	Time  0.003 ( 0.005)	Loss 7.5796e-01 (7.0620e-01)	Acc pseudo  76.56 ( 79.77)	Lr 1.000e-03 (1.000e-03)
2025-12-20 23:08:44,015 - INFO: Epoch: [1][200/301]	Time  0.003 ( 0.004)	Loss 8.0453e-01 (7.1297e-01)	Acc pseudo  78.12 ( 79.68)	Lr 1.000e-03 (1.000e-03)
2025-12-20 23:08:44,164 - INFO: Epoch: [1][250/301]	Time  0.003 ( 0.004)	Loss 8.0229e-01 (7.2306e-01)	Acc pseudo  76.56 ( 79.63)	Lr 1.000e-03 (1.000e-03)
2025-12-20 23:08:44,307 - INFO: Epoch: [1][300/301]	Time  0.002 ( 0.004)	Loss 5.8613e-01 (7.2771e-01)	Acc pseudo  84.00 ( 79.53)	Lr 1.000e-03 (1.000e-03)
2025-12-20 23:08:44,371 - INFO: Round 1, Fine-tune Epoch 1: loss=0.7277, acc(pseudo)=79.53%
2025-12-20 23:08:58,925 - INFO: Round 1, Fine-tune Epoch 1: acc(valid_pseudo): 0.9514, acc(valid): 0.8100
2025-12-20 23:09:06,161 - INFO: Epoch: [2][  0/301]	Time  0.421 ( 0.421)	Loss 9.9261e-01 (9.9261e-01)	Acc pseudo  78.12 ( 78.12)	Lr 1.000e-03 (1.000e-03)
2025-12-20 23:09:06,378 - INFO: Epoch: [2][ 50/301]	Time  0.004 ( 0.012)	Loss 6.4589e-01 (6.8383e-01)	Acc pseudo  85.94 ( 80.21)	Lr 1.000e-03 (1.000e-03)
2025-12-20 23:09:06,540 - INFO: Epoch: [2][100/301]	Time  0.003 ( 0.008)	Loss 6.5069e-01 (6.9825e-01)	Acc pseudo  78.12 ( 80.14)	Lr 1.000e-03 (1.000e-03)
2025-12-20 23:09:06,712 - INFO: Epoch: [2][150/301]	Time  0.004 ( 0.006)	Loss 6.1468e-01 (7.0616e-01)	Acc pseudo  79.69 ( 79.95)	Lr 1.000e-03 (1.000e-03)
2025-12-20 23:09:06,875 - INFO: Epoch: [2][200/301]	Time  0.003 ( 0.006)	Loss 6.8857e-01 (7.0165e-01)	Acc pseudo  82.81 ( 80.30)	Lr 1.000e-03 (1.000e-03)
2025-12-20 23:09:07,036 - INFO: Epoch: [2][250/301]	Time  0.003 ( 0.005)	Loss 5.5935e-01 (7.0090e-01)	Acc pseudo  82.81 ( 80.14)	Lr 1.000e-03 (1.000e-03)
2025-12-20 23:09:07,183 - INFO: Epoch: [2][300/301]	Time  0.002 ( 0.005)	Loss 3.9334e-01 (7.0068e-01)	Acc pseudo  84.00 ( 80.22)	Lr 1.000e-03 (1.000e-03)
2025-12-20 23:09:07,247 - INFO: Round 1, Fine-tune Epoch 2: loss=0.7007, acc(pseudo)=80.22%
2025-12-20 23:09:20,023 - INFO: Round 1, Fine-tune Epoch 2: acc(valid_pseudo): 0.8087, acc(valid): 0.7150
2025-12-20 23:09:20,023 - INFO: Round 1, Fine-tune Epoch 2: No improvement in validation accuracy. Patience(epoch): 1/3
2025-12-20 23:09:20,431 - INFO: Epoch: [3][  0/301]	Time  0.359 ( 0.359)	Loss 7.2285e-01 (7.2285e-01)	Acc pseudo  81.25 ( 81.25)	Lr 1.000e-03 (1.000e-03)
2025-12-20 23:09:20,597 - INFO: Epoch: [3][ 50/301]	Time  0.003 ( 0.010)	Loss 1.2079e+00 (6.6251e-01)	Acc pseudo  79.69 ( 81.89)	Lr 1.000e-03 (1.000e-03)
2025-12-20 23:09:20,747 - INFO: Epoch: [3][100/301]	Time  0.003 ( 0.007)	Loss 5.8180e-01 (6.6814e-01)	Acc pseudo  78.12 ( 81.00)	Lr 1.000e-03 (1.000e-03)
2025-12-20 23:09:20,896 - INFO: Epoch: [3][150/301]	Time  0.003 ( 0.005)	Loss 5.2411e-01 (6.7258e-01)	Acc pseudo  90.62 ( 80.77)	Lr 1.000e-03 (1.000e-03)
2025-12-20 23:09:21,040 - INFO: Epoch: [3][200/301]	Time  0.003 ( 0.005)	Loss 5.7105e-01 (6.6720e-01)	Acc pseudo  79.69 ( 80.95)	Lr 1.000e-03 (1.000e-03)
2025-12-20 23:09:21,186 - INFO: Epoch: [3][250/301]	Time  0.003 ( 0.004)	Loss 8.1567e-01 (6.6671e-01)	Acc pseudo  82.81 ( 80.90)	Lr 1.000e-03 (1.000e-03)
2025-12-20 23:09:21,327 - INFO: Epoch: [3][300/301]	Time  0.002 ( 0.004)	Loss 4.3831e-01 (6.7512e-01)	Acc pseudo  88.00 ( 80.58)	Lr 1.000e-03 (1.000e-03)
2025-12-20 23:09:21,390 - INFO: Round 1, Fine-tune Epoch 3: loss=0.6751, acc(pseudo)=80.58%
2025-12-20 23:09:34,385 - INFO: Round 1, Fine-tune Epoch 3: acc(valid_pseudo): 0.9368, acc(valid): 0.8250
2025-12-20 23:09:34,385 - INFO: Round 1, Fine-tune Epoch 3: No improvement in validation accuracy. Patience(epoch): 2/3
2025-12-20 23:09:34,812 - INFO: Epoch: [4][  0/301]	Time  0.417 ( 0.417)	Loss 9.3004e-01 (9.3004e-01)	Acc pseudo  75.00 ( 75.00)	Lr 1.000e-03 (1.000e-03)
2025-12-20 23:09:35,191 - INFO: Epoch: [4][ 50/301]	Time  0.004 ( 0.016)	Loss 7.0556e-01 (6.4641e-01)	Acc pseudo  76.56 ( 81.46)	Lr 1.000e-03 (1.000e-03)
2025-12-20 23:09:35,384 - INFO: Epoch: [4][100/301]	Time  0.004 ( 0.010)	Loss 7.7492e-01 (6.4347e-01)	Acc pseudo  76.56 ( 80.77)	Lr 1.000e-03 (1.000e-03)
2025-12-20 23:09:35,579 - INFO: Epoch: [4][150/301]	Time  0.004 ( 0.008)	Loss 6.5242e-01 (6.3889e-01)	Acc pseudo  75.00 ( 80.85)	Lr 1.000e-03 (1.000e-03)
2025-12-20 23:09:35,768 - INFO: Epoch: [4][200/301]	Time  0.003 ( 0.007)	Loss 6.1122e-01 (6.4969e-01)	Acc pseudo  81.25 ( 80.84)	Lr 1.000e-03 (1.000e-03)
2025-12-20 23:09:35,957 - INFO: Epoch: [4][250/301]	Time  0.004 ( 0.006)	Loss 6.7735e-01 (6.5273e-01)	Acc pseudo  78.12 ( 80.84)	Lr 1.000e-03 (1.000e-03)
2025-12-20 23:09:36,142 - INFO: Epoch: [4][300/301]	Time  0.003 ( 0.006)	Loss 6.4840e-01 (6.6203e-01)	Acc pseudo  80.00 ( 80.64)	Lr 1.000e-03 (1.000e-03)
2025-12-20 23:09:36,205 - INFO: Round 1, Fine-tune Epoch 4: loss=0.6620, acc(pseudo)=80.64%
2025-12-20 23:09:48,452 - INFO: Round 1, Fine-tune Epoch 4: acc(valid_pseudo): 0.8608, acc(valid): 0.7675
2025-12-20 23:09:48,453 - INFO: Round 1, Fine-tune Epoch 4: No improvement in validation accuracy. Patience(epoch): 3/3
2025-12-20 23:09:48,453 - INFO: Early stopping at epoch 4 due to no improvement in validation accuracy for 3 epochs.
2025-12-20 23:09:48,454 - INFO: Round 1: Best fine-tuned epoch=1, acc(valid_pseudo)=0.9514
2025-12-20 23:09:48,505 - INFO: Using HMM model from previous round: runs/I love my family/exp_video/result/self_supervised/exp1/round0/pseudo_label/hmm_params.pkl
2025-12-20 23:47:19,755 - INFO: Round 1: acc(valid)=0.8625, acc(test)=0.8650
2025-12-20 23:47:19,760 - INFO: ====================
2025-12-20 23:47:19,760 - INFO: Round 2: Fine-tuning iteration
2025-12-20 23:47:19,760 - INFO: ====================
2025-12-20 23:47:19,768 - INFO: Round 2 Part 1: Fine-tuning embedding model
2025-12-20 23:47:19,771 - INFO: Using pseudo-label file: runs/I love my family/exp_video/result/self_supervised/exp1/round1/pseudo_label/pseudo_labels_audio_nested_hmm_full(unreliable_pp=100.0).json
2025-12-20 23:47:20,134 - INFO: Fine-tuning embedding model for 20 epochs...
2025-12-20 23:47:21,056 - INFO: Epoch: [0][  0/301]	Time  0.879 ( 0.879)	Loss 1.3532e+00 (1.3532e+00)	Acc pseudo  81.25 ( 81.25)	Lr 1.000e-03 (1.000e-03)
2025-12-20 23:47:21,234 - INFO: Epoch: [0][ 50/301]	Time  0.003 ( 0.021)	Loss 5.1649e-01 (5.8236e-01)	Acc pseudo  78.12 ( 83.46)	Lr 1.000e-03 (1.000e-03)
2025-12-20 23:47:21,390 - INFO: Epoch: [0][100/301]	Time  0.003 ( 0.012)	Loss 5.8080e-01 (6.2979e-01)	Acc pseudo  84.38 ( 82.43)	Lr 1.000e-03 (1.000e-03)
2025-12-20 23:47:21,545 - INFO: Epoch: [0][150/301]	Time  0.003 ( 0.009)	Loss 5.9482e-01 (6.3847e-01)	Acc pseudo  82.81 ( 82.23)	Lr 1.000e-03 (1.000e-03)
2025-12-20 23:47:21,692 - INFO: Epoch: [0][200/301]	Time  0.003 ( 0.007)	Loss 5.6839e-01 (6.3864e-01)	Acc pseudo  79.69 ( 82.10)	Lr 1.000e-03 (1.000e-03)
2025-12-20 23:47:21,840 - INFO: Epoch: [0][250/301]	Time  0.003 ( 0.007)	Loss 6.9566e-01 (6.4944e-01)	Acc pseudo  78.12 ( 82.19)	Lr 1.000e-03 (1.000e-03)
2025-12-20 23:47:21,999 - INFO: Epoch: [0][300/301]	Time  0.003 ( 0.006)	Loss 4.3183e-01 (6.5046e-01)	Acc pseudo  88.00 ( 82.26)	Lr 1.000e-03 (1.000e-03)
2025-12-20 23:47:22,068 - INFO: Round 2, Fine-tune Epoch 0: loss=0.6505, acc(pseudo)=82.26%
2025-12-20 23:47:36,194 - INFO: Round 2, Fine-tune Epoch 0: acc(valid_pseudo): 0.9591, acc(valid): 0.8225
2025-12-20 23:47:40,945 - INFO: Epoch: [1][  0/301]	Time  0.277 ( 0.277)	Loss 1.3735e+00 (1.3735e+00)	Acc pseudo  75.00 ( 75.00)	Lr 1.000e-03 (1.000e-03)
2025-12-20 23:47:41,116 - INFO: Epoch: [1][ 50/301]	Time  0.003 ( 0.009)	Loss 3.9918e-01 (6.3785e-01)	Acc pseudo  82.81 ( 82.75)	Lr 1.000e-03 (1.000e-03)
2025-12-20 23:47:41,269 - INFO: Epoch: [1][100/301]	Time  0.003 ( 0.006)	Loss 5.5756e-01 (6.2332e-01)	Acc pseudo  82.81 ( 82.36)	Lr 1.000e-03 (1.000e-03)
2025-12-20 23:47:41,422 - INFO: Epoch: [1][150/301]	Time  0.003 ( 0.005)	Loss 5.0546e-01 (6.0146e-01)	Acc pseudo  87.50 ( 82.90)	Lr 1.000e-03 (1.000e-03)
2025-12-20 23:47:41,569 - INFO: Epoch: [1][200/301]	Time  0.003 ( 0.004)	Loss 6.6784e-01 (6.0014e-01)	Acc pseudo  81.25 ( 83.04)	Lr 1.000e-03 (1.000e-03)
2025-12-20 23:47:41,714 - INFO: Epoch: [1][250/301]	Time  0.003 ( 0.004)	Loss 6.0070e-01 (6.0613e-01)	Acc pseudo  82.81 ( 82.86)	Lr 1.000e-03 (1.000e-03)
2025-12-20 23:47:41,853 - INFO: Epoch: [1][300/301]	Time  0.002 ( 0.004)	Loss 4.2883e-01 (6.0433e-01)	Acc pseudo  84.00 ( 82.90)	Lr 1.000e-03 (1.000e-03)
2025-12-20 23:47:41,916 - INFO: Round 2, Fine-tune Epoch 1: loss=0.6043, acc(pseudo)=82.90%
2025-12-20 23:47:55,480 - INFO: Round 2, Fine-tune Epoch 1: acc(valid_pseudo): 0.9471, acc(valid): 0.8400
2025-12-20 23:47:55,480 - INFO: Round 2, Fine-tune Epoch 1: No improvement in validation accuracy. Patience(epoch): 1/3
2025-12-20 23:47:55,727 - INFO: Epoch: [2][  0/301]	Time  0.241 ( 0.241)	Loss 6.6007e-01 (6.6007e-01)	Acc pseudo  84.38 ( 84.38)	Lr 1.000e-03 (1.000e-03)
2025-12-20 23:47:55,899 - INFO: Epoch: [2][ 50/301]	Time  0.003 ( 0.008)	Loss 5.0891e-01 (5.7043e-01)	Acc pseudo  89.06 ( 83.79)	Lr 1.000e-03 (1.000e-03)
2025-12-20 23:47:56,055 - INFO: Epoch: [2][100/301]	Time  0.003 ( 0.006)	Loss 5.6577e-01 (5.6285e-01)	Acc pseudo  76.56 ( 84.08)	Lr 1.000e-03 (1.000e-03)
2025-12-20 23:47:56,210 - INFO: Epoch: [2][150/301]	Time  0.003 ( 0.005)	Loss 3.9042e-01 (5.6631e-01)	Acc pseudo  87.50 ( 83.75)	Lr 1.000e-03 (1.000e-03)
2025-12-20 23:47:56,361 - INFO: Epoch: [2][200/301]	Time  0.003 ( 0.004)	Loss 9.1440e-01 (5.7059e-01)	Acc pseudo  84.38 ( 83.91)	Lr 1.000e-03 (1.000e-03)
2025-12-20 23:47:56,510 - INFO: Epoch: [2][250/301]	Time  0.003 ( 0.004)	Loss 4.8429e-01 (5.7501e-01)	Acc pseudo  82.81 ( 83.47)	Lr 1.000e-03 (1.000e-03)
2025-12-20 23:47:56,651 - INFO: Epoch: [2][300/301]	Time  0.002 ( 0.004)	Loss 3.8066e-01 (5.7439e-01)	Acc pseudo  88.00 ( 83.38)	Lr 1.000e-03 (1.000e-03)
2025-12-20 23:47:56,726 - INFO: Round 2, Fine-tune Epoch 2: loss=0.5744, acc(pseudo)=83.38%
2025-12-20 23:48:10,204 - INFO: Round 2, Fine-tune Epoch 2: acc(valid_pseudo): 0.9286, acc(valid): 0.8250
2025-12-20 23:48:10,205 - INFO: Round 2, Fine-tune Epoch 2: No improvement in validation accuracy. Patience(epoch): 2/3
2025-12-20 23:48:10,458 - INFO: Epoch: [3][  0/301]	Time  0.248 ( 0.248)	Loss 5.5049e-01 (5.5049e-01)	Acc pseudo  82.81 ( 82.81)	Lr 1.000e-03 (1.000e-03)
2025-12-20 23:48:10,647 - INFO: Epoch: [3][ 50/301]	Time  0.003 ( 0.008)	Loss 8.4232e-01 (5.2503e-01)	Acc pseudo  75.00 ( 85.05)	Lr 1.000e-03 (1.000e-03)
2025-12-20 23:48:10,819 - INFO: Epoch: [3][100/301]	Time  0.003 ( 0.006)	Loss 6.6822e-01 (5.3686e-01)	Acc pseudo  84.38 ( 84.65)	Lr 1.000e-03 (1.000e-03)
2025-12-20 23:48:10,991 - INFO: Epoch: [3][150/301]	Time  0.003 ( 0.005)	Loss 4.0073e-01 (5.3519e-01)	Acc pseudo  89.06 ( 84.42)	Lr 1.000e-03 (1.000e-03)
2025-12-20 23:48:11,160 - INFO: Epoch: [3][200/301]	Time  0.003 ( 0.005)	Loss 5.0555e-01 (5.4127e-01)	Acc pseudo  82.81 ( 84.30)	Lr 1.000e-03 (1.000e-03)
2025-12-20 23:48:11,340 - INFO: Epoch: [3][250/301]	Time  0.003 ( 0.004)	Loss 6.6820e-01 (5.5090e-01)	Acc pseudo  79.69 ( 84.14)	Lr 1.000e-03 (1.000e-03)
2025-12-20 23:48:11,506 - INFO: Epoch: [3][300/301]	Time  0.002 ( 0.004)	Loss 6.6501e-01 (5.5708e-01)	Acc pseudo  68.00 ( 83.83)	Lr 1.000e-03 (1.000e-03)
2025-12-20 23:48:11,567 - INFO: Round 2, Fine-tune Epoch 3: loss=0.5571, acc(pseudo)=83.83%
2025-12-20 23:48:24,420 - INFO: Round 2, Fine-tune Epoch 3: acc(valid_pseudo): 0.9459, acc(valid): 0.8350
2025-12-20 23:48:24,420 - INFO: Round 2, Fine-tune Epoch 3: No improvement in validation accuracy. Patience(epoch): 3/3
2025-12-20 23:48:24,420 - INFO: Early stopping at epoch 3 due to no improvement in validation accuracy for 3 epochs.
2025-12-20 23:48:24,421 - INFO: Round 2: Best fine-tuned epoch=0, acc(valid_pseudo)=0.9591
2025-12-20 23:48:24,562 - INFO: Using HMM model from previous round: runs/I love my family/exp_video/result/self_supervised/exp1/round1/pseudo_label/hmm_params.pkl
2025-12-21 00:41:16,353 - INFO: Round 2: acc(valid)=0.8525, acc(test)=0.8631
2025-12-21 00:41:16,360 - INFO: ====================
2025-12-21 00:41:16,360 - INFO: Round 3: Fine-tuning iteration
2025-12-21 00:41:16,360 - INFO: ====================
2025-12-21 00:41:16,370 - INFO: Round 3 Part 1: Fine-tuning embedding model
2025-12-21 00:41:16,373 - INFO: Using pseudo-label file: runs/I love my family/exp_video/result/self_supervised/exp1/round2/pseudo_label/pseudo_labels_audio_nested_hmm_full(unreliable_pp=100.0).json
2025-12-21 00:41:16,739 - INFO: Fine-tuning embedding model for 20 epochs...
2025-12-21 00:41:18,321 - INFO: Epoch: [0][  0/301]	Time  1.515 ( 1.515)	Loss 5.6069e-01 (5.6069e-01)	Acc pseudo  82.81 ( 82.81)	Lr 1.000e-03 (1.000e-03)
2025-12-21 00:41:18,501 - INFO: Epoch: [0][ 50/301]	Time  0.003 ( 0.033)	Loss 4.5865e-01 (6.0321e-01)	Acc pseudo  87.50 ( 84.22)	Lr 1.000e-03 (1.000e-03)
2025-12-21 00:41:18,657 - INFO: Epoch: [0][100/301]	Time  0.003 ( 0.018)	Loss 5.1187e-01 (6.0637e-01)	Acc pseudo  84.38 ( 83.66)	Lr 1.000e-03 (1.000e-03)
2025-12-21 00:41:18,814 - INFO: Epoch: [0][150/301]	Time  0.003 ( 0.013)	Loss 6.5128e-01 (6.1127e-01)	Acc pseudo  78.12 ( 83.39)	Lr 1.000e-03 (1.000e-03)
2025-12-21 00:41:18,970 - INFO: Epoch: [0][200/301]	Time  0.003 ( 0.011)	Loss 6.5089e-01 (5.9999e-01)	Acc pseudo  79.69 ( 83.45)	Lr 1.000e-03 (1.000e-03)
2025-12-21 00:41:19,120 - INFO: Epoch: [0][250/301]	Time  0.003 ( 0.009)	Loss 7.4361e-01 (6.0630e-01)	Acc pseudo  76.56 ( 83.39)	Lr 1.000e-03 (1.000e-03)
2025-12-21 00:41:19,266 - INFO: Epoch: [0][300/301]	Time  0.004 ( 0.008)	Loss 2.1918e-01 (6.0087e-01)	Acc pseudo  96.00 ( 83.45)	Lr 1.000e-03 (1.000e-03)
2025-12-21 00:41:19,331 - INFO: Round 3, Fine-tune Epoch 0: loss=0.6009, acc(pseudo)=83.45%
2025-12-21 00:41:31,981 - INFO: Round 3, Fine-tune Epoch 0: acc(valid_pseudo): 0.9614, acc(valid): 0.8400
2025-12-21 00:41:36,510 - INFO: Epoch: [1][  0/301]	Time  0.249 ( 0.249)	Loss 9.4746e-01 (9.4746e-01)	Acc pseudo  71.88 ( 71.88)	Lr 1.000e-03 (1.000e-03)
2025-12-21 00:41:36,715 - INFO: Epoch: [1][ 50/301]	Time  0.003 ( 0.009)	Loss 2.7276e-01 (5.4186e-01)	Acc pseudo  92.19 ( 84.38)	Lr 1.000e-03 (1.000e-03)
2025-12-21 00:41:36,880 - INFO: Epoch: [1][100/301]	Time  0.003 ( 0.006)	Loss 4.2984e-01 (5.2808e-01)	Acc pseudo  87.50 ( 84.50)	Lr 1.000e-03 (1.000e-03)
2025-12-21 00:41:37,047 - INFO: Epoch: [1][150/301]	Time  0.003 ( 0.005)	Loss 4.3911e-01 (5.2692e-01)	Acc pseudo  87.50 ( 85.01)	Lr 1.000e-03 (1.000e-03)
2025-12-21 00:41:37,204 - INFO: Epoch: [1][200/301]	Time  0.003 ( 0.005)	Loss 6.2995e-01 (5.3568e-01)	Acc pseudo  84.38 ( 84.86)	Lr 1.000e-03 (1.000e-03)
2025-12-21 00:41:37,350 - INFO: Epoch: [1][250/301]	Time  0.003 ( 0.004)	Loss 5.5104e-01 (5.3971e-01)	Acc pseudo  82.81 ( 84.58)	Lr 1.000e-03 (1.000e-03)
2025-12-21 00:41:37,490 - INFO: Epoch: [1][300/301]	Time  0.002 ( 0.004)	Loss 2.9834e-01 (5.4397e-01)	Acc pseudo  88.00 ( 84.57)	Lr 1.000e-03 (1.000e-03)
2025-12-21 00:41:37,552 - INFO: Round 3, Fine-tune Epoch 1: loss=0.5440, acc(pseudo)=84.57%
2025-12-21 00:41:50,596 - INFO: Round 3, Fine-tune Epoch 1: acc(valid_pseudo): 0.9207, acc(valid): 0.8100
2025-12-21 00:41:50,597 - INFO: Round 3, Fine-tune Epoch 1: No improvement in validation accuracy. Patience(epoch): 1/3
2025-12-21 00:41:50,862 - INFO: Epoch: [2][  0/301]	Time  0.260 ( 0.260)	Loss 6.7420e-01 (6.7420e-01)	Acc pseudo  82.81 ( 82.81)	Lr 1.000e-03 (1.000e-03)
2025-12-21 00:41:51,040 - INFO: Epoch: [2][ 50/301]	Time  0.004 ( 0.009)	Loss 2.6787e-01 (5.0322e-01)	Acc pseudo  93.75 ( 85.29)	Lr 1.000e-03 (1.000e-03)
2025-12-21 00:41:51,206 - INFO: Epoch: [2][100/301]	Time  0.004 ( 0.006)	Loss 5.1917e-01 (5.0309e-01)	Acc pseudo  79.69 ( 85.54)	Lr 1.000e-03 (1.000e-03)
2025-12-21 00:41:51,371 - INFO: Epoch: [2][150/301]	Time  0.003 ( 0.005)	Loss 3.6408e-01 (5.1475e-01)	Acc pseudo  85.94 ( 85.33)	Lr 1.000e-03 (1.000e-03)
2025-12-21 00:41:51,528 - INFO: Epoch: [2][200/301]	Time  0.003 ( 0.005)	Loss 5.6342e-01 (5.1118e-01)	Acc pseudo  87.50 ( 85.54)	Lr 1.000e-03 (1.000e-03)
2025-12-21 00:41:51,687 - INFO: Epoch: [2][250/301]	Time  0.003 ( 0.004)	Loss 5.9862e-01 (5.2147e-01)	Acc pseudo  81.25 ( 85.22)	Lr 1.000e-03 (1.000e-03)
2025-12-21 00:41:51,840 - INFO: Epoch: [2][300/301]	Time  0.002 ( 0.004)	Loss 4.0625e-01 (5.2743e-01)	Acc pseudo  88.00 ( 85.10)	Lr 1.000e-03 (1.000e-03)
2025-12-21 00:41:51,913 - INFO: Round 3, Fine-tune Epoch 2: loss=0.5274, acc(pseudo)=85.10%
2025-12-21 00:42:05,132 - INFO: Round 3, Fine-tune Epoch 2: acc(valid_pseudo): 0.8204, acc(valid): 0.7700
2025-12-21 00:42:05,133 - INFO: Round 3, Fine-tune Epoch 2: No improvement in validation accuracy. Patience(epoch): 2/3
2025-12-21 00:42:05,583 - INFO: Epoch: [3][  0/301]	Time  0.440 ( 0.440)	Loss 7.0307e-01 (7.0307e-01)	Acc pseudo  81.25 ( 81.25)	Lr 1.000e-03 (1.000e-03)
2025-12-21 00:42:05,795 - INFO: Epoch: [3][ 50/301]	Time  0.004 ( 0.013)	Loss 8.2805e-01 (5.0656e-01)	Acc pseudo  79.69 ( 85.36)	Lr 1.000e-03 (1.000e-03)
2025-12-21 00:42:05,994 - INFO: Epoch: [3][100/301]	Time  0.004 ( 0.008)	Loss 4.8850e-01 (5.1252e-01)	Acc pseudo  85.94 ( 85.18)	Lr 1.000e-03 (1.000e-03)
2025-12-21 00:42:06,192 - INFO: Epoch: [3][150/301]	Time  0.004 ( 0.007)	Loss 4.9687e-01 (5.0749e-01)	Acc pseudo  84.38 ( 85.26)	Lr 1.000e-03 (1.000e-03)
2025-12-21 00:42:06,365 - INFO: Epoch: [3][200/301]	Time  0.003 ( 0.006)	Loss 4.2749e-01 (5.0554e-01)	Acc pseudo  81.25 ( 85.19)	Lr 1.000e-03 (1.000e-03)
2025-12-21 00:42:06,513 - INFO: Epoch: [3][250/301]	Time  0.003 ( 0.005)	Loss 4.2910e-01 (5.0361e-01)	Acc pseudo  89.06 ( 85.20)	Lr 1.000e-03 (1.000e-03)
2025-12-21 00:42:06,655 - INFO: Epoch: [3][300/301]	Time  0.002 ( 0.005)	Loss 4.1767e-01 (5.0731e-01)	Acc pseudo  84.00 ( 85.00)	Lr 1.000e-03 (1.000e-03)
2025-12-21 00:42:06,720 - INFO: Round 3, Fine-tune Epoch 3: loss=0.5073, acc(pseudo)=85.00%
2025-12-21 00:42:19,316 - INFO: Round 3, Fine-tune Epoch 3: acc(valid_pseudo): 0.9503, acc(valid): 0.8350
2025-12-21 00:42:19,316 - INFO: Round 3, Fine-tune Epoch 3: No improvement in validation accuracy. Patience(epoch): 3/3
2025-12-21 00:42:19,316 - INFO: Early stopping at epoch 3 due to no improvement in validation accuracy for 3 epochs.
2025-12-21 00:42:19,318 - INFO: Round 3: Best fine-tuned epoch=0, acc(valid_pseudo)=0.9614
2025-12-21 00:42:19,377 - INFO: Using HMM model from previous round: runs/I love my family/exp_video/result/self_supervised/exp1/round2/pseudo_label/hmm_params.pkl
2025-12-21 01:20:53,390 - INFO: Round 3: acc(valid)=0.8700, acc(test)=0.8650
2025-12-21 01:20:53,394 - INFO: ====================
2025-12-21 01:20:53,395 - INFO: Round 4: Fine-tuning iteration
2025-12-21 01:20:53,395 - INFO: ====================
2025-12-21 01:20:53,405 - INFO: Round 4 Part 1: Fine-tuning embedding model
2025-12-21 01:20:53,409 - INFO: Using pseudo-label file: runs/I love my family/exp_video/result/self_supervised/exp1/round3/pseudo_label/pseudo_labels_audio_nested_hmm_full(unreliable_pp=100.0).json
2025-12-21 01:20:53,786 - INFO: Fine-tuning embedding model for 20 epochs...
2025-12-21 01:20:54,776 - INFO: Epoch: [0][  0/301]	Time  0.945 ( 0.945)	Loss 7.8413e-01 (7.8413e-01)	Acc pseudo  82.81 ( 82.81)	Lr 1.000e-03 (1.000e-03)
2025-12-21 01:20:54,959 - INFO: Epoch: [0][ 50/301]	Time  0.004 ( 0.022)	Loss 6.4603e-01 (5.3129e-01)	Acc pseudo  82.81 ( 85.57)	Lr 1.000e-03 (1.000e-03)
2025-12-21 01:20:55,133 - INFO: Epoch: [0][100/301]	Time  0.003 ( 0.013)	Loss 4.2093e-01 (5.3663e-01)	Acc pseudo  85.94 ( 85.09)	Lr 1.000e-03 (1.000e-03)
2025-12-21 01:20:55,289 - INFO: Epoch: [0][150/301]	Time  0.003 ( 0.010)	Loss 6.9303e-01 (5.3028e-01)	Acc pseudo  78.12 ( 84.85)	Lr 1.000e-03 (1.000e-03)
2025-12-21 01:20:55,447 - INFO: Epoch: [0][200/301]	Time  0.003 ( 0.008)	Loss 4.1001e-01 (5.2384e-01)	Acc pseudo  85.94 ( 84.97)	Lr 1.000e-03 (1.000e-03)
2025-12-21 01:20:55,596 - INFO: Epoch: [0][250/301]	Time  0.003 ( 0.007)	Loss 6.3796e-01 (5.3485e-01)	Acc pseudo  87.50 ( 84.97)	Lr 1.000e-03 (1.000e-03)
2025-12-21 01:20:55,738 - INFO: Epoch: [0][300/301]	Time  0.003 ( 0.006)	Loss 2.0252e-01 (5.3447e-01)	Acc pseudo  92.00 ( 85.07)	Lr 1.000e-03 (1.000e-03)
2025-12-21 01:20:55,804 - INFO: Round 4, Fine-tune Epoch 0: loss=0.5345, acc(pseudo)=85.07%
2025-12-21 01:21:08,642 - INFO: Round 4, Fine-tune Epoch 0: acc(valid_pseudo): 0.9555, acc(valid): 0.8375
2025-12-21 01:21:14,526 - INFO: Epoch: [1][  0/301]	Time  0.249 ( 0.249)	Loss 8.6356e-01 (8.6356e-01)	Acc pseudo  70.31 ( 70.31)	Lr 1.000e-03 (1.000e-03)
2025-12-21 01:21:14,708 - INFO: Epoch: [1][ 50/301]	Time  0.003 ( 0.008)	Loss 2.5440e-01 (5.0260e-01)	Acc pseudo  92.19 ( 85.23)	Lr 1.000e-03 (1.000e-03)
2025-12-21 01:21:14,869 - INFO: Epoch: [1][100/301]	Time  0.003 ( 0.006)	Loss 3.6426e-01 (4.8060e-01)	Acc pseudo  92.19 ( 85.44)	Lr 1.000e-03 (1.000e-03)
2025-12-21 01:21:15,033 - INFO: Epoch: [1][150/301]	Time  0.003 ( 0.005)	Loss 5.7160e-01 (4.8230e-01)	Acc pseudo  84.38 ( 85.99)	Lr 1.000e-03 (1.000e-03)
2025-12-21 01:21:15,190 - INFO: Epoch: [1][200/301]	Time  0.003 ( 0.004)	Loss 4.3720e-01 (4.9000e-01)	Acc pseudo  87.50 ( 85.83)	Lr 1.000e-03 (1.000e-03)
2025-12-21 01:21:15,338 - INFO: Epoch: [1][250/301]	Time  0.004 ( 0.004)	Loss 3.9138e-01 (4.9553e-01)	Acc pseudo  84.38 ( 85.49)	Lr 1.000e-03 (1.000e-03)
2025-12-21 01:21:15,487 - INFO: Epoch: [1][300/301]	Time  0.002 ( 0.004)	Loss 2.4773e-01 (5.0357e-01)	Acc pseudo  88.00 ( 85.44)	Lr 1.000e-03 (1.000e-03)
2025-12-21 01:21:15,554 - INFO: Round 4, Fine-tune Epoch 1: loss=0.5036, acc(pseudo)=85.44%
2025-12-21 01:21:27,838 - INFO: Round 4, Fine-tune Epoch 1: acc(valid_pseudo): 0.8631, acc(valid): 0.8125
2025-12-21 01:21:27,838 - INFO: Round 4, Fine-tune Epoch 1: No improvement in validation accuracy. Patience(epoch): 1/3
2025-12-21 01:21:28,080 - INFO: Epoch: [2][  0/301]	Time  0.236 ( 0.236)	Loss 4.4842e-01 (4.4842e-01)	Acc pseudo  81.25 ( 81.25)	Lr 1.000e-03 (1.000e-03)
2025-12-21 01:21:28,380 - INFO: Epoch: [2][ 50/301]	Time  0.003 ( 0.010)	Loss 5.8141e-01 (4.8449e-01)	Acc pseudo  90.62 ( 85.75)	Lr 1.000e-03 (1.000e-03)
2025-12-21 01:21:28,538 - INFO: Epoch: [2][100/301]	Time  0.003 ( 0.007)	Loss 4.5940e-01 (4.8989e-01)	Acc pseudo  82.81 ( 86.01)	Lr 1.000e-03 (1.000e-03)
2025-12-21 01:21:28,690 - INFO: Epoch: [2][150/301]	Time  0.003 ( 0.006)	Loss 2.8321e-01 (4.8488e-01)	Acc pseudo  87.50 ( 85.91)	Lr 1.000e-03 (1.000e-03)
2025-12-21 01:21:28,837 - INFO: Epoch: [2][200/301]	Time  0.003 ( 0.005)	Loss 3.0750e-01 (4.7981e-01)	Acc pseudo  89.06 ( 86.09)	Lr 1.000e-03 (1.000e-03)
2025-12-21 01:21:28,981 - INFO: Epoch: [2][250/301]	Time  0.003 ( 0.004)	Loss 4.0256e-01 (4.8296e-01)	Acc pseudo  89.06 ( 85.93)	Lr 1.000e-03 (1.000e-03)
2025-12-21 01:21:29,117 - INFO: Epoch: [2][300/301]	Time  0.002 ( 0.004)	Loss 2.2165e-01 (4.8081e-01)	Acc pseudo  96.00 ( 85.86)	Lr 1.000e-03 (1.000e-03)
2025-12-21 01:21:29,180 - INFO: Round 4, Fine-tune Epoch 2: loss=0.4808, acc(pseudo)=85.86%
2025-12-21 01:21:42,323 - INFO: Round 4, Fine-tune Epoch 2: acc(valid_pseudo): 0.9649, acc(valid): 0.8500
2025-12-21 01:21:47,012 - INFO: Epoch: [3][  0/301]	Time  0.258 ( 0.258)	Loss 7.8117e-01 (7.8117e-01)	Acc pseudo  79.69 ( 79.69)	Lr 1.000e-03 (1.000e-03)
2025-12-21 01:21:47,193 - INFO: Epoch: [3][ 50/301]	Time  0.004 ( 0.009)	Loss 5.4101e-01 (4.4613e-01)	Acc pseudo  81.25 ( 86.92)	Lr 1.000e-03 (1.000e-03)
2025-12-21 01:21:47,369 - INFO: Epoch: [3][100/301]	Time  0.005 ( 0.006)	Loss 6.1524e-01 (4.5670e-01)	Acc pseudo  87.50 ( 86.40)	Lr 1.000e-03 (1.000e-03)
2025-12-21 01:21:47,598 - INFO: Epoch: [3][150/301]	Time  0.005 ( 0.005)	Loss 3.9427e-01 (4.5789e-01)	Acc pseudo  87.50 ( 86.50)	Lr 1.000e-03 (1.000e-03)
2025-12-21 01:21:47,829 - INFO: Epoch: [3][200/301]	Time  0.004 ( 0.005)	Loss 5.1605e-01 (4.5649e-01)	Acc pseudo  84.38 ( 86.44)	Lr 1.000e-03 (1.000e-03)
2025-12-21 01:21:48,051 - INFO: Epoch: [3][250/301]	Time  0.004 ( 0.005)	Loss 4.6996e-01 (4.5889e-01)	Acc pseudo  87.50 ( 86.35)	Lr 1.000e-03 (1.000e-03)
2025-12-21 01:21:48,267 - INFO: Epoch: [3][300/301]	Time  0.004 ( 0.005)	Loss 5.0460e-01 (4.6280e-01)	Acc pseudo  76.00 ( 86.09)	Lr 1.000e-03 (1.000e-03)
2025-12-21 01:21:48,356 - INFO: Round 4, Fine-tune Epoch 3: loss=0.4628, acc(pseudo)=86.09%
2025-12-21 01:22:01,319 - INFO: Round 4, Fine-tune Epoch 3: acc(valid_pseudo): 0.9690, acc(valid): 0.8525
2025-12-21 01:22:05,741 - INFO: Epoch: [4][  0/301]	Time  0.255 ( 0.255)	Loss 6.7444e-01 (6.7444e-01)	Acc pseudo  79.69 ( 79.69)	Lr 1.000e-03 (1.000e-03)
2025-12-21 01:22:05,906 - INFO: Epoch: [4][ 50/301]	Time  0.003 ( 0.008)	Loss 4.8317e-01 (4.8533e-01)	Acc pseudo  87.50 ( 86.31)	Lr 1.000e-03 (1.000e-03)
2025-12-21 01:22:06,063 - INFO: Epoch: [4][100/301]	Time  0.003 ( 0.006)	Loss 3.8584e-01 (4.7572e-01)	Acc pseudo  90.62 ( 86.15)	Lr 1.000e-03 (1.000e-03)
2025-12-21 01:22:06,219 - INFO: Epoch: [4][150/301]	Time  0.003 ( 0.005)	Loss 2.3593e-01 (4.7565e-01)	Acc pseudo  87.50 ( 86.09)	Lr 1.000e-03 (1.000e-03)
2025-12-21 01:22:06,375 - INFO: Epoch: [4][200/301]	Time  0.003 ( 0.004)	Loss 5.4967e-01 (4.9053e-01)	Acc pseudo  82.81 ( 85.63)	Lr 1.000e-03 (1.000e-03)
2025-12-21 01:22:06,529 - INFO: Epoch: [4][250/301]	Time  0.003 ( 0.004)	Loss 3.2968e-01 (4.9753e-01)	Acc pseudo  89.06 ( 85.39)	Lr 1.000e-03 (1.000e-03)
2025-12-21 01:22:06,676 - INFO: Epoch: [4][300/301]	Time  0.002 ( 0.004)	Loss 4.2967e-01 (5.0211e-01)	Acc pseudo  80.00 ( 85.38)	Lr 1.000e-03 (1.000e-03)
2025-12-21 01:22:06,751 - INFO: Round 4, Fine-tune Epoch 4: loss=0.5021, acc(pseudo)=85.38%
2025-12-21 01:22:19,090 - INFO: Round 4, Fine-tune Epoch 4: acc(valid_pseudo): 0.8678, acc(valid): 0.7875
2025-12-21 01:22:19,090 - INFO: Round 4, Fine-tune Epoch 4: No improvement in validation accuracy. Patience(epoch): 1/3
2025-12-21 01:22:19,090 - INFO: Early stopping at epoch 4 due to significant drop in pseudo-label validation accuracy: 0.9690 -> 0.8678.
2025-12-21 01:22:19,091 - INFO: Round 4: Best fine-tuned epoch=3, acc(valid_pseudo)=0.9690
2025-12-21 01:22:19,142 - INFO: Using HMM model from previous round: runs/I love my family/exp_video/result/self_supervised/exp1/round3/pseudo_label/hmm_params.pkl
2025-12-21 02:11:28,827 - INFO: Round 4: acc(valid)=0.8775, acc(test)=0.8731
2025-12-21 02:11:28,836 - INFO: ====================
2025-12-21 02:11:28,836 - INFO: Round 5: Fine-tuning iteration
2025-12-21 02:11:28,836 - INFO: ====================
2025-12-21 02:11:28,848 - INFO: Round 5 Part 1: Fine-tuning embedding model
2025-12-21 02:11:28,851 - INFO: Using pseudo-label file: runs/I love my family/exp_video/result/self_supervised/exp1/round4/pseudo_label/pseudo_labels_audio_nested_hmm_full(unreliable_pp=100.0).json
2025-12-21 02:11:29,211 - INFO: Fine-tuning embedding model for 20 epochs...
2025-12-21 02:11:31,432 - INFO: Epoch: [0][  0/301]	Time  2.138 ( 2.138)	Loss 4.3805e-01 (4.3805e-01)	Acc pseudo  89.06 ( 89.06)	Lr 1.000e-03 (1.000e-03)
2025-12-21 02:11:31,626 - INFO: Epoch: [0][ 50/301]	Time  0.002 ( 0.046)	Loss 7.3424e-01 (4.8501e-01)	Acc pseudo  81.25 ( 86.70)	Lr 1.000e-03 (1.000e-03)
2025-12-21 02:11:31,782 - INFO: Epoch: [0][100/301]	Time  0.003 ( 0.025)	Loss 2.6728e-01 (4.8519e-01)	Acc pseudo  95.31 ( 86.28)	Lr 1.000e-03 (1.000e-03)
2025-12-21 02:11:31,939 - INFO: Epoch: [0][150/301]	Time  0.003 ( 0.017)	Loss 4.7101e-01 (5.0166e-01)	Acc pseudo  84.38 ( 86.09)	Lr 1.000e-03 (1.000e-03)
2025-12-21 02:11:32,094 - INFO: Epoch: [0][200/301]	Time  0.003 ( 0.014)	Loss 4.2769e-01 (4.8888e-01)	Acc pseudo  89.06 ( 86.19)	Lr 1.000e-03 (1.000e-03)
2025-12-21 02:11:32,247 - INFO: Epoch: [0][250/301]	Time  0.003 ( 0.012)	Loss 5.0537e-01 (4.9191e-01)	Acc pseudo  87.50 ( 86.25)	Lr 1.000e-03 (1.000e-03)
2025-12-21 02:11:32,395 - INFO: Epoch: [0][300/301]	Time  0.003 ( 0.010)	Loss 2.5868e-01 (4.9290e-01)	Acc pseudo  92.00 ( 86.24)	Lr 1.000e-03 (1.000e-03)
2025-12-21 02:11:32,461 - INFO: Round 5, Fine-tune Epoch 0: loss=0.4929, acc(pseudo)=86.24%
2025-12-21 02:11:46,960 - INFO: Round 5, Fine-tune Epoch 0: acc(valid_pseudo): 0.9705, acc(valid): 0.8625
2025-12-21 02:11:51,485 - INFO: Epoch: [1][  0/301]	Time  0.246 ( 0.246)	Loss 7.1280e-01 (7.1280e-01)	Acc pseudo  76.56 ( 76.56)	Lr 1.000e-03 (1.000e-03)
2025-12-21 02:11:51,658 - INFO: Epoch: [1][ 50/301]	Time  0.003 ( 0.008)	Loss 2.7820e-01 (4.4980e-01)	Acc pseudo  92.19 ( 86.46)	Lr 1.000e-03 (1.000e-03)
2025-12-21 02:11:51,818 - INFO: Epoch: [1][100/301]	Time  0.003 ( 0.006)	Loss 3.6655e-01 (4.4622e-01)	Acc pseudo  92.19 ( 86.63)	Lr 1.000e-03 (1.000e-03)
2025-12-21 02:11:51,975 - INFO: Epoch: [1][150/301]	Time  0.003 ( 0.005)	Loss 4.7742e-01 (4.5881e-01)	Acc pseudo  84.38 ( 86.68)	Lr 1.000e-03 (1.000e-03)
2025-12-21 02:11:52,131 - INFO: Epoch: [1][200/301]	Time  0.003 ( 0.004)	Loss 5.1541e-01 (4.6113e-01)	Acc pseudo  82.81 ( 86.63)	Lr 1.000e-03 (1.000e-03)
2025-12-21 02:11:52,281 - INFO: Epoch: [1][250/301]	Time  0.003 ( 0.004)	Loss 3.5326e-01 (4.7129e-01)	Acc pseudo  89.06 ( 86.40)	Lr 1.000e-03 (1.000e-03)
2025-12-21 02:11:52,426 - INFO: Epoch: [1][300/301]	Time  0.002 ( 0.004)	Loss 1.5953e-01 (4.7072e-01)	Acc pseudo  96.00 ( 86.44)	Lr 1.000e-03 (1.000e-03)
2025-12-21 02:11:52,498 - INFO: Round 5, Fine-tune Epoch 1: loss=0.4707, acc(pseudo)=86.44%
2025-12-21 02:12:05,671 - INFO: Round 5, Fine-tune Epoch 1: acc(valid_pseudo): 0.9456, acc(valid): 0.8400
2025-12-21 02:12:05,672 - INFO: Round 5, Fine-tune Epoch 1: No improvement in validation accuracy. Patience(epoch): 1/3
2025-12-21 02:12:05,922 - INFO: Epoch: [2][  0/301]	Time  0.245 ( 0.245)	Loss 4.5301e-01 (4.5301e-01)	Acc pseudo  87.50 ( 87.50)	Lr 1.000e-03 (1.000e-03)
2025-12-21 02:12:06,090 - INFO: Epoch: [2][ 50/301]	Time  0.003 ( 0.008)	Loss 3.3089e-01 (4.4184e-01)	Acc pseudo  90.62 ( 87.75)	Lr 1.000e-03 (1.000e-03)
2025-12-21 02:12:06,243 - INFO: Epoch: [2][100/301]	Time  0.003 ( 0.006)	Loss 3.4141e-01 (4.2897e-01)	Acc pseudo  92.19 ( 87.90)	Lr 1.000e-03 (1.000e-03)
2025-12-21 02:12:06,394 - INFO: Epoch: [2][150/301]	Time  0.003 ( 0.005)	Loss 2.4045e-01 (4.3198e-01)	Acc pseudo  89.06 ( 87.43)	Lr 1.000e-03 (1.000e-03)
2025-12-21 02:12:06,564 - INFO: Epoch: [2][200/301]	Time  0.004 ( 0.004)	Loss 8.3251e-01 (4.2802e-01)	Acc pseudo  82.81 ( 87.48)	Lr 1.000e-03 (1.000e-03)
2025-12-21 02:12:06,750 - INFO: Epoch: [2][250/301]	Time  0.002 ( 0.004)	Loss 4.1986e-01 (4.3916e-01)	Acc pseudo  89.06 ( 87.02)	Lr 1.000e-03 (1.000e-03)
2025-12-21 02:12:06,923 - INFO: Epoch: [2][300/301]	Time  0.003 ( 0.004)	Loss 2.3988e-01 (4.4269e-01)	Acc pseudo  88.00 ( 87.01)	Lr 1.000e-03 (1.000e-03)
2025-12-21 02:12:06,990 - INFO: Round 5, Fine-tune Epoch 2: loss=0.4427, acc(pseudo)=87.01%
2025-12-21 02:12:20,213 - INFO: Round 5, Fine-tune Epoch 2: acc(valid_pseudo): 0.9602, acc(valid): 0.8475
2025-12-21 02:12:20,214 - INFO: Round 5, Fine-tune Epoch 2: No improvement in validation accuracy. Patience(epoch): 2/3
2025-12-21 02:12:20,518 - INFO: Epoch: [3][  0/301]	Time  0.299 ( 0.299)	Loss 5.1861e-01 (5.1861e-01)	Acc pseudo  84.38 ( 84.38)	Lr 1.000e-03 (1.000e-03)
2025-12-21 02:12:20,688 - INFO: Epoch: [3][ 50/301]	Time  0.003 ( 0.009)	Loss 4.7944e-01 (4.2458e-01)	Acc pseudo  81.25 ( 87.93)	Lr 1.000e-03 (1.000e-03)
2025-12-21 02:12:20,850 - INFO: Epoch: [3][100/301]	Time  0.003 ( 0.006)	Loss 4.4264e-01 (4.1895e-01)	Acc pseudo  82.81 ( 87.64)	Lr 1.000e-03 (1.000e-03)
2025-12-21 02:12:21,005 - INFO: Epoch: [3][150/301]	Time  0.003 ( 0.005)	Loss 3.5727e-01 (4.2595e-01)	Acc pseudo  90.62 ( 87.40)	Lr 1.000e-03 (1.000e-03)
2025-12-21 02:12:21,152 - INFO: Epoch: [3][200/301]	Time  0.003 ( 0.005)	Loss 4.2350e-01 (4.2071e-01)	Acc pseudo  87.50 ( 87.52)	Lr 1.000e-03 (1.000e-03)
2025-12-21 02:12:21,303 - INFO: Epoch: [3][250/301]	Time  0.003 ( 0.004)	Loss 6.1188e-01 (4.2156e-01)	Acc pseudo  92.19 ( 87.48)	Lr 1.000e-03 (1.000e-03)
2025-12-21 02:12:21,443 - INFO: Epoch: [3][300/301]	Time  0.002 ( 0.004)	Loss 4.9579e-01 (4.1737e-01)	Acc pseudo  84.00 ( 87.46)	Lr 1.000e-03 (1.000e-03)
2025-12-21 02:12:21,507 - INFO: Round 5, Fine-tune Epoch 3: loss=0.4174, acc(pseudo)=87.46%
2025-12-21 02:12:36,832 - INFO: Round 5, Fine-tune Epoch 3: acc(valid_pseudo): 0.9637, acc(valid): 0.8550
2025-12-21 02:12:36,832 - INFO: Round 5, Fine-tune Epoch 3: No improvement in validation accuracy. Patience(epoch): 3/3
2025-12-21 02:12:36,832 - INFO: Early stopping at epoch 3 due to no improvement in validation accuracy for 3 epochs.
2025-12-21 02:12:36,834 - INFO: Round 5: Best fine-tuned epoch=0, acc(valid_pseudo)=0.9705
2025-12-21 02:12:36,883 - INFO: Using HMM model from previous round: runs/I love my family/exp_video/result/self_supervised/exp1/round4/pseudo_label/hmm_params.pkl
2025-12-21 03:01:15,976 - INFO: Round 5: acc(valid)=0.8675, acc(test)=0.8675
2025-12-21 03:01:15,981 - INFO: ====================
2025-12-21 03:01:15,982 - INFO: Round 6: Fine-tuning iteration
2025-12-21 03:01:15,982 - INFO: ====================
2025-12-21 03:01:15,990 - INFO: Round 6 Part 1: Fine-tuning embedding model
2025-12-21 03:01:15,993 - INFO: Using pseudo-label file: runs/I love my family/exp_video/result/self_supervised/exp1/round5/pseudo_label/pseudo_labels_audio_nested_hmm_full(unreliable_pp=100.0).json
2025-12-21 03:01:16,363 - INFO: Fine-tuning embedding model for 20 epochs...
2025-12-21 03:01:17,401 - INFO: Epoch: [0][  0/301]	Time  0.994 ( 0.994)	Loss 3.3102e-01 (3.3102e-01)	Acc pseudo  92.19 ( 92.19)	Lr 1.000e-03 (1.000e-03)
2025-12-21 03:01:17,595 - INFO: Epoch: [0][ 50/301]	Time  0.004 ( 0.023)	Loss 3.6558e-01 (4.1983e-01)	Acc pseudo  92.19 ( 88.08)	Lr 1.000e-03 (1.000e-03)
2025-12-21 03:01:17,765 - INFO: Epoch: [0][100/301]	Time  0.003 ( 0.013)	Loss 4.4937e-01 (4.3793e-01)	Acc pseudo  90.62 ( 87.19)	Lr 1.000e-03 (1.000e-03)
2025-12-21 03:01:17,923 - INFO: Epoch: [0][150/301]	Time  0.003 ( 0.010)	Loss 6.8141e-01 (4.4395e-01)	Acc pseudo  81.25 ( 86.98)	Lr 1.000e-03 (1.000e-03)
2025-12-21 03:01:18,079 - INFO: Epoch: [0][200/301]	Time  0.003 ( 0.008)	Loss 4.0166e-01 (4.3881e-01)	Acc pseudo  82.81 ( 87.09)	Lr 1.000e-03 (1.000e-03)
2025-12-21 03:01:18,233 - INFO: Epoch: [0][250/301]	Time  0.003 ( 0.007)	Loss 2.9379e-01 (4.3696e-01)	Acc pseudo  87.50 ( 87.19)	Lr 1.000e-03 (1.000e-03)
2025-12-21 03:01:18,378 - INFO: Epoch: [0][300/301]	Time  0.003 ( 0.006)	Loss 1.2394e-01 (4.3727e-01)	Acc pseudo 100.00 ( 87.15)	Lr 1.000e-03 (1.000e-03)
2025-12-21 03:01:18,442 - INFO: Round 6, Fine-tune Epoch 0: loss=0.4373, acc(pseudo)=87.15%
2025-12-21 03:01:30,746 - INFO: Round 6, Fine-tune Epoch 0: acc(valid_pseudo): 0.9696, acc(valid): 0.8475
2025-12-21 03:01:35,007 - INFO: Epoch: [1][  0/301]	Time  0.244 ( 0.244)	Loss 6.1496e-01 (6.1496e-01)	Acc pseudo  81.25 ( 81.25)	Lr 1.000e-03 (1.000e-03)
2025-12-21 03:01:35,238 - INFO: Epoch: [1][ 50/301]	Time  0.003 ( 0.009)	Loss 2.0887e-01 (3.9892e-01)	Acc pseudo  95.31 ( 87.38)	Lr 1.000e-03 (1.000e-03)
2025-12-21 03:01:35,385 - INFO: Epoch: [1][100/301]	Time  0.003 ( 0.006)	Loss 4.3434e-01 (3.9632e-01)	Acc pseudo  89.06 ( 87.56)	Lr 1.000e-03 (1.000e-03)
2025-12-21 03:01:35,536 - INFO: Epoch: [1][150/301]	Time  0.003 ( 0.005)	Loss 3.7460e-01 (3.9070e-01)	Acc pseudo  87.50 ( 88.05)	Lr 1.000e-03 (1.000e-03)
2025-12-21 03:01:35,682 - INFO: Epoch: [1][200/301]	Time  0.003 ( 0.004)	Loss 3.5936e-01 (3.9105e-01)	Acc pseudo  85.94 ( 87.89)	Lr 1.000e-03 (1.000e-03)
2025-12-21 03:01:35,825 - INFO: Epoch: [1][250/301]	Time  0.003 ( 0.004)	Loss 3.9645e-01 (4.0614e-01)	Acc pseudo  85.94 ( 87.49)	Lr 1.000e-03 (1.000e-03)
2025-12-21 03:01:35,961 - INFO: Epoch: [1][300/301]	Time  0.002 ( 0.004)	Loss 1.4525e-01 (4.0756e-01)	Acc pseudo  92.00 ( 87.52)	Lr 1.000e-03 (1.000e-03)
2025-12-21 03:01:36,024 - INFO: Round 6, Fine-tune Epoch 1: loss=0.4076, acc(pseudo)=87.52%
2025-12-21 03:01:50,502 - INFO: Round 6, Fine-tune Epoch 1: acc(valid_pseudo): 0.9526, acc(valid): 0.8650
2025-12-21 03:01:50,503 - INFO: Round 6, Fine-tune Epoch 1: No improvement in validation accuracy. Patience(epoch): 1/3
2025-12-21 03:01:50,753 - INFO: Epoch: [2][  0/301]	Time  0.244 ( 0.244)	Loss 3.6510e-01 (3.6510e-01)	Acc pseudo  87.50 ( 87.50)	Lr 1.000e-03 (1.000e-03)
2025-12-21 03:01:50,924 - INFO: Epoch: [2][ 50/301]	Time  0.003 ( 0.008)	Loss 3.6479e-01 (3.7248e-01)	Acc pseudo  95.31 ( 88.79)	Lr 1.000e-03 (1.000e-03)
2025-12-21 03:01:51,080 - INFO: Epoch: [2][100/301]	Time  0.003 ( 0.006)	Loss 5.2143e-01 (3.8475e-01)	Acc pseudo  82.81 ( 88.63)	Lr 1.000e-03 (1.000e-03)
2025-12-21 03:01:51,244 - INFO: Epoch: [2][150/301]	Time  0.003 ( 0.005)	Loss 2.9000e-01 (3.8430e-01)	Acc pseudo  84.38 ( 88.66)	Lr 1.000e-03 (1.000e-03)
2025-12-21 03:01:51,405 - INFO: Epoch: [2][200/301]	Time  0.003 ( 0.004)	Loss 3.0856e-01 (3.8189e-01)	Acc pseudo  89.06 ( 88.72)	Lr 1.000e-03 (1.000e-03)
2025-12-21 03:01:51,563 - INFO: Epoch: [2][250/301]	Time  0.004 ( 0.004)	Loss 3.0074e-01 (3.9747e-01)	Acc pseudo  87.50 ( 88.20)	Lr 1.000e-03 (1.000e-03)
2025-12-21 03:01:51,713 - INFO: Epoch: [2][300/301]	Time  0.002 ( 0.004)	Loss 1.9031e-01 (3.9937e-01)	Acc pseudo  92.00 ( 88.00)	Lr 1.000e-03 (1.000e-03)
2025-12-21 03:01:51,779 - INFO: Round 6, Fine-tune Epoch 2: loss=0.3994, acc(pseudo)=88.00%
2025-12-21 03:02:04,214 - INFO: Round 6, Fine-tune Epoch 2: acc(valid_pseudo): 0.9658, acc(valid): 0.8525
2025-12-21 03:02:04,215 - INFO: Round 6, Fine-tune Epoch 2: No improvement in validation accuracy. Patience(epoch): 2/3
2025-12-21 03:02:04,456 - INFO: Epoch: [3][  0/301]	Time  0.236 ( 0.236)	Loss 5.2141e-01 (5.2141e-01)	Acc pseudo  84.38 ( 84.38)	Lr 1.000e-03 (1.000e-03)
2025-12-21 03:02:04,801 - INFO: Epoch: [3][ 50/301]	Time  0.003 ( 0.011)	Loss 5.2399e-01 (3.7875e-01)	Acc pseudo  82.81 ( 88.91)	Lr 1.000e-03 (1.000e-03)
2025-12-21 03:02:04,960 - INFO: Epoch: [3][100/301]	Time  0.003 ( 0.007)	Loss 1.9388e-01 (3.7444e-01)	Acc pseudo  95.31 ( 88.26)	Lr 1.000e-03 (1.000e-03)
2025-12-21 03:02:05,121 - INFO: Epoch: [3][150/301]	Time  0.003 ( 0.006)	Loss 2.8289e-01 (3.8709e-01)	Acc pseudo  89.06 ( 87.97)	Lr 1.000e-03 (1.000e-03)
2025-12-21 03:02:05,280 - INFO: Epoch: [3][200/301]	Time  0.003 ( 0.005)	Loss 3.0157e-01 (3.8644e-01)	Acc pseudo  87.50 ( 88.08)	Lr 1.000e-03 (1.000e-03)
2025-12-21 03:02:05,433 - INFO: Epoch: [3][250/301]	Time  0.003 ( 0.005)	Loss 3.8352e-01 (3.8636e-01)	Acc pseudo  87.50 ( 88.17)	Lr 1.000e-03 (1.000e-03)
2025-12-21 03:02:05,588 - INFO: Epoch: [3][300/301]	Time  0.002 ( 0.004)	Loss 4.2311e-01 (3.8494e-01)	Acc pseudo  76.00 ( 88.23)	Lr 1.000e-03 (1.000e-03)
2025-12-21 03:02:05,658 - INFO: Round 6, Fine-tune Epoch 3: loss=0.3849, acc(pseudo)=88.23%
2025-12-21 03:02:18,868 - INFO: Round 6, Fine-tune Epoch 3: acc(valid_pseudo): 0.9555, acc(valid): 0.8475
2025-12-21 03:02:18,869 - INFO: Round 6, Fine-tune Epoch 3: No improvement in validation accuracy. Patience(epoch): 3/3
2025-12-21 03:02:18,869 - INFO: Early stopping at epoch 3 due to no improvement in validation accuracy for 3 epochs.
2025-12-21 03:02:18,870 - INFO: Round 6: Best fine-tuned epoch=0, acc(valid_pseudo)=0.9696
2025-12-21 03:02:18,979 - INFO: Using HMM model from previous round: runs/I love my family/exp_video/result/self_supervised/exp1/round5/pseudo_label/hmm_params.pkl
2025-12-21 03:36:40,640 - INFO: Round 6: acc(valid)=0.8650, acc(test)=0.8688
2025-12-21 03:36:40,646 - INFO: ====================
2025-12-21 03:36:40,646 - INFO: Round 7: Fine-tuning iteration
2025-12-21 03:36:40,646 - INFO: ====================
2025-12-21 03:36:40,656 - INFO: Round 7 Part 1: Fine-tuning embedding model
2025-12-21 03:36:40,659 - INFO: Using pseudo-label file: runs/I love my family/exp_video/result/self_supervised/exp1/round6/pseudo_label/pseudo_labels_audio_nested_hmm_full(unreliable_pp=100.0).json
2025-12-21 03:36:41,235 - INFO: Fine-tuning embedding model for 20 epochs...
2025-12-21 03:36:42,573 - INFO: Epoch: [0][  0/301]	Time  1.260 ( 1.260)	Loss 1.8045e-01 (1.8045e-01)	Acc pseudo  95.31 ( 95.31)	Lr 1.000e-03 (1.000e-03)
2025-12-21 03:36:42,788 - INFO: Epoch: [0][ 50/301]	Time  0.004 ( 0.029)	Loss 4.9124e-01 (4.1511e-01)	Acc pseudo  89.06 ( 88.94)	Lr 1.000e-03 (1.000e-03)
2025-12-21 03:36:42,990 - INFO: Epoch: [0][100/301]	Time  0.004 ( 0.017)	Loss 1.7622e-01 (4.4613e-01)	Acc pseudo  96.88 ( 88.26)	Lr 1.000e-03 (1.000e-03)
2025-12-21 03:36:43,193 - INFO: Epoch: [0][150/301]	Time  0.004 ( 0.012)	Loss 4.3469e-01 (4.5617e-01)	Acc pseudo  85.94 ( 87.69)	Lr 1.000e-03 (1.000e-03)
2025-12-21 03:36:43,363 - INFO: Epoch: [0][200/301]	Time  0.003 ( 0.010)	Loss 1.2562e+00 (4.5136e-01)	Acc pseudo  85.94 ( 87.55)	Lr 1.000e-03 (1.000e-03)
2025-12-21 03:36:43,515 - INFO: Epoch: [0][250/301]	Time  0.003 ( 0.009)	Loss 3.1838e-01 (4.5405e-01)	Acc pseudo  85.94 ( 87.49)	Lr 1.000e-03 (1.000e-03)
2025-12-21 03:36:43,665 - INFO: Epoch: [0][300/301]	Time  0.005 ( 0.008)	Loss 3.9936e-01 (4.5469e-01)	Acc pseudo  84.00 ( 87.48)	Lr 1.000e-03 (1.000e-03)
2025-12-21 03:36:43,728 - INFO: Round 7, Fine-tune Epoch 0: loss=0.4547, acc(pseudo)=87.48%
2025-12-21 03:36:56,028 - INFO: Round 7, Fine-tune Epoch 0: acc(valid_pseudo): 0.9649, acc(valid): 0.8450
2025-12-21 03:37:00,593 - INFO: Epoch: [1][  0/301]	Time  0.243 ( 0.243)	Loss 6.4915e-01 (6.4915e-01)	Acc pseudo  82.81 ( 82.81)	Lr 1.000e-03 (1.000e-03)
2025-12-21 03:37:00,789 - INFO: Epoch: [1][ 50/301]	Time  0.003 ( 0.009)	Loss 1.9606e-01 (4.4926e-01)	Acc pseudo  93.75 ( 86.67)	Lr 1.000e-03 (1.000e-03)
2025-12-21 03:37:00,943 - INFO: Epoch: [1][100/301]	Time  0.003 ( 0.006)	Loss 3.3020e-01 (4.1323e-01)	Acc pseudo  90.62 ( 87.35)	Lr 1.000e-03 (1.000e-03)
2025-12-21 03:37:01,098 - INFO: Epoch: [1][150/301]	Time  0.003 ( 0.005)	Loss 2.8673e-01 (4.0084e-01)	Acc pseudo  82.81 ( 87.75)	Lr 1.000e-03 (1.000e-03)
2025-12-21 03:37:01,247 - INFO: Epoch: [1][200/301]	Time  0.003 ( 0.004)	Loss 7.5077e-01 (4.0325e-01)	Acc pseudo  85.94 ( 87.96)	Lr 1.000e-03 (1.000e-03)
2025-12-21 03:37:01,393 - INFO: Epoch: [1][250/301]	Time  0.003 ( 0.004)	Loss 2.7387e-01 (4.1239e-01)	Acc pseudo  89.06 ( 87.75)	Lr 1.000e-03 (1.000e-03)
2025-12-21 03:37:01,531 - INFO: Epoch: [1][300/301]	Time  0.002 ( 0.004)	Loss 1.9432e-01 (4.0819e-01)	Acc pseudo  92.00 ( 87.84)	Lr 1.000e-03 (1.000e-03)
2025-12-21 03:37:01,600 - INFO: Round 7, Fine-tune Epoch 1: loss=0.4082, acc(pseudo)=87.84%
2025-12-21 03:37:15,002 - INFO: Round 7, Fine-tune Epoch 1: acc(valid_pseudo): 0.9371, acc(valid): 0.8575
2025-12-21 03:37:15,003 - INFO: Round 7, Fine-tune Epoch 1: No improvement in validation accuracy. Patience(epoch): 1/3
2025-12-21 03:37:15,264 - INFO: Epoch: [2][  0/301]	Time  0.255 ( 0.255)	Loss 3.9415e-01 (3.9415e-01)	Acc pseudo  87.50 ( 87.50)	Lr 1.000e-03 (1.000e-03)
2025-12-21 03:37:15,438 - INFO: Epoch: [2][ 50/301]	Time  0.004 ( 0.008)	Loss 2.4405e-01 (3.9582e-01)	Acc pseudo  95.31 ( 88.66)	Lr 1.000e-03 (1.000e-03)
2025-12-21 03:37:15,593 - INFO: Epoch: [2][100/301]	Time  0.003 ( 0.006)	Loss 3.4608e-01 (3.9374e-01)	Acc pseudo  84.38 ( 88.60)	Lr 1.000e-03 (1.000e-03)
2025-12-21 03:37:15,747 - INFO: Epoch: [2][150/301]	Time  0.003 ( 0.005)	Loss 1.9187e-01 (3.8180e-01)	Acc pseudo  92.19 ( 88.50)	Lr 1.000e-03 (1.000e-03)
2025-12-21 03:37:15,899 - INFO: Epoch: [2][200/301]	Time  0.003 ( 0.004)	Loss 8.1098e-01 (3.7854e-01)	Acc pseudo  87.50 ( 88.71)	Lr 1.000e-03 (1.000e-03)
2025-12-21 03:37:16,054 - INFO: Epoch: [2][250/301]	Time  0.003 ( 0.004)	Loss 4.6198e-01 (3.8658e-01)	Acc pseudo  90.62 ( 88.41)	Lr 1.000e-03 (1.000e-03)
2025-12-21 03:37:16,200 - INFO: Epoch: [2][300/301]	Time  0.002 ( 0.004)	Loss 4.6866e-01 (3.8841e-01)	Acc pseudo  88.00 ( 88.34)	Lr 1.000e-03 (1.000e-03)
2025-12-21 03:37:16,273 - INFO: Round 7, Fine-tune Epoch 2: loss=0.3884, acc(pseudo)=88.34%
2025-12-21 03:37:28,158 - INFO: Round 7, Fine-tune Epoch 2: acc(valid_pseudo): 0.9623, acc(valid): 0.8550
2025-12-21 03:37:28,158 - INFO: Round 7, Fine-tune Epoch 2: No improvement in validation accuracy. Patience(epoch): 2/3
2025-12-21 03:37:28,402 - INFO: Epoch: [3][  0/301]	Time  0.238 ( 0.238)	Loss 3.7021e-01 (3.7021e-01)	Acc pseudo  89.06 ( 89.06)	Lr 1.000e-03 (1.000e-03)
2025-12-21 03:37:28,577 - INFO: Epoch: [3][ 50/301]	Time  0.003 ( 0.008)	Loss 4.6098e-01 (3.6054e-01)	Acc pseudo  81.25 ( 89.55)	Lr 1.000e-03 (1.000e-03)
2025-12-21 03:37:28,733 - INFO: Epoch: [3][100/301]	Time  0.003 ( 0.006)	Loss 2.6642e-01 (3.6977e-01)	Acc pseudo  93.75 ( 89.20)	Lr 1.000e-03 (1.000e-03)
2025-12-21 03:37:28,894 - INFO: Epoch: [3][150/301]	Time  0.003 ( 0.005)	Loss 2.4026e-01 (3.8276e-01)	Acc pseudo  90.62 ( 88.89)	Lr 1.000e-03 (1.000e-03)
2025-12-21 03:37:29,047 - INFO: Epoch: [3][200/301]	Time  0.003 ( 0.004)	Loss 5.2652e-01 (3.8100e-01)	Acc pseudo  82.81 ( 88.68)	Lr 1.000e-03 (1.000e-03)
2025-12-21 03:37:29,200 - INFO: Epoch: [3][250/301]	Time  0.003 ( 0.004)	Loss 6.8624e-01 (3.7565e-01)	Acc pseudo  85.94 ( 88.75)	Lr 1.000e-03 (1.000e-03)
2025-12-21 03:37:29,346 - INFO: Epoch: [3][300/301]	Time  0.002 ( 0.004)	Loss 4.1441e-01 (3.7399e-01)	Acc pseudo  80.00 ( 88.73)	Lr 1.000e-03 (1.000e-03)
2025-12-21 03:37:29,413 - INFO: Round 7, Fine-tune Epoch 3: loss=0.3740, acc(pseudo)=88.73%
2025-12-21 03:37:41,867 - INFO: Round 7, Fine-tune Epoch 3: acc(valid_pseudo): 0.9740, acc(valid): 0.8425
2025-12-21 03:37:46,387 - INFO: Epoch: [4][  0/301]	Time  0.278 ( 0.278)	Loss 4.2987e-01 (4.2987e-01)	Acc pseudo  82.81 ( 82.81)	Lr 1.000e-03 (1.000e-03)
2025-12-21 03:37:46,550 - INFO: Epoch: [4][ 50/301]	Time  0.003 ( 0.009)	Loss 5.6329e-01 (4.0464e-01)	Acc pseudo  87.50 ( 88.42)	Lr 1.000e-03 (1.000e-03)
2025-12-21 03:37:46,704 - INFO: Epoch: [4][100/301]	Time  0.003 ( 0.006)	Loss 4.2914e-01 (4.1257e-01)	Acc pseudo  85.94 ( 87.65)	Lr 1.000e-03 (1.000e-03)
2025-12-21 03:37:46,874 - INFO: Epoch: [4][150/301]	Time  0.003 ( 0.005)	Loss 3.1495e-01 (4.0166e-01)	Acc pseudo  87.50 ( 87.89)	Lr 1.000e-03 (1.000e-03)
2025-12-21 03:37:47,018 - INFO: Epoch: [4][200/301]	Time  0.003 ( 0.004)	Loss 3.3740e-01 (4.0997e-01)	Acc pseudo  90.62 ( 87.64)	Lr 1.000e-03 (1.000e-03)
2025-12-21 03:37:47,162 - INFO: Epoch: [4][250/301]	Time  0.003 ( 0.004)	Loss 3.9393e-01 (4.1624e-01)	Acc pseudo  84.38 ( 87.36)	Lr 1.000e-03 (1.000e-03)
2025-12-21 03:37:47,301 - INFO: Epoch: [4][300/301]	Time  0.002 ( 0.004)	Loss 4.3462e-01 (4.2614e-01)	Acc pseudo  80.00 ( 87.04)	Lr 1.000e-03 (1.000e-03)
2025-12-21 03:37:47,366 - INFO: Round 7, Fine-tune Epoch 4: loss=0.4261, acc(pseudo)=87.04%
2025-12-21 03:38:01,508 - INFO: Round 7, Fine-tune Epoch 4: acc(valid_pseudo): 0.9324, acc(valid): 0.8300
2025-12-21 03:38:01,508 - INFO: Round 7, Fine-tune Epoch 4: No improvement in validation accuracy. Patience(epoch): 1/3
2025-12-21 03:38:01,758 - INFO: Epoch: [5][  0/301]	Time  0.244 ( 0.244)	Loss 3.9736e-01 (3.9736e-01)	Acc pseudo  89.06 ( 89.06)	Lr 1.000e-03 (1.000e-03)
2025-12-21 03:38:01,959 - INFO: Epoch: [5][ 50/301]	Time  0.003 ( 0.009)	Loss 2.7959e-01 (4.2905e-01)	Acc pseudo  93.75 ( 87.71)	Lr 1.000e-03 (1.000e-03)
2025-12-21 03:38:02,116 - INFO: Epoch: [5][100/301]	Time  0.003 ( 0.006)	Loss 4.7045e-01 (4.3691e-01)	Acc pseudo  85.94 ( 87.18)	Lr 1.000e-03 (1.000e-03)
2025-12-21 03:38:02,273 - INFO: Epoch: [5][150/301]	Time  0.003 ( 0.005)	Loss 5.7261e-01 (4.4246e-01)	Acc pseudo  84.38 ( 87.07)	Lr 1.000e-03 (1.000e-03)
2025-12-21 03:38:02,425 - INFO: Epoch: [5][200/301]	Time  0.003 ( 0.004)	Loss 3.2763e-01 (4.3612e-01)	Acc pseudo  87.50 ( 87.09)	Lr 1.000e-03 (1.000e-03)
2025-12-21 03:38:02,575 - INFO: Epoch: [5][250/301]	Time  0.003 ( 0.004)	Loss 4.2361e-01 (4.4541e-01)	Acc pseudo  79.69 ( 86.86)	Lr 1.000e-03 (1.000e-03)
2025-12-21 03:38:02,718 - INFO: Epoch: [5][300/301]	Time  0.002 ( 0.004)	Loss 7.8902e-01 (4.4965e-01)	Acc pseudo  80.00 ( 86.66)	Lr 1.000e-03 (1.000e-03)
2025-12-21 03:38:02,789 - INFO: Round 7, Fine-tune Epoch 5: loss=0.4497, acc(pseudo)=86.66%
2025-12-21 03:38:15,188 - INFO: Round 7, Fine-tune Epoch 5: acc(valid_pseudo): 0.9289, acc(valid): 0.8250
2025-12-21 03:38:15,188 - INFO: Round 7, Fine-tune Epoch 5: No improvement in validation accuracy. Patience(epoch): 2/3
2025-12-21 03:38:15,435 - INFO: Epoch: [6][  0/301]	Time  0.241 ( 0.241)	Loss 5.8070e-01 (5.8070e-01)	Acc pseudo  78.12 ( 78.12)	Lr 1.000e-03 (1.000e-03)
2025-12-21 03:38:15,603 - INFO: Epoch: [6][ 50/301]	Time  0.003 ( 0.008)	Loss 2.5884e-01 (3.8923e-01)	Acc pseudo  90.62 ( 87.87)	Lr 1.000e-03 (1.000e-03)
2025-12-21 03:38:15,752 - INFO: Epoch: [6][100/301]	Time  0.003 ( 0.005)	Loss 4.4971e-01 (4.0586e-01)	Acc pseudo  90.62 ( 87.59)	Lr 1.000e-03 (1.000e-03)
2025-12-21 03:38:15,900 - INFO: Epoch: [6][150/301]	Time  0.003 ( 0.005)	Loss 2.0918e-01 (4.0367e-01)	Acc pseudo  90.62 ( 87.60)	Lr 1.000e-03 (1.000e-03)
2025-12-21 03:38:16,049 - INFO: Epoch: [6][200/301]	Time  0.003 ( 0.004)	Loss 3.1590e-01 (4.1374e-01)	Acc pseudo  85.94 ( 87.31)	Lr 1.000e-03 (1.000e-03)
2025-12-21 03:38:16,194 - INFO: Epoch: [6][250/301]	Time  0.003 ( 0.004)	Loss 8.2309e-01 (4.1826e-01)	Acc pseudo  78.12 ( 87.13)	Lr 1.000e-03 (1.000e-03)
2025-12-21 03:38:16,339 - INFO: Epoch: [6][300/301]	Time  0.002 ( 0.004)	Loss 3.0379e-01 (4.1828e-01)	Acc pseudo  92.00 ( 87.01)	Lr 1.000e-03 (1.000e-03)
2025-12-21 03:38:16,406 - INFO: Round 7, Fine-tune Epoch 6: loss=0.4183, acc(pseudo)=87.01%
2025-12-21 03:38:28,467 - INFO: Round 7, Fine-tune Epoch 6: acc(valid_pseudo): 0.9699, acc(valid): 0.8475
2025-12-21 03:38:28,468 - INFO: Round 7, Fine-tune Epoch 6: No improvement in validation accuracy. Patience(epoch): 3/3
2025-12-21 03:38:28,468 - INFO: Early stopping at epoch 6 due to no improvement in validation accuracy for 3 epochs.
2025-12-21 03:38:28,470 - INFO: Round 7: Best fine-tuned epoch=3, acc(valid_pseudo)=0.9740
2025-12-21 03:38:28,533 - INFO: Using HMM model from previous round: runs/I love my family/exp_video/result/self_supervised/exp1/round6/pseudo_label/hmm_params.pkl
2025-12-21 04:13:24,298 - INFO: Round 7: acc(valid)=0.8725, acc(test)=0.8725
2025-12-21 04:13:24,302 - INFO: ====================
2025-12-21 04:13:24,303 - INFO: Round 8: Fine-tuning iteration
2025-12-21 04:13:24,303 - INFO: ====================
2025-12-21 04:13:24,311 - INFO: Round 8 Part 1: Fine-tuning embedding model
2025-12-21 04:13:24,314 - INFO: Using pseudo-label file: runs/I love my family/exp_video/result/self_supervised/exp1/round7/pseudo_label/pseudo_labels_audio_nested_hmm_full(unreliable_pp=100.0).json
2025-12-21 04:13:24,635 - INFO: Fine-tuning embedding model for 20 epochs...
2025-12-21 04:13:25,556 - INFO: Epoch: [0][  0/301]	Time  0.897 ( 0.897)	Loss 2.1560e-01 (2.1560e-01)	Acc pseudo  95.31 ( 95.31)	Lr 1.000e-03 (1.000e-03)
2025-12-21 04:13:25,737 - INFO: Epoch: [0][ 50/301]	Time  0.003 ( 0.021)	Loss 3.6320e-01 (3.6681e-01)	Acc pseudo  82.81 ( 89.46)	Lr 1.000e-03 (1.000e-03)
2025-12-21 04:13:25,905 - INFO: Epoch: [0][100/301]	Time  0.004 ( 0.012)	Loss 3.4879e-01 (3.6631e-01)	Acc pseudo  90.62 ( 89.08)	Lr 1.000e-03 (1.000e-03)
2025-12-21 04:13:26,066 - INFO: Epoch: [0][150/301]	Time  0.003 ( 0.009)	Loss 2.9541e-01 (3.7993e-01)	Acc pseudo  90.62 ( 88.46)	Lr 1.000e-03 (1.000e-03)
2025-12-21 04:13:26,221 - INFO: Epoch: [0][200/301]	Time  0.003 ( 0.008)	Loss 2.4793e-01 (3.7970e-01)	Acc pseudo  92.19 ( 88.43)	Lr 1.000e-03 (1.000e-03)
2025-12-21 04:13:26,373 - INFO: Epoch: [0][250/301]	Time  0.003 ( 0.007)	Loss 3.5516e-01 (3.9018e-01)	Acc pseudo  85.94 ( 88.23)	Lr 1.000e-03 (1.000e-03)
2025-12-21 04:13:26,514 - INFO: Epoch: [0][300/301]	Time  0.007 ( 0.006)	Loss 2.1044e-01 (3.9463e-01)	Acc pseudo  88.00 ( 88.29)	Lr 1.000e-03 (1.000e-03)
2025-12-21 04:13:26,577 - INFO: Round 8, Fine-tune Epoch 0: loss=0.3946, acc(pseudo)=88.29%
2025-12-21 04:13:40,769 - INFO: Round 8, Fine-tune Epoch 0: acc(valid_pseudo): 0.9658, acc(valid): 0.8575
2025-12-21 04:13:45,267 - INFO: Epoch: [1][  0/301]	Time  0.260 ( 0.260)	Loss 8.2793e-01 (8.2793e-01)	Acc pseudo  81.25 ( 81.25)	Lr 1.000e-03 (1.000e-03)
2025-12-21 04:13:45,433 - INFO: Epoch: [1][ 50/301]	Time  0.003 ( 0.008)	Loss 1.6697e-01 (3.6257e-01)	Acc pseudo  93.75 ( 88.02)	Lr 1.000e-03 (1.000e-03)
2025-12-21 04:13:45,589 - INFO: Epoch: [1][100/301]	Time  0.003 ( 0.006)	Loss 3.8812e-01 (3.5457e-01)	Acc pseudo  90.62 ( 88.46)	Lr 1.000e-03 (1.000e-03)
2025-12-21 04:13:45,737 - INFO: Epoch: [1][150/301]	Time  0.003 ( 0.005)	Loss 3.3206e-01 (3.4683e-01)	Acc pseudo  87.50 ( 88.88)	Lr 1.000e-03 (1.000e-03)
2025-12-21 04:13:45,886 - INFO: Epoch: [1][200/301]	Time  0.003 ( 0.004)	Loss 2.8028e-01 (3.5065e-01)	Acc pseudo  92.19 ( 88.99)	Lr 1.000e-03 (1.000e-03)
2025-12-21 04:13:46,028 - INFO: Epoch: [1][250/301]	Time  0.003 ( 0.004)	Loss 1.7481e-01 (3.5866e-01)	Acc pseudo  96.88 ( 88.78)	Lr 1.000e-03 (1.000e-03)
2025-12-21 04:13:46,169 - INFO: Epoch: [1][300/301]	Time  0.002 ( 0.004)	Loss 1.0968e-01 (3.6131e-01)	Acc pseudo  96.00 ( 88.75)	Lr 1.000e-03 (1.000e-03)
2025-12-21 04:13:46,235 - INFO: Round 8, Fine-tune Epoch 1: loss=0.3613, acc(pseudo)=88.75%
2025-12-21 04:13:59,843 - INFO: Round 8, Fine-tune Epoch 1: acc(valid_pseudo): 0.9491, acc(valid): 0.8375
2025-12-21 04:13:59,844 - INFO: Round 8, Fine-tune Epoch 1: No improvement in validation accuracy. Patience(epoch): 1/3
2025-12-21 04:14:00,090 - INFO: Epoch: [2][  0/301]	Time  0.241 ( 0.241)	Loss 2.6186e-01 (2.6186e-01)	Acc pseudo  93.75 ( 93.75)	Lr 1.000e-03 (1.000e-03)
2025-12-21 04:14:00,257 - INFO: Epoch: [2][ 50/301]	Time  0.003 ( 0.008)	Loss 4.8069e-01 (3.3060e-01)	Acc pseudo  92.19 ( 89.03)	Lr 1.000e-03 (1.000e-03)
2025-12-21 04:14:00,407 - INFO: Epoch: [2][100/301]	Time  0.003 ( 0.005)	Loss 3.2333e-01 (3.3928e-01)	Acc pseudo  89.06 ( 88.92)	Lr 1.000e-03 (1.000e-03)
2025-12-21 04:14:00,563 - INFO: Epoch: [2][150/301]	Time  0.004 ( 0.005)	Loss 1.5237e-01 (3.4078e-01)	Acc pseudo  92.19 ( 88.78)	Lr 1.000e-03 (1.000e-03)
2025-12-21 04:14:00,718 - INFO: Epoch: [2][200/301]	Time  0.003 ( 0.004)	Loss 7.8948e-01 (3.3910e-01)	Acc pseudo  84.38 ( 89.16)	Lr 1.000e-03 (1.000e-03)
2025-12-21 04:14:00,866 - INFO: Epoch: [2][250/301]	Time  0.003 ( 0.004)	Loss 4.5188e-01 (3.4822e-01)	Acc pseudo  89.06 ( 88.99)	Lr 1.000e-03 (1.000e-03)
2025-12-21 04:14:01,005 - INFO: Epoch: [2][300/301]	Time  0.002 ( 0.004)	Loss 3.0938e-01 (3.5000e-01)	Acc pseudo  88.00 ( 88.86)	Lr 1.000e-03 (1.000e-03)
2025-12-21 04:14:01,069 - INFO: Round 8, Fine-tune Epoch 2: loss=0.3500, acc(pseudo)=88.86%
2025-12-21 04:14:14,741 - INFO: Round 8, Fine-tune Epoch 2: acc(valid_pseudo): 0.9708, acc(valid): 0.8600
2025-12-21 04:14:19,517 - INFO: Epoch: [3][  0/301]	Time  0.276 ( 0.276)	Loss 3.1298e-01 (3.1298e-01)	Acc pseudo  87.50 ( 87.50)	Lr 1.000e-03 (1.000e-03)
2025-12-21 04:14:19,988 - INFO: Epoch: [3][ 50/301]	Time  0.003 ( 0.015)	Loss 3.2161e-01 (3.4522e-01)	Acc pseudo  85.94 ( 89.31)	Lr 1.000e-03 (1.000e-03)
2025-12-21 04:14:20,136 - INFO: Epoch: [3][100/301]	Time  0.003 ( 0.009)	Loss 3.6240e-01 (3.4136e-01)	Acc pseudo  93.75 ( 89.02)	Lr 1.000e-03 (1.000e-03)
2025-12-21 04:14:20,285 - INFO: Epoch: [3][150/301]	Time  0.003 ( 0.007)	Loss 2.6911e-01 (3.4024e-01)	Acc pseudo  87.50 ( 89.12)	Lr 1.000e-03 (1.000e-03)
2025-12-21 04:14:20,436 - INFO: Epoch: [3][200/301]	Time  0.003 ( 0.006)	Loss 5.5046e-01 (3.3643e-01)	Acc pseudo  84.38 ( 89.30)	Lr 1.000e-03 (1.000e-03)
2025-12-21 04:14:20,578 - INFO: Epoch: [3][250/301]	Time  0.003 ( 0.005)	Loss 2.9414e-01 (3.3307e-01)	Acc pseudo  87.50 ( 89.42)	Lr 1.000e-03 (1.000e-03)
2025-12-21 04:14:20,721 - INFO: Epoch: [3][300/301]	Time  0.002 ( 0.005)	Loss 4.8628e-01 (3.2953e-01)	Acc pseudo  80.00 ( 89.36)	Lr 1.000e-03 (1.000e-03)
2025-12-21 04:14:20,791 - INFO: Round 8, Fine-tune Epoch 3: loss=0.3295, acc(pseudo)=89.36%
2025-12-21 04:14:33,700 - INFO: Round 8, Fine-tune Epoch 3: acc(valid_pseudo): 0.9699, acc(valid): 0.8500
2025-12-21 04:14:33,701 - INFO: Round 8, Fine-tune Epoch 3: No improvement in validation accuracy. Patience(epoch): 1/3
2025-12-21 04:14:33,958 - INFO: Epoch: [4][  0/301]	Time  0.251 ( 0.251)	Loss 4.1387e-01 (4.1387e-01)	Acc pseudo  84.38 ( 84.38)	Lr 1.000e-03 (1.000e-03)
2025-12-21 04:14:34,148 - INFO: Epoch: [4][ 50/301]	Time  0.003 ( 0.009)	Loss 5.3225e-01 (3.3508e-01)	Acc pseudo  85.94 ( 89.92)	Lr 1.000e-03 (1.000e-03)
2025-12-21 04:14:34,321 - INFO: Epoch: [4][100/301]	Time  0.003 ( 0.006)	Loss 3.1405e-01 (3.2846e-01)	Acc pseudo  92.19 ( 89.57)	Lr 1.000e-03 (1.000e-03)
2025-12-21 04:14:34,487 - INFO: Epoch: [4][150/301]	Time  0.003 ( 0.005)	Loss 2.5938e-01 (3.2566e-01)	Acc pseudo  90.62 ( 89.75)	Lr 1.000e-03 (1.000e-03)
2025-12-21 04:14:34,640 - INFO: Epoch: [4][200/301]	Time  0.003 ( 0.005)	Loss 3.7322e-01 (3.3490e-01)	Acc pseudo  89.06 ( 89.46)	Lr 1.000e-03 (1.000e-03)
2025-12-21 04:14:34,799 - INFO: Epoch: [4][250/301]	Time  0.004 ( 0.004)	Loss 3.1453e-01 (3.4177e-01)	Acc pseudo  89.06 ( 89.19)	Lr 1.000e-03 (1.000e-03)
2025-12-21 04:14:34,955 - INFO: Epoch: [4][300/301]	Time  0.002 ( 0.004)	Loss 4.0538e-01 (3.4898e-01)	Acc pseudo  88.00 ( 88.99)	Lr 1.000e-03 (1.000e-03)
2025-12-21 04:14:35,018 - INFO: Round 8, Fine-tune Epoch 4: loss=0.3490, acc(pseudo)=88.99%
2025-12-21 04:14:49,316 - INFO: Round 8, Fine-tune Epoch 4: acc(valid_pseudo): 0.9634, acc(valid): 0.8425
2025-12-21 04:14:49,316 - INFO: Round 8, Fine-tune Epoch 4: No improvement in validation accuracy. Patience(epoch): 2/3
2025-12-21 04:14:49,556 - INFO: Epoch: [5][  0/301]	Time  0.234 ( 0.234)	Loss 3.9193e-01 (3.9193e-01)	Acc pseudo  90.62 ( 90.62)	Lr 1.000e-03 (1.000e-03)
2025-12-21 04:14:49,724 - INFO: Epoch: [5][ 50/301]	Time  0.003 ( 0.008)	Loss 1.5690e-01 (3.3914e-01)	Acc pseudo  96.88 ( 89.15)	Lr 1.000e-03 (1.000e-03)
2025-12-21 04:14:49,875 - INFO: Epoch: [5][100/301]	Time  0.003 ( 0.005)	Loss 5.0997e-01 (3.4942e-01)	Acc pseudo  84.38 ( 88.55)	Lr 1.000e-03 (1.000e-03)
2025-12-21 04:14:50,024 - INFO: Epoch: [5][150/301]	Time  0.003 ( 0.005)	Loss 6.3313e-01 (3.6027e-01)	Acc pseudo  87.50 ( 88.44)	Lr 1.000e-03 (1.000e-03)
2025-12-21 04:14:50,172 - INFO: Epoch: [5][200/301]	Time  0.003 ( 0.004)	Loss 2.4181e-01 (3.6262e-01)	Acc pseudo  92.19 ( 88.44)	Lr 1.000e-03 (1.000e-03)
2025-12-21 04:14:50,316 - INFO: Epoch: [5][250/301]	Time  0.003 ( 0.004)	Loss 2.4732e-01 (3.5926e-01)	Acc pseudo  90.62 ( 88.53)	Lr 1.000e-03 (1.000e-03)
2025-12-21 04:14:50,454 - INFO: Epoch: [5][300/301]	Time  0.002 ( 0.004)	Loss 6.5495e-01 (3.6321e-01)	Acc pseudo  84.00 ( 88.41)	Lr 1.000e-03 (1.000e-03)
2025-12-21 04:14:50,518 - INFO: Round 8, Fine-tune Epoch 5: loss=0.3632, acc(pseudo)=88.41%
2025-12-21 04:15:03,016 - INFO: Round 8, Fine-tune Epoch 5: acc(valid_pseudo): 0.9705, acc(valid): 0.8475
2025-12-21 04:15:03,016 - INFO: Round 8, Fine-tune Epoch 5: No improvement in validation accuracy. Patience(epoch): 3/3
2025-12-21 04:15:03,016 - INFO: Early stopping at epoch 5 due to no improvement in validation accuracy for 3 epochs.
2025-12-21 04:15:03,018 - INFO: Round 8: Best fine-tuned epoch=2, acc(valid_pseudo)=0.9708
2025-12-21 04:15:03,075 - INFO: Using HMM model from previous round: runs/I love my family/exp_video/result/self_supervised/exp1/round7/pseudo_label/hmm_params.pkl
2025-12-21 04:58:35,321 - INFO: Round 8: acc(valid)=0.8750, acc(test)=0.8712
2025-12-21 04:58:35,326 - INFO: ====================
2025-12-21 04:58:35,326 - INFO: Round 9: Fine-tuning iteration
2025-12-21 04:58:35,326 - INFO: ====================
2025-12-21 04:58:35,334 - INFO: Round 9 Part 1: Fine-tuning embedding model
2025-12-21 04:58:35,337 - INFO: Using pseudo-label file: runs/I love my family/exp_video/result/self_supervised/exp1/round8/pseudo_label/pseudo_labels_audio_nested_hmm_full(unreliable_pp=100.0).json
2025-12-21 04:58:35,705 - INFO: Fine-tuning embedding model for 20 epochs...
2025-12-21 04:58:37,179 - INFO: Epoch: [0][  0/301]	Time  1.385 ( 1.385)	Loss 1.8987e-01 (1.8987e-01)	Acc pseudo  96.88 ( 96.88)	Lr 1.000e-03 (1.000e-03)
2025-12-21 04:58:37,440 - INFO: Epoch: [0][ 50/301]	Time  0.006 ( 0.032)	Loss 3.2688e-01 (3.6427e-01)	Acc pseudo  89.06 ( 89.37)	Lr 1.000e-03 (1.000e-03)
2025-12-21 04:58:37,639 - INFO: Epoch: [0][100/301]	Time  0.004 ( 0.018)	Loss 2.1143e-01 (3.6587e-01)	Acc pseudo  96.88 ( 89.36)	Lr 1.000e-03 (1.000e-03)
2025-12-21 04:58:37,838 - INFO: Epoch: [0][150/301]	Time  0.004 ( 0.013)	Loss 2.7429e-01 (3.8832e-01)	Acc pseudo  92.19 ( 88.77)	Lr 1.000e-03 (1.000e-03)
2025-12-21 04:58:38,023 - INFO: Epoch: [0][200/301]	Time  0.004 ( 0.011)	Loss 1.9688e-01 (3.8197e-01)	Acc pseudo  93.75 ( 88.62)	Lr 1.000e-03 (1.000e-03)
2025-12-21 04:58:38,199 - INFO: Epoch: [0][250/301]	Time  0.003 ( 0.009)	Loss 2.2995e-01 (3.8683e-01)	Acc pseudo  89.06 ( 88.50)	Lr 1.000e-03 (1.000e-03)
2025-12-21 04:58:38,372 - INFO: Epoch: [0][300/301]	Time  0.004 ( 0.008)	Loss 2.5348e-01 (3.8215e-01)	Acc pseudo  88.00 ( 88.59)	Lr 1.000e-03 (1.000e-03)
2025-12-21 04:58:38,441 - INFO: Round 9, Fine-tune Epoch 0: loss=0.3822, acc(pseudo)=88.59%
2025-12-21 04:58:50,691 - INFO: Round 9, Fine-tune Epoch 0: acc(valid_pseudo): 0.9737, acc(valid): 0.8525
2025-12-21 04:58:55,244 - INFO: Epoch: [1][  0/301]	Time  0.250 ( 0.250)	Loss 6.5703e-01 (6.5703e-01)	Acc pseudo  84.38 ( 84.38)	Lr 1.000e-03 (1.000e-03)
2025-12-21 04:58:55,425 - INFO: Epoch: [1][ 50/301]	Time  0.003 ( 0.008)	Loss 1.4571e-01 (3.2382e-01)	Acc pseudo  96.88 ( 89.31)	Lr 1.000e-03 (1.000e-03)
2025-12-21 04:58:55,588 - INFO: Epoch: [1][100/301]	Time  0.003 ( 0.006)	Loss 2.6340e-01 (3.4411e-01)	Acc pseudo  92.19 ( 88.86)	Lr 1.000e-03 (1.000e-03)
2025-12-21 04:58:55,753 - INFO: Epoch: [1][150/301]	Time  0.003 ( 0.005)	Loss 1.7705e-01 (3.4534e-01)	Acc pseudo  90.62 ( 89.22)	Lr 1.000e-03 (1.000e-03)
2025-12-21 04:58:55,913 - INFO: Epoch: [1][200/301]	Time  0.003 ( 0.004)	Loss 2.9090e-01 (3.4237e-01)	Acc pseudo  90.62 ( 89.28)	Lr 1.000e-03 (1.000e-03)
2025-12-21 04:58:56,067 - INFO: Epoch: [1][250/301]	Time  0.003 ( 0.004)	Loss 1.8634e-01 (3.4801e-01)	Acc pseudo  96.88 ( 89.05)	Lr 1.000e-03 (1.000e-03)
2025-12-21 04:58:56,213 - INFO: Epoch: [1][300/301]	Time  0.002 ( 0.004)	Loss 1.4840e-01 (3.5000e-01)	Acc pseudo  92.00 ( 89.00)	Lr 1.000e-03 (1.000e-03)
2025-12-21 04:58:56,287 - INFO: Round 9, Fine-tune Epoch 1: loss=0.3500, acc(pseudo)=89.00%
2025-12-21 04:59:09,526 - INFO: Round 9, Fine-tune Epoch 1: acc(valid_pseudo): 0.9687, acc(valid): 0.8525
2025-12-21 04:59:09,527 - INFO: Round 9, Fine-tune Epoch 1: No improvement in validation accuracy. Patience(epoch): 1/3
2025-12-21 04:59:09,764 - INFO: Epoch: [2][  0/301]	Time  0.232 ( 0.232)	Loss 3.4321e-01 (3.4321e-01)	Acc pseudo  87.50 ( 87.50)	Lr 1.000e-03 (1.000e-03)
2025-12-21 04:59:09,993 - INFO: Epoch: [2][ 50/301]	Time  0.003 ( 0.009)	Loss 2.6621e-01 (2.9771e-01)	Acc pseudo  93.75 ( 89.58)	Lr 1.000e-03 (1.000e-03)
2025-12-21 04:59:10,150 - INFO: Epoch: [2][100/301]	Time  0.003 ( 0.006)	Loss 3.6680e-01 (3.0786e-01)	Acc pseudo  85.94 ( 90.08)	Lr 1.000e-03 (1.000e-03)
2025-12-21 04:59:10,303 - INFO: Epoch: [2][150/301]	Time  0.003 ( 0.005)	Loss 2.5297e-01 (3.0959e-01)	Acc pseudo  84.38 ( 89.85)	Lr 1.000e-03 (1.000e-03)
2025-12-21 04:59:10,455 - INFO: Epoch: [2][200/301]	Time  0.003 ( 0.005)	Loss 2.5473e-01 (3.1080e-01)	Acc pseudo  89.06 ( 90.05)	Lr 1.000e-03 (1.000e-03)
2025-12-21 04:59:10,604 - INFO: Epoch: [2][250/301]	Time  0.003 ( 0.004)	Loss 2.5517e-01 (3.2066e-01)	Acc pseudo  89.06 ( 89.64)	Lr 1.000e-03 (1.000e-03)
2025-12-21 04:59:10,743 - INFO: Epoch: [2][300/301]	Time  0.002 ( 0.004)	Loss 1.0360e-01 (3.2525e-01)	Acc pseudo  96.00 ( 89.54)	Lr 1.000e-03 (1.000e-03)
2025-12-21 04:59:10,819 - INFO: Round 9, Fine-tune Epoch 2: loss=0.3252, acc(pseudo)=89.54%
2025-12-21 04:59:23,320 - INFO: Round 9, Fine-tune Epoch 2: acc(valid_pseudo): 0.9728, acc(valid): 0.8500
2025-12-21 04:59:23,320 - INFO: Round 9, Fine-tune Epoch 2: No improvement in validation accuracy. Patience(epoch): 2/3
2025-12-21 04:59:23,573 - INFO: Epoch: [3][  0/301]	Time  0.247 ( 0.247)	Loss 3.6648e-01 (3.6648e-01)	Acc pseudo  89.06 ( 89.06)	Lr 1.000e-03 (1.000e-03)
2025-12-21 04:59:23,752 - INFO: Epoch: [3][ 50/301]	Time  0.003 ( 0.008)	Loss 3.6617e-01 (3.0354e-01)	Acc pseudo  82.81 ( 89.95)	Lr 1.000e-03 (1.000e-03)
2025-12-21 04:59:23,899 - INFO: Epoch: [3][100/301]	Time  0.003 ( 0.006)	Loss 1.4767e-01 (3.0559e-01)	Acc pseudo  93.75 ( 89.88)	Lr 1.000e-03 (1.000e-03)
2025-12-21 04:59:24,046 - INFO: Epoch: [3][150/301]	Time  0.003 ( 0.005)	Loss 2.8971e-01 (3.1001e-01)	Acc pseudo  87.50 ( 89.76)	Lr 1.000e-03 (1.000e-03)
2025-12-21 04:59:24,193 - INFO: Epoch: [3][200/301]	Time  0.003 ( 0.004)	Loss 2.8640e-01 (3.1219e-01)	Acc pseudo  90.62 ( 89.79)	Lr 1.000e-03 (1.000e-03)
2025-12-21 04:59:24,344 - INFO: Epoch: [3][250/301]	Time  0.003 ( 0.004)	Loss 4.4403e-01 (3.1278e-01)	Acc pseudo  92.19 ( 89.87)	Lr 1.000e-03 (1.000e-03)
2025-12-21 04:59:24,484 - INFO: Epoch: [3][300/301]	Time  0.002 ( 0.004)	Loss 2.9141e-01 (3.1500e-01)	Acc pseudo  84.00 ( 89.74)	Lr 1.000e-03 (1.000e-03)
2025-12-21 04:59:24,549 - INFO: Round 9, Fine-tune Epoch 3: loss=0.3150, acc(pseudo)=89.74%
2025-12-21 04:59:37,359 - INFO: Round 9, Fine-tune Epoch 3: acc(valid_pseudo): 0.9664, acc(valid): 0.8525
2025-12-21 04:59:37,359 - INFO: Round 9, Fine-tune Epoch 3: No improvement in validation accuracy. Patience(epoch): 3/3
2025-12-21 04:59:37,360 - INFO: Early stopping at epoch 3 due to no improvement in validation accuracy for 3 epochs.
2025-12-21 04:59:37,361 - INFO: Round 9: Best fine-tuned epoch=0, acc(valid_pseudo)=0.9737
2025-12-21 04:59:37,419 - INFO: Using HMM model from previous round: runs/I love my family/exp_video/result/self_supervised/exp1/round8/pseudo_label/hmm_params.pkl
2025-12-21 05:46:07,590 - INFO: Round 9: acc(valid)=0.8750, acc(test)=0.8744
2025-12-21 05:46:07,593 - INFO: ====================
2025-12-21 05:46:07,593 - INFO: Self-supervised fine-tuning completed!
2025-12-21 05:46:07,593 - INFO: Initial: acc(valid)=0.8175, acc(test)=0.8038
2025-12-21 05:46:07,593 - INFO: Final at round 9: acc(valid)=0.8750, acc(test)=0.8744
2025-12-21 05:46:07,593 - INFO: Improvement for acc(valid): 0.0575 (7.03%)
2025-12-21 05:46:07,593 - INFO: Improvement for acc(test): 0.0706 (8.78%)
2025-12-21 05:46:07,593 - INFO: ====================
