2025-12-15 21:47:14,113 - INFO: Starting self-supervised fine-tuning pipeline
2025-12-15 21:47:14,114 - INFO: Device: cuda:0
2025-12-15 21:47:14,117 - INFO: Saved arguments to runs/the big bang theory/exp_video/result/self_supervised/exp0/args.json
2025-12-15 21:47:14,117 - INFO: ====================
2025-12-15 21:47:14,117 - INFO: Initialization: Initial clustering with HMM correction
2025-12-15 21:47:14,117 - INFO: ====================
2025-12-15 21:47:14,144 - INFO: Skipping initial clustering, using existing results.
2025-12-15 21:47:24,539 - INFO: Initial: acc(valid)=0.9000, acc(test)=0.9162
2025-12-15 21:47:24,540 - INFO: ====================
2025-12-15 21:47:24,540 - INFO: Round 0: Fine-tuning iteration
2025-12-15 21:47:24,540 - INFO: ====================
2025-12-15 21:47:24,546 - INFO: Round 0 Part 1: Fine-tuning embedding model
2025-12-15 21:47:24,546 - INFO: Using pseudo-label file: runs/the big bang theory/exp_video/result/self_supervised/exp0/initial/pseudo_label/pseudo_labels_audio_nested_hmm_full(unreliable_pp=5.0).json
2025-12-15 21:47:27,303 - INFO: Embedding dimension: 512
2025-12-15 21:47:27,908 - INFO: Saved config_model to runs/the big bang theory/exp_video/result/self_supervised/exp0/round0/config_model.json
2025-12-15 21:48:33,180 - INFO: Extracting hidden features for all samples,which are outputs of StatsPool layer...
2025-12-15 21:48:33,180 - INFO: args.unfrozen_layers_num=2 is not used when extracting hidden features.
2025-12-15 21:52:06,174 - INFO: Hidden features extracted for 6829 samples
2025-12-15 21:52:06,224 - INFO: Warmup training classifier for 2 epochs...
2025-12-15 21:52:06,668 - INFO: Epoch: [0][  0/107]	Time  0.441 ( 0.441)	Loss 2.4801e+00 (2.4801e+00)	Acc pseudo   6.25 (  6.25)	Lr 1.000e-03 (1.000e-03)
2025-12-15 21:52:06,795 - INFO: Epoch: [0][ 50/107]	Time  0.002 ( 0.011)	Loss 8.2399e-01 (1.2069e+00)	Acc pseudo  85.94 ( 77.94)	Lr 1.000e-03 (1.000e-03)
2025-12-15 21:52:06,911 - INFO: Epoch: [0][100/107]	Time  0.002 ( 0.007)	Loss 6.1822e-01 (8.6168e-01)	Acc pseudo  92.19 ( 84.93)	Lr 1.000e-03 (1.000e-03)
2025-12-15 21:52:06,954 - INFO: Round 0, Warmup Epoch 0: loss=0.8424, acc(pseudo)=85.22%
2025-12-15 21:52:07,070 - INFO: Epoch: [1][  0/107]	Time  0.111 ( 0.111)	Loss 4.9842e-01 (4.9842e-01)	Acc pseudo  93.75 ( 93.75)	Lr 1.000e-03 (1.000e-03)
2025-12-15 21:52:07,202 - INFO: Epoch: [1][ 50/107]	Time  0.002 ( 0.005)	Loss 3.2509e-01 (3.9057e-01)	Acc pseudo  90.62 ( 92.65)	Lr 1.000e-03 (1.000e-03)
2025-12-15 21:52:07,328 - INFO: Epoch: [1][100/107]	Time  0.001 ( 0.004)	Loss 3.2438e-01 (3.6539e-01)	Acc pseudo  89.06 ( 93.04)	Lr 1.000e-03 (1.000e-03)
2025-12-15 21:52:07,365 - INFO: Round 0, Warmup Epoch 1: loss=0.3661, acc(pseudo)=93.03%
2025-12-15 21:52:07,383 - INFO: Fine-tuning embedding model for 20 epochs...
2025-12-15 21:52:08,165 - INFO: Epoch: [0][  0/107]	Time  0.778 ( 0.778)	Loss 3.2925e-01 (3.2925e-01)	Acc pseudo  93.75 ( 93.75)	Lr 1.000e-03 (1.000e-03)
2025-12-15 21:52:08,347 - INFO: Epoch: [0][ 50/107]	Time  0.003 ( 0.019)	Loss 4.6008e-01 (5.2186e-01)	Acc pseudo  87.50 ( 89.74)	Lr 1.000e-03 (1.000e-03)
2025-12-15 21:52:08,478 - INFO: Epoch: [0][100/107]	Time  0.002 ( 0.011)	Loss 1.8281e-01 (4.7913e-01)	Acc pseudo  98.44 ( 90.24)	Lr 1.000e-03 (1.000e-03)
2025-12-15 21:52:08,521 - INFO: Round 0, Fine-tune Epoch 0: loss=0.4711, acc(pseudo)=90.32%
2025-12-15 21:52:12,155 - INFO: Round 0, Fine-tune Epoch 0: acc(valid): 0.8475
2025-12-15 21:52:12,448 - INFO: Epoch: [1][  0/107]	Time  0.114 ( 0.114)	Loss 2.2221e-01 (2.2221e-01)	Acc pseudo  93.75 ( 93.75)	Lr 1.000e-03 (1.000e-03)
2025-12-15 21:52:12,584 - INFO: Epoch: [1][ 50/107]	Time  0.003 ( 0.005)	Loss 5.2685e-01 (3.4097e-01)	Acc pseudo  85.94 ( 92.40)	Lr 1.000e-03 (1.000e-03)
2025-12-15 21:52:12,712 - INFO: Epoch: [1][100/107]	Time  0.002 ( 0.004)	Loss 9.8334e-02 (3.2677e-01)	Acc pseudo  96.88 ( 92.70)	Lr 1.000e-03 (1.000e-03)
2025-12-15 21:52:12,754 - INFO: Round 0, Fine-tune Epoch 1: loss=0.3250, acc(pseudo)=92.81%
2025-12-15 21:52:15,847 - INFO: Round 0, Fine-tune Epoch 1: acc(valid): 0.8650
2025-12-15 21:52:16,138 - INFO: Epoch: [2][  0/107]	Time  0.115 ( 0.115)	Loss 1.9160e-01 (1.9160e-01)	Acc pseudo  93.75 ( 93.75)	Lr 1.000e-03 (1.000e-03)
2025-12-15 21:52:16,275 - INFO: Epoch: [2][ 50/107]	Time  0.003 ( 0.005)	Loss 1.2780e-01 (2.7689e-01)	Acc pseudo  98.44 ( 93.84)	Lr 1.000e-03 (1.000e-03)
2025-12-15 21:52:16,409 - INFO: Epoch: [2][100/107]	Time  0.002 ( 0.004)	Loss 1.5568e-01 (2.6475e-01)	Acc pseudo  95.31 ( 93.83)	Lr 1.000e-03 (1.000e-03)
2025-12-15 21:52:16,448 - INFO: Round 0, Fine-tune Epoch 2: loss=0.2672, acc(pseudo)=93.92%
2025-12-15 21:52:19,602 - INFO: Round 0, Fine-tune Epoch 2: acc(valid): 0.8875
2025-12-15 21:52:19,889 - INFO: Epoch: [3][  0/107]	Time  0.113 ( 0.113)	Loss 4.2735e-01 (4.2735e-01)	Acc pseudo  89.06 ( 89.06)	Lr 1.000e-03 (1.000e-03)
2025-12-15 21:52:20,026 - INFO: Epoch: [3][ 50/107]	Time  0.003 ( 0.005)	Loss 2.5664e-01 (2.2833e-01)	Acc pseudo  92.19 ( 94.58)	Lr 1.000e-03 (1.000e-03)
2025-12-15 21:52:20,155 - INFO: Epoch: [3][100/107]	Time  0.002 ( 0.004)	Loss 1.2246e-01 (2.3772e-01)	Acc pseudo  96.88 ( 94.45)	Lr 1.000e-03 (1.000e-03)
2025-12-15 21:52:20,195 - INFO: Round 0, Fine-tune Epoch 3: loss=0.2349, acc(pseudo)=94.52%
2025-12-15 21:52:23,249 - INFO: Round 0, Fine-tune Epoch 3: acc(valid): 0.8650
2025-12-15 21:52:23,249 - INFO: Round 0, Fine-tune Epoch 3: No improvement in validation accuracy. Patience(epoch): 1/5
2025-12-15 21:52:23,369 - INFO: Epoch: [4][  0/107]	Time  0.115 ( 0.115)	Loss 3.6168e-01 (3.6168e-01)	Acc pseudo  90.62 ( 90.62)	Lr 1.000e-03 (1.000e-03)
2025-12-15 21:52:23,508 - INFO: Epoch: [4][ 50/107]	Time  0.002 ( 0.005)	Loss 2.0092e-01 (2.1713e-01)	Acc pseudo  96.88 ( 94.15)	Lr 1.000e-03 (1.000e-03)
2025-12-15 21:52:23,640 - INFO: Epoch: [4][100/107]	Time  0.002 ( 0.004)	Loss 2.0796e-01 (2.1477e-01)	Acc pseudo  95.31 ( 94.65)	Lr 1.000e-03 (1.000e-03)
2025-12-15 21:52:23,682 - INFO: Round 0, Fine-tune Epoch 4: loss=0.2134, acc(pseudo)=94.60%
2025-12-15 21:52:27,437 - INFO: Round 0, Fine-tune Epoch 4: acc(valid): 0.8925
2025-12-15 21:52:27,823 - INFO: Epoch: [5][  0/107]	Time  0.115 ( 0.115)	Loss 1.4428e-01 (1.4428e-01)	Acc pseudo  92.19 ( 92.19)	Lr 1.000e-03 (1.000e-03)
2025-12-15 21:52:27,984 - INFO: Epoch: [5][ 50/107]	Time  0.002 ( 0.005)	Loss 1.3023e-01 (1.6499e-01)	Acc pseudo  95.31 ( 95.47)	Lr 1.000e-03 (1.000e-03)
2025-12-15 21:52:28,113 - INFO: Epoch: [5][100/107]	Time  0.002 ( 0.004)	Loss 2.5896e-01 (1.7346e-01)	Acc pseudo  90.62 ( 95.48)	Lr 1.000e-03 (1.000e-03)
2025-12-15 21:52:28,153 - INFO: Round 0, Fine-tune Epoch 5: loss=0.1757, acc(pseudo)=95.40%
2025-12-15 21:52:31,835 - INFO: Round 0, Fine-tune Epoch 5: acc(valid): 0.8375
2025-12-15 21:52:31,835 - INFO: Round 0, Fine-tune Epoch 5: No improvement in validation accuracy. Patience(epoch): 1/5
2025-12-15 21:52:31,971 - INFO: Epoch: [6][  0/107]	Time  0.132 ( 0.132)	Loss 1.3561e-01 (1.3561e-01)	Acc pseudo  95.31 ( 95.31)	Lr 1.000e-03 (1.000e-03)
2025-12-15 21:52:32,107 - INFO: Epoch: [6][ 50/107]	Time  0.002 ( 0.005)	Loss 8.5404e-02 (1.5637e-01)	Acc pseudo  98.44 ( 95.71)	Lr 1.000e-03 (1.000e-03)
2025-12-15 21:52:32,236 - INFO: Epoch: [6][100/107]	Time  0.002 ( 0.004)	Loss 8.0213e-02 (1.6676e-01)	Acc pseudo  98.44 ( 95.48)	Lr 1.000e-03 (1.000e-03)
2025-12-15 21:52:32,278 - INFO: Round 0, Fine-tune Epoch 6: loss=0.1705, acc(pseudo)=95.40%
2025-12-15 21:52:35,857 - INFO: Round 0, Fine-tune Epoch 6: acc(valid): 0.8375
2025-12-15 21:52:35,857 - INFO: Round 0, Fine-tune Epoch 6: No improvement in validation accuracy. Patience(epoch): 2/5
2025-12-15 21:52:35,975 - INFO: Epoch: [7][  0/107]	Time  0.113 ( 0.113)	Loss 1.3978e-01 (1.3978e-01)	Acc pseudo  93.75 ( 93.75)	Lr 1.000e-03 (1.000e-03)
2025-12-15 21:52:36,118 - INFO: Epoch: [7][ 50/107]	Time  0.003 ( 0.005)	Loss 1.0028e-01 (1.6956e-01)	Acc pseudo  96.88 ( 95.25)	Lr 1.000e-03 (1.000e-03)
2025-12-15 21:52:36,252 - INFO: Epoch: [7][100/107]	Time  0.002 ( 0.004)	Loss 6.4659e-02 (1.6576e-01)	Acc pseudo  96.88 ( 95.36)	Lr 1.000e-03 (1.000e-03)
2025-12-15 21:52:36,292 - INFO: Round 0, Fine-tune Epoch 7: loss=0.1673, acc(pseudo)=95.40%
2025-12-15 21:52:39,364 - INFO: Round 0, Fine-tune Epoch 7: acc(valid): 0.8800
2025-12-15 21:52:39,365 - INFO: Round 0, Fine-tune Epoch 7: No improvement in validation accuracy. Patience(epoch): 3/5
2025-12-15 21:52:39,500 - INFO: Epoch: [8][  0/107]	Time  0.131 ( 0.131)	Loss 8.1619e-02 (8.1619e-02)	Acc pseudo  98.44 ( 98.44)	Lr 1.000e-03 (1.000e-03)
2025-12-15 21:52:39,636 - INFO: Epoch: [8][ 50/107]	Time  0.003 ( 0.005)	Loss 1.9752e-01 (1.3555e-01)	Acc pseudo  93.75 ( 96.11)	Lr 1.000e-03 (1.000e-03)
2025-12-15 21:52:39,764 - INFO: Epoch: [8][100/107]	Time  0.002 ( 0.004)	Loss 2.5548e-01 (1.5576e-01)	Acc pseudo  98.44 ( 95.70)	Lr 1.000e-03 (1.000e-03)
2025-12-15 21:52:39,807 - INFO: Round 0, Fine-tune Epoch 8: loss=0.1552, acc(pseudo)=95.71%
2025-12-15 21:52:42,880 - INFO: Round 0, Fine-tune Epoch 8: acc(valid): 0.8875
2025-12-15 21:52:42,880 - INFO: Round 0, Fine-tune Epoch 8: No improvement in validation accuracy. Patience(epoch): 4/5
2025-12-15 21:52:43,001 - INFO: Epoch: [9][  0/107]	Time  0.117 ( 0.117)	Loss 7.6910e-02 (7.6910e-02)	Acc pseudo  98.44 ( 98.44)	Lr 1.000e-03 (1.000e-03)
2025-12-15 21:52:43,138 - INFO: Epoch: [9][ 50/107]	Time  0.002 ( 0.005)	Loss 4.2792e-01 (1.4154e-01)	Acc pseudo  93.75 ( 95.77)	Lr 1.000e-03 (1.000e-03)
2025-12-15 21:52:43,267 - INFO: Epoch: [9][100/107]	Time  0.002 ( 0.004)	Loss 2.5412e-01 (1.3814e-01)	Acc pseudo  95.31 ( 96.09)	Lr 1.000e-03 (1.000e-03)
2025-12-15 21:52:43,309 - INFO: Round 0, Fine-tune Epoch 9: loss=0.1366, acc(pseudo)=96.21%
2025-12-15 21:52:46,390 - INFO: Round 0, Fine-tune Epoch 9: acc(valid): 0.7275
2025-12-15 21:52:46,391 - INFO: Round 0, Fine-tune Epoch 9: No improvement in validation accuracy. Patience(epoch): 5/5
2025-12-15 21:52:46,391 - INFO: Early stopping at epoch 9 due to no improvement in validation accuracy for 5 epochs.
2025-12-15 21:52:46,392 - INFO: Round 0: Best fine-tuned epoch=4, acc(valid)=0.8925
2025-12-15 21:52:46,404 - INFO: Using HMM model from previous round: runs/the big bang theory/exp_video/result/self_supervised/exp0/initial/pseudo_label/hmm_params.pkl
2025-12-15 22:06:24,641 - INFO: Round 0: acc(valid)=0.8950, acc(test)=0.9081
2025-12-15 22:06:24,641 - INFO: No improvement. Patience(round): 1/5
2025-12-15 22:06:24,644 - INFO: ====================
2025-12-15 22:06:24,644 - INFO: Round 1: Fine-tuning iteration
2025-12-15 22:06:24,644 - INFO: ====================
2025-12-15 22:06:24,653 - INFO: Round 1 Part 1: Fine-tuning embedding model
2025-12-15 22:06:24,654 - INFO: Using pseudo-label file: runs/the big bang theory/exp_video/result/self_supervised/exp0/round0/pseudo_label/pseudo_labels_audio_nested_hmm_full(unreliable_pp=5.0).json
2025-12-15 22:06:25,028 - INFO: Fine-tuning embedding model for 20 epochs...
2025-12-15 22:06:25,321 - INFO: Epoch: [0][  0/107]	Time  0.249 ( 0.249)	Loss 4.1817e-01 (4.1817e-01)	Acc pseudo  92.19 ( 92.19)	Lr 1.000e-03 (1.000e-03)
2025-12-15 22:06:25,461 - INFO: Epoch: [0][ 50/107]	Time  0.002 ( 0.008)	Loss 1.6815e-01 (6.1254e-01)	Acc pseudo  96.88 ( 92.13)	Lr 1.000e-03 (1.000e-03)
2025-12-15 22:06:25,594 - INFO: Epoch: [0][100/107]	Time  0.002 ( 0.005)	Loss 5.0453e-01 (5.3865e-01)	Acc pseudo  95.31 ( 92.44)	Lr 1.000e-03 (1.000e-03)
2025-12-15 22:06:25,635 - INFO: Round 1, Fine-tune Epoch 0: loss=0.5293, acc(pseudo)=92.41%
2025-12-15 22:06:29,240 - INFO: Round 1, Fine-tune Epoch 0: acc(valid): 0.8325
2025-12-15 22:06:29,545 - INFO: Epoch: [1][  0/107]	Time  0.119 ( 0.119)	Loss 3.7563e-01 (3.7563e-01)	Acc pseudo  93.75 ( 93.75)	Lr 1.000e-03 (1.000e-03)
2025-12-15 22:06:29,678 - INFO: Epoch: [1][ 50/107]	Time  0.003 ( 0.005)	Loss 2.6908e-01 (3.3716e-01)	Acc pseudo  92.19 ( 92.71)	Lr 1.000e-03 (1.000e-03)
2025-12-15 22:06:29,807 - INFO: Epoch: [1][100/107]	Time  0.002 ( 0.004)	Loss 6.7823e-01 (3.3797e-01)	Acc pseudo  90.62 ( 93.08)	Lr 1.000e-03 (1.000e-03)
2025-12-15 22:06:29,849 - INFO: Round 1, Fine-tune Epoch 1: loss=0.3336, acc(pseudo)=93.16%
2025-12-15 22:06:33,118 - INFO: Round 1, Fine-tune Epoch 1: acc(valid): 0.8925
2025-12-15 22:06:33,410 - INFO: Epoch: [2][  0/107]	Time  0.115 ( 0.115)	Loss 2.0372e-01 (2.0372e-01)	Acc pseudo  93.75 ( 93.75)	Lr 1.000e-03 (1.000e-03)
2025-12-15 22:06:33,549 - INFO: Epoch: [2][ 50/107]	Time  0.003 ( 0.005)	Loss 2.5507e-01 (2.7645e-01)	Acc pseudo  90.62 ( 94.06)	Lr 1.000e-03 (1.000e-03)
2025-12-15 22:06:33,685 - INFO: Epoch: [2][100/107]	Time  0.002 ( 0.004)	Loss 1.4042e-01 (2.7487e-01)	Acc pseudo  98.44 ( 94.11)	Lr 1.000e-03 (1.000e-03)
2025-12-15 22:06:33,728 - INFO: Round 1, Fine-tune Epoch 2: loss=0.2747, acc(pseudo)=94.07%
2025-12-15 22:06:36,916 - INFO: Round 1, Fine-tune Epoch 2: acc(valid): 0.9025
2025-12-15 22:06:37,215 - INFO: Epoch: [3][  0/107]	Time  0.117 ( 0.117)	Loss 1.4285e-01 (1.4285e-01)	Acc pseudo  96.88 ( 96.88)	Lr 1.000e-03 (1.000e-03)
2025-12-15 22:06:37,355 - INFO: Epoch: [3][ 50/107]	Time  0.003 ( 0.005)	Loss 2.0635e-01 (2.2415e-01)	Acc pseudo  95.31 ( 95.31)	Lr 1.000e-03 (1.000e-03)
2025-12-15 22:06:37,490 - INFO: Epoch: [3][100/107]	Time  0.002 ( 0.004)	Loss 2.6533e-01 (2.4945e-01)	Acc pseudo  95.31 ( 94.66)	Lr 1.000e-03 (1.000e-03)
2025-12-15 22:06:37,532 - INFO: Round 1, Fine-tune Epoch 3: loss=0.2454, acc(pseudo)=94.68%
2025-12-15 22:06:40,627 - INFO: Round 1, Fine-tune Epoch 3: acc(valid): 0.8625
2025-12-15 22:06:40,628 - INFO: Round 1, Fine-tune Epoch 3: No improvement in validation accuracy. Patience(epoch): 1/5
2025-12-15 22:06:40,748 - INFO: Epoch: [4][  0/107]	Time  0.116 ( 0.116)	Loss 2.3600e-01 (2.3600e-01)	Acc pseudo  95.31 ( 95.31)	Lr 1.000e-03 (1.000e-03)
2025-12-15 22:06:40,892 - INFO: Epoch: [4][ 50/107]	Time  0.003 ( 0.005)	Loss 1.5952e-01 (2.3087e-01)	Acc pseudo  95.31 ( 94.88)	Lr 1.000e-03 (1.000e-03)
2025-12-15 22:06:41,027 - INFO: Epoch: [4][100/107]	Time  0.002 ( 0.004)	Loss 1.7488e-01 (2.2142e-01)	Acc pseudo  95.31 ( 95.05)	Lr 1.000e-03 (1.000e-03)
2025-12-15 22:06:41,067 - INFO: Round 1, Fine-tune Epoch 4: loss=0.2185, acc(pseudo)=95.15%
2025-12-15 22:06:44,158 - INFO: Round 1, Fine-tune Epoch 4: acc(valid): 0.9050
2025-12-15 22:06:44,447 - INFO: Epoch: [5][  0/107]	Time  0.115 ( 0.115)	Loss 1.0848e-01 (1.0848e-01)	Acc pseudo  98.44 ( 98.44)	Lr 1.000e-03 (1.000e-03)
2025-12-15 22:06:44,581 - INFO: Epoch: [5][ 50/107]	Time  0.002 ( 0.005)	Loss 2.2850e-01 (2.0306e-01)	Acc pseudo  95.31 ( 95.53)	Lr 1.000e-03 (1.000e-03)
2025-12-15 22:06:44,710 - INFO: Epoch: [5][100/107]	Time  0.002 ( 0.004)	Loss 1.7047e-01 (2.0038e-01)	Acc pseudo  93.75 ( 95.37)	Lr 1.000e-03 (1.000e-03)
2025-12-15 22:06:44,753 - INFO: Round 1, Fine-tune Epoch 5: loss=0.2034, acc(pseudo)=95.27%
2025-12-15 22:06:47,942 - INFO: Round 1, Fine-tune Epoch 5: acc(valid): 0.7425
2025-12-15 22:06:47,942 - INFO: Round 1, Fine-tune Epoch 5: No improvement in validation accuracy. Patience(epoch): 1/5
2025-12-15 22:06:48,063 - INFO: Epoch: [6][  0/107]	Time  0.116 ( 0.116)	Loss 2.1304e-01 (2.1304e-01)	Acc pseudo  92.19 ( 92.19)	Lr 1.000e-03 (1.000e-03)
2025-12-15 22:06:48,202 - INFO: Epoch: [6][ 50/107]	Time  0.003 ( 0.005)	Loss 4.6942e-02 (1.7099e-01)	Acc pseudo  98.44 ( 95.83)	Lr 1.000e-03 (1.000e-03)
2025-12-15 22:06:48,335 - INFO: Epoch: [6][100/107]	Time  0.002 ( 0.004)	Loss 6.2803e-02 (1.9742e-01)	Acc pseudo 100.00 ( 95.45)	Lr 1.000e-03 (1.000e-03)
2025-12-15 22:06:48,377 - INFO: Round 1, Fine-tune Epoch 6: loss=0.1989, acc(pseudo)=95.39%
2025-12-15 22:06:51,494 - INFO: Round 1, Fine-tune Epoch 6: acc(valid): 0.8600
2025-12-15 22:06:51,494 - INFO: Round 1, Fine-tune Epoch 6: No improvement in validation accuracy. Patience(epoch): 2/5
2025-12-15 22:06:51,614 - INFO: Epoch: [7][  0/107]	Time  0.115 ( 0.115)	Loss 3.4328e-01 (3.4328e-01)	Acc pseudo  95.31 ( 95.31)	Lr 1.000e-03 (1.000e-03)
2025-12-15 22:06:51,752 - INFO: Epoch: [7][ 50/107]	Time  0.003 ( 0.005)	Loss 1.8086e-01 (1.5730e-01)	Acc pseudo  96.88 ( 96.57)	Lr 1.000e-03 (1.000e-03)
2025-12-15 22:06:51,884 - INFO: Epoch: [7][100/107]	Time  0.002 ( 0.004)	Loss 5.5050e-02 (1.5330e-01)	Acc pseudo  98.44 ( 96.50)	Lr 1.000e-03 (1.000e-03)
2025-12-15 22:06:51,927 - INFO: Round 1, Fine-tune Epoch 7: loss=0.1540, acc(pseudo)=96.47%
2025-12-15 22:06:55,080 - INFO: Round 1, Fine-tune Epoch 7: acc(valid): 0.8800
2025-12-15 22:06:55,080 - INFO: Round 1, Fine-tune Epoch 7: No improvement in validation accuracy. Patience(epoch): 3/5
2025-12-15 22:06:55,198 - INFO: Epoch: [8][  0/107]	Time  0.113 ( 0.113)	Loss 1.9479e-01 (1.9479e-01)	Acc pseudo  93.75 ( 93.75)	Lr 1.000e-03 (1.000e-03)
2025-12-15 22:06:55,341 - INFO: Epoch: [8][ 50/107]	Time  0.003 ( 0.005)	Loss 4.3042e-02 (1.7168e-01)	Acc pseudo  98.44 ( 95.50)	Lr 1.000e-03 (1.000e-03)
2025-12-15 22:06:55,475 - INFO: Epoch: [8][100/107]	Time  0.002 ( 0.004)	Loss 2.3576e-01 (1.6723e-01)	Acc pseudo  93.75 ( 95.84)	Lr 1.000e-03 (1.000e-03)
2025-12-15 22:06:55,515 - INFO: Round 1, Fine-tune Epoch 8: loss=0.1735, acc(pseudo)=95.67%
2025-12-15 22:06:58,605 - INFO: Round 1, Fine-tune Epoch 8: acc(valid): 0.8200
2025-12-15 22:06:58,606 - INFO: Round 1, Fine-tune Epoch 8: No improvement in validation accuracy. Patience(epoch): 4/5
2025-12-15 22:06:58,724 - INFO: Epoch: [9][  0/107]	Time  0.113 ( 0.113)	Loss 1.5257e-01 (1.5257e-01)	Acc pseudo  96.88 ( 96.88)	Lr 1.000e-03 (1.000e-03)
2025-12-15 22:06:58,861 - INFO: Epoch: [9][ 50/107]	Time  0.003 ( 0.005)	Loss 2.1452e-02 (1.6147e-01)	Acc pseudo 100.00 ( 96.54)	Lr 1.000e-03 (1.000e-03)
2025-12-15 22:06:58,991 - INFO: Epoch: [9][100/107]	Time  0.002 ( 0.004)	Loss 2.1114e-01 (1.7428e-01)	Acc pseudo  95.31 ( 95.81)	Lr 1.000e-03 (1.000e-03)
2025-12-15 22:06:59,034 - INFO: Round 1, Fine-tune Epoch 9: loss=0.1707, acc(pseudo)=95.89%
2025-12-15 22:07:02,338 - INFO: Round 1, Fine-tune Epoch 9: acc(valid): 0.8375
2025-12-15 22:07:02,339 - INFO: Round 1, Fine-tune Epoch 9: No improvement in validation accuracy. Patience(epoch): 5/5
2025-12-15 22:07:02,339 - INFO: Early stopping at epoch 9 due to no improvement in validation accuracy for 5 epochs.
2025-12-15 22:07:02,340 - INFO: Round 1: Best fine-tuned epoch=4, acc(valid)=0.9050
2025-12-15 22:07:02,354 - INFO: Using HMM model from previous round: runs/the big bang theory/exp_video/result/self_supervised/exp0/round0/pseudo_label/hmm_params.pkl
2025-12-15 22:19:15,352 - INFO: Round 1: acc(valid)=0.9125, acc(test)=0.9119
2025-12-15 22:19:15,455 - INFO: New best acc(valid) at round 1: acc(valid)=0.9125, acc(test)=0.9119
2025-12-15 22:19:15,457 - INFO: ====================
2025-12-15 22:19:15,457 - INFO: Round 2: Fine-tuning iteration
2025-12-15 22:19:15,457 - INFO: ====================
2025-12-15 22:19:15,466 - INFO: Round 2 Part 1: Fine-tuning embedding model
2025-12-15 22:19:15,467 - INFO: Using pseudo-label file: runs/the big bang theory/exp_video/result/self_supervised/exp0/round1/pseudo_label/pseudo_labels_audio_nested_hmm_full(unreliable_pp=5.0).json
2025-12-15 22:19:15,535 - INFO: Fine-tuning embedding model for 20 epochs...
2025-12-15 22:19:15,656 - INFO: Epoch: [0][  0/107]	Time  0.117 ( 0.117)	Loss 1.6845e+00 (1.6845e+00)	Acc pseudo  92.19 ( 92.19)	Lr 1.000e-03 (1.000e-03)
2025-12-15 22:19:15,797 - INFO: Epoch: [0][ 50/107]	Time  0.003 ( 0.005)	Loss 4.3240e-01 (4.9560e-01)	Acc pseudo  93.75 ( 92.68)	Lr 1.000e-03 (1.000e-03)
2025-12-15 22:19:15,934 - INFO: Epoch: [0][100/107]	Time  0.002 ( 0.004)	Loss 2.7260e-01 (4.6593e-01)	Acc pseudo  90.62 ( 92.51)	Lr 1.000e-03 (1.000e-03)
2025-12-15 22:19:15,977 - INFO: Round 2, Fine-tune Epoch 0: loss=0.4560, acc(pseudo)=92.49%
2025-12-15 22:19:19,214 - INFO: Round 2, Fine-tune Epoch 0: acc(valid): 0.8825
2025-12-15 22:19:19,538 - INFO: Epoch: [1][  0/107]	Time  0.115 ( 0.115)	Loss 3.0717e-01 (3.0717e-01)	Acc pseudo  95.31 ( 95.31)	Lr 1.000e-03 (1.000e-03)
2025-12-15 22:19:19,686 - INFO: Epoch: [1][ 50/107]	Time  0.003 ( 0.005)	Loss 1.1953e-01 (2.7764e-01)	Acc pseudo  98.44 ( 94.45)	Lr 1.000e-03 (1.000e-03)
2025-12-15 22:19:19,817 - INFO: Epoch: [1][100/107]	Time  0.002 ( 0.004)	Loss 5.3107e-01 (2.8566e-01)	Acc pseudo  92.19 ( 94.21)	Lr 1.000e-03 (1.000e-03)
2025-12-15 22:19:19,857 - INFO: Round 2, Fine-tune Epoch 1: loss=0.2920, acc(pseudo)=94.10%
2025-12-15 22:19:22,928 - INFO: Round 2, Fine-tune Epoch 1: acc(valid): 0.8925
2025-12-15 22:19:23,227 - INFO: Epoch: [2][  0/107]	Time  0.117 ( 0.117)	Loss 3.9669e-01 (3.9669e-01)	Acc pseudo  93.75 ( 93.75)	Lr 1.000e-03 (1.000e-03)
2025-12-15 22:19:23,364 - INFO: Epoch: [2][ 50/107]	Time  0.002 ( 0.005)	Loss 2.9550e-01 (2.6506e-01)	Acc pseudo  90.62 ( 94.33)	Lr 1.000e-03 (1.000e-03)
2025-12-15 22:19:23,493 - INFO: Epoch: [2][100/107]	Time  0.002 ( 0.004)	Loss 1.7809e-01 (2.5744e-01)	Acc pseudo  96.88 ( 94.49)	Lr 1.000e-03 (1.000e-03)
2025-12-15 22:19:23,533 - INFO: Round 2, Fine-tune Epoch 2: loss=0.2537, acc(pseudo)=94.57%
2025-12-15 22:19:26,922 - INFO: Round 2, Fine-tune Epoch 2: acc(valid): 0.8950
2025-12-15 22:19:27,210 - INFO: Epoch: [3][  0/107]	Time  0.117 ( 0.117)	Loss 1.1292e-01 (1.1292e-01)	Acc pseudo  95.31 ( 95.31)	Lr 1.000e-03 (1.000e-03)
2025-12-15 22:19:27,357 - INFO: Epoch: [3][ 50/107]	Time  0.003 ( 0.005)	Loss 1.8205e-01 (1.9872e-01)	Acc pseudo  92.19 ( 95.37)	Lr 1.000e-03 (1.000e-03)
2025-12-15 22:19:27,492 - INFO: Epoch: [3][100/107]	Time  0.002 ( 0.004)	Loss 1.4198e-01 (2.0603e-01)	Acc pseudo  95.31 ( 95.44)	Lr 1.000e-03 (1.000e-03)
2025-12-15 22:19:27,534 - INFO: Round 2, Fine-tune Epoch 3: loss=0.2057, acc(pseudo)=95.46%
2025-12-15 22:19:30,636 - INFO: Round 2, Fine-tune Epoch 3: acc(valid): 0.9150
2025-12-15 22:19:30,924 - INFO: Epoch: [4][  0/107]	Time  0.115 ( 0.115)	Loss 1.4062e-01 (1.4062e-01)	Acc pseudo  93.75 ( 93.75)	Lr 1.000e-03 (1.000e-03)
2025-12-15 22:19:31,063 - INFO: Epoch: [4][ 50/107]	Time  0.003 ( 0.005)	Loss 1.4406e-01 (2.1129e-01)	Acc pseudo  93.75 ( 95.04)	Lr 1.000e-03 (1.000e-03)
2025-12-15 22:19:31,199 - INFO: Epoch: [4][100/107]	Time  0.002 ( 0.004)	Loss 7.3158e-02 (1.9915e-01)	Acc pseudo  96.88 ( 95.33)	Lr 1.000e-03 (1.000e-03)
2025-12-15 22:19:31,242 - INFO: Round 2, Fine-tune Epoch 4: loss=0.1985, acc(pseudo)=95.37%
2025-12-15 22:19:34,358 - INFO: Round 2, Fine-tune Epoch 4: acc(valid): 0.8850
2025-12-15 22:19:34,358 - INFO: Round 2, Fine-tune Epoch 4: No improvement in validation accuracy. Patience(epoch): 1/5
2025-12-15 22:19:34,476 - INFO: Epoch: [5][  0/107]	Time  0.113 ( 0.113)	Loss 4.6594e-01 (4.6594e-01)	Acc pseudo  96.88 ( 96.88)	Lr 1.000e-03 (1.000e-03)
2025-12-15 22:19:34,612 - INFO: Epoch: [5][ 50/107]	Time  0.003 ( 0.005)	Loss 1.4075e-01 (1.7778e-01)	Acc pseudo  95.31 ( 96.35)	Lr 1.000e-03 (1.000e-03)
2025-12-15 22:19:34,743 - INFO: Epoch: [5][100/107]	Time  0.002 ( 0.004)	Loss 2.0692e-01 (1.8918e-01)	Acc pseudo  95.31 ( 96.12)	Lr 1.000e-03 (1.000e-03)
2025-12-15 22:19:34,784 - INFO: Round 2, Fine-tune Epoch 5: loss=0.1889, acc(pseudo)=95.97%
2025-12-15 22:19:37,923 - INFO: Round 2, Fine-tune Epoch 5: acc(valid): 0.8900
2025-12-15 22:19:37,923 - INFO: Round 2, Fine-tune Epoch 5: No improvement in validation accuracy. Patience(epoch): 2/5
2025-12-15 22:19:38,045 - INFO: Epoch: [6][  0/107]	Time  0.117 ( 0.117)	Loss 1.0261e-01 (1.0261e-01)	Acc pseudo  98.44 ( 98.44)	Lr 1.000e-03 (1.000e-03)
2025-12-15 22:19:38,193 - INFO: Epoch: [6][ 50/107]	Time  0.003 ( 0.005)	Loss 2.2321e-01 (1.4125e-01)	Acc pseudo  96.88 ( 96.26)	Lr 1.000e-03 (1.000e-03)
2025-12-15 22:19:38,331 - INFO: Epoch: [6][100/107]	Time  0.002 ( 0.004)	Loss 1.3695e-01 (1.5556e-01)	Acc pseudo  96.88 ( 96.30)	Lr 1.000e-03 (1.000e-03)
2025-12-15 22:19:38,383 - INFO: Round 2, Fine-tune Epoch 6: loss=0.1574, acc(pseudo)=96.24%
2025-12-15 22:19:41,486 - INFO: Round 2, Fine-tune Epoch 6: acc(valid): 0.8975
2025-12-15 22:19:41,487 - INFO: Round 2, Fine-tune Epoch 6: No improvement in validation accuracy. Patience(epoch): 3/5
2025-12-15 22:19:41,607 - INFO: Epoch: [7][  0/107]	Time  0.115 ( 0.115)	Loss 1.4164e-01 (1.4164e-01)	Acc pseudo  96.88 ( 96.88)	Lr 1.000e-03 (1.000e-03)
2025-12-15 22:19:41,746 - INFO: Epoch: [7][ 50/107]	Time  0.002 ( 0.005)	Loss 1.9823e-01 (1.1567e-01)	Acc pseudo  96.88 ( 97.03)	Lr 1.000e-03 (1.000e-03)
2025-12-15 22:19:41,877 - INFO: Epoch: [7][100/107]	Time  0.002 ( 0.004)	Loss 3.8892e-02 (1.3512e-01)	Acc pseudo  98.44 ( 96.83)	Lr 1.000e-03 (1.000e-03)
2025-12-15 22:19:41,920 - INFO: Round 2, Fine-tune Epoch 7: loss=0.1388, acc(pseudo)=96.75%
2025-12-15 22:19:45,019 - INFO: Round 2, Fine-tune Epoch 7: acc(valid): 0.8800
2025-12-15 22:19:45,019 - INFO: Round 2, Fine-tune Epoch 7: No improvement in validation accuracy. Patience(epoch): 4/5
2025-12-15 22:19:45,145 - INFO: Epoch: [8][  0/107]	Time  0.121 ( 0.121)	Loss 9.7269e-02 (9.7269e-02)	Acc pseudo  98.44 ( 98.44)	Lr 1.000e-03 (1.000e-03)
2025-12-15 22:19:45,284 - INFO: Epoch: [8][ 50/107]	Time  0.003 ( 0.005)	Loss 2.4867e-02 (1.6630e-01)	Acc pseudo 100.00 ( 96.17)	Lr 1.000e-03 (1.000e-03)
2025-12-15 22:19:45,417 - INFO: Epoch: [8][100/107]	Time  0.002 ( 0.004)	Loss 7.8150e-02 (1.4690e-01)	Acc pseudo  98.44 ( 96.43)	Lr 1.000e-03 (1.000e-03)
2025-12-15 22:19:45,458 - INFO: Round 2, Fine-tune Epoch 8: loss=0.1508, acc(pseudo)=96.37%
2025-12-15 22:19:48,625 - INFO: Round 2, Fine-tune Epoch 8: acc(valid): 0.9075
2025-12-15 22:19:48,625 - INFO: Round 2, Fine-tune Epoch 8: No improvement in validation accuracy. Patience(epoch): 5/5
2025-12-15 22:19:48,625 - INFO: Early stopping at epoch 8 due to no improvement in validation accuracy for 5 epochs.
2025-12-15 22:19:48,626 - INFO: Round 2: Best fine-tuned epoch=3, acc(valid)=0.9150
2025-12-15 22:19:48,638 - INFO: Using HMM model from previous round: runs/the big bang theory/exp_video/result/self_supervised/exp0/round1/pseudo_label/hmm_params.pkl
2025-12-15 22:34:36,328 - INFO: Round 2: acc(valid)=0.9200, acc(test)=0.9112
2025-12-15 22:34:36,414 - INFO: New best acc(valid) at round 2: acc(valid)=0.9200, acc(test)=0.9112
2025-12-15 22:34:36,417 - INFO: ====================
2025-12-15 22:34:36,417 - INFO: Round 3: Fine-tuning iteration
2025-12-15 22:34:36,417 - INFO: ====================
2025-12-15 22:34:36,423 - INFO: Round 3 Part 1: Fine-tuning embedding model
2025-12-15 22:34:36,424 - INFO: Using pseudo-label file: runs/the big bang theory/exp_video/result/self_supervised/exp0/round2/pseudo_label/pseudo_labels_audio_nested_hmm_full(unreliable_pp=5.0).json
2025-12-15 22:34:36,499 - INFO: Fine-tuning embedding model for 20 epochs...
2025-12-15 22:34:36,618 - INFO: Epoch: [0][  0/107]	Time  0.115 ( 0.115)	Loss 1.3734e+00 (1.3734e+00)	Acc pseudo  89.06 ( 89.06)	Lr 1.000e-03 (1.000e-03)
2025-12-15 22:34:36,758 - INFO: Epoch: [0][ 50/107]	Time  0.003 ( 0.005)	Loss 3.0306e-01 (5.7795e-01)	Acc pseudo  93.75 ( 92.40)	Lr 1.000e-03 (1.000e-03)
2025-12-15 22:34:36,890 - INFO: Epoch: [0][100/107]	Time  0.002 ( 0.004)	Loss 5.0146e-01 (5.7262e-01)	Acc pseudo  90.62 ( 91.82)	Lr 1.000e-03 (1.000e-03)
2025-12-15 22:34:36,931 - INFO: Round 3, Fine-tune Epoch 0: loss=0.5783, acc(pseudo)=91.71%
2025-12-15 22:34:40,117 - INFO: Round 3, Fine-tune Epoch 0: acc(valid): 0.9225
2025-12-15 22:34:40,404 - INFO: Epoch: [1][  0/107]	Time  0.116 ( 0.116)	Loss 2.2845e-01 (2.2845e-01)	Acc pseudo  96.88 ( 96.88)	Lr 1.000e-03 (1.000e-03)
2025-12-15 22:34:40,544 - INFO: Epoch: [1][ 50/107]	Time  0.003 ( 0.005)	Loss 1.4336e-01 (3.7902e-01)	Acc pseudo  95.31 ( 92.37)	Lr 1.000e-03 (1.000e-03)
2025-12-15 22:34:40,678 - INFO: Epoch: [1][100/107]	Time  0.002 ( 0.004)	Loss 5.1717e-01 (3.7887e-01)	Acc pseudo  90.62 ( 92.79)	Lr 1.000e-03 (1.000e-03)
2025-12-15 22:34:40,720 - INFO: Round 3, Fine-tune Epoch 1: loss=0.3821, acc(pseudo)=92.69%
2025-12-15 22:34:43,938 - INFO: Round 3, Fine-tune Epoch 1: acc(valid): 0.9050
2025-12-15 22:34:43,939 - INFO: Round 3, Fine-tune Epoch 1: No improvement in validation accuracy. Patience(epoch): 1/5
2025-12-15 22:34:44,058 - INFO: Epoch: [2][  0/107]	Time  0.115 ( 0.115)	Loss 2.6114e-01 (2.6114e-01)	Acc pseudo  92.19 ( 92.19)	Lr 1.000e-03 (1.000e-03)
2025-12-15 22:34:44,194 - INFO: Epoch: [2][ 50/107]	Time  0.002 ( 0.005)	Loss 3.4222e-01 (3.3817e-01)	Acc pseudo  93.75 ( 92.74)	Lr 1.000e-03 (1.000e-03)
2025-12-15 22:34:44,325 - INFO: Epoch: [2][100/107]	Time  0.002 ( 0.004)	Loss 9.2207e-02 (3.3790e-01)	Acc pseudo  98.44 ( 93.22)	Lr 1.000e-03 (1.000e-03)
2025-12-15 22:34:44,366 - INFO: Round 3, Fine-tune Epoch 2: loss=0.3357, acc(pseudo)=93.26%
2025-12-15 22:34:47,645 - INFO: Round 3, Fine-tune Epoch 2: acc(valid): 0.9175
2025-12-15 22:34:47,645 - INFO: Round 3, Fine-tune Epoch 2: No improvement in validation accuracy. Patience(epoch): 2/5
2025-12-15 22:34:47,769 - INFO: Epoch: [3][  0/107]	Time  0.119 ( 0.119)	Loss 1.5682e-01 (1.5682e-01)	Acc pseudo  95.31 ( 95.31)	Lr 1.000e-03 (1.000e-03)
2025-12-15 22:34:47,905 - INFO: Epoch: [3][ 50/107]	Time  0.002 ( 0.005)	Loss 2.6275e-01 (2.6634e-01)	Acc pseudo  95.31 ( 94.21)	Lr 1.000e-03 (1.000e-03)
2025-12-15 22:34:48,033 - INFO: Epoch: [3][100/107]	Time  0.002 ( 0.004)	Loss 3.6310e-01 (2.8350e-01)	Acc pseudo  90.62 ( 93.87)	Lr 1.000e-03 (1.000e-03)
2025-12-15 22:34:48,075 - INFO: Round 3, Fine-tune Epoch 3: loss=0.2860, acc(pseudo)=93.79%
2025-12-15 22:34:51,248 - INFO: Round 3, Fine-tune Epoch 3: acc(valid): 0.9150
2025-12-15 22:34:51,248 - INFO: Round 3, Fine-tune Epoch 3: No improvement in validation accuracy. Patience(epoch): 3/5
2025-12-15 22:34:51,369 - INFO: Epoch: [4][  0/107]	Time  0.116 ( 0.116)	Loss 3.0092e-01 (3.0092e-01)	Acc pseudo  92.19 ( 92.19)	Lr 1.000e-03 (1.000e-03)
2025-12-15 22:34:51,508 - INFO: Epoch: [4][ 50/107]	Time  0.003 ( 0.005)	Loss 1.1931e-01 (2.7600e-01)	Acc pseudo  96.88 ( 93.96)	Lr 1.000e-03 (1.000e-03)
2025-12-15 22:34:51,640 - INFO: Epoch: [4][100/107]	Time  0.002 ( 0.004)	Loss 4.2076e-01 (2.6756e-01)	Acc pseudo  90.62 ( 93.98)	Lr 1.000e-03 (1.000e-03)
2025-12-15 22:34:51,681 - INFO: Round 3, Fine-tune Epoch 4: loss=0.2704, acc(pseudo)=93.95%
2025-12-15 22:34:54,837 - INFO: Round 3, Fine-tune Epoch 4: acc(valid): 0.9175
2025-12-15 22:34:54,837 - INFO: Round 3, Fine-tune Epoch 4: No improvement in validation accuracy. Patience(epoch): 4/5
2025-12-15 22:34:54,957 - INFO: Epoch: [5][  0/107]	Time  0.115 ( 0.115)	Loss 2.7310e-01 (2.7310e-01)	Acc pseudo  93.75 ( 93.75)	Lr 1.000e-03 (1.000e-03)
2025-12-15 22:34:55,092 - INFO: Epoch: [5][ 50/107]	Time  0.003 ( 0.005)	Loss 3.9534e-01 (2.1738e-01)	Acc pseudo  93.75 ( 94.82)	Lr 1.000e-03 (1.000e-03)
2025-12-15 22:34:55,222 - INFO: Epoch: [5][100/107]	Time  0.002 ( 0.004)	Loss 1.0493e-01 (2.3206e-01)	Acc pseudo  95.31 ( 94.62)	Lr 1.000e-03 (1.000e-03)
2025-12-15 22:34:55,264 - INFO: Round 3, Fine-tune Epoch 5: loss=0.2388, acc(pseudo)=94.57%
2025-12-15 22:34:58,987 - INFO: Round 3, Fine-tune Epoch 5: acc(valid): 0.9075
2025-12-15 22:34:58,987 - INFO: Round 3, Fine-tune Epoch 5: No improvement in validation accuracy. Patience(epoch): 5/5
2025-12-15 22:34:58,987 - INFO: Early stopping at epoch 5 due to no improvement in validation accuracy for 5 epochs.
2025-12-15 22:34:58,988 - INFO: Round 3: Best fine-tuned epoch=0, acc(valid)=0.9225
2025-12-15 22:34:59,000 - INFO: Using HMM model from previous round: runs/the big bang theory/exp_video/result/self_supervised/exp0/round2/pseudo_label/hmm_params.pkl
2025-12-15 22:45:57,759 - INFO: Round 3: acc(valid)=0.9225, acc(test)=0.9038
2025-12-15 22:45:57,851 - INFO: New best acc(valid) at round 3: acc(valid)=0.9225, acc(test)=0.9038
2025-12-15 22:45:57,854 - INFO: ====================
2025-12-15 22:45:57,854 - INFO: Round 4: Fine-tuning iteration
2025-12-15 22:45:57,854 - INFO: ====================
2025-12-15 22:45:57,861 - INFO: Round 4 Part 1: Fine-tuning embedding model
2025-12-15 22:45:57,862 - INFO: Using pseudo-label file: runs/the big bang theory/exp_video/result/self_supervised/exp0/round3/pseudo_label/pseudo_labels_audio_nested_hmm_full(unreliable_pp=5.0).json
2025-12-15 22:45:57,927 - INFO: Fine-tuning embedding model for 20 epochs...
2025-12-15 22:45:58,050 - INFO: Epoch: [0][  0/107]	Time  0.119 ( 0.119)	Loss 1.2614e+00 (1.2614e+00)	Acc pseudo  93.75 ( 93.75)	Lr 1.000e-03 (1.000e-03)
2025-12-15 22:45:58,192 - INFO: Epoch: [0][ 50/107]	Time  0.003 ( 0.005)	Loss 1.0272e+00 (5.6984e-01)	Acc pseudo  92.19 ( 92.25)	Lr 1.000e-03 (1.000e-03)
2025-12-15 22:45:58,328 - INFO: Epoch: [0][100/107]	Time  0.002 ( 0.004)	Loss 5.5759e-01 (4.9651e-01)	Acc pseudo  89.06 ( 92.40)	Lr 1.000e-03 (1.000e-03)
2025-12-15 22:45:58,379 - INFO: Round 4, Fine-tune Epoch 0: loss=0.4931, acc(pseudo)=92.37%
2025-12-15 22:46:02,089 - INFO: Round 4, Fine-tune Epoch 0: acc(valid): 0.9200
2025-12-15 22:46:02,567 - INFO: Epoch: [1][  0/107]	Time  0.119 ( 0.119)	Loss 1.1999e-01 (1.1999e-01)	Acc pseudo  96.88 ( 96.88)	Lr 1.000e-03 (1.000e-03)
2025-12-15 22:46:02,739 - INFO: Epoch: [1][ 50/107]	Time  0.003 ( 0.006)	Loss 2.8172e-01 (3.7551e-01)	Acc pseudo  92.19 ( 93.23)	Lr 1.000e-03 (1.000e-03)
2025-12-15 22:46:02,879 - INFO: Epoch: [1][100/107]	Time  0.002 ( 0.004)	Loss 1.2139e+00 (3.4940e-01)	Acc pseudo  90.62 ( 93.30)	Lr 1.000e-03 (1.000e-03)
2025-12-15 22:46:02,919 - INFO: Round 4, Fine-tune Epoch 1: loss=0.3472, acc(pseudo)=93.29%
2025-12-15 22:46:06,653 - INFO: Round 4, Fine-tune Epoch 1: acc(valid): 0.9225
2025-12-15 22:46:06,948 - INFO: Epoch: [2][  0/107]	Time  0.118 ( 0.118)	Loss 2.1403e-01 (2.1403e-01)	Acc pseudo  95.31 ( 95.31)	Lr 1.000e-03 (1.000e-03)
2025-12-15 22:46:07,087 - INFO: Epoch: [2][ 50/107]	Time  0.002 ( 0.005)	Loss 4.1634e-01 (3.0440e-01)	Acc pseudo  90.62 ( 93.78)	Lr 1.000e-03 (1.000e-03)
2025-12-15 22:46:07,221 - INFO: Epoch: [2][100/107]	Time  0.002 ( 0.004)	Loss 3.5406e-01 (2.9073e-01)	Acc pseudo  93.75 ( 94.20)	Lr 1.000e-03 (1.000e-03)
2025-12-15 22:46:07,263 - INFO: Round 4, Fine-tune Epoch 2: loss=0.2913, acc(pseudo)=94.10%
2025-12-15 22:46:10,376 - INFO: Round 4, Fine-tune Epoch 2: acc(valid): 0.8800
2025-12-15 22:46:10,376 - INFO: Round 4, Fine-tune Epoch 2: No improvement in validation accuracy. Patience(epoch): 1/5
2025-12-15 22:46:10,518 - INFO: Epoch: [3][  0/107]	Time  0.137 ( 0.137)	Loss 4.3791e-01 (4.3791e-01)	Acc pseudo  90.62 ( 90.62)	Lr 1.000e-03 (1.000e-03)
2025-12-15 22:46:10,657 - INFO: Epoch: [3][ 50/107]	Time  0.003 ( 0.005)	Loss 1.7008e-01 (2.7893e-01)	Acc pseudo  95.31 ( 94.00)	Lr 1.000e-03 (1.000e-03)
2025-12-15 22:46:10,791 - INFO: Epoch: [3][100/107]	Time  0.002 ( 0.004)	Loss 4.4218e-01 (2.7033e-01)	Acc pseudo  89.06 ( 94.07)	Lr 1.000e-03 (1.000e-03)
2025-12-15 22:46:10,833 - INFO: Round 4, Fine-tune Epoch 3: loss=0.2690, acc(pseudo)=94.19%
2025-12-15 22:46:14,124 - INFO: Round 4, Fine-tune Epoch 3: acc(valid): 0.9050
2025-12-15 22:46:14,124 - INFO: Round 4, Fine-tune Epoch 3: No improvement in validation accuracy. Patience(epoch): 2/5
2025-12-15 22:46:14,246 - INFO: Epoch: [4][  0/107]	Time  0.118 ( 0.118)	Loss 2.5805e-01 (2.5805e-01)	Acc pseudo  95.31 ( 95.31)	Lr 1.000e-03 (1.000e-03)
2025-12-15 22:46:14,386 - INFO: Epoch: [4][ 50/107]	Time  0.002 ( 0.005)	Loss 8.6367e-02 (2.4290e-01)	Acc pseudo 100.00 ( 95.10)	Lr 1.000e-03 (1.000e-03)
2025-12-15 22:46:14,520 - INFO: Epoch: [4][100/107]	Time  0.002 ( 0.004)	Loss 3.9255e-01 (2.4464e-01)	Acc pseudo  92.19 ( 95.24)	Lr 1.000e-03 (1.000e-03)
2025-12-15 22:46:14,561 - INFO: Round 4, Fine-tune Epoch 4: loss=0.2462, acc(pseudo)=95.20%
2025-12-15 22:46:17,661 - INFO: Round 4, Fine-tune Epoch 4: acc(valid): 0.8850
2025-12-15 22:46:17,661 - INFO: Round 4, Fine-tune Epoch 4: No improvement in validation accuracy. Patience(epoch): 3/5
2025-12-15 22:46:17,783 - INFO: Epoch: [5][  0/107]	Time  0.117 ( 0.117)	Loss 1.7162e-01 (1.7162e-01)	Acc pseudo  96.88 ( 96.88)	Lr 1.000e-03 (1.000e-03)
2025-12-15 22:46:17,920 - INFO: Epoch: [5][ 50/107]	Time  0.002 ( 0.005)	Loss 1.9209e-01 (1.8897e-01)	Acc pseudo  95.31 ( 95.65)	Lr 1.000e-03 (1.000e-03)
2025-12-15 22:46:18,049 - INFO: Epoch: [5][100/107]	Time  0.002 ( 0.004)	Loss 4.2226e-02 (2.1167e-01)	Acc pseudo  98.44 ( 95.31)	Lr 1.000e-03 (1.000e-03)
2025-12-15 22:46:18,092 - INFO: Round 4, Fine-tune Epoch 5: loss=0.2179, acc(pseudo)=95.11%
2025-12-15 22:46:21,185 - INFO: Round 4, Fine-tune Epoch 5: acc(valid): 0.9050
2025-12-15 22:46:21,185 - INFO: Round 4, Fine-tune Epoch 5: No improvement in validation accuracy. Patience(epoch): 4/5
2025-12-15 22:46:21,307 - INFO: Epoch: [6][  0/107]	Time  0.117 ( 0.117)	Loss 1.8862e-01 (1.8862e-01)	Acc pseudo  96.88 ( 96.88)	Lr 1.000e-03 (1.000e-03)
2025-12-15 22:46:21,445 - INFO: Epoch: [6][ 50/107]	Time  0.002 ( 0.005)	Loss 1.1550e-01 (2.2357e-01)	Acc pseudo  98.44 ( 95.62)	Lr 1.000e-03 (1.000e-03)
2025-12-15 22:46:21,582 - INFO: Epoch: [6][100/107]	Time  0.002 ( 0.004)	Loss 2.4687e-01 (2.0274e-01)	Acc pseudo  95.31 ( 95.61)	Lr 1.000e-03 (1.000e-03)
2025-12-15 22:46:21,624 - INFO: Round 4, Fine-tune Epoch 6: loss=0.2044, acc(pseudo)=95.55%
2025-12-15 22:46:24,939 - INFO: Round 4, Fine-tune Epoch 6: acc(valid): 0.9225
2025-12-15 22:46:24,939 - INFO: Round 4, Fine-tune Epoch 6: No improvement in validation accuracy. Patience(epoch): 5/5
2025-12-15 22:46:24,939 - INFO: Early stopping at epoch 6 due to no improvement in validation accuracy for 5 epochs.
2025-12-15 22:46:24,940 - INFO: Round 4: Best fine-tuned epoch=1, acc(valid)=0.9225
2025-12-15 22:46:24,952 - INFO: Using HMM model from previous round: runs/the big bang theory/exp_video/result/self_supervised/exp0/round3/pseudo_label/hmm_params.pkl
2025-12-15 22:59:36,710 - INFO: Round 4: acc(valid)=0.9150, acc(test)=0.9012
2025-12-15 22:59:36,711 - INFO: No improvement. Patience(round): 1/5
2025-12-15 22:59:36,713 - INFO: ====================
2025-12-15 22:59:36,713 - INFO: Round 5: Fine-tuning iteration
2025-12-15 22:59:36,713 - INFO: ====================
2025-12-15 22:59:36,721 - INFO: Round 5 Part 1: Fine-tuning embedding model
2025-12-15 22:59:36,722 - INFO: Using pseudo-label file: runs/the big bang theory/exp_video/result/self_supervised/exp0/round4/pseudo_label/pseudo_labels_audio_nested_hmm_full(unreliable_pp=5.0).json
2025-12-15 22:59:37,050 - INFO: Fine-tuning embedding model for 20 epochs...
2025-12-15 22:59:38,150 - INFO: Epoch: [0][  0/107]	Time  1.046 ( 1.046)	Loss 1.0944e+00 (1.0944e+00)	Acc pseudo  93.75 ( 93.75)	Lr 1.000e-03 (1.000e-03)
2025-12-15 22:59:38,302 - INFO: Epoch: [0][ 50/107]	Time  0.003 ( 0.023)	Loss 3.5504e-01 (3.8738e-01)	Acc pseudo  95.31 ( 94.06)	Lr 1.000e-03 (1.000e-03)
2025-12-15 22:59:38,432 - INFO: Epoch: [0][100/107]	Time  0.002 ( 0.013)	Loss 1.1514e+00 (3.7648e-01)	Acc pseudo  84.38 ( 93.90)	Lr 1.000e-03 (1.000e-03)
2025-12-15 22:59:38,480 - INFO: Round 5, Fine-tune Epoch 0: loss=0.3828, acc(pseudo)=93.91%
2025-12-15 22:59:41,704 - INFO: Round 5, Fine-tune Epoch 0: acc(valid): 0.9250
2025-12-15 22:59:42,038 - INFO: Epoch: [1][  0/107]	Time  0.121 ( 0.121)	Loss 2.1009e-01 (2.1009e-01)	Acc pseudo  95.31 ( 95.31)	Lr 1.000e-03 (1.000e-03)
2025-12-15 22:59:42,176 - INFO: Epoch: [1][ 50/107]	Time  0.003 ( 0.005)	Loss 1.0628e-01 (2.7487e-01)	Acc pseudo  96.88 ( 94.27)	Lr 1.000e-03 (1.000e-03)
2025-12-15 22:59:42,306 - INFO: Epoch: [1][100/107]	Time  0.002 ( 0.004)	Loss 1.8084e-01 (2.8115e-01)	Acc pseudo  95.31 ( 94.17)	Lr 1.000e-03 (1.000e-03)
2025-12-15 22:59:42,348 - INFO: Round 5, Fine-tune Epoch 1: loss=0.2793, acc(pseudo)=94.23%
2025-12-15 22:59:45,509 - INFO: Round 5, Fine-tune Epoch 1: acc(valid): 0.8925
2025-12-15 22:59:45,509 - INFO: Round 5, Fine-tune Epoch 1: No improvement in validation accuracy. Patience(epoch): 1/5
2025-12-15 22:59:45,629 - INFO: Epoch: [2][  0/107]	Time  0.115 ( 0.115)	Loss 1.7024e-01 (1.7024e-01)	Acc pseudo  95.31 ( 95.31)	Lr 1.000e-03 (1.000e-03)
2025-12-15 22:59:45,770 - INFO: Epoch: [2][ 50/107]	Time  0.003 ( 0.005)	Loss 2.5977e-01 (2.8303e-01)	Acc pseudo  92.19 ( 94.36)	Lr 1.000e-03 (1.000e-03)
2025-12-15 22:59:45,899 - INFO: Epoch: [2][100/107]	Time  0.002 ( 0.004)	Loss 4.0484e-01 (2.7322e-01)	Acc pseudo  95.31 ( 94.35)	Lr 1.000e-03 (1.000e-03)
2025-12-15 22:59:45,942 - INFO: Round 5, Fine-tune Epoch 2: loss=0.2782, acc(pseudo)=94.30%
2025-12-15 22:59:49,170 - INFO: Round 5, Fine-tune Epoch 2: acc(valid): 0.9125
2025-12-15 22:59:49,171 - INFO: Round 5, Fine-tune Epoch 2: No improvement in validation accuracy. Patience(epoch): 2/5
2025-12-15 22:59:49,300 - INFO: Epoch: [3][  0/107]	Time  0.125 ( 0.125)	Loss 1.9242e-01 (1.9242e-01)	Acc pseudo  96.88 ( 96.88)	Lr 1.000e-03 (1.000e-03)
2025-12-15 22:59:49,440 - INFO: Epoch: [3][ 50/107]	Time  0.003 ( 0.005)	Loss 1.0718e-01 (2.2183e-01)	Acc pseudo  96.88 ( 95.01)	Lr 1.000e-03 (1.000e-03)
2025-12-15 22:59:49,580 - INFO: Epoch: [3][100/107]	Time  0.002 ( 0.004)	Loss 2.4298e-01 (2.1627e-01)	Acc pseudo  95.31 ( 94.94)	Lr 1.000e-03 (1.000e-03)
2025-12-15 22:59:49,622 - INFO: Round 5, Fine-tune Epoch 3: loss=0.2153, acc(pseudo)=95.02%
2025-12-15 22:59:52,810 - INFO: Round 5, Fine-tune Epoch 3: acc(valid): 0.9275
2025-12-15 22:59:53,110 - INFO: Epoch: [4][  0/107]	Time  0.116 ( 0.116)	Loss 1.2067e-01 (1.2067e-01)	Acc pseudo  98.44 ( 98.44)	Lr 1.000e-03 (1.000e-03)
2025-12-15 22:59:53,248 - INFO: Epoch: [4][ 50/107]	Time  0.003 ( 0.005)	Loss 7.2941e-02 (2.2697e-01)	Acc pseudo  98.44 ( 95.40)	Lr 1.000e-03 (1.000e-03)
2025-12-15 22:59:53,384 - INFO: Epoch: [4][100/107]	Time  0.002 ( 0.004)	Loss 4.6318e-01 (2.0637e-01)	Acc pseudo  92.19 ( 95.70)	Lr 1.000e-03 (1.000e-03)
2025-12-15 22:59:53,426 - INFO: Round 5, Fine-tune Epoch 4: loss=0.2025, acc(pseudo)=95.78%
2025-12-15 22:59:56,568 - INFO: Round 5, Fine-tune Epoch 4: acc(valid): 0.9075
2025-12-15 22:59:56,568 - INFO: Round 5, Fine-tune Epoch 4: No improvement in validation accuracy. Patience(epoch): 1/5
2025-12-15 22:59:56,691 - INFO: Epoch: [5][  0/107]	Time  0.118 ( 0.118)	Loss 1.1346e-01 (1.1346e-01)	Acc pseudo  96.88 ( 96.88)	Lr 1.000e-03 (1.000e-03)
2025-12-15 22:59:56,838 - INFO: Epoch: [5][ 50/107]	Time  0.003 ( 0.005)	Loss 2.2784e-01 (1.3991e-01)	Acc pseudo  95.31 ( 96.78)	Lr 1.000e-03 (1.000e-03)
2025-12-15 22:59:56,966 - INFO: Epoch: [5][100/107]	Time  0.002 ( 0.004)	Loss 2.0272e-02 (1.7672e-01)	Acc pseudo  98.44 ( 96.06)	Lr 1.000e-03 (1.000e-03)
2025-12-15 22:59:57,006 - INFO: Round 5, Fine-tune Epoch 5: loss=0.1786, acc(pseudo)=96.00%
2025-12-15 23:00:00,119 - INFO: Round 5, Fine-tune Epoch 5: acc(valid): 0.9250
2025-12-15 23:00:00,120 - INFO: Round 5, Fine-tune Epoch 5: No improvement in validation accuracy. Patience(epoch): 2/5
2025-12-15 23:00:00,241 - INFO: Epoch: [6][  0/107]	Time  0.117 ( 0.117)	Loss 1.0508e-01 (1.0508e-01)	Acc pseudo  98.44 ( 98.44)	Lr 1.000e-03 (1.000e-03)
2025-12-15 23:00:00,379 - INFO: Epoch: [6][ 50/107]	Time  0.003 ( 0.005)	Loss 8.6327e-02 (1.6589e-01)	Acc pseudo  98.44 ( 96.48)	Lr 1.000e-03 (1.000e-03)
2025-12-15 23:00:00,518 - INFO: Epoch: [6][100/107]	Time  0.002 ( 0.004)	Loss 1.3670e-01 (1.7673e-01)	Acc pseudo  95.31 ( 96.30)	Lr 1.000e-03 (1.000e-03)
2025-12-15 23:00:00,561 - INFO: Round 5, Fine-tune Epoch 6: loss=0.1795, acc(pseudo)=96.25%
2025-12-15 23:00:04,101 - INFO: Round 5, Fine-tune Epoch 6: acc(valid): 0.9150
2025-12-15 23:00:04,101 - INFO: Round 5, Fine-tune Epoch 6: No improvement in validation accuracy. Patience(epoch): 3/5
2025-12-15 23:00:04,222 - INFO: Epoch: [7][  0/107]	Time  0.115 ( 0.115)	Loss 3.4497e-01 (3.4497e-01)	Acc pseudo  90.62 ( 90.62)	Lr 1.000e-03 (1.000e-03)
2025-12-15 23:00:04,364 - INFO: Epoch: [7][ 50/107]	Time  0.002 ( 0.005)	Loss 1.1969e-01 (1.6596e-01)	Acc pseudo  98.44 ( 96.51)	Lr 1.000e-03 (1.000e-03)
2025-12-15 23:00:04,503 - INFO: Epoch: [7][100/107]	Time  0.002 ( 0.004)	Loss 1.9344e-01 (1.8471e-01)	Acc pseudo  96.88 ( 96.10)	Lr 1.000e-03 (1.000e-03)
2025-12-15 23:00:04,543 - INFO: Round 5, Fine-tune Epoch 7: loss=0.1863, acc(pseudo)=95.97%
2025-12-15 23:00:07,732 - INFO: Round 5, Fine-tune Epoch 7: acc(valid): 0.9150
2025-12-15 23:00:07,732 - INFO: Round 5, Fine-tune Epoch 7: No improvement in validation accuracy. Patience(epoch): 4/5
2025-12-15 23:00:07,856 - INFO: Epoch: [8][  0/107]	Time  0.119 ( 0.119)	Loss 1.8942e-01 (1.8942e-01)	Acc pseudo  95.31 ( 95.31)	Lr 1.000e-03 (1.000e-03)
2025-12-15 23:00:07,998 - INFO: Epoch: [8][ 50/107]	Time  0.003 ( 0.005)	Loss 8.4465e-02 (1.7951e-01)	Acc pseudo  96.88 ( 95.93)	Lr 1.000e-03 (1.000e-03)
2025-12-15 23:00:08,132 - INFO: Epoch: [8][100/107]	Time  0.002 ( 0.004)	Loss 8.6838e-02 (1.6868e-01)	Acc pseudo  95.31 ( 96.26)	Lr 1.000e-03 (1.000e-03)
2025-12-15 23:00:08,185 - INFO: Round 5, Fine-tune Epoch 8: loss=0.1707, acc(pseudo)=96.19%
2025-12-15 23:00:11,331 - INFO: Round 5, Fine-tune Epoch 8: acc(valid): 0.9125
2025-12-15 23:00:11,331 - INFO: Round 5, Fine-tune Epoch 8: No improvement in validation accuracy. Patience(epoch): 5/5
2025-12-15 23:00:11,331 - INFO: Early stopping at epoch 8 due to no improvement in validation accuracy for 5 epochs.
2025-12-15 23:00:11,332 - INFO: Round 5: Best fine-tuned epoch=3, acc(valid)=0.9275
2025-12-15 23:00:11,373 - INFO: Using HMM model from previous round: runs/the big bang theory/exp_video/result/self_supervised/exp0/round4/pseudo_label/hmm_params.pkl
2025-12-15 23:09:49,602 - INFO: Round 5: acc(valid)=0.9225, acc(test)=0.9075
2025-12-15 23:09:49,604 - INFO: No improvement. Patience(round): 2/5
2025-12-15 23:09:49,608 - INFO: ====================
2025-12-15 23:09:49,608 - INFO: Round 6: Fine-tuning iteration
2025-12-15 23:09:49,609 - INFO: ====================
2025-12-15 23:09:49,617 - INFO: Round 6 Part 1: Fine-tuning embedding model
2025-12-15 23:09:49,617 - INFO: Using pseudo-label file: runs/the big bang theory/exp_video/result/self_supervised/exp0/round5/pseudo_label/pseudo_labels_audio_nested_hmm_full(unreliable_pp=5.0).json
2025-12-15 23:09:49,687 - INFO: Fine-tuning embedding model for 20 epochs...
2025-12-15 23:09:49,805 - INFO: Epoch: [0][  0/107]	Time  0.114 ( 0.114)	Loss 1.0683e+00 (1.0683e+00)	Acc pseudo  92.19 ( 92.19)	Lr 1.000e-03 (1.000e-03)
2025-12-15 23:09:49,941 - INFO: Epoch: [0][ 50/107]	Time  0.003 ( 0.005)	Loss 4.9486e-01 (4.6256e-01)	Acc pseudo  93.75 ( 94.21)	Lr 1.000e-03 (1.000e-03)
2025-12-15 23:09:50,073 - INFO: Epoch: [0][100/107]	Time  0.002 ( 0.004)	Loss 8.2738e-01 (4.4728e-01)	Acc pseudo  85.94 ( 93.97)	Lr 1.000e-03 (1.000e-03)
2025-12-15 23:09:50,116 - INFO: Round 6, Fine-tune Epoch 0: loss=0.4413, acc(pseudo)=93.89%
2025-12-15 23:09:53,204 - INFO: Round 6, Fine-tune Epoch 0: acc(valid): 0.9225
2025-12-15 23:09:53,518 - INFO: Epoch: [1][  0/107]	Time  0.118 ( 0.118)	Loss 1.8295e-01 (1.8295e-01)	Acc pseudo  96.88 ( 96.88)	Lr 1.000e-03 (1.000e-03)
2025-12-15 23:09:53,655 - INFO: Epoch: [1][ 50/107]	Time  0.003 ( 0.005)	Loss 9.9112e-02 (2.6075e-01)	Acc pseudo  96.88 ( 94.64)	Lr 1.000e-03 (1.000e-03)
2025-12-15 23:09:53,787 - INFO: Epoch: [1][100/107]	Time  0.002 ( 0.004)	Loss 4.9615e-01 (2.5776e-01)	Acc pseudo  95.31 ( 94.74)	Lr 1.000e-03 (1.000e-03)
2025-12-15 23:09:53,829 - INFO: Round 6, Fine-tune Epoch 1: loss=0.2587, acc(pseudo)=94.73%
2025-12-15 23:09:56,963 - INFO: Round 6, Fine-tune Epoch 1: acc(valid): 0.9025
2025-12-15 23:09:56,963 - INFO: Round 6, Fine-tune Epoch 1: No improvement in validation accuracy. Patience(epoch): 1/5
2025-12-15 23:09:57,082 - INFO: Epoch: [2][  0/107]	Time  0.114 ( 0.114)	Loss 2.3153e-01 (2.3153e-01)	Acc pseudo  92.19 ( 92.19)	Lr 1.000e-03 (1.000e-03)
2025-12-15 23:09:57,223 - INFO: Epoch: [2][ 50/107]	Time  0.002 ( 0.005)	Loss 1.6891e-01 (2.3922e-01)	Acc pseudo  96.88 ( 95.13)	Lr 1.000e-03 (1.000e-03)
2025-12-15 23:09:57,357 - INFO: Epoch: [2][100/107]	Time  0.002 ( 0.004)	Loss 4.9774e-02 (2.2023e-01)	Acc pseudo 100.00 ( 95.64)	Lr 1.000e-03 (1.000e-03)
2025-12-15 23:09:57,401 - INFO: Round 6, Fine-tune Epoch 2: loss=0.2224, acc(pseudo)=95.53%
2025-12-15 23:10:00,524 - INFO: Round 6, Fine-tune Epoch 2: acc(valid): 0.9175
2025-12-15 23:10:00,525 - INFO: Round 6, Fine-tune Epoch 2: No improvement in validation accuracy. Patience(epoch): 2/5
2025-12-15 23:10:00,646 - INFO: Epoch: [3][  0/107]	Time  0.117 ( 0.117)	Loss 1.9108e-01 (1.9108e-01)	Acc pseudo  93.75 ( 93.75)	Lr 1.000e-03 (1.000e-03)
2025-12-15 23:10:00,792 - INFO: Epoch: [3][ 50/107]	Time  0.003 ( 0.005)	Loss 5.5821e-02 (1.9974e-01)	Acc pseudo 100.00 ( 95.71)	Lr 1.000e-03 (1.000e-03)
2025-12-15 23:10:00,929 - INFO: Epoch: [3][100/107]	Time  0.002 ( 0.004)	Loss 2.7129e-01 (2.0386e-01)	Acc pseudo  90.62 ( 95.71)	Lr 1.000e-03 (1.000e-03)
2025-12-15 23:10:00,969 - INFO: Round 6, Fine-tune Epoch 3: loss=0.2030, acc(pseudo)=95.75%
2025-12-15 23:10:04,380 - INFO: Round 6, Fine-tune Epoch 3: acc(valid): 0.9250
2025-12-15 23:10:04,674 - INFO: Epoch: [4][  0/107]	Time  0.118 ( 0.118)	Loss 1.2815e-01 (1.2815e-01)	Acc pseudo  95.31 ( 95.31)	Lr 1.000e-03 (1.000e-03)
2025-12-15 23:10:04,809 - INFO: Epoch: [4][ 50/107]	Time  0.002 ( 0.005)	Loss 2.0432e-01 (1.7576e-01)	Acc pseudo  96.88 ( 96.08)	Lr 1.000e-03 (1.000e-03)
2025-12-15 23:10:04,939 - INFO: Epoch: [4][100/107]	Time  0.002 ( 0.004)	Loss 3.2451e-01 (1.7962e-01)	Acc pseudo  92.19 ( 96.10)	Lr 1.000e-03 (1.000e-03)
2025-12-15 23:10:04,981 - INFO: Round 6, Fine-tune Epoch 4: loss=0.1775, acc(pseudo)=96.16%
2025-12-15 23:10:08,672 - INFO: Round 6, Fine-tune Epoch 4: acc(valid): 0.9250
2025-12-15 23:10:08,673 - INFO: Round 6, Fine-tune Epoch 4: No improvement in validation accuracy. Patience(epoch): 1/5
2025-12-15 23:10:08,794 - INFO: Epoch: [5][  0/107]	Time  0.116 ( 0.116)	Loss 6.1138e-02 (6.1138e-02)	Acc pseudo  96.88 ( 96.88)	Lr 1.000e-03 (1.000e-03)
2025-12-15 23:10:08,935 - INFO: Epoch: [5][ 50/107]	Time  0.002 ( 0.005)	Loss 1.4552e-01 (1.4178e-01)	Acc pseudo  95.31 ( 96.88)	Lr 1.000e-03 (1.000e-03)
2025-12-15 23:10:09,072 - INFO: Epoch: [5][100/107]	Time  0.002 ( 0.004)	Loss 6.2033e-02 (1.5619e-01)	Acc pseudo  98.44 ( 96.46)	Lr 1.000e-03 (1.000e-03)
2025-12-15 23:10:09,114 - INFO: Round 6, Fine-tune Epoch 5: loss=0.1571, acc(pseudo)=96.46%
2025-12-15 23:10:13,088 - INFO: Round 6, Fine-tune Epoch 5: acc(valid): 0.9225
2025-12-15 23:10:13,089 - INFO: Round 6, Fine-tune Epoch 5: No improvement in validation accuracy. Patience(epoch): 2/5
2025-12-15 23:10:13,233 - INFO: Epoch: [6][  0/107]	Time  0.139 ( 0.139)	Loss 7.3356e-02 (7.3356e-02)	Acc pseudo  98.44 ( 98.44)	Lr 1.000e-03 (1.000e-03)
2025-12-15 23:10:13,371 - INFO: Epoch: [6][ 50/107]	Time  0.003 ( 0.005)	Loss 4.6658e-02 (1.5244e-01)	Acc pseudo  98.44 ( 96.48)	Lr 1.000e-03 (1.000e-03)
2025-12-15 23:10:13,504 - INFO: Epoch: [6][100/107]	Time  0.002 ( 0.004)	Loss 1.3627e-01 (1.5049e-01)	Acc pseudo  98.44 ( 96.74)	Lr 1.000e-03 (1.000e-03)
2025-12-15 23:10:13,554 - INFO: Round 6, Fine-tune Epoch 6: loss=0.1494, acc(pseudo)=96.75%
2025-12-15 23:10:17,568 - INFO: Round 6, Fine-tune Epoch 6: acc(valid): 0.9000
2025-12-15 23:10:17,568 - INFO: Round 6, Fine-tune Epoch 6: No improvement in validation accuracy. Patience(epoch): 3/5
2025-12-15 23:10:17,692 - INFO: Epoch: [7][  0/107]	Time  0.120 ( 0.120)	Loss 1.0569e-01 (1.0569e-01)	Acc pseudo  96.88 ( 96.88)	Lr 1.000e-03 (1.000e-03)
2025-12-15 23:10:17,831 - INFO: Epoch: [7][ 50/107]	Time  0.003 ( 0.005)	Loss 7.3869e-02 (1.2074e-01)	Acc pseudo  98.44 ( 97.52)	Lr 1.000e-03 (1.000e-03)
2025-12-15 23:10:17,968 - INFO: Epoch: [7][100/107]	Time  0.002 ( 0.004)	Loss 1.9413e-01 (1.4258e-01)	Acc pseudo  93.75 ( 97.09)	Lr 1.000e-03 (1.000e-03)
2025-12-15 23:10:18,009 - INFO: Round 6, Fine-tune Epoch 7: loss=0.1443, acc(pseudo)=96.97%
2025-12-15 23:10:21,093 - INFO: Round 6, Fine-tune Epoch 7: acc(valid): 0.9125
2025-12-15 23:10:21,093 - INFO: Round 6, Fine-tune Epoch 7: No improvement in validation accuracy. Patience(epoch): 4/5
2025-12-15 23:10:21,213 - INFO: Epoch: [8][  0/107]	Time  0.115 ( 0.115)	Loss 1.4505e-01 (1.4505e-01)	Acc pseudo  96.88 ( 96.88)	Lr 1.000e-03 (1.000e-03)
2025-12-15 23:10:21,349 - INFO: Epoch: [8][ 50/107]	Time  0.003 ( 0.005)	Loss 3.7772e-02 (1.4123e-01)	Acc pseudo 100.00 ( 97.00)	Lr 1.000e-03 (1.000e-03)
2025-12-15 23:10:21,484 - INFO: Epoch: [8][100/107]	Time  0.002 ( 0.004)	Loss 8.0527e-02 (1.4179e-01)	Acc pseudo  98.44 ( 96.94)	Lr 1.000e-03 (1.000e-03)
2025-12-15 23:10:21,527 - INFO: Round 6, Fine-tune Epoch 8: loss=0.1446, acc(pseudo)=96.91%
2025-12-15 23:10:24,739 - INFO: Round 6, Fine-tune Epoch 8: acc(valid): 0.9125
2025-12-15 23:10:24,739 - INFO: Round 6, Fine-tune Epoch 8: No improvement in validation accuracy. Patience(epoch): 5/5
2025-12-15 23:10:24,739 - INFO: Early stopping at epoch 8 due to no improvement in validation accuracy for 5 epochs.
2025-12-15 23:10:24,740 - INFO: Round 6: Best fine-tuned epoch=3, acc(valid)=0.9250
2025-12-15 23:10:24,772 - INFO: Using HMM model from previous round: runs/the big bang theory/exp_video/result/self_supervised/exp0/round5/pseudo_label/hmm_params.pkl
2025-12-15 23:19:32,737 - INFO: Round 6: acc(valid)=0.9225, acc(test)=0.9075
2025-12-15 23:19:32,737 - INFO: No improvement. Patience(round): 3/5
2025-12-15 23:19:32,739 - INFO: ====================
2025-12-15 23:19:32,740 - INFO: Round 7: Fine-tuning iteration
2025-12-15 23:19:32,740 - INFO: ====================
2025-12-15 23:19:32,749 - INFO: Round 7 Part 1: Fine-tuning embedding model
2025-12-15 23:19:32,750 - INFO: Using pseudo-label file: runs/the big bang theory/exp_video/result/self_supervised/exp0/round6/pseudo_label/pseudo_labels_audio_nested_hmm_full(unreliable_pp=5.0).json
2025-12-15 23:19:32,799 - INFO: Fine-tuning embedding model for 20 epochs...
2025-12-15 23:19:32,918 - INFO: Epoch: [0][  0/107]	Time  0.116 ( 0.116)	Loss 1.4462e-01 (1.4462e-01)	Acc pseudo  95.31 ( 95.31)	Lr 1.000e-03 (1.000e-03)
2025-12-15 23:19:33,059 - INFO: Epoch: [0][ 50/107]	Time  0.003 ( 0.005)	Loss 4.6577e-01 (3.4672e-01)	Acc pseudo  92.19 ( 95.22)	Lr 1.000e-03 (1.000e-03)
2025-12-15 23:19:33,186 - INFO: Epoch: [0][100/107]	Time  0.002 ( 0.004)	Loss 4.6349e-01 (4.0107e-01)	Acc pseudo  89.06 ( 95.24)	Lr 1.000e-03 (1.000e-03)
2025-12-15 23:19:33,228 - INFO: Round 7, Fine-tune Epoch 0: loss=0.3921, acc(pseudo)=95.28%
2025-12-15 23:19:36,296 - INFO: Round 7, Fine-tune Epoch 0: acc(valid): 0.9100
2025-12-15 23:19:36,592 - INFO: Epoch: [1][  0/107]	Time  0.120 ( 0.120)	Loss 1.4329e-01 (1.4329e-01)	Acc pseudo  96.88 ( 96.88)	Lr 1.000e-03 (1.000e-03)
2025-12-15 23:19:36,730 - INFO: Epoch: [1][ 50/107]	Time  0.003 ( 0.005)	Loss 2.2113e-01 (2.2406e-01)	Acc pseudo  96.88 ( 95.96)	Lr 1.000e-03 (1.000e-03)
2025-12-15 23:19:36,861 - INFO: Epoch: [1][100/107]	Time  0.002 ( 0.004)	Loss 4.7588e-01 (2.2979e-01)	Acc pseudo  96.88 ( 95.59)	Lr 1.000e-03 (1.000e-03)
2025-12-15 23:19:36,903 - INFO: Round 7, Fine-tune Epoch 1: loss=0.2341, acc(pseudo)=95.49%
2025-12-15 23:19:40,035 - INFO: Round 7, Fine-tune Epoch 1: acc(valid): 0.9075
2025-12-15 23:19:40,035 - INFO: Round 7, Fine-tune Epoch 1: No improvement in validation accuracy. Patience(epoch): 1/5
2025-12-15 23:19:40,155 - INFO: Epoch: [2][  0/107]	Time  0.115 ( 0.115)	Loss 1.4520e-01 (1.4520e-01)	Acc pseudo  95.31 ( 95.31)	Lr 1.000e-03 (1.000e-03)
2025-12-15 23:19:40,296 - INFO: Epoch: [2][ 50/107]	Time  0.003 ( 0.005)	Loss 2.1076e-01 (1.6911e-01)	Acc pseudo  93.75 ( 96.17)	Lr 1.000e-03 (1.000e-03)
2025-12-15 23:19:40,429 - INFO: Epoch: [2][100/107]	Time  0.002 ( 0.004)	Loss 8.8698e-02 (1.7631e-01)	Acc pseudo  98.44 ( 96.24)	Lr 1.000e-03 (1.000e-03)
2025-12-15 23:19:40,473 - INFO: Round 7, Fine-tune Epoch 2: loss=0.1894, acc(pseudo)=96.21%
2025-12-15 23:19:43,510 - INFO: Round 7, Fine-tune Epoch 2: acc(valid): 0.9200
2025-12-15 23:19:43,806 - INFO: Epoch: [3][  0/107]	Time  0.119 ( 0.119)	Loss 3.4950e-01 (3.4950e-01)	Acc pseudo  93.75 ( 93.75)	Lr 1.000e-03 (1.000e-03)
2025-12-15 23:19:43,951 - INFO: Epoch: [3][ 50/107]	Time  0.003 ( 0.005)	Loss 5.7128e-02 (1.7265e-01)	Acc pseudo 100.00 ( 96.66)	Lr 1.000e-03 (1.000e-03)
2025-12-15 23:19:44,084 - INFO: Epoch: [3][100/107]	Time  0.002 ( 0.004)	Loss 3.1868e-01 (1.7323e-01)	Acc pseudo  93.75 ( 96.60)	Lr 1.000e-03 (1.000e-03)
2025-12-15 23:19:44,125 - INFO: Round 7, Fine-tune Epoch 3: loss=0.1717, acc(pseudo)=96.51%
2025-12-15 23:19:47,257 - INFO: Round 7, Fine-tune Epoch 3: acc(valid): 0.9150
2025-12-15 23:19:47,257 - INFO: Round 7, Fine-tune Epoch 3: No improvement in validation accuracy. Patience(epoch): 1/5
2025-12-15 23:19:47,378 - INFO: Epoch: [4][  0/107]	Time  0.116 ( 0.116)	Loss 1.6506e-01 (1.6506e-01)	Acc pseudo  95.31 ( 95.31)	Lr 1.000e-03 (1.000e-03)
2025-12-15 23:19:47,516 - INFO: Epoch: [4][ 50/107]	Time  0.003 ( 0.005)	Loss 2.1297e-01 (1.4753e-01)	Acc pseudo  96.88 ( 97.03)	Lr 1.000e-03 (1.000e-03)
2025-12-15 23:19:47,658 - INFO: Epoch: [4][100/107]	Time  0.002 ( 0.004)	Loss 2.3254e-01 (1.4314e-01)	Acc pseudo  95.31 ( 97.01)	Lr 1.000e-03 (1.000e-03)
2025-12-15 23:19:47,698 - INFO: Round 7, Fine-tune Epoch 4: loss=0.1401, acc(pseudo)=97.04%
2025-12-15 23:19:50,855 - INFO: Round 7, Fine-tune Epoch 4: acc(valid): 0.9250
2025-12-15 23:19:51,150 - INFO: Epoch: [5][  0/107]	Time  0.117 ( 0.117)	Loss 7.7521e-02 (7.7521e-02)	Acc pseudo  95.31 ( 95.31)	Lr 1.000e-03 (1.000e-03)
2025-12-15 23:19:51,293 - INFO: Epoch: [5][ 50/107]	Time  0.003 ( 0.005)	Loss 1.2392e-01 (1.1200e-01)	Acc pseudo  96.88 ( 97.30)	Lr 1.000e-03 (1.000e-03)
2025-12-15 23:19:51,423 - INFO: Epoch: [5][100/107]	Time  0.002 ( 0.004)	Loss 6.3846e-02 (1.2427e-01)	Acc pseudo  98.44 ( 97.03)	Lr 1.000e-03 (1.000e-03)
2025-12-15 23:19:51,463 - INFO: Round 7, Fine-tune Epoch 5: loss=0.1257, acc(pseudo)=96.97%
2025-12-15 23:19:54,629 - INFO: Round 7, Fine-tune Epoch 5: acc(valid): 0.9225
2025-12-15 23:19:54,629 - INFO: Round 7, Fine-tune Epoch 5: No improvement in validation accuracy. Patience(epoch): 1/5
2025-12-15 23:19:54,750 - INFO: Epoch: [6][  0/107]	Time  0.116 ( 0.116)	Loss 1.2701e-01 (1.2701e-01)	Acc pseudo  98.44 ( 98.44)	Lr 1.000e-03 (1.000e-03)
2025-12-15 23:19:54,890 - INFO: Epoch: [6][ 50/107]	Time  0.002 ( 0.005)	Loss 1.0692e-01 (1.3538e-01)	Acc pseudo  96.88 ( 97.24)	Lr 1.000e-03 (1.000e-03)
2025-12-15 23:19:55,021 - INFO: Epoch: [6][100/107]	Time  0.002 ( 0.004)	Loss 8.9861e-02 (1.3143e-01)	Acc pseudo 100.00 ( 97.28)	Lr 1.000e-03 (1.000e-03)
2025-12-15 23:19:55,064 - INFO: Round 7, Fine-tune Epoch 6: loss=0.1308, acc(pseudo)=97.26%
2025-12-15 23:19:58,117 - INFO: Round 7, Fine-tune Epoch 6: acc(valid): 0.9175
2025-12-15 23:19:58,117 - INFO: Round 7, Fine-tune Epoch 6: No improvement in validation accuracy. Patience(epoch): 2/5
2025-12-15 23:19:58,238 - INFO: Epoch: [7][  0/107]	Time  0.116 ( 0.116)	Loss 1.5338e-01 (1.5338e-01)	Acc pseudo  95.31 ( 95.31)	Lr 1.000e-03 (1.000e-03)
2025-12-15 23:19:58,378 - INFO: Epoch: [7][ 50/107]	Time  0.003 ( 0.005)	Loss 1.8100e-01 (1.0964e-01)	Acc pseudo  95.31 ( 97.49)	Lr 1.000e-03 (1.000e-03)
2025-12-15 23:19:58,510 - INFO: Epoch: [7][100/107]	Time  0.002 ( 0.004)	Loss 1.8202e-01 (1.2118e-01)	Acc pseudo  95.31 ( 97.26)	Lr 1.000e-03 (1.000e-03)
2025-12-15 23:19:58,553 - INFO: Round 7, Fine-tune Epoch 7: loss=0.1215, acc(pseudo)=97.23%
2025-12-15 23:20:01,666 - INFO: Round 7, Fine-tune Epoch 7: acc(valid): 0.9175
2025-12-15 23:20:01,666 - INFO: Round 7, Fine-tune Epoch 7: No improvement in validation accuracy. Patience(epoch): 3/5
2025-12-15 23:20:01,787 - INFO: Epoch: [8][  0/107]	Time  0.116 ( 0.116)	Loss 9.8632e-02 (9.8632e-02)	Acc pseudo 100.00 (100.00)	Lr 1.000e-03 (1.000e-03)
2025-12-15 23:20:01,928 - INFO: Epoch: [8][ 50/107]	Time  0.003 ( 0.005)	Loss 6.6228e-02 (1.1731e-01)	Acc pseudo 100.00 ( 97.70)	Lr 1.000e-03 (1.000e-03)
2025-12-15 23:20:02,060 - INFO: Epoch: [8][100/107]	Time  0.002 ( 0.004)	Loss 3.1604e-01 (1.1893e-01)	Acc pseudo  95.31 ( 97.23)	Lr 1.000e-03 (1.000e-03)
2025-12-15 23:20:02,104 - INFO: Round 7, Fine-tune Epoch 8: loss=0.1173, acc(pseudo)=97.31%
2025-12-15 23:20:05,239 - INFO: Round 7, Fine-tune Epoch 8: acc(valid): 0.9200
2025-12-15 23:20:05,239 - INFO: Round 7, Fine-tune Epoch 8: No improvement in validation accuracy. Patience(epoch): 4/5
2025-12-15 23:20:05,363 - INFO: Epoch: [9][  0/107]	Time  0.119 ( 0.119)	Loss 1.4916e-01 (1.4916e-01)	Acc pseudo  96.88 ( 96.88)	Lr 1.000e-03 (1.000e-03)
2025-12-15 23:20:05,502 - INFO: Epoch: [9][ 50/107]	Time  0.002 ( 0.005)	Loss 1.7086e-01 (1.3598e-01)	Acc pseudo  95.31 ( 96.66)	Lr 1.000e-03 (1.000e-03)
2025-12-15 23:20:05,633 - INFO: Epoch: [9][100/107]	Time  0.002 ( 0.004)	Loss 1.3712e-01 (1.5397e-01)	Acc pseudo  96.88 ( 96.64)	Lr 1.000e-03 (1.000e-03)
2025-12-15 23:20:05,674 - INFO: Round 7, Fine-tune Epoch 9: loss=0.1569, acc(pseudo)=96.54%
2025-12-15 23:20:09,453 - INFO: Round 7, Fine-tune Epoch 9: acc(valid): 0.8825
2025-12-15 23:20:09,453 - INFO: Round 7, Fine-tune Epoch 9: No improvement in validation accuracy. Patience(epoch): 5/5
2025-12-15 23:20:09,453 - INFO: Early stopping at epoch 9 due to no improvement in validation accuracy for 5 epochs.
2025-12-15 23:20:09,454 - INFO: Round 7: Best fine-tuned epoch=4, acc(valid)=0.9250
2025-12-15 23:20:09,467 - INFO: Using HMM model from previous round: runs/the big bang theory/exp_video/result/self_supervised/exp0/round6/pseudo_label/hmm_params.pkl
2025-12-15 23:24:56,400 - INFO: Round 7: acc(valid)=0.9175, acc(test)=0.9019
2025-12-15 23:24:56,400 - INFO: No improvement. Patience(round): 4/5
2025-12-15 23:24:56,402 - INFO: ====================
2025-12-15 23:24:56,402 - INFO: Round 8: Fine-tuning iteration
2025-12-15 23:24:56,402 - INFO: ====================
2025-12-15 23:24:56,414 - INFO: Round 8 Part 1: Fine-tuning embedding model
2025-12-15 23:24:56,414 - INFO: Using pseudo-label file: runs/the big bang theory/exp_video/result/self_supervised/exp0/round7/pseudo_label/pseudo_labels_audio_nested_hmm_full(unreliable_pp=5.0).json
2025-12-15 23:24:56,476 - INFO: Fine-tuning embedding model for 20 epochs...
2025-12-15 23:24:56,611 - INFO: Epoch: [0][  0/107]	Time  0.131 ( 0.131)	Loss 8.6862e-02 (8.6862e-02)	Acc pseudo  96.88 ( 96.88)	Lr 1.000e-03 (1.000e-03)
2025-12-15 23:24:56,749 - INFO: Epoch: [0][ 50/107]	Time  0.003 ( 0.005)	Loss 4.9383e-01 (2.8846e-01)	Acc pseudo  92.19 ( 95.47)	Lr 1.000e-03 (1.000e-03)
2025-12-15 23:24:56,880 - INFO: Epoch: [0][100/107]	Time  0.002 ( 0.004)	Loss 5.0547e-01 (2.5762e-01)	Acc pseudo  87.50 ( 95.76)	Lr 1.000e-03 (1.000e-03)
2025-12-15 23:24:56,921 - INFO: Round 8, Fine-tune Epoch 0: loss=0.2534, acc(pseudo)=95.80%
2025-12-15 23:25:00,628 - INFO: Round 8, Fine-tune Epoch 0: acc(valid): 0.9125
2025-12-15 23:25:01,399 - INFO: Epoch: [1][  0/107]	Time  0.600 ( 0.600)	Loss 1.4565e-01 (1.4565e-01)	Acc pseudo  96.88 ( 96.88)	Lr 1.000e-03 (1.000e-03)
2025-12-15 23:25:01,531 - INFO: Epoch: [1][ 50/107]	Time  0.003 ( 0.014)	Loss 9.3243e-02 (1.4224e-01)	Acc pseudo  95.31 ( 96.78)	Lr 1.000e-03 (1.000e-03)
2025-12-15 23:25:01,665 - INFO: Epoch: [1][100/107]	Time  0.002 ( 0.009)	Loss 1.3501e-01 (1.5521e-01)	Acc pseudo  98.44 ( 96.61)	Lr 1.000e-03 (1.000e-03)
2025-12-15 23:25:01,716 - INFO: Round 8, Fine-tune Epoch 1: loss=0.1583, acc(pseudo)=96.56%
2025-12-15 23:25:05,586 - INFO: Round 8, Fine-tune Epoch 1: acc(valid): 0.9150
2025-12-15 23:25:05,915 - INFO: Epoch: [2][  0/107]	Time  0.115 ( 0.115)	Loss 1.1826e-01 (1.1826e-01)	Acc pseudo  96.88 ( 96.88)	Lr 1.000e-03 (1.000e-03)
2025-12-15 23:25:06,052 - INFO: Epoch: [2][ 50/107]	Time  0.003 ( 0.005)	Loss 1.3979e-01 (1.4498e-01)	Acc pseudo  98.44 ( 96.66)	Lr 1.000e-03 (1.000e-03)
2025-12-15 23:25:06,183 - INFO: Epoch: [2][100/107]	Time  0.002 ( 0.004)	Loss 2.4846e-02 (1.4320e-01)	Acc pseudo  98.44 ( 96.97)	Lr 1.000e-03 (1.000e-03)
2025-12-15 23:25:06,224 - INFO: Round 8, Fine-tune Epoch 2: loss=0.1447, acc(pseudo)=96.94%
2025-12-15 23:25:09,881 - INFO: Round 8, Fine-tune Epoch 2: acc(valid): 0.9100
2025-12-15 23:25:09,881 - INFO: Round 8, Fine-tune Epoch 2: No improvement in validation accuracy. Patience(epoch): 1/5
2025-12-15 23:25:10,026 - INFO: Epoch: [3][  0/107]	Time  0.140 ( 0.140)	Loss 2.0803e-02 (2.0803e-02)	Acc pseudo 100.00 (100.00)	Lr 1.000e-03 (1.000e-03)
2025-12-15 23:25:10,165 - INFO: Epoch: [3][ 50/107]	Time  0.003 ( 0.005)	Loss 1.2025e-01 (1.5149e-01)	Acc pseudo  98.44 ( 96.66)	Lr 1.000e-03 (1.000e-03)
2025-12-15 23:25:10,298 - INFO: Epoch: [3][100/107]	Time  0.002 ( 0.004)	Loss 2.1048e-01 (1.4513e-01)	Acc pseudo  95.31 ( 96.84)	Lr 1.000e-03 (1.000e-03)
2025-12-15 23:25:10,340 - INFO: Round 8, Fine-tune Epoch 3: loss=0.1445, acc(pseudo)=96.88%
2025-12-15 23:25:13,401 - INFO: Round 8, Fine-tune Epoch 3: acc(valid): 0.9125
2025-12-15 23:25:13,401 - INFO: Round 8, Fine-tune Epoch 3: No improvement in validation accuracy. Patience(epoch): 2/5
2025-12-15 23:25:13,522 - INFO: Epoch: [4][  0/107]	Time  0.117 ( 0.117)	Loss 3.2120e-02 (3.2120e-02)	Acc pseudo  98.44 ( 98.44)	Lr 1.000e-03 (1.000e-03)
2025-12-15 23:25:13,658 - INFO: Epoch: [4][ 50/107]	Time  0.002 ( 0.005)	Loss 1.1023e-01 (1.3963e-01)	Acc pseudo  96.88 ( 97.06)	Lr 1.000e-03 (1.000e-03)
2025-12-15 23:25:13,787 - INFO: Epoch: [4][100/107]	Time  0.002 ( 0.004)	Loss 1.6342e-01 (1.3779e-01)	Acc pseudo  98.44 ( 96.89)	Lr 1.000e-03 (1.000e-03)
2025-12-15 23:25:13,829 - INFO: Round 8, Fine-tune Epoch 4: loss=0.1334, acc(pseudo)=96.98%
2025-12-15 23:25:17,035 - INFO: Round 8, Fine-tune Epoch 4: acc(valid): 0.9125
2025-12-15 23:25:17,035 - INFO: Round 8, Fine-tune Epoch 4: No improvement in validation accuracy. Patience(epoch): 3/5
2025-12-15 23:25:17,157 - INFO: Epoch: [5][  0/107]	Time  0.117 ( 0.117)	Loss 1.1615e-01 (1.1615e-01)	Acc pseudo  96.88 ( 96.88)	Lr 1.000e-03 (1.000e-03)
2025-12-15 23:25:17,293 - INFO: Epoch: [5][ 50/107]	Time  0.003 ( 0.005)	Loss 1.1976e-01 (9.3861e-02)	Acc pseudo  96.88 ( 97.58)	Lr 1.000e-03 (1.000e-03)
2025-12-15 23:25:17,427 - INFO: Epoch: [5][100/107]	Time  0.002 ( 0.004)	Loss 5.8886e-03 (1.0280e-01)	Acc pseudo 100.00 ( 97.37)	Lr 1.000e-03 (1.000e-03)
2025-12-15 23:25:17,477 - INFO: Round 8, Fine-tune Epoch 5: loss=0.1039, acc(pseudo)=97.28%
2025-12-15 23:25:20,631 - INFO: Round 8, Fine-tune Epoch 5: acc(valid): 0.9075
2025-12-15 23:25:20,631 - INFO: Round 8, Fine-tune Epoch 5: No improvement in validation accuracy. Patience(epoch): 4/5
2025-12-15 23:25:20,752 - INFO: Epoch: [6][  0/107]	Time  0.116 ( 0.116)	Loss 3.9466e-01 (3.9466e-01)	Acc pseudo  93.75 ( 93.75)	Lr 1.000e-03 (1.000e-03)
2025-12-15 23:25:20,889 - INFO: Epoch: [6][ 50/107]	Time  0.003 ( 0.005)	Loss 8.2288e-02 (1.1447e-01)	Acc pseudo  98.44 ( 97.82)	Lr 1.000e-03 (1.000e-03)
2025-12-15 23:25:21,020 - INFO: Epoch: [6][100/107]	Time  0.002 ( 0.004)	Loss 1.2102e-01 (1.1471e-01)	Acc pseudo  95.31 ( 97.54)	Lr 1.000e-03 (1.000e-03)
2025-12-15 23:25:21,068 - INFO: Round 8, Fine-tune Epoch 6: loss=0.1129, acc(pseudo)=97.54%
2025-12-15 23:25:24,280 - INFO: Round 8, Fine-tune Epoch 6: acc(valid): 0.8925
2025-12-15 23:25:24,280 - INFO: Round 8, Fine-tune Epoch 6: No improvement in validation accuracy. Patience(epoch): 5/5
2025-12-15 23:25:24,280 - INFO: Early stopping at epoch 6 due to no improvement in validation accuracy for 5 epochs.
2025-12-15 23:25:24,281 - INFO: Round 8: Best fine-tuned epoch=1, acc(valid)=0.9150
2025-12-15 23:25:24,298 - INFO: Using HMM model from previous round: runs/the big bang theory/exp_video/result/self_supervised/exp0/round7/pseudo_label/hmm_params.pkl
2025-12-15 23:31:11,095 - INFO: Round 8: acc(valid)=0.9200, acc(test)=0.8981
2025-12-15 23:31:11,095 - INFO: No improvement. Patience(round): 5/5
2025-12-15 23:31:11,097 - INFO: Early stopping triggered at round 3.
2025-12-15 23:31:11,097 - INFO: ====================
2025-12-15 23:31:11,097 - INFO: Self-supervised fine-tuning completed!
2025-12-15 23:31:11,097 - INFO: Initial: acc(valid)=0.9000, acc(test)=0.9162
2025-12-15 23:31:11,098 - INFO: Best acc(valid) at round 3: acc(valid)=0.9225, acc(test)=0.9038
2025-12-15 23:31:11,098 - INFO: Improvement for acc(valid): 0.0225 (2.50%)
2025-12-15 23:31:11,098 - INFO: Improvement for acc(test): -0.0124 (-1.35%)
2025-12-15 23:31:11,098 - INFO: ====================
