2025-12-18 15:44:48,699 - INFO: Starting self-supervised fine-tuning pipeline
2025-12-18 15:44:48,700 - INFO: Device: cuda:0
2025-12-18 15:44:48,703 - INFO: Saved arguments to runs/the big bang theory/exp_video/result/self_supervised/exp0/args.json
2025-12-18 15:44:48,703 - INFO: ====================
2025-12-18 15:44:48,703 - INFO: Initialization: Initial clustering with HMM correction
2025-12-18 15:44:48,704 - INFO: ====================
2025-12-18 15:44:48,752 - INFO: Skipping initial clustering, using existing results.
2025-12-18 15:45:00,030 - INFO: Initial: acc(valid)=0.9000, acc(test)=0.9162
2025-12-18 15:45:00,051 - INFO: ====================
2025-12-18 15:45:00,052 - INFO: Round 0: Fine-tuning iteration
2025-12-18 15:45:00,052 - INFO: ====================
2025-12-18 15:45:00,057 - INFO: Round 0 Part 1: Fine-tuning embedding model
2025-12-18 15:45:00,058 - INFO: Using pseudo-label file: runs/the big bang theory/exp_video/result/self_supervised/exp0/initial/pseudo_label/pseudo_labels_audio_nested_hmm_full(unreliable_pp=5.0).json
2025-12-18 15:45:03,390 - INFO: Embedding dimension: 512
2025-12-18 15:45:04,046 - INFO: Saved config_model to runs/the big bang theory/exp_video/result/self_supervised/exp0/round0/config_model.json
2025-12-18 15:46:40,136 - INFO: Extracting hidden features for all samples,which are outputs of StatsPool layer...
2025-12-18 15:46:40,136 - INFO: args.unfrozen_layers_num=2 is not used when extracting hidden features.
2025-12-18 15:50:36,586 - INFO: Hidden features extracted for 6829 samples
2025-12-18 15:50:36,640 - INFO: Warmup training classifier for 2 epochs...
2025-12-18 15:50:37,474 - INFO: Epoch: [0][  0/107]	Time  0.830 ( 0.830)	Loss 2.4801e+00 (2.4801e+00)	Acc pseudo   6.25 (  6.25)	Lr 1.000e-03 (1.000e-03)
2025-12-18 15:50:37,621 - INFO: Epoch: [0][ 50/107]	Time  0.002 ( 0.019)	Loss 8.2399e-01 (1.2069e+00)	Acc pseudo  85.94 ( 77.94)	Lr 1.000e-03 (1.000e-03)
2025-12-18 15:50:37,746 - INFO: Epoch: [0][100/107]	Time  0.002 ( 0.011)	Loss 6.1822e-01 (8.6168e-01)	Acc pseudo  92.19 ( 84.93)	Lr 1.000e-03 (1.000e-03)
2025-12-18 15:50:37,801 - INFO: Round 0, Warmup Epoch 0: loss=0.8424, acc(pseudo)=85.22%
2025-12-18 15:50:37,975 - INFO: Epoch: [1][  0/107]	Time  0.169 ( 0.169)	Loss 4.9842e-01 (4.9842e-01)	Acc pseudo  93.75 ( 93.75)	Lr 1.000e-03 (1.000e-03)
2025-12-18 15:50:38,118 - INFO: Epoch: [1][ 50/107]	Time  0.003 ( 0.006)	Loss 3.2509e-01 (3.9057e-01)	Acc pseudo  90.62 ( 92.65)	Lr 1.000e-03 (1.000e-03)
2025-12-18 15:50:38,252 - INFO: Epoch: [1][100/107]	Time  0.002 ( 0.004)	Loss 3.2438e-01 (3.6539e-01)	Acc pseudo  89.06 ( 93.04)	Lr 1.000e-03 (1.000e-03)
2025-12-18 15:50:38,315 - INFO: Round 0, Warmup Epoch 1: loss=0.3661, acc(pseudo)=93.03%
2025-12-18 15:50:38,334 - INFO: Fine-tuning embedding model for 20 epochs...
2025-12-18 15:50:39,272 - INFO: Epoch: [0][  0/107]	Time  0.935 ( 0.935)	Loss 3.2925e-01 (3.2925e-01)	Acc pseudo  93.75 ( 93.75)	Lr 1.000e-03 (1.000e-03)
2025-12-18 15:50:39,430 - INFO: Epoch: [0][ 50/107]	Time  0.003 ( 0.021)	Loss 4.6008e-01 (5.2186e-01)	Acc pseudo  87.50 ( 89.74)	Lr 1.000e-03 (1.000e-03)
2025-12-18 15:50:39,578 - INFO: Epoch: [0][100/107]	Time  0.002 ( 0.012)	Loss 1.8281e-01 (4.7913e-01)	Acc pseudo  98.44 ( 90.24)	Lr 1.000e-03 (1.000e-03)
2025-12-18 15:50:39,635 - INFO: Round 0, Fine-tune Epoch 0: loss=0.4711, acc(pseudo)=90.32%
2025-12-18 15:50:44,565 - INFO: Round 0, Fine-tune Epoch 0: acc(valid): 0.8875
2025-12-18 15:50:44,948 - INFO: Epoch: [1][  0/107]	Time  0.193 ( 0.193)	Loss 2.2221e-01 (2.2221e-01)	Acc pseudo  93.75 ( 93.75)	Lr 1.000e-03 (1.000e-03)
2025-12-18 15:50:45,122 - INFO: Epoch: [1][ 50/107]	Time  0.002 ( 0.007)	Loss 5.2685e-01 (3.4097e-01)	Acc pseudo  85.94 ( 92.40)	Lr 1.000e-03 (1.000e-03)
2025-12-18 15:50:45,271 - INFO: Epoch: [1][100/107]	Time  0.002 ( 0.005)	Loss 9.8334e-02 (3.2677e-01)	Acc pseudo  96.88 ( 92.70)	Lr 1.000e-03 (1.000e-03)
2025-12-18 15:50:45,342 - INFO: Round 0, Fine-tune Epoch 1: loss=0.3250, acc(pseudo)=92.81%
2025-12-18 15:50:49,946 - INFO: Round 0, Fine-tune Epoch 1: acc(valid): 0.8875
2025-12-18 15:50:49,947 - INFO: Round 0, Fine-tune Epoch 1: No improvement in validation accuracy. Patience(epoch): 1/5
2025-12-18 15:50:50,138 - INFO: Epoch: [2][  0/107]	Time  0.185 ( 0.185)	Loss 1.9160e-01 (1.9160e-01)	Acc pseudo  93.75 ( 93.75)	Lr 1.000e-03 (1.000e-03)
2025-12-18 15:50:50,317 - INFO: Epoch: [2][ 50/107]	Time  0.003 ( 0.007)	Loss 1.2780e-01 (2.7689e-01)	Acc pseudo  98.44 ( 93.84)	Lr 1.000e-03 (1.000e-03)
2025-12-18 15:50:50,469 - INFO: Epoch: [2][100/107]	Time  0.002 ( 0.005)	Loss 1.5568e-01 (2.6475e-01)	Acc pseudo  95.31 ( 93.83)	Lr 1.000e-03 (1.000e-03)
2025-12-18 15:50:50,532 - INFO: Round 0, Fine-tune Epoch 2: loss=0.2672, acc(pseudo)=93.92%
2025-12-18 15:50:55,184 - INFO: Round 0, Fine-tune Epoch 2: acc(valid): 0.8875
2025-12-18 15:50:55,184 - INFO: Round 0, Fine-tune Epoch 2: No improvement in validation accuracy. Patience(epoch): 2/5
2025-12-18 15:50:55,373 - INFO: Epoch: [3][  0/107]	Time  0.184 ( 0.184)	Loss 4.2735e-01 (4.2735e-01)	Acc pseudo  89.06 ( 89.06)	Lr 1.000e-03 (1.000e-03)
2025-12-18 15:50:55,531 - INFO: Epoch: [3][ 50/107]	Time  0.003 ( 0.007)	Loss 2.5664e-01 (2.2833e-01)	Acc pseudo  92.19 ( 94.58)	Lr 1.000e-03 (1.000e-03)
2025-12-18 15:50:55,681 - INFO: Epoch: [3][100/107]	Time  0.002 ( 0.005)	Loss 1.2246e-01 (2.3772e-01)	Acc pseudo  96.88 ( 94.45)	Lr 1.000e-03 (1.000e-03)
2025-12-18 15:50:55,761 - INFO: Round 0, Fine-tune Epoch 3: loss=0.2349, acc(pseudo)=94.52%
2025-12-18 15:50:59,573 - INFO: Round 0, Fine-tune Epoch 3: acc(valid): 0.8850
2025-12-18 15:50:59,573 - INFO: Round 0, Fine-tune Epoch 3: No improvement in validation accuracy. Patience(epoch): 3/5
2025-12-18 15:50:59,763 - INFO: Epoch: [4][  0/107]	Time  0.179 ( 0.179)	Loss 3.6168e-01 (3.6168e-01)	Acc pseudo  90.62 ( 90.62)	Lr 1.000e-03 (1.000e-03)
2025-12-18 15:50:59,923 - INFO: Epoch: [4][ 50/107]	Time  0.003 ( 0.007)	Loss 2.0092e-01 (2.1713e-01)	Acc pseudo  96.88 ( 94.15)	Lr 1.000e-03 (1.000e-03)
2025-12-18 15:51:00,067 - INFO: Epoch: [4][100/107]	Time  0.002 ( 0.005)	Loss 2.0796e-01 (2.1477e-01)	Acc pseudo  95.31 ( 94.65)	Lr 1.000e-03 (1.000e-03)
2025-12-18 15:51:00,124 - INFO: Round 0, Fine-tune Epoch 4: loss=0.2134, acc(pseudo)=94.60%
2025-12-18 15:51:04,220 - INFO: Round 0, Fine-tune Epoch 4: acc(valid): 0.8925
2025-12-18 15:51:04,631 - INFO: Epoch: [5][  0/107]	Time  0.212 ( 0.212)	Loss 1.4428e-01 (1.4428e-01)	Acc pseudo  92.19 ( 92.19)	Lr 1.000e-03 (1.000e-03)
2025-12-18 15:51:04,784 - INFO: Epoch: [5][ 50/107]	Time  0.003 ( 0.007)	Loss 1.3023e-01 (1.6499e-01)	Acc pseudo  95.31 ( 95.47)	Lr 1.000e-03 (1.000e-03)
2025-12-18 15:51:04,938 - INFO: Epoch: [5][100/107]	Time  0.002 ( 0.005)	Loss 2.5896e-01 (1.7346e-01)	Acc pseudo  90.62 ( 95.48)	Lr 1.000e-03 (1.000e-03)
2025-12-18 15:51:04,995 - INFO: Round 0, Fine-tune Epoch 5: loss=0.1757, acc(pseudo)=95.40%
2025-12-18 15:51:08,800 - INFO: Round 0, Fine-tune Epoch 5: acc(valid): 0.8775
2025-12-18 15:51:08,800 - INFO: Round 0, Fine-tune Epoch 5: No improvement in validation accuracy. Patience(epoch): 1/5
2025-12-18 15:51:08,991 - INFO: Epoch: [6][  0/107]	Time  0.186 ( 0.186)	Loss 1.3561e-01 (1.3561e-01)	Acc pseudo  95.31 ( 95.31)	Lr 1.000e-03 (1.000e-03)
2025-12-18 15:51:09,146 - INFO: Epoch: [6][ 50/107]	Time  0.003 ( 0.007)	Loss 8.5404e-02 (1.5637e-01)	Acc pseudo  98.44 ( 95.71)	Lr 1.000e-03 (1.000e-03)
2025-12-18 15:51:09,295 - INFO: Epoch: [6][100/107]	Time  0.002 ( 0.005)	Loss 8.0213e-02 (1.6676e-01)	Acc pseudo  98.44 ( 95.48)	Lr 1.000e-03 (1.000e-03)
2025-12-18 15:51:09,356 - INFO: Round 0, Fine-tune Epoch 6: loss=0.1705, acc(pseudo)=95.40%
2025-12-18 15:51:13,225 - INFO: Round 0, Fine-tune Epoch 6: acc(valid): 0.8925
2025-12-18 15:51:13,225 - INFO: Round 0, Fine-tune Epoch 6: No improvement in validation accuracy. Patience(epoch): 2/5
2025-12-18 15:51:13,410 - INFO: Epoch: [7][  0/107]	Time  0.179 ( 0.179)	Loss 1.3978e-01 (1.3978e-01)	Acc pseudo  93.75 ( 93.75)	Lr 1.000e-03 (1.000e-03)
2025-12-18 15:51:13,601 - INFO: Epoch: [7][ 50/107]	Time  0.003 ( 0.007)	Loss 1.0028e-01 (1.6956e-01)	Acc pseudo  96.88 ( 95.25)	Lr 1.000e-03 (1.000e-03)
2025-12-18 15:51:13,754 - INFO: Epoch: [7][100/107]	Time  0.002 ( 0.005)	Loss 6.4659e-02 (1.6576e-01)	Acc pseudo  96.88 ( 95.36)	Lr 1.000e-03 (1.000e-03)
2025-12-18 15:51:13,813 - INFO: Round 0, Fine-tune Epoch 7: loss=0.1673, acc(pseudo)=95.40%
2025-12-18 15:51:17,643 - INFO: Round 0, Fine-tune Epoch 7: acc(valid): 0.8925
2025-12-18 15:51:17,643 - INFO: Round 0, Fine-tune Epoch 7: No improvement in validation accuracy. Patience(epoch): 3/5
2025-12-18 15:51:17,836 - INFO: Epoch: [8][  0/107]	Time  0.186 ( 0.186)	Loss 8.1619e-02 (8.1619e-02)	Acc pseudo  98.44 ( 98.44)	Lr 1.000e-03 (1.000e-03)
2025-12-18 15:51:17,999 - INFO: Epoch: [8][ 50/107]	Time  0.003 ( 0.007)	Loss 1.9752e-01 (1.3555e-01)	Acc pseudo  93.75 ( 96.11)	Lr 1.000e-03 (1.000e-03)
2025-12-18 15:51:18,149 - INFO: Epoch: [8][100/107]	Time  0.002 ( 0.005)	Loss 2.5548e-01 (1.5576e-01)	Acc pseudo  98.44 ( 95.70)	Lr 1.000e-03 (1.000e-03)
2025-12-18 15:51:18,207 - INFO: Round 0, Fine-tune Epoch 8: loss=0.1552, acc(pseudo)=95.71%
2025-12-18 15:51:22,088 - INFO: Round 0, Fine-tune Epoch 8: acc(valid): 0.8925
2025-12-18 15:51:22,088 - INFO: Round 0, Fine-tune Epoch 8: No improvement in validation accuracy. Patience(epoch): 4/5
2025-12-18 15:51:22,291 - INFO: Epoch: [9][  0/107]	Time  0.198 ( 0.198)	Loss 7.6910e-02 (7.6910e-02)	Acc pseudo  98.44 ( 98.44)	Lr 1.000e-03 (1.000e-03)
2025-12-18 15:51:22,445 - INFO: Epoch: [9][ 50/107]	Time  0.003 ( 0.007)	Loss 4.2792e-01 (1.4154e-01)	Acc pseudo  93.75 ( 95.77)	Lr 1.000e-03 (1.000e-03)
2025-12-18 15:51:22,600 - INFO: Epoch: [9][100/107]	Time  0.002 ( 0.005)	Loss 2.5412e-01 (1.3814e-01)	Acc pseudo  95.31 ( 96.09)	Lr 1.000e-03 (1.000e-03)
2025-12-18 15:51:22,661 - INFO: Round 0, Fine-tune Epoch 9: loss=0.1366, acc(pseudo)=96.21%
2025-12-18 15:51:26,367 - INFO: Round 0, Fine-tune Epoch 9: acc(valid): 0.8775
2025-12-18 15:51:26,367 - INFO: Round 0, Fine-tune Epoch 9: No improvement in validation accuracy. Patience(epoch): 5/5
2025-12-18 15:51:26,367 - INFO: Early stopping at epoch 9 due to no improvement in validation accuracy for 5 epochs.
2025-12-18 15:51:26,368 - INFO: Round 0: Best fine-tuned epoch=4, acc(valid)=0.8925
2025-12-18 15:51:26,384 - INFO: Using HMM model from previous round: runs/the big bang theory/exp_video/result/self_supervised/exp0/initial/pseudo_label/hmm_params.pkl
2025-12-18 16:06:32,671 - INFO: Round 0: acc(valid)=0.8975, acc(test)=0.9169
2025-12-18 16:06:32,676 - INFO: No improvement. Patience(round): 1/5
2025-12-18 16:06:32,680 - INFO: ====================
2025-12-18 16:06:32,680 - INFO: Round 1: Fine-tuning iteration
2025-12-18 16:06:32,680 - INFO: ====================
2025-12-18 16:06:32,689 - INFO: Round 1 Part 1: Fine-tuning embedding model
2025-12-18 16:06:32,690 - INFO: Using pseudo-label file: runs/the big bang theory/exp_video/result/self_supervised/exp0/round0/pseudo_label/pseudo_labels_audio_nested_hmm_full(unreliable_pp=5.0).json
2025-12-18 16:06:32,775 - INFO: Fine-tuning embedding model for 20 epochs...
2025-12-18 16:06:32,968 - INFO: Epoch: [0][  0/107]	Time  0.189 ( 0.189)	Loss 3.4826e-01 (3.4826e-01)	Acc pseudo  93.75 ( 93.75)	Lr 1.000e-03 (1.000e-03)
2025-12-18 16:06:33,124 - INFO: Epoch: [0][ 50/107]	Time  0.003 ( 0.007)	Loss 5.6513e-02 (2.3026e-01)	Acc pseudo  98.44 ( 95.13)	Lr 1.000e-03 (1.000e-03)
2025-12-18 16:06:33,270 - INFO: Epoch: [0][100/107]	Time  0.002 ( 0.005)	Loss 1.6050e-01 (2.2985e-01)	Acc pseudo  95.31 ( 95.33)	Lr 1.000e-03 (1.000e-03)
2025-12-18 16:06:33,336 - INFO: Round 1, Fine-tune Epoch 0: loss=0.2284, acc(pseudo)=95.21%
2025-12-18 16:06:37,043 - INFO: Round 1, Fine-tune Epoch 0: acc(valid): 0.8725
2025-12-18 16:06:37,458 - INFO: Epoch: [1][  0/107]	Time  0.214 ( 0.214)	Loss 2.5372e-01 (2.5372e-01)	Acc pseudo  96.88 ( 96.88)	Lr 1.000e-03 (1.000e-03)
2025-12-18 16:06:37,609 - INFO: Epoch: [1][ 50/107]	Time  0.003 ( 0.007)	Loss 2.4140e-01 (1.7993e-01)	Acc pseudo  92.19 ( 95.56)	Lr 1.000e-03 (1.000e-03)
2025-12-18 16:06:37,762 - INFO: Epoch: [1][100/107]	Time  0.002 ( 0.005)	Loss 2.9813e-01 (1.7826e-01)	Acc pseudo  89.06 ( 95.54)	Lr 1.000e-03 (1.000e-03)
2025-12-18 16:06:37,822 - INFO: Round 1, Fine-tune Epoch 1: loss=0.1796, acc(pseudo)=95.49%
2025-12-18 16:06:41,947 - INFO: Round 1, Fine-tune Epoch 1: acc(valid): 0.8900
2025-12-18 16:06:42,351 - INFO: Epoch: [2][  0/107]	Time  0.191 ( 0.191)	Loss 3.2208e-01 (3.2208e-01)	Acc pseudo  93.75 ( 93.75)	Lr 1.000e-03 (1.000e-03)
2025-12-18 16:06:42,502 - INFO: Epoch: [2][ 50/107]	Time  0.003 ( 0.007)	Loss 1.8879e-01 (1.6677e-01)	Acc pseudo  93.75 ( 95.99)	Lr 1.000e-03 (1.000e-03)
2025-12-18 16:06:42,650 - INFO: Epoch: [2][100/107]	Time  0.002 ( 0.005)	Loss 9.0653e-02 (1.4957e-01)	Acc pseudo  96.88 ( 96.18)	Lr 1.000e-03 (1.000e-03)
2025-12-18 16:06:42,708 - INFO: Round 1, Fine-tune Epoch 2: loss=0.1496, acc(pseudo)=96.13%
2025-12-18 16:06:46,483 - INFO: Round 1, Fine-tune Epoch 2: acc(valid): 0.8950
2025-12-18 16:06:46,872 - INFO: Epoch: [3][  0/107]	Time  0.194 ( 0.194)	Loss 7.3038e-02 (7.3038e-02)	Acc pseudo  98.44 ( 98.44)	Lr 1.000e-03 (1.000e-03)
2025-12-18 16:06:47,029 - INFO: Epoch: [3][ 50/107]	Time  0.007 ( 0.007)	Loss 5.4019e-02 (1.4008e-01)	Acc pseudo  98.44 ( 96.42)	Lr 1.000e-03 (1.000e-03)
2025-12-18 16:06:47,176 - INFO: Epoch: [3][100/107]	Time  0.002 ( 0.005)	Loss 1.5867e-01 (1.4109e-01)	Acc pseudo  96.88 ( 96.10)	Lr 1.000e-03 (1.000e-03)
2025-12-18 16:06:47,232 - INFO: Round 1, Fine-tune Epoch 3: loss=0.1377, acc(pseudo)=96.19%
2025-12-18 16:06:51,012 - INFO: Round 1, Fine-tune Epoch 3: acc(valid): 0.8875
2025-12-18 16:06:51,012 - INFO: Round 1, Fine-tune Epoch 3: No improvement in validation accuracy. Patience(epoch): 1/5
2025-12-18 16:06:51,193 - INFO: Epoch: [4][  0/107]	Time  0.175 ( 0.175)	Loss 4.3531e-02 (4.3531e-02)	Acc pseudo  98.44 ( 98.44)	Lr 1.000e-03 (1.000e-03)
2025-12-18 16:06:51,348 - INFO: Epoch: [4][ 50/107]	Time  0.003 ( 0.006)	Loss 4.7367e-02 (1.4105e-01)	Acc pseudo  98.44 ( 95.93)	Lr 1.000e-03 (1.000e-03)
2025-12-18 16:06:51,488 - INFO: Epoch: [4][100/107]	Time  0.002 ( 0.005)	Loss 7.7953e-02 (1.3920e-01)	Acc pseudo  98.44 ( 96.26)	Lr 1.000e-03 (1.000e-03)
2025-12-18 16:06:51,554 - INFO: Round 1, Fine-tune Epoch 4: loss=0.1395, acc(pseudo)=96.25%
2025-12-18 16:06:55,762 - INFO: Round 1, Fine-tune Epoch 4: acc(valid): 0.9050
2025-12-18 16:06:56,162 - INFO: Epoch: [5][  0/107]	Time  0.191 ( 0.191)	Loss 6.2143e-02 (6.2143e-02)	Acc pseudo  95.31 ( 95.31)	Lr 1.000e-03 (1.000e-03)
2025-12-18 16:06:56,341 - INFO: Epoch: [5][ 50/107]	Time  0.003 ( 0.007)	Loss 6.9110e-02 (1.0139e-01)	Acc pseudo  98.44 ( 96.72)	Lr 1.000e-03 (1.000e-03)
2025-12-18 16:06:56,492 - INFO: Epoch: [5][100/107]	Time  0.002 ( 0.005)	Loss 9.4835e-02 (1.1405e-01)	Acc pseudo  95.31 ( 96.66)	Lr 1.000e-03 (1.000e-03)
2025-12-18 16:06:56,552 - INFO: Round 1, Fine-tune Epoch 5: loss=0.1146, acc(pseudo)=96.65%
2025-12-18 16:07:00,304 - INFO: Round 1, Fine-tune Epoch 5: acc(valid): 0.8950
2025-12-18 16:07:00,304 - INFO: Round 1, Fine-tune Epoch 5: No improvement in validation accuracy. Patience(epoch): 1/5
2025-12-18 16:07:00,509 - INFO: Epoch: [6][  0/107]	Time  0.199 ( 0.199)	Loss 7.4697e-02 (7.4697e-02)	Acc pseudo  96.88 ( 96.88)	Lr 1.000e-03 (1.000e-03)
2025-12-18 16:07:00,672 - INFO: Epoch: [6][ 50/107]	Time  0.003 ( 0.007)	Loss 3.2196e-02 (8.8224e-02)	Acc pseudo  98.44 ( 97.30)	Lr 1.000e-03 (1.000e-03)
2025-12-18 16:07:00,836 - INFO: Epoch: [6][100/107]	Time  0.002 ( 0.005)	Loss 2.2782e-01 (1.0290e-01)	Acc pseudo  95.31 ( 96.86)	Lr 1.000e-03 (1.000e-03)
2025-12-18 16:07:00,892 - INFO: Round 1, Fine-tune Epoch 6: loss=0.1033, acc(pseudo)=96.85%
2025-12-18 16:07:05,144 - INFO: Round 1, Fine-tune Epoch 6: acc(valid): 0.9000
2025-12-18 16:07:05,144 - INFO: Round 1, Fine-tune Epoch 6: No improvement in validation accuracy. Patience(epoch): 2/5
2025-12-18 16:07:05,355 - INFO: Epoch: [7][  0/107]	Time  0.206 ( 0.206)	Loss 1.5236e-01 (1.5236e-01)	Acc pseudo  95.31 ( 95.31)	Lr 1.000e-03 (1.000e-03)
2025-12-18 16:07:05,517 - INFO: Epoch: [7][ 50/107]	Time  0.003 ( 0.007)	Loss 2.6279e-01 (1.3395e-01)	Acc pseudo  95.31 ( 96.42)	Lr 1.000e-03 (1.000e-03)
2025-12-18 16:07:05,680 - INFO: Epoch: [7][100/107]	Time  0.002 ( 0.005)	Loss 8.5234e-02 (1.2902e-01)	Acc pseudo  96.88 ( 96.53)	Lr 1.000e-03 (1.000e-03)
2025-12-18 16:07:05,738 - INFO: Round 1, Fine-tune Epoch 7: loss=0.1315, acc(pseudo)=96.50%
2025-12-18 16:07:10,354 - INFO: Round 1, Fine-tune Epoch 7: acc(valid): 0.8925
2025-12-18 16:07:10,354 - INFO: Round 1, Fine-tune Epoch 7: No improvement in validation accuracy. Patience(epoch): 3/5
2025-12-18 16:07:10,550 - INFO: Epoch: [8][  0/107]	Time  0.190 ( 0.190)	Loss 9.1889e-02 (9.1889e-02)	Acc pseudo  96.88 ( 96.88)	Lr 1.000e-03 (1.000e-03)
2025-12-18 16:07:10,711 - INFO: Epoch: [8][ 50/107]	Time  0.003 ( 0.007)	Loss 5.6492e-02 (1.2402e-01)	Acc pseudo  98.44 ( 96.88)	Lr 1.000e-03 (1.000e-03)
2025-12-18 16:07:10,887 - INFO: Epoch: [8][100/107]	Time  0.002 ( 0.005)	Loss 8.4045e-02 (1.3022e-01)	Acc pseudo  96.88 ( 96.70)	Lr 1.000e-03 (1.000e-03)
2025-12-18 16:07:10,948 - INFO: Round 1, Fine-tune Epoch 8: loss=0.1306, acc(pseudo)=96.71%
2025-12-18 16:07:15,993 - INFO: Round 1, Fine-tune Epoch 8: acc(valid): 0.8900
2025-12-18 16:07:15,994 - INFO: Round 1, Fine-tune Epoch 8: No improvement in validation accuracy. Patience(epoch): 4/5
2025-12-18 16:07:16,206 - INFO: Epoch: [9][  0/107]	Time  0.207 ( 0.207)	Loss 9.2731e-02 (9.2731e-02)	Acc pseudo  96.88 ( 96.88)	Lr 1.000e-03 (1.000e-03)
2025-12-18 16:07:16,380 - INFO: Epoch: [9][ 50/107]	Time  0.003 ( 0.007)	Loss 6.3290e-02 (1.0686e-01)	Acc pseudo  98.44 ( 96.94)	Lr 1.000e-03 (1.000e-03)
2025-12-18 16:07:16,525 - INFO: Epoch: [9][100/107]	Time  0.002 ( 0.005)	Loss 1.2237e-01 (1.2379e-01)	Acc pseudo  95.31 ( 96.38)	Lr 1.000e-03 (1.000e-03)
2025-12-18 16:07:16,597 - INFO: Round 1, Fine-tune Epoch 9: loss=0.1223, acc(pseudo)=96.43%
2025-12-18 16:07:20,509 - INFO: Round 1, Fine-tune Epoch 9: acc(valid): 0.8775
2025-12-18 16:07:20,509 - INFO: Round 1, Fine-tune Epoch 9: No improvement in validation accuracy. Patience(epoch): 5/5
2025-12-18 16:07:20,510 - INFO: Early stopping at epoch 9 due to no improvement in validation accuracy for 5 epochs.
2025-12-18 16:07:20,511 - INFO: Round 1: Best fine-tuned epoch=4, acc(valid)=0.9050
2025-12-18 16:07:20,551 - INFO: Using HMM model from previous round: runs/the big bang theory/exp_video/result/self_supervised/exp0/round0/pseudo_label/hmm_params.pkl
2025-12-18 16:14:22,857 - INFO: Round 1: acc(valid)=0.9000, acc(test)=0.9131
2025-12-18 16:14:22,858 - INFO: No improvement. Patience(round): 2/5
2025-12-18 16:14:22,861 - INFO: ====================
2025-12-18 16:14:22,861 - INFO: Round 2: Fine-tuning iteration
2025-12-18 16:14:22,861 - INFO: ====================
2025-12-18 16:14:22,869 - INFO: Round 2 Part 1: Fine-tuning embedding model
2025-12-18 16:14:22,870 - INFO: Using pseudo-label file: runs/the big bang theory/exp_video/result/self_supervised/exp0/round1/pseudo_label/pseudo_labels_audio_nested_hmm_full(unreliable_pp=5.0).json
2025-12-18 16:14:22,967 - INFO: Fine-tuning embedding model for 20 epochs...
2025-12-18 16:14:23,176 - INFO: Epoch: [0][  0/107]	Time  0.205 ( 0.205)	Loss 2.5174e-01 (2.5174e-01)	Acc pseudo  95.31 ( 95.31)	Lr 1.000e-03 (1.000e-03)
2025-12-18 16:14:23,334 - INFO: Epoch: [0][ 50/107]	Time  0.003 ( 0.007)	Loss 2.0080e-01 (1.7143e-01)	Acc pseudo  95.31 ( 96.17)	Lr 1.000e-03 (1.000e-03)
2025-12-18 16:14:23,478 - INFO: Epoch: [0][100/107]	Time  0.002 ( 0.005)	Loss 9.6018e-02 (1.8195e-01)	Acc pseudo  96.88 ( 96.07)	Lr 1.000e-03 (1.000e-03)
2025-12-18 16:14:23,541 - INFO: Round 2, Fine-tune Epoch 0: loss=0.1789, acc(pseudo)=96.10%
2025-12-18 16:14:27,449 - INFO: Round 2, Fine-tune Epoch 0: acc(valid): 0.8950
2025-12-18 16:14:27,840 - INFO: Epoch: [1][  0/107]	Time  0.190 ( 0.190)	Loss 1.7904e-01 (1.7904e-01)	Acc pseudo  93.75 ( 93.75)	Lr 1.000e-03 (1.000e-03)
2025-12-18 16:14:27,994 - INFO: Epoch: [1][ 50/107]	Time  0.003 ( 0.007)	Loss 8.9878e-02 (1.5248e-01)	Acc pseudo  96.88 ( 96.17)	Lr 1.000e-03 (1.000e-03)
2025-12-18 16:14:28,147 - INFO: Epoch: [1][100/107]	Time  0.002 ( 0.005)	Loss 1.7372e-01 (1.4325e-01)	Acc pseudo  95.31 ( 96.19)	Lr 1.000e-03 (1.000e-03)
2025-12-18 16:14:28,205 - INFO: Round 2, Fine-tune Epoch 1: loss=0.1514, acc(pseudo)=96.21%
2025-12-18 16:14:32,272 - INFO: Round 2, Fine-tune Epoch 1: acc(valid): 0.8925
2025-12-18 16:14:32,272 - INFO: Round 2, Fine-tune Epoch 1: No improvement in validation accuracy. Patience(epoch): 1/5
2025-12-18 16:14:32,468 - INFO: Epoch: [2][  0/107]	Time  0.188 ( 0.188)	Loss 1.6093e-01 (1.6093e-01)	Acc pseudo  95.31 ( 95.31)	Lr 1.000e-03 (1.000e-03)
2025-12-18 16:14:32,626 - INFO: Epoch: [2][ 50/107]	Time  0.003 ( 0.007)	Loss 1.1846e-01 (1.2695e-01)	Acc pseudo  93.75 ( 96.45)	Lr 1.000e-03 (1.000e-03)
2025-12-18 16:14:32,773 - INFO: Epoch: [2][100/107]	Time  0.002 ( 0.005)	Loss 3.0946e-02 (1.2185e-01)	Acc pseudo  98.44 ( 96.41)	Lr 1.000e-03 (1.000e-03)
2025-12-18 16:14:32,836 - INFO: Round 2, Fine-tune Epoch 2: loss=0.1215, acc(pseudo)=96.41%
2025-12-18 16:14:36,974 - INFO: Round 2, Fine-tune Epoch 2: acc(valid): 0.8925
2025-12-18 16:14:36,975 - INFO: Round 2, Fine-tune Epoch 2: No improvement in validation accuracy. Patience(epoch): 2/5
2025-12-18 16:14:37,171 - INFO: Epoch: [3][  0/107]	Time  0.191 ( 0.191)	Loss 9.8699e-02 (9.8699e-02)	Acc pseudo  96.88 ( 96.88)	Lr 1.000e-03 (1.000e-03)
2025-12-18 16:14:37,328 - INFO: Epoch: [3][ 50/107]	Time  0.003 ( 0.007)	Loss 5.8891e-02 (9.8270e-02)	Acc pseudo  98.44 ( 97.00)	Lr 1.000e-03 (1.000e-03)
2025-12-18 16:14:37,484 - INFO: Epoch: [3][100/107]	Time  0.002 ( 0.005)	Loss 7.2266e-02 (9.1438e-02)	Acc pseudo  96.88 ( 97.14)	Lr 1.000e-03 (1.000e-03)
2025-12-18 16:14:37,543 - INFO: Round 2, Fine-tune Epoch 3: loss=0.0903, acc(pseudo)=97.13%
2025-12-18 16:14:41,544 - INFO: Round 2, Fine-tune Epoch 3: acc(valid): 0.8950
2025-12-18 16:14:41,544 - INFO: Round 2, Fine-tune Epoch 3: No improvement in validation accuracy. Patience(epoch): 3/5
2025-12-18 16:14:41,749 - INFO: Epoch: [4][  0/107]	Time  0.199 ( 0.199)	Loss 1.0166e-01 (1.0166e-01)	Acc pseudo  96.88 ( 96.88)	Lr 1.000e-03 (1.000e-03)
2025-12-18 16:14:41,898 - INFO: Epoch: [4][ 50/107]	Time  0.003 ( 0.007)	Loss 1.4275e-01 (1.2881e-01)	Acc pseudo  96.88 ( 96.57)	Lr 1.000e-03 (1.000e-03)
2025-12-18 16:14:42,044 - INFO: Epoch: [4][100/107]	Time  0.002 ( 0.005)	Loss 1.0422e-01 (1.1494e-01)	Acc pseudo  96.88 ( 96.83)	Lr 1.000e-03 (1.000e-03)
2025-12-18 16:14:42,100 - INFO: Round 2, Fine-tune Epoch 4: loss=0.1124, acc(pseudo)=96.87%
2025-12-18 16:14:45,891 - INFO: Round 2, Fine-tune Epoch 4: acc(valid): 0.8925
2025-12-18 16:14:45,891 - INFO: Round 2, Fine-tune Epoch 4: No improvement in validation accuracy. Patience(epoch): 4/5
2025-12-18 16:14:46,104 - INFO: Epoch: [5][  0/107]	Time  0.208 ( 0.208)	Loss 5.2577e-02 (5.2577e-02)	Acc pseudo  96.88 ( 96.88)	Lr 1.000e-03 (1.000e-03)
2025-12-18 16:14:46,265 - INFO: Epoch: [5][ 50/107]	Time  0.003 ( 0.007)	Loss 1.0362e-01 (9.2648e-02)	Acc pseudo  96.88 ( 96.97)	Lr 1.000e-03 (1.000e-03)
2025-12-18 16:14:46,404 - INFO: Epoch: [5][100/107]	Time  0.002 ( 0.005)	Loss 7.5180e-02 (9.7870e-02)	Acc pseudo  96.88 ( 96.80)	Lr 1.000e-03 (1.000e-03)
2025-12-18 16:14:46,462 - INFO: Round 2, Fine-tune Epoch 5: loss=0.1008, acc(pseudo)=96.78%
2025-12-18 16:14:50,379 - INFO: Round 2, Fine-tune Epoch 5: acc(valid): 0.9025
2025-12-18 16:14:50,767 - INFO: Epoch: [6][  0/107]	Time  0.185 ( 0.185)	Loss 1.5363e-01 (1.5363e-01)	Acc pseudo  93.75 ( 93.75)	Lr 1.000e-03 (1.000e-03)
2025-12-18 16:14:50,930 - INFO: Epoch: [6][ 50/107]	Time  0.003 ( 0.007)	Loss 2.1099e-02 (8.5492e-02)	Acc pseudo 100.00 ( 97.18)	Lr 1.000e-03 (1.000e-03)
2025-12-18 16:14:51,070 - INFO: Epoch: [6][100/107]	Time  0.002 ( 0.005)	Loss 7.2033e-02 (8.7465e-02)	Acc pseudo  98.44 ( 97.20)	Lr 1.000e-03 (1.000e-03)
2025-12-18 16:14:51,129 - INFO: Round 2, Fine-tune Epoch 6: loss=0.0874, acc(pseudo)=97.20%
2025-12-18 16:14:54,943 - INFO: Round 2, Fine-tune Epoch 6: acc(valid): 0.8950
2025-12-18 16:14:54,943 - INFO: Round 2, Fine-tune Epoch 6: No improvement in validation accuracy. Patience(epoch): 1/5
2025-12-18 16:14:55,143 - INFO: Epoch: [7][  0/107]	Time  0.194 ( 0.194)	Loss 5.0664e-02 (5.0664e-02)	Acc pseudo  96.88 ( 96.88)	Lr 1.000e-03 (1.000e-03)
2025-12-18 16:14:55,320 - INFO: Epoch: [7][ 50/107]	Time  0.004 ( 0.007)	Loss 6.9179e-02 (8.1187e-02)	Acc pseudo  96.88 ( 97.46)	Lr 1.000e-03 (1.000e-03)
2025-12-18 16:14:55,510 - INFO: Epoch: [7][100/107]	Time  0.003 ( 0.005)	Loss 6.9803e-02 (8.0980e-02)	Acc pseudo  96.88 ( 97.39)	Lr 1.000e-03 (1.000e-03)
2025-12-18 16:14:55,575 - INFO: Round 2, Fine-tune Epoch 7: loss=0.0824, acc(pseudo)=97.36%
2025-12-18 16:15:00,477 - INFO: Round 2, Fine-tune Epoch 7: acc(valid): 0.8950
2025-12-18 16:15:00,477 - INFO: Round 2, Fine-tune Epoch 7: No improvement in validation accuracy. Patience(epoch): 2/5
2025-12-18 16:15:00,668 - INFO: Epoch: [8][  0/107]	Time  0.185 ( 0.185)	Loss 6.1210e-02 (6.1210e-02)	Acc pseudo  98.44 ( 98.44)	Lr 1.000e-03 (1.000e-03)
2025-12-18 16:15:00,841 - INFO: Epoch: [8][ 50/107]	Time  0.003 ( 0.007)	Loss 3.8180e-02 (7.8396e-02)	Acc pseudo 100.00 ( 97.52)	Lr 1.000e-03 (1.000e-03)
2025-12-18 16:15:01,009 - INFO: Epoch: [8][100/107]	Time  0.002 ( 0.005)	Loss 1.0661e-01 (8.5898e-02)	Acc pseudo  95.31 ( 97.35)	Lr 1.000e-03 (1.000e-03)
2025-12-18 16:15:01,067 - INFO: Round 2, Fine-tune Epoch 8: loss=0.0854, acc(pseudo)=97.31%
2025-12-18 16:15:05,584 - INFO: Round 2, Fine-tune Epoch 8: acc(valid): 0.8900
2025-12-18 16:15:05,585 - INFO: Round 2, Fine-tune Epoch 8: No improvement in validation accuracy. Patience(epoch): 3/5
2025-12-18 16:15:05,797 - INFO: Epoch: [9][  0/107]	Time  0.207 ( 0.207)	Loss 1.4501e-01 (1.4501e-01)	Acc pseudo  95.31 ( 95.31)	Lr 1.000e-03 (1.000e-03)
2025-12-18 16:15:05,974 - INFO: Epoch: [9][ 50/107]	Time  0.003 ( 0.007)	Loss 1.4120e-01 (7.4517e-02)	Acc pseudo  98.44 ( 97.70)	Lr 1.000e-03 (1.000e-03)
2025-12-18 16:15:06,134 - INFO: Epoch: [9][100/107]	Time  0.002 ( 0.005)	Loss 1.6181e-01 (8.1444e-02)	Acc pseudo  93.75 ( 97.29)	Lr 1.000e-03 (1.000e-03)
2025-12-18 16:15:06,195 - INFO: Round 2, Fine-tune Epoch 9: loss=0.0818, acc(pseudo)=97.32%
2025-12-18 16:15:10,061 - INFO: Round 2, Fine-tune Epoch 9: acc(valid): 0.8950
2025-12-18 16:15:10,061 - INFO: Round 2, Fine-tune Epoch 9: No improvement in validation accuracy. Patience(epoch): 4/5
2025-12-18 16:15:10,250 - INFO: Epoch: [10][  0/107]	Time  0.183 ( 0.183)	Loss 2.0215e-02 (2.0215e-02)	Acc pseudo 100.00 (100.00)	Lr 1.000e-03 (1.000e-03)
2025-12-18 16:15:10,409 - INFO: Epoch: [10][ 50/107]	Time  0.003 ( 0.007)	Loss 5.2878e-02 (9.9712e-02)	Acc pseudo  98.44 ( 96.88)	Lr 1.000e-03 (1.000e-03)
2025-12-18 16:15:10,556 - INFO: Epoch: [10][100/107]	Time  0.002 ( 0.005)	Loss 7.9039e-02 (1.0465e-01)	Acc pseudo  96.88 ( 96.70)	Lr 1.000e-03 (1.000e-03)
2025-12-18 16:15:10,615 - INFO: Round 2, Fine-tune Epoch 10: loss=0.1054, acc(pseudo)=96.76%
2025-12-18 16:15:14,481 - INFO: Round 2, Fine-tune Epoch 10: acc(valid): 0.8850
2025-12-18 16:15:14,481 - INFO: Round 2, Fine-tune Epoch 10: No improvement in validation accuracy. Patience(epoch): 5/5
2025-12-18 16:15:14,481 - INFO: Early stopping at epoch 10 due to no improvement in validation accuracy for 5 epochs.
2025-12-18 16:15:14,482 - INFO: Round 2: Best fine-tuned epoch=5, acc(valid)=0.9025
2025-12-18 16:15:14,498 - INFO: Using HMM model from previous round: runs/the big bang theory/exp_video/result/self_supervised/exp0/round1/pseudo_label/hmm_params.pkl
2025-12-18 16:23:31,812 - INFO: Round 2: acc(valid)=0.9000, acc(test)=0.9156
2025-12-18 16:23:31,813 - INFO: No improvement. Patience(round): 3/5
2025-12-18 16:23:31,818 - INFO: ====================
2025-12-18 16:23:31,818 - INFO: Round 3: Fine-tuning iteration
2025-12-18 16:23:31,819 - INFO: ====================
2025-12-18 16:23:31,834 - INFO: Round 3 Part 1: Fine-tuning embedding model
2025-12-18 16:23:31,835 - INFO: Using pseudo-label file: runs/the big bang theory/exp_video/result/self_supervised/exp0/round2/pseudo_label/pseudo_labels_audio_nested_hmm_full(unreliable_pp=5.0).json
2025-12-18 16:23:31,927 - INFO: Fine-tuning embedding model for 20 epochs...
2025-12-18 16:23:32,111 - INFO: Epoch: [0][  0/107]	Time  0.179 ( 0.179)	Loss 4.4244e-02 (4.4244e-02)	Acc pseudo  96.88 ( 96.88)	Lr 1.000e-03 (1.000e-03)
2025-12-18 16:23:32,264 - INFO: Epoch: [0][ 50/107]	Time  0.003 ( 0.006)	Loss 7.0772e-02 (1.4235e-01)	Acc pseudo  95.31 ( 97.46)	Lr 1.000e-03 (1.000e-03)
2025-12-18 16:23:32,405 - INFO: Epoch: [0][100/107]	Time  0.002 ( 0.005)	Loss 2.5281e-01 (1.6539e-01)	Acc pseudo  95.31 ( 97.31)	Lr 1.000e-03 (1.000e-03)
2025-12-18 16:23:32,474 - INFO: Round 3, Fine-tune Epoch 0: loss=0.1618, acc(pseudo)=97.26%
2025-12-18 16:23:36,227 - INFO: Round 3, Fine-tune Epoch 0: acc(valid): 0.8925
2025-12-18 16:23:36,603 - INFO: Epoch: [1][  0/107]	Time  0.192 ( 0.192)	Loss 1.5123e-01 (1.5123e-01)	Acc pseudo  95.31 ( 95.31)	Lr 1.000e-03 (1.000e-03)
2025-12-18 16:23:36,771 - INFO: Epoch: [1][ 50/107]	Time  0.003 ( 0.007)	Loss 8.2398e-02 (9.1477e-02)	Acc pseudo  95.31 ( 97.09)	Lr 1.000e-03 (1.000e-03)
2025-12-18 16:23:36,918 - INFO: Epoch: [1][100/107]	Time  0.002 ( 0.005)	Loss 8.4554e-02 (1.0487e-01)	Acc pseudo  95.31 ( 97.06)	Lr 1.000e-03 (1.000e-03)
2025-12-18 16:23:36,976 - INFO: Round 3, Fine-tune Epoch 1: loss=0.1054, acc(pseudo)=97.06%
2025-12-18 16:23:40,969 - INFO: Round 3, Fine-tune Epoch 1: acc(valid): 0.8925
2025-12-18 16:23:40,969 - INFO: Round 3, Fine-tune Epoch 1: No improvement in validation accuracy. Patience(epoch): 1/5
2025-12-18 16:23:41,165 - INFO: Epoch: [2][  0/107]	Time  0.191 ( 0.191)	Loss 5.4396e-02 (5.4396e-02)	Acc pseudo  95.31 ( 95.31)	Lr 1.000e-03 (1.000e-03)
2025-12-18 16:23:41,327 - INFO: Epoch: [2][ 50/107]	Time  0.003 ( 0.007)	Loss 7.3234e-02 (7.7772e-02)	Acc pseudo  96.88 ( 97.64)	Lr 1.000e-03 (1.000e-03)
2025-12-18 16:23:41,472 - INFO: Epoch: [2][100/107]	Time  0.002 ( 0.005)	Loss 8.4804e-03 (8.1123e-02)	Acc pseudo 100.00 ( 97.66)	Lr 1.000e-03 (1.000e-03)
2025-12-18 16:23:41,540 - INFO: Round 3, Fine-tune Epoch 2: loss=0.0815, acc(pseudo)=97.64%
2025-12-18 16:23:45,407 - INFO: Round 3, Fine-tune Epoch 2: acc(valid): 0.8925
2025-12-18 16:23:45,408 - INFO: Round 3, Fine-tune Epoch 2: No improvement in validation accuracy. Patience(epoch): 2/5
2025-12-18 16:23:45,592 - INFO: Epoch: [3][  0/107]	Time  0.179 ( 0.179)	Loss 4.8653e-02 (4.8653e-02)	Acc pseudo  98.44 ( 98.44)	Lr 1.000e-03 (1.000e-03)
2025-12-18 16:23:45,757 - INFO: Epoch: [3][ 50/107]	Time  0.003 ( 0.007)	Loss 3.0785e-02 (6.0192e-02)	Acc pseudo  98.44 ( 98.13)	Lr 1.000e-03 (1.000e-03)
2025-12-18 16:23:45,899 - INFO: Epoch: [3][100/107]	Time  0.002 ( 0.005)	Loss 6.4348e-02 (7.5153e-02)	Acc pseudo  96.88 ( 97.63)	Lr 1.000e-03 (1.000e-03)
2025-12-18 16:23:45,955 - INFO: Round 3, Fine-tune Epoch 3: loss=0.0752, acc(pseudo)=97.61%
2025-12-18 16:23:49,725 - INFO: Round 3, Fine-tune Epoch 3: acc(valid): 0.8875
2025-12-18 16:23:49,725 - INFO: Round 3, Fine-tune Epoch 3: No improvement in validation accuracy. Patience(epoch): 3/5
2025-12-18 16:23:49,916 - INFO: Epoch: [4][  0/107]	Time  0.185 ( 0.185)	Loss 8.2597e-02 (8.2597e-02)	Acc pseudo  96.88 ( 96.88)	Lr 1.000e-03 (1.000e-03)
2025-12-18 16:23:50,077 - INFO: Epoch: [4][ 50/107]	Time  0.003 ( 0.007)	Loss 7.2286e-02 (7.2755e-02)	Acc pseudo  98.44 ( 97.92)	Lr 1.000e-03 (1.000e-03)
2025-12-18 16:23:50,218 - INFO: Epoch: [4][100/107]	Time  0.002 ( 0.005)	Loss 4.4468e-02 (7.7876e-02)	Acc pseudo  98.44 ( 97.77)	Lr 1.000e-03 (1.000e-03)
2025-12-18 16:23:50,275 - INFO: Round 3, Fine-tune Epoch 4: loss=0.0766, acc(pseudo)=97.85%
2025-12-18 16:23:54,105 - INFO: Round 3, Fine-tune Epoch 4: acc(valid): 0.9000
2025-12-18 16:23:54,509 - INFO: Epoch: [5][  0/107]	Time  0.203 ( 0.203)	Loss 4.6420e-02 (4.6420e-02)	Acc pseudo  96.88 ( 96.88)	Lr 1.000e-03 (1.000e-03)
2025-12-18 16:23:54,673 - INFO: Epoch: [5][ 50/107]	Time  0.003 ( 0.007)	Loss 1.9384e-02 (5.4934e-02)	Acc pseudo 100.00 ( 98.22)	Lr 1.000e-03 (1.000e-03)
2025-12-18 16:23:54,820 - INFO: Epoch: [5][100/107]	Time  0.002 ( 0.005)	Loss 5.5069e-02 (6.0595e-02)	Acc pseudo  98.44 ( 98.07)	Lr 1.000e-03 (1.000e-03)
2025-12-18 16:23:54,879 - INFO: Round 3, Fine-tune Epoch 5: loss=0.0631, acc(pseudo)=97.98%
2025-12-18 16:23:58,677 - INFO: Round 3, Fine-tune Epoch 5: acc(valid): 0.8925
2025-12-18 16:23:58,677 - INFO: Round 3, Fine-tune Epoch 5: No improvement in validation accuracy. Patience(epoch): 1/5
2025-12-18 16:23:58,873 - INFO: Epoch: [6][  0/107]	Time  0.190 ( 0.190)	Loss 7.3759e-02 (7.3759e-02)	Acc pseudo  95.31 ( 95.31)	Lr 1.000e-03 (1.000e-03)
2025-12-18 16:23:59,034 - INFO: Epoch: [6][ 50/107]	Time  0.003 ( 0.007)	Loss 3.9007e-03 (7.3739e-02)	Acc pseudo 100.00 ( 98.07)	Lr 1.000e-03 (1.000e-03)
2025-12-18 16:23:59,191 - INFO: Epoch: [6][100/107]	Time  0.002 ( 0.005)	Loss 8.4968e-03 (7.6640e-02)	Acc pseudo 100.00 ( 97.74)	Lr 1.000e-03 (1.000e-03)
2025-12-18 16:23:59,250 - INFO: Round 3, Fine-tune Epoch 6: loss=0.0774, acc(pseudo)=97.74%
2025-12-18 16:24:04,220 - INFO: Round 3, Fine-tune Epoch 6: acc(valid): 0.8925
2025-12-18 16:24:04,220 - INFO: Round 3, Fine-tune Epoch 6: No improvement in validation accuracy. Patience(epoch): 2/5
2025-12-18 16:24:04,410 - INFO: Epoch: [7][  0/107]	Time  0.185 ( 0.185)	Loss 5.7480e-03 (5.7480e-03)	Acc pseudo 100.00 (100.00)	Lr 1.000e-03 (1.000e-03)
2025-12-18 16:24:04,588 - INFO: Epoch: [7][ 50/107]	Time  0.003 ( 0.007)	Loss 1.7019e-01 (6.4320e-02)	Acc pseudo  96.88 ( 97.82)	Lr 1.000e-03 (1.000e-03)
2025-12-18 16:24:04,734 - INFO: Epoch: [7][100/107]	Time  0.002 ( 0.005)	Loss 3.1693e-01 (6.4989e-02)	Acc pseudo  96.88 ( 97.99)	Lr 1.000e-03 (1.000e-03)
2025-12-18 16:24:04,796 - INFO: Round 3, Fine-tune Epoch 7: loss=0.0643, acc(pseudo)=97.95%
2025-12-18 16:24:09,307 - INFO: Round 3, Fine-tune Epoch 7: acc(valid): 0.8975
2025-12-18 16:24:09,308 - INFO: Round 3, Fine-tune Epoch 7: No improvement in validation accuracy. Patience(epoch): 3/5
2025-12-18 16:24:09,521 - INFO: Epoch: [8][  0/107]	Time  0.208 ( 0.208)	Loss 2.8328e-02 (2.8328e-02)	Acc pseudo 100.00 (100.00)	Lr 1.000e-03 (1.000e-03)
2025-12-18 16:24:09,705 - INFO: Epoch: [8][ 50/107]	Time  0.003 ( 0.008)	Loss 5.8225e-03 (7.0800e-02)	Acc pseudo 100.00 ( 98.04)	Lr 1.000e-03 (1.000e-03)
2025-12-18 16:24:09,858 - INFO: Epoch: [8][100/107]	Time  0.002 ( 0.005)	Loss 3.2343e-02 (7.4521e-02)	Acc pseudo  98.44 ( 97.93)	Lr 1.000e-03 (1.000e-03)
2025-12-18 16:24:09,916 - INFO: Round 3, Fine-tune Epoch 8: loss=0.0721, acc(pseudo)=97.99%
2025-12-18 16:24:13,621 - INFO: Round 3, Fine-tune Epoch 8: acc(valid): 0.8950
2025-12-18 16:24:13,622 - INFO: Round 3, Fine-tune Epoch 8: No improvement in validation accuracy. Patience(epoch): 4/5
2025-12-18 16:24:13,809 - INFO: Epoch: [9][  0/107]	Time  0.182 ( 0.182)	Loss 6.9995e-02 (6.9995e-02)	Acc pseudo  96.88 ( 96.88)	Lr 1.000e-03 (1.000e-03)
2025-12-18 16:24:13,973 - INFO: Epoch: [9][ 50/107]	Time  0.003 ( 0.007)	Loss 3.4677e-03 (4.6094e-02)	Acc pseudo 100.00 ( 98.25)	Lr 1.000e-03 (1.000e-03)
2025-12-18 16:24:14,126 - INFO: Epoch: [9][100/107]	Time  0.002 ( 0.005)	Loss 6.9463e-02 (6.5455e-02)	Acc pseudo  98.44 ( 97.87)	Lr 1.000e-03 (1.000e-03)
2025-12-18 16:24:14,183 - INFO: Round 3, Fine-tune Epoch 9: loss=0.0676, acc(pseudo)=97.88%
2025-12-18 16:24:19,022 - INFO: Round 3, Fine-tune Epoch 9: acc(valid): 0.8925
2025-12-18 16:24:19,023 - INFO: Round 3, Fine-tune Epoch 9: No improvement in validation accuracy. Patience(epoch): 5/5
2025-12-18 16:24:19,023 - INFO: Early stopping at epoch 9 due to no improvement in validation accuracy for 5 epochs.
2025-12-18 16:24:19,024 - INFO: Round 3: Best fine-tuned epoch=4, acc(valid)=0.9000
2025-12-18 16:24:19,040 - INFO: Using HMM model from previous round: runs/the big bang theory/exp_video/result/self_supervised/exp0/round2/pseudo_label/hmm_params.pkl
2025-12-18 16:29:56,857 - INFO: Round 3: acc(valid)=0.9025, acc(test)=0.9162
2025-12-18 16:29:57,011 - INFO: New best acc(valid) at round 3: acc(valid)=0.9025, acc(test)=0.9162
2025-12-18 16:29:57,016 - INFO: ====================
2025-12-18 16:29:57,016 - INFO: Round 4: Fine-tuning iteration
2025-12-18 16:29:57,016 - INFO: ====================
2025-12-18 16:29:57,024 - INFO: Round 4 Part 1: Fine-tuning embedding model
2025-12-18 16:29:57,025 - INFO: Using pseudo-label file: runs/the big bang theory/exp_video/result/self_supervised/exp0/round3/pseudo_label/pseudo_labels_audio_nested_hmm_full(unreliable_pp=5.0).json
2025-12-18 16:29:57,112 - INFO: Fine-tuning embedding model for 20 epochs...
2025-12-18 16:29:57,307 - INFO: Epoch: [0][  0/107]	Time  0.191 ( 0.191)	Loss 2.4569e-02 (2.4569e-02)	Acc pseudo  98.44 ( 98.44)	Lr 1.000e-03 (1.000e-03)
2025-12-18 16:29:57,485 - INFO: Epoch: [0][ 50/107]	Time  0.003 ( 0.007)	Loss 8.4906e-03 (1.1372e-01)	Acc pseudo 100.00 ( 98.04)	Lr 1.000e-03 (1.000e-03)
2025-12-18 16:29:57,633 - INFO: Epoch: [0][100/107]	Time  0.002 ( 0.005)	Loss 3.7220e-02 (1.2772e-01)	Acc pseudo  96.88 ( 97.83)	Lr 1.000e-03 (1.000e-03)
2025-12-18 16:29:57,697 - INFO: Round 4, Fine-tune Epoch 0: loss=0.1294, acc(pseudo)=97.83%
2025-12-18 16:30:01,552 - INFO: Round 4, Fine-tune Epoch 0: acc(valid): 0.8975
2025-12-18 16:30:01,955 - INFO: Epoch: [1][  0/107]	Time  0.214 ( 0.214)	Loss 4.9450e-02 (4.9450e-02)	Acc pseudo  98.44 ( 98.44)	Lr 1.000e-03 (1.000e-03)
2025-12-18 16:30:02,103 - INFO: Epoch: [1][ 50/107]	Time  0.003 ( 0.007)	Loss 7.5192e-02 (7.5745e-02)	Acc pseudo  98.44 ( 98.04)	Lr 1.000e-03 (1.000e-03)
2025-12-18 16:30:02,246 - INFO: Epoch: [1][100/107]	Time  0.002 ( 0.005)	Loss 7.7210e-02 (7.0742e-02)	Acc pseudo  95.31 ( 98.13)	Lr 1.000e-03 (1.000e-03)
2025-12-18 16:30:02,307 - INFO: Round 4, Fine-tune Epoch 1: loss=0.0718, acc(pseudo)=98.13%
2025-12-18 16:30:06,076 - INFO: Round 4, Fine-tune Epoch 1: acc(valid): 0.8925
2025-12-18 16:30:06,076 - INFO: Round 4, Fine-tune Epoch 1: No improvement in validation accuracy. Patience(epoch): 1/5
2025-12-18 16:30:06,278 - INFO: Epoch: [2][  0/107]	Time  0.197 ( 0.197)	Loss 1.5694e-01 (1.5694e-01)	Acc pseudo  95.31 ( 95.31)	Lr 1.000e-03 (1.000e-03)
2025-12-18 16:30:06,443 - INFO: Epoch: [2][ 50/107]	Time  0.003 ( 0.007)	Loss 2.1609e-01 (6.0164e-02)	Acc pseudo  95.31 ( 98.50)	Lr 1.000e-03 (1.000e-03)
2025-12-18 16:30:06,593 - INFO: Epoch: [2][100/107]	Time  0.002 ( 0.005)	Loss 2.0790e-03 (6.2991e-02)	Acc pseudo 100.00 ( 98.34)	Lr 1.000e-03 (1.000e-03)
2025-12-18 16:30:06,650 - INFO: Round 4, Fine-tune Epoch 2: loss=0.0655, acc(pseudo)=98.30%
2025-12-18 16:30:11,219 - INFO: Round 4, Fine-tune Epoch 2: acc(valid): 0.8875
2025-12-18 16:30:11,220 - INFO: Round 4, Fine-tune Epoch 2: No improvement in validation accuracy. Patience(epoch): 2/5
2025-12-18 16:30:11,407 - INFO: Epoch: [3][  0/107]	Time  0.182 ( 0.182)	Loss 5.7871e-02 (5.7871e-02)	Acc pseudo  98.44 ( 98.44)	Lr 1.000e-03 (1.000e-03)
2025-12-18 16:30:11,581 - INFO: Epoch: [3][ 50/107]	Time  0.003 ( 0.007)	Loss 8.3235e-02 (7.0514e-02)	Acc pseudo  95.31 ( 97.89)	Lr 1.000e-03 (1.000e-03)
2025-12-18 16:30:11,723 - INFO: Epoch: [3][100/107]	Time  0.002 ( 0.005)	Loss 3.8650e-02 (7.2694e-02)	Acc pseudo  98.44 ( 97.87)	Lr 1.000e-03 (1.000e-03)
2025-12-18 16:30:11,782 - INFO: Round 4, Fine-tune Epoch 3: loss=0.0727, acc(pseudo)=97.91%
2025-12-18 16:30:16,520 - INFO: Round 4, Fine-tune Epoch 3: acc(valid): 0.8975
2025-12-18 16:30:16,520 - INFO: Round 4, Fine-tune Epoch 3: No improvement in validation accuracy. Patience(epoch): 3/5
2025-12-18 16:30:16,723 - INFO: Epoch: [4][  0/107]	Time  0.195 ( 0.195)	Loss 6.9278e-02 (6.9278e-02)	Acc pseudo  98.44 ( 98.44)	Lr 1.000e-03 (1.000e-03)
2025-12-18 16:30:16,926 - INFO: Epoch: [4][ 50/107]	Time  0.003 ( 0.008)	Loss 1.6814e-01 (7.9610e-02)	Acc pseudo  96.88 ( 98.10)	Lr 1.000e-03 (1.000e-03)
2025-12-18 16:30:17,077 - INFO: Epoch: [4][100/107]	Time  0.002 ( 0.005)	Loss 6.1865e-02 (7.2926e-02)	Acc pseudo  98.44 ( 98.11)	Lr 1.000e-03 (1.000e-03)
2025-12-18 16:30:17,133 - INFO: Round 4, Fine-tune Epoch 4: loss=0.0704, acc(pseudo)=98.14%
2025-12-18 16:30:21,745 - INFO: Round 4, Fine-tune Epoch 4: acc(valid): 0.8950
2025-12-18 16:30:21,746 - INFO: Round 4, Fine-tune Epoch 4: No improvement in validation accuracy. Patience(epoch): 4/5
2025-12-18 16:30:21,936 - INFO: Epoch: [5][  0/107]	Time  0.185 ( 0.185)	Loss 2.6052e-02 (2.6052e-02)	Acc pseudo  98.44 ( 98.44)	Lr 1.000e-03 (1.000e-03)
2025-12-18 16:30:22,096 - INFO: Epoch: [5][ 50/107]	Time  0.003 ( 0.007)	Loss 1.1669e-02 (5.3888e-02)	Acc pseudo 100.00 ( 98.47)	Lr 1.000e-03 (1.000e-03)
2025-12-18 16:30:22,246 - INFO: Epoch: [5][100/107]	Time  0.002 ( 0.005)	Loss 9.2110e-02 (7.0317e-02)	Acc pseudo  98.44 ( 97.99)	Lr 1.000e-03 (1.000e-03)
2025-12-18 16:30:22,304 - INFO: Round 4, Fine-tune Epoch 5: loss=0.0714, acc(pseudo)=97.98%
2025-12-18 16:30:26,075 - INFO: Round 4, Fine-tune Epoch 5: acc(valid): 0.8975
2025-12-18 16:30:26,075 - INFO: Round 4, Fine-tune Epoch 5: No improvement in validation accuracy. Patience(epoch): 5/5
2025-12-18 16:30:26,075 - INFO: Early stopping at epoch 5 due to no improvement in validation accuracy for 5 epochs.
2025-12-18 16:30:26,076 - INFO: Round 4: Best fine-tuned epoch=0, acc(valid)=0.8975
2025-12-18 16:30:26,092 - INFO: Using HMM model from previous round: runs/the big bang theory/exp_video/result/self_supervised/exp0/round3/pseudo_label/hmm_params.pkl
2025-12-18 16:38:05,950 - INFO: Round 4: acc(valid)=0.9000, acc(test)=0.9169
2025-12-18 16:38:05,951 - INFO: No improvement. Patience(round): 1/5
2025-12-18 16:38:05,953 - INFO: ====================
2025-12-18 16:38:05,953 - INFO: Round 5: Fine-tuning iteration
2025-12-18 16:38:05,953 - INFO: ====================
2025-12-18 16:38:05,962 - INFO: Round 5 Part 1: Fine-tuning embedding model
2025-12-18 16:38:05,962 - INFO: Using pseudo-label file: runs/the big bang theory/exp_video/result/self_supervised/exp0/round4/pseudo_label/pseudo_labels_audio_nested_hmm_full(unreliable_pp=5.0).json
2025-12-18 16:38:06,087 - INFO: Fine-tuning embedding model for 20 epochs...
2025-12-18 16:38:06,280 - INFO: Epoch: [0][  0/107]	Time  0.189 ( 0.189)	Loss 3.0485e-02 (3.0485e-02)	Acc pseudo  98.44 ( 98.44)	Lr 1.000e-03 (1.000e-03)
2025-12-18 16:38:06,451 - INFO: Epoch: [0][ 50/107]	Time  0.003 ( 0.007)	Loss 2.5921e-02 (1.9015e-01)	Acc pseudo  98.44 ( 97.95)	Lr 1.000e-03 (1.000e-03)
2025-12-18 16:38:06,600 - INFO: Epoch: [0][100/107]	Time  0.002 ( 0.005)	Loss 9.4429e-02 (1.9009e-01)	Acc pseudo  95.31 ( 97.32)	Lr 1.000e-03 (1.000e-03)
2025-12-18 16:38:06,665 - INFO: Round 5, Fine-tune Epoch 0: loss=0.1876, acc(pseudo)=97.32%
2025-12-18 16:38:11,573 - INFO: Round 5, Fine-tune Epoch 0: acc(valid): 0.8975
2025-12-18 16:38:12,176 - INFO: Epoch: [1][  0/107]	Time  0.185 ( 0.185)	Loss 7.6661e-02 (7.6661e-02)	Acc pseudo  96.88 ( 96.88)	Lr 1.000e-03 (1.000e-03)
2025-12-18 16:38:12,358 - INFO: Epoch: [1][ 50/107]	Time  0.003 ( 0.007)	Loss 1.0044e-01 (9.5702e-02)	Acc pseudo  96.88 ( 98.04)	Lr 1.000e-03 (1.000e-03)
2025-12-18 16:38:12,498 - INFO: Epoch: [1][100/107]	Time  0.002 ( 0.005)	Loss 1.1992e-01 (9.1220e-02)	Acc pseudo  95.31 ( 97.97)	Lr 1.000e-03 (1.000e-03)
2025-12-18 16:38:12,555 - INFO: Round 5, Fine-tune Epoch 1: loss=0.0909, acc(pseudo)=97.99%
2025-12-18 16:38:17,231 - INFO: Round 5, Fine-tune Epoch 1: acc(valid): 0.8925
2025-12-18 16:38:17,232 - INFO: Round 5, Fine-tune Epoch 1: No improvement in validation accuracy. Patience(epoch): 1/5
2025-12-18 16:38:17,413 - INFO: Epoch: [2][  0/107]	Time  0.176 ( 0.176)	Loss 1.1620e-01 (1.1620e-01)	Acc pseudo  96.88 ( 96.88)	Lr 1.000e-03 (1.000e-03)
2025-12-18 16:38:17,568 - INFO: Epoch: [2][ 50/107]	Time  0.003 ( 0.006)	Loss 1.0552e-01 (9.7336e-02)	Acc pseudo  96.88 ( 97.95)	Lr 1.000e-03 (1.000e-03)
2025-12-18 16:38:17,712 - INFO: Epoch: [2][100/107]	Time  0.002 ( 0.005)	Loss 3.7082e-03 (9.3527e-02)	Acc pseudo 100.00 ( 97.90)	Lr 1.000e-03 (1.000e-03)
2025-12-18 16:38:17,774 - INFO: Round 5, Fine-tune Epoch 2: loss=0.0925, acc(pseudo)=97.86%
2025-12-18 16:38:21,674 - INFO: Round 5, Fine-tune Epoch 2: acc(valid): 0.8900
2025-12-18 16:38:21,675 - INFO: Round 5, Fine-tune Epoch 2: No improvement in validation accuracy. Patience(epoch): 2/5
2025-12-18 16:38:21,862 - INFO: Epoch: [3][  0/107]	Time  0.182 ( 0.182)	Loss 1.0249e-01 (1.0249e-01)	Acc pseudo  98.44 ( 98.44)	Lr 1.000e-03 (1.000e-03)
2025-12-18 16:38:22,019 - INFO: Epoch: [3][ 50/107]	Time  0.003 ( 0.007)	Loss 2.5308e-02 (8.7026e-02)	Acc pseudo  98.44 ( 97.86)	Lr 1.000e-03 (1.000e-03)
2025-12-18 16:38:22,171 - INFO: Epoch: [3][100/107]	Time  0.002 ( 0.005)	Loss 7.8307e-02 (7.3363e-02)	Acc pseudo  98.44 ( 98.11)	Lr 1.000e-03 (1.000e-03)
2025-12-18 16:38:22,235 - INFO: Round 5, Fine-tune Epoch 3: loss=0.0732, acc(pseudo)=98.11%
2025-12-18 16:38:26,152 - INFO: Round 5, Fine-tune Epoch 3: acc(valid): 0.8975
2025-12-18 16:38:26,152 - INFO: Round 5, Fine-tune Epoch 3: No improvement in validation accuracy. Patience(epoch): 3/5
2025-12-18 16:38:26,344 - INFO: Epoch: [4][  0/107]	Time  0.187 ( 0.187)	Loss 1.2332e-01 (1.2332e-01)	Acc pseudo  96.88 ( 96.88)	Lr 1.000e-03 (1.000e-03)
2025-12-18 16:38:26,522 - INFO: Epoch: [4][ 50/107]	Time  0.003 ( 0.007)	Loss 3.5978e-02 (7.5017e-02)	Acc pseudo 100.00 ( 98.35)	Lr 1.000e-03 (1.000e-03)
2025-12-18 16:38:26,681 - INFO: Epoch: [4][100/107]	Time  0.002 ( 0.005)	Loss 1.4180e-01 (7.8213e-02)	Acc pseudo  98.44 ( 98.27)	Lr 1.000e-03 (1.000e-03)
2025-12-18 16:38:26,753 - INFO: Round 5, Fine-tune Epoch 4: loss=0.0786, acc(pseudo)=98.23%
2025-12-18 16:38:30,608 - INFO: Round 5, Fine-tune Epoch 4: acc(valid): 0.8975
2025-12-18 16:38:30,608 - INFO: Round 5, Fine-tune Epoch 4: No improvement in validation accuracy. Patience(epoch): 4/5
2025-12-18 16:38:30,786 - INFO: Epoch: [5][  0/107]	Time  0.173 ( 0.173)	Loss 1.4745e-02 (1.4745e-02)	Acc pseudo 100.00 (100.00)	Lr 1.000e-03 (1.000e-03)
2025-12-18 16:38:30,941 - INFO: Epoch: [5][ 50/107]	Time  0.003 ( 0.006)	Loss 7.5790e-02 (6.0766e-02)	Acc pseudo  96.88 ( 98.44)	Lr 1.000e-03 (1.000e-03)
2025-12-18 16:38:31,076 - INFO: Epoch: [5][100/107]	Time  0.002 ( 0.004)	Loss 1.3089e-01 (6.3080e-02)	Acc pseudo  98.44 ( 98.34)	Lr 1.000e-03 (1.000e-03)
2025-12-18 16:38:31,133 - INFO: Round 5, Fine-tune Epoch 5: loss=0.0618, acc(pseudo)=98.35%
2025-12-18 16:38:34,997 - INFO: Round 5, Fine-tune Epoch 5: acc(valid): 0.9000
2025-12-18 16:38:35,380 - INFO: Epoch: [6][  0/107]	Time  0.180 ( 0.180)	Loss 6.9753e-02 (6.9753e-02)	Acc pseudo  96.88 ( 96.88)	Lr 1.000e-03 (1.000e-03)
2025-12-18 16:38:35,555 - INFO: Epoch: [6][ 50/107]	Time  0.003 ( 0.007)	Loss 3.6145e-02 (5.8492e-02)	Acc pseudo  98.44 ( 98.56)	Lr 1.000e-03 (1.000e-03)
2025-12-18 16:38:35,702 - INFO: Epoch: [6][100/107]	Time  0.002 ( 0.005)	Loss 1.8555e-02 (5.8555e-02)	Acc pseudo  98.44 ( 98.61)	Lr 1.000e-03 (1.000e-03)
2025-12-18 16:38:35,759 - INFO: Round 5, Fine-tune Epoch 6: loss=0.0572, acc(pseudo)=98.64%
2025-12-18 16:38:39,530 - INFO: Round 5, Fine-tune Epoch 6: acc(valid): 0.9000
2025-12-18 16:38:39,530 - INFO: Round 5, Fine-tune Epoch 6: No improvement in validation accuracy. Patience(epoch): 1/5
2025-12-18 16:38:39,715 - INFO: Epoch: [7][  0/107]	Time  0.180 ( 0.180)	Loss 1.3329e-01 (1.3329e-01)	Acc pseudo  98.44 ( 98.44)	Lr 1.000e-03 (1.000e-03)
2025-12-18 16:38:39,874 - INFO: Epoch: [7][ 50/107]	Time  0.003 ( 0.007)	Loss 8.7970e-02 (4.5947e-02)	Acc pseudo  98.44 ( 98.68)	Lr 1.000e-03 (1.000e-03)
2025-12-18 16:38:40,017 - INFO: Epoch: [7][100/107]	Time  0.002 ( 0.005)	Loss 4.6882e-02 (6.0721e-02)	Acc pseudo 100.00 ( 98.41)	Lr 1.000e-03 (1.000e-03)
2025-12-18 16:38:40,079 - INFO: Round 5, Fine-tune Epoch 7: loss=0.0660, acc(pseudo)=98.33%
2025-12-18 16:38:43,872 - INFO: Round 5, Fine-tune Epoch 7: acc(valid): 0.8975
2025-12-18 16:38:43,872 - INFO: Round 5, Fine-tune Epoch 7: No improvement in validation accuracy. Patience(epoch): 2/5
2025-12-18 16:38:44,058 - INFO: Epoch: [8][  0/107]	Time  0.180 ( 0.180)	Loss 1.8855e-02 (1.8855e-02)	Acc pseudo 100.00 (100.00)	Lr 1.000e-03 (1.000e-03)
2025-12-18 16:38:44,238 - INFO: Epoch: [8][ 50/107]	Time  0.003 ( 0.007)	Loss 2.5622e-03 (6.6271e-02)	Acc pseudo 100.00 ( 98.19)	Lr 1.000e-03 (1.000e-03)
2025-12-18 16:38:44,404 - INFO: Epoch: [8][100/107]	Time  0.002 ( 0.005)	Loss 1.0039e-02 (7.4587e-02)	Acc pseudo 100.00 ( 98.16)	Lr 1.000e-03 (1.000e-03)
2025-12-18 16:38:44,462 - INFO: Round 5, Fine-tune Epoch 8: loss=0.0725, acc(pseudo)=98.17%
2025-12-18 16:38:48,827 - INFO: Round 5, Fine-tune Epoch 8: acc(valid): 0.8950
2025-12-18 16:38:48,827 - INFO: Round 5, Fine-tune Epoch 8: No improvement in validation accuracy. Patience(epoch): 3/5
2025-12-18 16:38:49,016 - INFO: Epoch: [9][  0/107]	Time  0.183 ( 0.183)	Loss 8.8525e-02 (8.8525e-02)	Acc pseudo  98.44 ( 98.44)	Lr 1.000e-03 (1.000e-03)
2025-12-18 16:38:49,172 - INFO: Epoch: [9][ 50/107]	Time  0.003 ( 0.007)	Loss 3.3366e-04 (6.8015e-02)	Acc pseudo 100.00 ( 98.04)	Lr 1.000e-03 (1.000e-03)
2025-12-18 16:38:49,311 - INFO: Epoch: [9][100/107]	Time  0.002 ( 0.005)	Loss 8.2819e-02 (8.4083e-02)	Acc pseudo  96.88 ( 97.54)	Lr 1.000e-03 (1.000e-03)
2025-12-18 16:38:49,371 - INFO: Round 5, Fine-tune Epoch 9: loss=0.0890, acc(pseudo)=97.50%
2025-12-18 16:38:54,112 - INFO: Round 5, Fine-tune Epoch 9: acc(valid): 0.8900
2025-12-18 16:38:54,112 - INFO: Round 5, Fine-tune Epoch 9: No improvement in validation accuracy. Patience(epoch): 4/5
2025-12-18 16:38:54,316 - INFO: Epoch: [10][  0/107]	Time  0.199 ( 0.199)	Loss 3.4740e-02 (3.4740e-02)	Acc pseudo  98.44 ( 98.44)	Lr 1.000e-03 (1.000e-03)
2025-12-18 16:38:54,471 - INFO: Epoch: [10][ 50/107]	Time  0.003 ( 0.007)	Loss 1.0652e-01 (8.4616e-02)	Acc pseudo  96.88 ( 97.79)	Lr 1.000e-03 (1.000e-03)
2025-12-18 16:38:54,629 - INFO: Epoch: [10][100/107]	Time  0.002 ( 0.005)	Loss 6.1155e-02 (7.8632e-02)	Acc pseudo  98.44 ( 97.93)	Lr 1.000e-03 (1.000e-03)
2025-12-18 16:38:54,698 - INFO: Round 5, Fine-tune Epoch 10: loss=0.0776, acc(pseudo)=97.92%
2025-12-18 16:38:58,628 - INFO: Round 5, Fine-tune Epoch 10: acc(valid): 0.9000
2025-12-18 16:38:58,629 - INFO: Round 5, Fine-tune Epoch 10: No improvement in validation accuracy. Patience(epoch): 5/5
2025-12-18 16:38:58,629 - INFO: Early stopping at epoch 10 due to no improvement in validation accuracy for 5 epochs.
2025-12-18 16:38:58,630 - INFO: Round 5: Best fine-tuned epoch=5, acc(valid)=0.9000
2025-12-18 16:38:58,646 - INFO: Using HMM model from previous round: runs/the big bang theory/exp_video/result/self_supervised/exp0/round4/pseudo_label/hmm_params.pkl
2025-12-18 16:44:41,275 - INFO: Round 5: acc(valid)=0.9000, acc(test)=0.9156
2025-12-18 16:44:41,275 - INFO: No improvement. Patience(round): 2/5
2025-12-18 16:44:41,277 - INFO: ====================
2025-12-18 16:44:41,277 - INFO: Round 6: Fine-tuning iteration
2025-12-18 16:44:41,277 - INFO: ====================
2025-12-18 16:44:41,284 - INFO: Round 6 Part 1: Fine-tuning embedding model
2025-12-18 16:44:41,285 - INFO: Using pseudo-label file: runs/the big bang theory/exp_video/result/self_supervised/exp0/round5/pseudo_label/pseudo_labels_audio_nested_hmm_full(unreliable_pp=5.0).json
2025-12-18 16:44:41,420 - INFO: Fine-tuning embedding model for 20 epochs...
2025-12-18 16:44:41,627 - INFO: Epoch: [0][  0/107]	Time  0.203 ( 0.203)	Loss 5.9349e-02 (5.9349e-02)	Acc pseudo  98.44 ( 98.44)	Lr 1.000e-03 (1.000e-03)
2025-12-18 16:44:41,790 - INFO: Epoch: [0][ 50/107]	Time  0.003 ( 0.007)	Loss 8.8483e-03 (1.1135e-01)	Acc pseudo 100.00 ( 98.19)	Lr 1.000e-03 (1.000e-03)
2025-12-18 16:44:41,945 - INFO: Epoch: [0][100/107]	Time  0.002 ( 0.005)	Loss 8.4972e-02 (1.1392e-01)	Acc pseudo  96.88 ( 97.97)	Lr 1.000e-03 (1.000e-03)
2025-12-18 16:44:42,003 - INFO: Round 6, Fine-tune Epoch 0: loss=0.1100, acc(pseudo)=98.02%
2025-12-18 16:44:45,993 - INFO: Round 6, Fine-tune Epoch 0: acc(valid): 0.8975
2025-12-18 16:44:46,370 - INFO: Epoch: [1][  0/107]	Time  0.183 ( 0.183)	Loss 4.9458e-02 (4.9458e-02)	Acc pseudo 100.00 (100.00)	Lr 1.000e-03 (1.000e-03)
2025-12-18 16:44:46,529 - INFO: Epoch: [1][ 50/107]	Time  0.003 ( 0.007)	Loss 2.9706e-01 (7.1090e-02)	Acc pseudo  96.88 ( 98.31)	Lr 1.000e-03 (1.000e-03)
2025-12-18 16:44:46,690 - INFO: Epoch: [1][100/107]	Time  0.002 ( 0.005)	Loss 8.9512e-02 (8.4607e-02)	Acc pseudo  96.88 ( 98.02)	Lr 1.000e-03 (1.000e-03)
2025-12-18 16:44:46,749 - INFO: Round 6, Fine-tune Epoch 1: loss=0.0854, acc(pseudo)=97.98%
2025-12-18 16:44:51,161 - INFO: Round 6, Fine-tune Epoch 1: acc(valid): 0.8925
2025-12-18 16:44:51,162 - INFO: Round 6, Fine-tune Epoch 1: No improvement in validation accuracy. Patience(epoch): 1/5
2025-12-18 16:44:51,355 - INFO: Epoch: [2][  0/107]	Time  0.188 ( 0.188)	Loss 3.9654e-02 (3.9654e-02)	Acc pseudo  98.44 ( 98.44)	Lr 1.000e-03 (1.000e-03)
2025-12-18 16:44:51,512 - INFO: Epoch: [2][ 50/107]	Time  0.003 ( 0.007)	Loss 8.1091e-02 (6.7209e-02)	Acc pseudo  96.88 ( 98.44)	Lr 1.000e-03 (1.000e-03)
2025-12-18 16:44:51,656 - INFO: Epoch: [2][100/107]	Time  0.002 ( 0.005)	Loss 1.3201e-04 (6.5483e-02)	Acc pseudo 100.00 ( 98.33)	Lr 1.000e-03 (1.000e-03)
2025-12-18 16:44:51,712 - INFO: Round 6, Fine-tune Epoch 2: loss=0.0674, acc(pseudo)=98.27%
2025-12-18 16:44:56,706 - INFO: Round 6, Fine-tune Epoch 2: acc(valid): 0.8975
2025-12-18 16:44:56,706 - INFO: Round 6, Fine-tune Epoch 2: No improvement in validation accuracy. Patience(epoch): 2/5
2025-12-18 16:44:56,894 - INFO: Epoch: [3][  0/107]	Time  0.182 ( 0.182)	Loss 1.1888e-01 (1.1888e-01)	Acc pseudo  96.88 ( 96.88)	Lr 1.000e-03 (1.000e-03)
2025-12-18 16:44:57,051 - INFO: Epoch: [3][ 50/107]	Time  0.003 ( 0.007)	Loss 1.8580e-02 (5.4832e-02)	Acc pseudo 100.00 ( 98.53)	Lr 1.000e-03 (1.000e-03)
2025-12-18 16:44:57,209 - INFO: Epoch: [3][100/107]	Time  0.002 ( 0.005)	Loss 6.4776e-02 (5.3954e-02)	Acc pseudo  98.44 ( 98.58)	Lr 1.000e-03 (1.000e-03)
2025-12-18 16:44:57,269 - INFO: Round 6, Fine-tune Epoch 3: loss=0.0538, acc(pseudo)=98.51%
2025-12-18 16:45:01,788 - INFO: Round 6, Fine-tune Epoch 3: acc(valid): 0.9000
2025-12-18 16:45:02,178 - INFO: Epoch: [4][  0/107]	Time  0.179 ( 0.179)	Loss 2.1769e-01 (2.1769e-01)	Acc pseudo  95.31 ( 95.31)	Lr 1.000e-03 (1.000e-03)
2025-12-18 16:45:02,354 - INFO: Epoch: [4][ 50/107]	Time  0.003 ( 0.007)	Loss 1.0268e-02 (6.8701e-02)	Acc pseudo 100.00 ( 98.50)	Lr 1.000e-03 (1.000e-03)
2025-12-18 16:45:02,497 - INFO: Epoch: [4][100/107]	Time  0.002 ( 0.005)	Loss 3.7369e-02 (6.8979e-02)	Acc pseudo  96.88 ( 98.31)	Lr 1.000e-03 (1.000e-03)
2025-12-18 16:45:02,561 - INFO: Round 6, Fine-tune Epoch 4: loss=0.0683, acc(pseudo)=98.36%
2025-12-18 16:45:06,538 - INFO: Round 6, Fine-tune Epoch 4: acc(valid): 0.8925
2025-12-18 16:45:06,539 - INFO: Round 6, Fine-tune Epoch 4: No improvement in validation accuracy. Patience(epoch): 1/5
2025-12-18 16:45:06,721 - INFO: Epoch: [5][  0/107]	Time  0.177 ( 0.177)	Loss 1.6848e-02 (1.6848e-02)	Acc pseudo  98.44 ( 98.44)	Lr 1.000e-03 (1.000e-03)
2025-12-18 16:45:06,874 - INFO: Epoch: [5][ 50/107]	Time  0.003 ( 0.006)	Loss 5.4841e-02 (5.0987e-02)	Acc pseudo  98.44 ( 98.35)	Lr 1.000e-03 (1.000e-03)
2025-12-18 16:45:07,017 - INFO: Epoch: [5][100/107]	Time  0.002 ( 0.005)	Loss 1.4591e-01 (5.6733e-02)	Acc pseudo  96.88 ( 98.30)	Lr 1.000e-03 (1.000e-03)
2025-12-18 16:45:07,073 - INFO: Round 6, Fine-tune Epoch 5: loss=0.0561, acc(pseudo)=98.32%
2025-12-18 16:45:10,960 - INFO: Round 6, Fine-tune Epoch 5: acc(valid): 0.8850
2025-12-18 16:45:10,961 - INFO: Round 6, Fine-tune Epoch 5: No improvement in validation accuracy. Patience(epoch): 2/5
2025-12-18 16:45:11,153 - INFO: Epoch: [6][  0/107]	Time  0.188 ( 0.188)	Loss 1.4476e-02 (1.4476e-02)	Acc pseudo  98.44 ( 98.44)	Lr 1.000e-03 (1.000e-03)
2025-12-18 16:45:11,302 - INFO: Epoch: [6][ 50/107]	Time  0.003 ( 0.007)	Loss 5.9884e-02 (4.3534e-02)	Acc pseudo  98.44 ( 98.87)	Lr 1.000e-03 (1.000e-03)
2025-12-18 16:45:11,451 - INFO: Epoch: [6][100/107]	Time  0.002 ( 0.005)	Loss 4.5206e-02 (5.4417e-02)	Acc pseudo  98.44 ( 98.61)	Lr 1.000e-03 (1.000e-03)
2025-12-18 16:45:11,509 - INFO: Round 6, Fine-tune Epoch 6: loss=0.0534, acc(pseudo)=98.64%
2025-12-18 16:45:15,506 - INFO: Round 6, Fine-tune Epoch 6: acc(valid): 0.8950
2025-12-18 16:45:15,506 - INFO: Round 6, Fine-tune Epoch 6: No improvement in validation accuracy. Patience(epoch): 3/5
2025-12-18 16:45:15,688 - INFO: Epoch: [7][  0/107]	Time  0.176 ( 0.176)	Loss 2.2793e-02 (2.2793e-02)	Acc pseudo 100.00 (100.00)	Lr 1.000e-03 (1.000e-03)
2025-12-18 16:45:15,861 - INFO: Epoch: [7][ 50/107]	Time  0.003 ( 0.007)	Loss 3.5344e-02 (5.6774e-02)	Acc pseudo 100.00 ( 98.41)	Lr 1.000e-03 (1.000e-03)
2025-12-18 16:45:16,017 - INFO: Epoch: [7][100/107]	Time  0.002 ( 0.005)	Loss 1.3142e-01 (5.7930e-02)	Acc pseudo  96.88 ( 98.34)	Lr 1.000e-03 (1.000e-03)
2025-12-18 16:45:16,073 - INFO: Round 6, Fine-tune Epoch 7: loss=0.0571, acc(pseudo)=98.37%
2025-12-18 16:45:20,009 - INFO: Round 6, Fine-tune Epoch 7: acc(valid): 0.8875
2025-12-18 16:45:20,009 - INFO: Round 6, Fine-tune Epoch 7: No improvement in validation accuracy. Patience(epoch): 4/5
2025-12-18 16:45:20,199 - INFO: Epoch: [8][  0/107]	Time  0.184 ( 0.184)	Loss 5.8647e-02 (5.8647e-02)	Acc pseudo  98.44 ( 98.44)	Lr 1.000e-03 (1.000e-03)
2025-12-18 16:45:20,358 - INFO: Epoch: [8][ 50/107]	Time  0.003 ( 0.007)	Loss 2.9202e-02 (8.6106e-02)	Acc pseudo  98.44 ( 97.73)	Lr 1.000e-03 (1.000e-03)
2025-12-18 16:45:20,508 - INFO: Epoch: [8][100/107]	Time  0.002 ( 0.005)	Loss 5.4542e-02 (6.9380e-02)	Acc pseudo  98.44 ( 98.16)	Lr 1.000e-03 (1.000e-03)
2025-12-18 16:45:20,564 - INFO: Round 6, Fine-tune Epoch 8: loss=0.0675, acc(pseudo)=98.20%
2025-12-18 16:45:24,752 - INFO: Round 6, Fine-tune Epoch 8: acc(valid): 0.8975
2025-12-18 16:45:24,752 - INFO: Round 6, Fine-tune Epoch 8: No improvement in validation accuracy. Patience(epoch): 5/5
2025-12-18 16:45:24,752 - INFO: Early stopping at epoch 8 due to no improvement in validation accuracy for 5 epochs.
2025-12-18 16:45:24,754 - INFO: Round 6: Best fine-tuned epoch=3, acc(valid)=0.9000
2025-12-18 16:45:24,785 - INFO: Using HMM model from previous round: runs/the big bang theory/exp_video/result/self_supervised/exp0/round5/pseudo_label/hmm_params.pkl
2025-12-18 16:50:21,636 - INFO: Round 6: acc(valid)=0.9000, acc(test)=0.9169
2025-12-18 16:50:21,637 - INFO: No improvement. Patience(round): 3/5
2025-12-18 16:50:21,640 - INFO: ====================
2025-12-18 16:50:21,640 - INFO: Round 7: Fine-tuning iteration
2025-12-18 16:50:21,640 - INFO: ====================
2025-12-18 16:50:21,650 - INFO: Round 7 Part 1: Fine-tuning embedding model
2025-12-18 16:50:21,651 - INFO: Using pseudo-label file: runs/the big bang theory/exp_video/result/self_supervised/exp0/round6/pseudo_label/pseudo_labels_audio_nested_hmm_full(unreliable_pp=5.0).json
2025-12-18 16:50:22,169 - INFO: Fine-tuning embedding model for 20 epochs...
2025-12-18 16:50:23,698 - INFO: Epoch: [0][  0/107]	Time  1.425 ( 1.425)	Loss 6.3234e-02 (6.3234e-02)	Acc pseudo  98.44 ( 98.44)	Lr 1.000e-03 (1.000e-03)
2025-12-18 16:50:23,870 - INFO: Epoch: [0][ 50/107]	Time  0.003 ( 0.031)	Loss 3.6593e-02 (1.3542e-01)	Acc pseudo  98.44 ( 98.25)	Lr 1.000e-03 (1.000e-03)
2025-12-18 16:50:24,011 - INFO: Epoch: [0][100/107]	Time  0.002 ( 0.017)	Loss 1.0591e-01 (1.2696e-01)	Acc pseudo  96.88 ( 97.87)	Lr 1.000e-03 (1.000e-03)
2025-12-18 16:50:24,068 - INFO: Round 7, Fine-tune Epoch 0: loss=0.1284, acc(pseudo)=97.88%
2025-12-18 16:50:27,927 - INFO: Round 7, Fine-tune Epoch 0: acc(valid): 0.8925
2025-12-18 16:50:28,454 - INFO: Epoch: [1][  0/107]	Time  0.186 ( 0.186)	Loss 3.1793e-02 (3.1793e-02)	Acc pseudo 100.00 (100.00)	Lr 1.000e-03 (1.000e-03)
2025-12-18 16:50:28,603 - INFO: Epoch: [1][ 50/107]	Time  0.003 ( 0.006)	Loss 1.3601e-01 (7.1613e-02)	Acc pseudo  98.44 ( 98.47)	Lr 1.000e-03 (1.000e-03)
2025-12-18 16:50:28,747 - INFO: Epoch: [1][100/107]	Time  0.002 ( 0.005)	Loss 1.1527e-01 (6.7563e-02)	Acc pseudo  95.31 ( 98.48)	Lr 1.000e-03 (1.000e-03)
2025-12-18 16:50:28,806 - INFO: Round 7, Fine-tune Epoch 1: loss=0.0682, acc(pseudo)=98.46%
2025-12-18 16:50:32,686 - INFO: Round 7, Fine-tune Epoch 1: acc(valid): 0.8975
2025-12-18 16:50:33,401 - INFO: Epoch: [2][  0/107]	Time  0.201 ( 0.201)	Loss 7.7352e-02 (7.7352e-02)	Acc pseudo  98.44 ( 98.44)	Lr 1.000e-03 (1.000e-03)
2025-12-18 16:50:33,553 - INFO: Epoch: [2][ 50/107]	Time  0.003 ( 0.007)	Loss 9.0593e-02 (4.9917e-02)	Acc pseudo  95.31 ( 98.25)	Lr 1.000e-03 (1.000e-03)
2025-12-18 16:50:33,705 - INFO: Epoch: [2][100/107]	Time  0.002 ( 0.005)	Loss 8.4225e-02 (5.3610e-02)	Acc pseudo  98.44 ( 98.24)	Lr 1.000e-03 (1.000e-03)
2025-12-18 16:50:33,762 - INFO: Round 7, Fine-tune Epoch 2: loss=0.0596, acc(pseudo)=98.23%
2025-12-18 16:50:37,656 - INFO: Round 7, Fine-tune Epoch 2: acc(valid): 0.9000
2025-12-18 16:50:38,029 - INFO: Epoch: [3][  0/107]	Time  0.175 ( 0.175)	Loss 4.6443e-02 (4.6443e-02)	Acc pseudo  98.44 ( 98.44)	Lr 1.000e-03 (1.000e-03)
2025-12-18 16:50:38,190 - INFO: Epoch: [3][ 50/107]	Time  0.003 ( 0.007)	Loss 1.5284e-02 (6.5851e-02)	Acc pseudo 100.00 ( 98.22)	Lr 1.000e-03 (1.000e-03)
2025-12-18 16:50:38,329 - INFO: Epoch: [3][100/107]	Time  0.002 ( 0.005)	Loss 1.7288e-01 (6.8010e-02)	Acc pseudo  96.88 ( 98.28)	Lr 1.000e-03 (1.000e-03)
2025-12-18 16:50:38,391 - INFO: Round 7, Fine-tune Epoch 3: loss=0.0713, acc(pseudo)=98.24%
2025-12-18 16:50:42,206 - INFO: Round 7, Fine-tune Epoch 3: acc(valid): 0.8975
2025-12-18 16:50:42,206 - INFO: Round 7, Fine-tune Epoch 3: No improvement in validation accuracy. Patience(epoch): 1/5
2025-12-18 16:50:42,395 - INFO: Epoch: [4][  0/107]	Time  0.183 ( 0.183)	Loss 2.0718e-01 (2.0718e-01)	Acc pseudo  95.31 ( 95.31)	Lr 1.000e-03 (1.000e-03)
2025-12-18 16:50:42,548 - INFO: Epoch: [4][ 50/107]	Time  0.003 ( 0.007)	Loss 5.4322e-04 (7.0553e-02)	Acc pseudo 100.00 ( 98.28)	Lr 1.000e-03 (1.000e-03)
2025-12-18 16:50:42,686 - INFO: Epoch: [4][100/107]	Time  0.002 ( 0.005)	Loss 9.4228e-03 (6.6293e-02)	Acc pseudo 100.00 ( 98.38)	Lr 1.000e-03 (1.000e-03)
2025-12-18 16:50:42,743 - INFO: Round 7, Fine-tune Epoch 4: loss=0.0649, acc(pseudo)=98.40%
2025-12-18 16:50:46,585 - INFO: Round 7, Fine-tune Epoch 4: acc(valid): 0.9000
2025-12-18 16:50:46,586 - INFO: Round 7, Fine-tune Epoch 4: No improvement in validation accuracy. Patience(epoch): 2/5
2025-12-18 16:50:46,767 - INFO: Epoch: [5][  0/107]	Time  0.176 ( 0.176)	Loss 3.4983e-02 (3.4983e-02)	Acc pseudo  96.88 ( 96.88)	Lr 1.000e-03 (1.000e-03)
2025-12-18 16:50:46,914 - INFO: Epoch: [5][ 50/107]	Time  0.003 ( 0.006)	Loss 5.3966e-02 (4.7261e-02)	Acc pseudo  96.88 ( 98.62)	Lr 1.000e-03 (1.000e-03)
2025-12-18 16:50:47,052 - INFO: Epoch: [5][100/107]	Time  0.002 ( 0.004)	Loss 3.0544e-01 (5.6508e-02)	Acc pseudo  96.88 ( 98.45)	Lr 1.000e-03 (1.000e-03)
2025-12-18 16:50:47,109 - INFO: Round 7, Fine-tune Epoch 5: loss=0.0557, acc(pseudo)=98.42%
2025-12-18 16:50:51,453 - INFO: Round 7, Fine-tune Epoch 5: acc(valid): 0.9000
2025-12-18 16:50:51,454 - INFO: Round 7, Fine-tune Epoch 5: No improvement in validation accuracy. Patience(epoch): 3/5
2025-12-18 16:50:51,794 - INFO: Epoch: [6][  0/107]	Time  0.331 ( 0.331)	Loss 4.1145e-02 (4.1145e-02)	Acc pseudo  98.44 ( 98.44)	Lr 1.000e-03 (1.000e-03)
2025-12-18 16:50:51,951 - INFO: Epoch: [6][ 50/107]	Time  0.003 ( 0.009)	Loss 5.9488e-03 (4.4071e-02)	Acc pseudo 100.00 ( 98.68)	Lr 1.000e-03 (1.000e-03)
2025-12-18 16:50:52,117 - INFO: Epoch: [6][100/107]	Time  0.002 ( 0.006)	Loss 2.4604e-02 (5.2762e-02)	Acc pseudo  98.44 ( 98.45)	Lr 1.000e-03 (1.000e-03)
2025-12-18 16:50:52,173 - INFO: Round 7, Fine-tune Epoch 6: loss=0.0531, acc(pseudo)=98.43%
2025-12-18 16:50:56,597 - INFO: Round 7, Fine-tune Epoch 6: acc(valid): 0.9000
2025-12-18 16:50:56,597 - INFO: Round 7, Fine-tune Epoch 6: No improvement in validation accuracy. Patience(epoch): 4/5
2025-12-18 16:50:56,803 - INFO: Epoch: [7][  0/107]	Time  0.200 ( 0.200)	Loss 1.1414e-01 (1.1414e-01)	Acc pseudo  98.44 ( 98.44)	Lr 1.000e-03 (1.000e-03)
2025-12-18 16:50:56,955 - INFO: Epoch: [7][ 50/107]	Time  0.003 ( 0.007)	Loss 2.8290e-02 (4.9498e-02)	Acc pseudo  98.44 ( 98.53)	Lr 1.000e-03 (1.000e-03)
2025-12-18 16:50:57,095 - INFO: Epoch: [7][100/107]	Time  0.002 ( 0.005)	Loss 3.8392e-02 (5.8813e-02)	Acc pseudo 100.00 ( 98.51)	Lr 1.000e-03 (1.000e-03)
2025-12-18 16:50:57,154 - INFO: Round 7, Fine-tune Epoch 7: loss=0.0583, acc(pseudo)=98.52%
2025-12-18 16:51:03,364 - INFO: Round 7, Fine-tune Epoch 7: acc(valid): 0.9000
2025-12-18 16:51:03,365 - INFO: Round 7, Fine-tune Epoch 7: No improvement in validation accuracy. Patience(epoch): 5/5
2025-12-18 16:51:03,365 - INFO: Early stopping at epoch 7 due to no improvement in validation accuracy for 5 epochs.
2025-12-18 16:51:03,366 - INFO: Round 7: Best fine-tuned epoch=2, acc(valid)=0.9000
2025-12-18 16:51:03,385 - INFO: Using HMM model from previous round: runs/the big bang theory/exp_video/result/self_supervised/exp0/round6/pseudo_label/hmm_params.pkl
2025-12-18 16:55:48,384 - INFO: Round 7: acc(valid)=0.9000, acc(test)=0.9150
2025-12-18 16:55:48,384 - INFO: No improvement. Patience(round): 4/5
2025-12-18 16:55:48,387 - INFO: ====================
2025-12-18 16:55:48,387 - INFO: Round 8: Fine-tuning iteration
2025-12-18 16:55:48,387 - INFO: ====================
2025-12-18 16:55:48,393 - INFO: Round 8 Part 1: Fine-tuning embedding model
2025-12-18 16:55:48,394 - INFO: Using pseudo-label file: runs/the big bang theory/exp_video/result/self_supervised/exp0/round7/pseudo_label/pseudo_labels_audio_nested_hmm_full(unreliable_pp=5.0).json
2025-12-18 16:55:48,508 - INFO: Fine-tuning embedding model for 20 epochs...
2025-12-18 16:55:49,110 - INFO: Epoch: [0][  0/107]	Time  0.568 ( 0.568)	Loss 1.6898e-02 (1.6898e-02)	Acc pseudo 100.00 (100.00)	Lr 1.000e-03 (1.000e-03)
2025-12-18 16:55:49,274 - INFO: Epoch: [0][ 50/107]	Time  0.003 ( 0.014)	Loss 3.3243e-01 (1.0815e-01)	Acc pseudo  96.88 ( 98.38)	Lr 1.000e-03 (1.000e-03)
2025-12-18 16:55:49,415 - INFO: Epoch: [0][100/107]	Time  0.002 ( 0.009)	Loss 6.2751e-02 (9.7421e-02)	Acc pseudo  98.44 ( 98.36)	Lr 1.000e-03 (1.000e-03)
2025-12-18 16:55:49,474 - INFO: Round 8, Fine-tune Epoch 0: loss=0.0936, acc(pseudo)=98.42%
2025-12-18 16:55:53,336 - INFO: Round 8, Fine-tune Epoch 0: acc(valid): 0.9000
2025-12-18 16:55:53,723 - INFO: Epoch: [1][  0/107]	Time  0.203 ( 0.203)	Loss 1.0387e-01 (1.0387e-01)	Acc pseudo  96.88 ( 96.88)	Lr 1.000e-03 (1.000e-03)
2025-12-18 16:55:53,876 - INFO: Epoch: [1][ 50/107]	Time  0.003 ( 0.007)	Loss 4.0106e-02 (4.7624e-02)	Acc pseudo  96.88 ( 98.47)	Lr 1.000e-03 (1.000e-03)
2025-12-18 16:55:54,033 - INFO: Epoch: [1][100/107]	Time  0.002 ( 0.005)	Loss 3.5418e-02 (4.9721e-02)	Acc pseudo  98.44 ( 98.56)	Lr 1.000e-03 (1.000e-03)
2025-12-18 16:55:54,103 - INFO: Round 8, Fine-tune Epoch 1: loss=0.0502, acc(pseudo)=98.56%
2025-12-18 16:55:57,973 - INFO: Round 8, Fine-tune Epoch 1: acc(valid): 0.9000
2025-12-18 16:55:57,973 - INFO: Round 8, Fine-tune Epoch 1: No improvement in validation accuracy. Patience(epoch): 1/5
2025-12-18 16:55:58,177 - INFO: Epoch: [2][  0/107]	Time  0.199 ( 0.199)	Loss 1.5909e-01 (1.5909e-01)	Acc pseudo  96.88 ( 96.88)	Lr 1.000e-03 (1.000e-03)
2025-12-18 16:55:58,338 - INFO: Epoch: [2][ 50/107]	Time  0.003 ( 0.007)	Loss 6.4645e-02 (4.6822e-02)	Acc pseudo  96.88 ( 98.62)	Lr 1.000e-03 (1.000e-03)
2025-12-18 16:55:58,487 - INFO: Epoch: [2][100/107]	Time  0.002 ( 0.005)	Loss 1.3824e-04 (5.0280e-02)	Acc pseudo 100.00 ( 98.58)	Lr 1.000e-03 (1.000e-03)
2025-12-18 16:55:58,547 - INFO: Round 8, Fine-tune Epoch 2: loss=0.0512, acc(pseudo)=98.59%
2025-12-18 16:56:02,698 - INFO: Round 8, Fine-tune Epoch 2: acc(valid): 0.8950
2025-12-18 16:56:02,699 - INFO: Round 8, Fine-tune Epoch 2: No improvement in validation accuracy. Patience(epoch): 2/5
2025-12-18 16:56:02,885 - INFO: Epoch: [3][  0/107]	Time  0.181 ( 0.181)	Loss 1.9710e-02 (1.9710e-02)	Acc pseudo  98.44 ( 98.44)	Lr 1.000e-03 (1.000e-03)
2025-12-18 16:56:03,052 - INFO: Epoch: [3][ 50/107]	Time  0.003 ( 0.007)	Loss 1.4634e-02 (7.4968e-02)	Acc pseudo 100.00 ( 98.13)	Lr 1.000e-03 (1.000e-03)
2025-12-18 16:56:03,198 - INFO: Epoch: [3][100/107]	Time  0.002 ( 0.005)	Loss 8.5647e-02 (6.0579e-02)	Acc pseudo  95.31 ( 98.22)	Lr 1.000e-03 (1.000e-03)
2025-12-18 16:56:03,263 - INFO: Round 8, Fine-tune Epoch 3: loss=0.0597, acc(pseudo)=98.23%
2025-12-18 16:56:07,604 - INFO: Round 8, Fine-tune Epoch 3: acc(valid): 0.9000
2025-12-18 16:56:07,604 - INFO: Round 8, Fine-tune Epoch 3: No improvement in validation accuracy. Patience(epoch): 3/5
2025-12-18 16:56:07,799 - INFO: Epoch: [4][  0/107]	Time  0.189 ( 0.189)	Loss 3.7813e-02 (3.7813e-02)	Acc pseudo  98.44 ( 98.44)	Lr 1.000e-03 (1.000e-03)
2025-12-18 16:56:07,964 - INFO: Epoch: [4][ 50/107]	Time  0.003 ( 0.007)	Loss 4.0935e-02 (4.0560e-02)	Acc pseudo  96.88 ( 98.50)	Lr 1.000e-03 (1.000e-03)
2025-12-18 16:56:08,107 - INFO: Epoch: [4][100/107]	Time  0.002 ( 0.005)	Loss 6.9075e-03 (4.1355e-02)	Acc pseudo 100.00 ( 98.65)	Lr 1.000e-03 (1.000e-03)
2025-12-18 16:56:08,167 - INFO: Round 8, Fine-tune Epoch 4: loss=0.0414, acc(pseudo)=98.68%
2025-12-18 16:56:12,101 - INFO: Round 8, Fine-tune Epoch 4: acc(valid): 0.8925
2025-12-18 16:56:12,102 - INFO: Round 8, Fine-tune Epoch 4: No improvement in validation accuracy. Patience(epoch): 4/5
2025-12-18 16:56:12,299 - INFO: Epoch: [5][  0/107]	Time  0.192 ( 0.192)	Loss 9.7344e-03 (9.7344e-03)	Acc pseudo 100.00 (100.00)	Lr 1.000e-03 (1.000e-03)
2025-12-18 16:56:12,461 - INFO: Epoch: [5][ 50/107]	Time  0.003 ( 0.007)	Loss 1.0712e-01 (3.9159e-02)	Acc pseudo  95.31 ( 98.65)	Lr 1.000e-03 (1.000e-03)
2025-12-18 16:56:12,610 - INFO: Epoch: [5][100/107]	Time  0.002 ( 0.005)	Loss 4.9637e-02 (4.1347e-02)	Acc pseudo  98.44 ( 98.82)	Lr 1.000e-03 (1.000e-03)
2025-12-18 16:56:12,670 - INFO: Round 8, Fine-tune Epoch 5: loss=0.0411, acc(pseudo)=98.80%
2025-12-18 16:56:16,676 - INFO: Round 8, Fine-tune Epoch 5: acc(valid): 0.9025
2025-12-18 16:56:17,089 - INFO: Epoch: [6][  0/107]	Time  0.175 ( 0.175)	Loss 1.4880e-03 (1.4880e-03)	Acc pseudo 100.00 (100.00)	Lr 1.000e-03 (1.000e-03)
2025-12-18 16:56:17,256 - INFO: Epoch: [6][ 50/107]	Time  0.003 ( 0.007)	Loss 3.6466e-03 (4.4313e-02)	Acc pseudo 100.00 ( 98.96)	Lr 1.000e-03 (1.000e-03)
2025-12-18 16:56:17,412 - INFO: Epoch: [6][100/107]	Time  0.002 ( 0.005)	Loss 4.6112e-03 (4.8325e-02)	Acc pseudo 100.00 ( 98.76)	Lr 1.000e-03 (1.000e-03)
2025-12-18 16:56:17,469 - INFO: Round 8, Fine-tune Epoch 6: loss=0.0473, acc(pseudo)=98.77%
2025-12-18 16:56:21,201 - INFO: Round 8, Fine-tune Epoch 6: acc(valid): 0.8975
2025-12-18 16:56:21,201 - INFO: Round 8, Fine-tune Epoch 6: No improvement in validation accuracy. Patience(epoch): 1/5
2025-12-18 16:56:21,407 - INFO: Epoch: [7][  0/107]	Time  0.201 ( 0.201)	Loss 4.2411e-02 (4.2411e-02)	Acc pseudo  98.44 ( 98.44)	Lr 1.000e-03 (1.000e-03)
2025-12-18 16:56:21,603 - INFO: Epoch: [7][ 50/107]	Time  0.003 ( 0.008)	Loss 1.1733e-02 (4.3685e-02)	Acc pseudo 100.00 ( 98.81)	Lr 1.000e-03 (1.000e-03)
2025-12-18 16:56:21,745 - INFO: Epoch: [7][100/107]	Time  0.002 ( 0.005)	Loss 7.9485e-03 (4.2271e-02)	Acc pseudo 100.00 ( 98.78)	Lr 1.000e-03 (1.000e-03)
2025-12-18 16:56:21,803 - INFO: Round 8, Fine-tune Epoch 7: loss=0.0417, acc(pseudo)=98.78%
2025-12-18 16:56:26,664 - INFO: Round 8, Fine-tune Epoch 7: acc(valid): 0.8975
2025-12-18 16:56:26,664 - INFO: Round 8, Fine-tune Epoch 7: No improvement in validation accuracy. Patience(epoch): 2/5
2025-12-18 16:56:26,862 - INFO: Epoch: [8][  0/107]	Time  0.193 ( 0.193)	Loss 2.5711e-02 (2.5711e-02)	Acc pseudo 100.00 (100.00)	Lr 1.000e-03 (1.000e-03)
2025-12-18 16:56:27,032 - INFO: Epoch: [8][ 50/107]	Time  0.003 ( 0.007)	Loss 8.8574e-04 (4.3748e-02)	Acc pseudo 100.00 ( 98.81)	Lr 1.000e-03 (1.000e-03)
2025-12-18 16:56:27,180 - INFO: Epoch: [8][100/107]	Time  0.002 ( 0.005)	Loss 2.1794e-03 (4.2096e-02)	Acc pseudo 100.00 ( 98.78)	Lr 1.000e-03 (1.000e-03)
2025-12-18 16:56:27,238 - INFO: Round 8, Fine-tune Epoch 8: loss=0.0434, acc(pseudo)=98.77%
2025-12-18 16:56:31,571 - INFO: Round 8, Fine-tune Epoch 8: acc(valid): 0.8975
2025-12-18 16:56:31,571 - INFO: Round 8, Fine-tune Epoch 8: No improvement in validation accuracy. Patience(epoch): 3/5
2025-12-18 16:56:31,770 - INFO: Epoch: [9][  0/107]	Time  0.193 ( 0.193)	Loss 4.5843e-03 (4.5843e-03)	Acc pseudo 100.00 (100.00)	Lr 1.000e-03 (1.000e-03)
2025-12-18 16:56:31,930 - INFO: Epoch: [9][ 50/107]	Time  0.003 ( 0.007)	Loss 2.7138e-02 (4.3199e-02)	Acc pseudo 100.00 ( 99.14)	Lr 1.000e-03 (1.000e-03)
2025-12-18 16:56:32,090 - INFO: Epoch: [9][100/107]	Time  0.002 ( 0.005)	Loss 3.1711e-02 (5.4983e-02)	Acc pseudo  98.44 ( 98.76)	Lr 1.000e-03 (1.000e-03)
2025-12-18 16:56:32,151 - INFO: Round 8, Fine-tune Epoch 9: loss=0.0571, acc(pseudo)=98.77%
2025-12-18 16:56:35,954 - INFO: Round 8, Fine-tune Epoch 9: acc(valid): 0.9025
2025-12-18 16:56:35,954 - INFO: Round 8, Fine-tune Epoch 9: No improvement in validation accuracy. Patience(epoch): 4/5
2025-12-18 16:56:36,143 - INFO: Epoch: [10][  0/107]	Time  0.183 ( 0.183)	Loss 3.3098e-02 (3.3098e-02)	Acc pseudo  98.44 ( 98.44)	Lr 1.000e-03 (1.000e-03)
2025-12-18 16:56:36,318 - INFO: Epoch: [10][ 50/107]	Time  0.003 ( 0.007)	Loss 1.4812e-01 (8.9620e-02)	Acc pseudo  98.44 ( 98.07)	Lr 1.000e-03 (1.000e-03)
2025-12-18 16:56:36,474 - INFO: Epoch: [10][100/107]	Time  0.002 ( 0.005)	Loss 2.0634e-02 (7.4852e-02)	Acc pseudo  98.44 ( 98.31)	Lr 1.000e-03 (1.000e-03)
2025-12-18 16:56:36,534 - INFO: Round 8, Fine-tune Epoch 10: loss=0.0734, acc(pseudo)=98.33%
2025-12-18 16:56:40,537 - INFO: Round 8, Fine-tune Epoch 10: acc(valid): 0.8975
2025-12-18 16:56:40,538 - INFO: Round 8, Fine-tune Epoch 10: No improvement in validation accuracy. Patience(epoch): 5/5
2025-12-18 16:56:40,538 - INFO: Early stopping at epoch 10 due to no improvement in validation accuracy for 5 epochs.
2025-12-18 16:56:40,539 - INFO: Round 8: Best fine-tuned epoch=5, acc(valid)=0.9025
2025-12-18 16:56:40,555 - INFO: Using HMM model from previous round: runs/the big bang theory/exp_video/result/self_supervised/exp0/round7/pseudo_label/hmm_params.pkl
2025-12-18 16:59:28,300 - INFO: Round 8: acc(valid)=0.9025, acc(test)=0.9156
2025-12-18 16:59:28,301 - INFO: No improvement. Patience(round): 5/5
2025-12-18 16:59:28,303 - INFO: Early stopping triggered at round 3.
2025-12-18 16:59:28,303 - INFO: ====================
2025-12-18 16:59:28,303 - INFO: Self-supervised fine-tuning completed!
2025-12-18 16:59:28,303 - INFO: Initial: acc(valid)=0.9000, acc(test)=0.9162
2025-12-18 16:59:28,304 - INFO: Best acc(valid) at round 3: acc(valid)=0.9025, acc(test)=0.9162
2025-12-18 16:59:28,304 - INFO: Improvement for acc(valid): 0.0025 (0.28%)
2025-12-18 16:59:28,304 - INFO: Improvement for acc(test): 0.0000 (0.00%)
2025-12-18 16:59:28,304 - INFO: ====================
