2026-03-24 14:59:05,276 - INFO: Starting self-supervised fine-tuning pipeline
2026-03-24 14:59:05,278 - INFO: Device: cuda:0
2026-03-24 14:59:05,281 - INFO: Saved arguments to runs/I love my family/exp_video_ablation/result/b/self_supervised/exp0/args.json
2026-03-24 14:59:05,281 - INFO: ====================
2026-03-24 14:59:05,281 - INFO: Initialization: Initial clustering with HMM correction
2026-03-24 14:59:05,281 - INFO: ====================
2026-03-24 15:18:24,780 - INFO: Saved initial clustering results to runs/I love my family/exp_video_ablation/result/b/self_supervised/exp0/initial
2026-03-24 15:18:24,780 - INFO: Initial: speaker_acc=0.5255
2026-03-24 15:18:24,809 - INFO: ====================
2026-03-24 15:18:24,810 - INFO: Round 0: Fine-tuning iteration
2026-03-24 15:18:24,810 - INFO: ====================
2026-03-24 15:18:24,870 - INFO: Round 0 Part 1: Fine-tuning embedding model
2026-03-24 15:18:24,872 - INFO: Using pseudo-label file: runs/I love my family/exp_video_ablation/result/b/self_supervised/exp0/initial/pseudo_label/pseudo_labels_audio_hmmx_none(unreliable_pp=100.0).json
2026-03-24 15:18:27,462 - INFO: Speaker embedding dimension: 512
2026-03-24 15:18:27,898 - INFO: Saved speaker config_model to runs/I love my family/exp_video_ablation/result/b/self_supervised/exp0/round0/config_model_speaker.json
2026-03-24 15:19:39,663 - INFO: Extracting hidden features for all speaker samples, which are outputs of StatsPool layer...
2026-03-24 15:19:39,664 - INFO: args.unfrozen_layers_num=2 is not used when extracting hidden features.
2026-03-24 15:30:48,667 - INFO: Hidden features extracted for 19225 speaker samples
2026-03-24 15:30:49,084 - INFO: Warmup training speaker classifier for 2 epochs...
2026-03-24 15:30:49,769 - INFO: Epoch: [0][  0/301]	Time  0.681 ( 0.681)	Loss 2.4167e+00 (2.4167e+00)	Acc pseudo  10.94 ( 10.94)	Lr 1.000e-03 (1.000e-03)
2026-03-24 15:30:49,902 - INFO: Epoch: [0][ 50/301]	Time  0.003 ( 0.016)	Loss 1.6292e+00 (1.8895e+00)	Acc pseudo  39.06 ( 40.41)	Lr 1.000e-03 (1.000e-03)
2026-03-24 15:30:50,040 - INFO: Epoch: [0][100/301]	Time  0.003 ( 0.009)	Loss 1.3335e+00 (1.6684e+00)	Acc pseudo  64.06 ( 46.47)	Lr 1.000e-03 (1.000e-03)
2026-03-24 15:30:50,188 - INFO: Epoch: [0][150/301]	Time  0.003 ( 0.007)	Loss 1.3967e+00 (1.5749e+00)	Acc pseudo  42.19 ( 49.27)	Lr 1.000e-03 (1.000e-03)
2026-03-24 15:30:50,318 - INFO: Epoch: [0][200/301]	Time  0.003 ( 0.006)	Loss 1.3991e+00 (1.5262e+00)	Acc pseudo  48.44 ( 50.27)	Lr 1.000e-03 (1.000e-03)
2026-03-24 15:30:50,447 - INFO: Epoch: [0][250/301]	Time  0.002 ( 0.005)	Loss 1.2992e+00 (1.4924e+00)	Acc pseudo  57.81 ( 51.11)	Lr 1.000e-03 (1.000e-03)
2026-03-24 15:30:50,570 - INFO: Epoch: [0][300/301]	Time  0.003 ( 0.005)	Loss 1.2533e+00 (1.4660e+00)	Acc pseudo  52.00 ( 51.80)	Lr 1.000e-03 (1.000e-03)
2026-03-24 15:30:50,637 - INFO: Round 0, Speaker Warmup Epoch 0: loss=1.4660, acc(pseudo)=51.80%
2026-03-24 15:30:50,873 - INFO: Epoch: [1][  0/301]	Time  0.231 ( 0.231)	Loss 1.4983e+00 (1.4983e+00)	Acc pseudo  51.56 ( 51.56)	Lr 1.000e-03 (1.000e-03)
2026-03-24 15:30:51,117 - INFO: Epoch: [1][ 50/301]	Time  0.002 ( 0.009)	Loss 1.1868e+00 (1.2356e+00)	Acc pseudo  68.75 ( 57.08)	Lr 1.000e-03 (1.000e-03)
2026-03-24 15:30:51,247 - INFO: Epoch: [1][100/301]	Time  0.002 ( 0.006)	Loss 1.2558e+00 (1.2613e+00)	Acc pseudo  64.06 ( 56.92)	Lr 1.000e-03 (1.000e-03)
2026-03-24 15:30:51,384 - INFO: Epoch: [1][150/301]	Time  0.002 ( 0.005)	Loss 1.3812e+00 (1.2604e+00)	Acc pseudo  51.56 ( 57.03)	Lr 1.000e-03 (1.000e-03)
2026-03-24 15:30:51,521 - INFO: Epoch: [1][200/301]	Time  0.003 ( 0.004)	Loss 1.1364e+00 (1.2649e+00)	Acc pseudo  59.38 ( 57.04)	Lr 1.000e-03 (1.000e-03)
2026-03-24 15:30:51,654 - INFO: Epoch: [1][250/301]	Time  0.003 ( 0.004)	Loss 1.1951e+00 (1.2688e+00)	Acc pseudo  64.06 ( 56.88)	Lr 1.000e-03 (1.000e-03)
2026-03-24 15:30:51,780 - INFO: Epoch: [1][300/301]	Time  0.002 ( 0.004)	Loss 9.7842e-01 (1.2706e+00)	Acc pseudo  56.00 ( 56.72)	Lr 1.000e-03 (1.000e-03)
2026-03-24 15:30:51,849 - INFO: Round 0, Speaker Warmup Epoch 1: loss=1.2706, acc(pseudo)=56.72%
2026-03-24 15:30:51,861 - INFO: Fine-tuning speaker embedding model for 20 epochs...
2026-03-24 15:30:52,133 - INFO: Epoch: [0][  0/301]	Time  0.268 ( 0.268)	Loss 1.1512e+00 (1.1512e+00)	Acc pseudo  56.25 ( 56.25)	Lr 1.000e-03 (1.000e-03)
2026-03-24 15:30:52,298 - INFO: Epoch: [0][ 50/301]	Time  0.003 ( 0.008)	Loss 1.5882e+00 (1.3658e+00)	Acc pseudo  51.56 ( 53.37)	Lr 1.000e-03 (1.000e-03)
2026-03-24 15:30:52,451 - INFO: Epoch: [0][100/301]	Time  0.003 ( 0.006)	Loss 1.3722e+00 (1.3590e+00)	Acc pseudo  53.12 ( 53.88)	Lr 1.000e-03 (1.000e-03)
2026-03-24 15:30:52,603 - INFO: Epoch: [0][150/301]	Time  0.003 ( 0.005)	Loss 1.1797e+00 (1.3502e+00)	Acc pseudo  53.12 ( 53.98)	Lr 1.000e-03 (1.000e-03)
2026-03-24 15:30:52,743 - INFO: Epoch: [0][200/301]	Time  0.003 ( 0.004)	Loss 1.1236e+00 (1.3487e+00)	Acc pseudo  59.38 ( 53.78)	Lr 1.000e-03 (1.000e-03)
2026-03-24 15:30:52,888 - INFO: Epoch: [0][250/301]	Time  0.003 ( 0.004)	Loss 1.3296e+00 (1.3490e+00)	Acc pseudo  60.94 ( 53.89)	Lr 1.000e-03 (1.000e-03)
2026-03-24 15:30:53,035 - INFO: Epoch: [0][300/301]	Time  0.003 ( 0.004)	Loss 1.1192e+00 (1.3485e+00)	Acc pseudo  48.00 ( 54.01)	Lr 1.000e-03 (1.000e-03)
2026-03-24 15:30:53,103 - INFO: Round 0, Fine-tune Epoch 0: loss=1.3485, acc(pseudo)=54.01%
2026-03-24 15:31:00,664 - INFO: Round 0, Fine-tune Epoch 0: acc(valid_pseudo): 0.2730, acc: 0.5275
2026-03-24 15:31:01,678 - INFO: Epoch: [1][  0/301]	Time  0.303 ( 0.303)	Loss 1.0143e+00 (1.0143e+00)	Acc pseudo  59.38 ( 59.38)	Lr 1.000e-03 (1.000e-03)
2026-03-24 15:31:01,855 - INFO: Epoch: [1][ 50/301]	Time  0.003 ( 0.009)	Loss 1.2302e+00 (1.1914e+00)	Acc pseudo  57.81 ( 57.60)	Lr 1.000e-03 (1.000e-03)
2026-03-24 15:31:02,006 - INFO: Epoch: [1][100/301]	Time  0.003 ( 0.006)	Loss 1.3802e+00 (1.2271e+00)	Acc pseudo  57.81 ( 56.34)	Lr 1.000e-03 (1.000e-03)
2026-03-24 15:31:02,170 - INFO: Epoch: [1][150/301]	Time  0.003 ( 0.005)	Loss 1.5040e+00 (1.2289e+00)	Acc pseudo  45.31 ( 56.43)	Lr 1.000e-03 (1.000e-03)
2026-03-24 15:31:02,321 - INFO: Epoch: [1][200/301]	Time  0.003 ( 0.005)	Loss 1.1417e+00 (1.2311e+00)	Acc pseudo  60.94 ( 56.67)	Lr 1.000e-03 (1.000e-03)
2026-03-24 15:31:02,478 - INFO: Epoch: [1][250/301]	Time  0.003 ( 0.004)	Loss 1.5031e+00 (1.2310e+00)	Acc pseudo  46.88 ( 56.60)	Lr 1.000e-03 (1.000e-03)
2026-03-24 15:31:02,615 - INFO: Epoch: [1][300/301]	Time  0.002 ( 0.004)	Loss 1.1666e+00 (1.2299e+00)	Acc pseudo  64.00 ( 56.68)	Lr 1.000e-03 (1.000e-03)
2026-03-24 15:31:02,679 - INFO: Round 0, Fine-tune Epoch 1: loss=1.2299, acc(pseudo)=56.68%
2026-03-24 15:31:10,072 - INFO: Round 0, Fine-tune Epoch 1: acc(valid_pseudo): 0.2960, acc: 0.6305
2026-03-24 15:31:10,952 - INFO: Epoch: [2][  0/301]	Time  0.327 ( 0.327)	Loss 1.2103e+00 (1.2103e+00)	Acc pseudo  51.56 ( 51.56)	Lr 1.000e-03 (1.000e-03)
2026-03-24 15:31:11,131 - INFO: Epoch: [2][ 50/301]	Time  0.003 ( 0.010)	Loss 1.2231e+00 (1.1917e+00)	Acc pseudo  54.69 ( 56.28)	Lr 1.000e-03 (1.000e-03)
2026-03-24 15:31:11,293 - INFO: Epoch: [2][100/301]	Time  0.004 ( 0.007)	Loss 1.5403e+00 (1.1966e+00)	Acc pseudo  50.00 ( 56.70)	Lr 1.000e-03 (1.000e-03)
2026-03-24 15:31:11,470 - INFO: Epoch: [2][150/301]	Time  0.003 ( 0.006)	Loss 9.9011e-01 (1.1865e+00)	Acc pseudo  62.50 ( 57.61)	Lr 1.000e-03 (1.000e-03)
2026-03-24 15:31:11,622 - INFO: Epoch: [2][200/301]	Time  0.003 ( 0.005)	Loss 1.4917e+00 (1.1959e+00)	Acc pseudo  54.69 ( 57.15)	Lr 1.000e-03 (1.000e-03)
2026-03-24 15:31:11,772 - INFO: Epoch: [2][250/301]	Time  0.003 ( 0.004)	Loss 1.0978e+00 (1.2002e+00)	Acc pseudo  60.94 ( 57.02)	Lr 1.000e-03 (1.000e-03)
2026-03-24 15:31:11,924 - INFO: Epoch: [2][300/301]	Time  0.003 ( 0.004)	Loss 8.7476e-01 (1.1938e+00)	Acc pseudo  76.00 ( 57.55)	Lr 1.000e-03 (1.000e-03)
2026-03-24 15:31:11,993 - INFO: Round 0, Fine-tune Epoch 2: loss=1.1938, acc(pseudo)=57.55%
2026-03-24 15:31:20,992 - INFO: Round 0, Fine-tune Epoch 2: acc(valid_pseudo): 0.2205, acc: 0.5855
2026-03-24 15:31:20,993 - INFO: Round 0, Speaker Fine-tune Epoch 2: No improvement in validation accuracy. Patience(epoch): 1/3
2026-03-24 15:31:21,242 - INFO: Epoch: [3][  0/301]	Time  0.244 ( 0.244)	Loss 9.7155e-01 (9.7155e-01)	Acc pseudo  60.94 ( 60.94)	Lr 1.000e-03 (1.000e-03)
2026-03-24 15:31:21,490 - INFO: Epoch: [3][ 50/301]	Time  0.003 ( 0.010)	Loss 8.5833e-01 (1.1234e+00)	Acc pseudo  67.19 ( 58.73)	Lr 1.000e-03 (1.000e-03)
2026-03-24 15:31:21,645 - INFO: Epoch: [3][100/301]	Time  0.003 ( 0.006)	Loss 1.1725e+00 (1.1419e+00)	Acc pseudo  56.25 ( 58.99)	Lr 1.000e-03 (1.000e-03)
2026-03-24 15:31:21,796 - INFO: Epoch: [3][150/301]	Time  0.003 ( 0.005)	Loss 1.1773e+00 (1.1466e+00)	Acc pseudo  64.06 ( 58.40)	Lr 1.000e-03 (1.000e-03)
2026-03-24 15:31:21,947 - INFO: Epoch: [3][200/301]	Time  0.003 ( 0.005)	Loss 9.6451e-01 (1.1431e+00)	Acc pseudo  60.94 ( 58.28)	Lr 1.000e-03 (1.000e-03)
2026-03-24 15:31:22,099 - INFO: Epoch: [3][250/301]	Time  0.003 ( 0.004)	Loss 9.2698e-01 (1.1555e+00)	Acc pseudo  62.50 ( 58.02)	Lr 1.000e-03 (1.000e-03)
2026-03-24 15:31:22,240 - INFO: Epoch: [3][300/301]	Time  0.002 ( 0.004)	Loss 1.1706e+00 (1.1620e+00)	Acc pseudo  64.00 ( 58.05)	Lr 1.000e-03 (1.000e-03)
2026-03-24 15:31:22,307 - INFO: Round 0, Fine-tune Epoch 3: loss=1.1620, acc(pseudo)=58.05%
2026-03-24 15:31:30,099 - INFO: Round 0, Fine-tune Epoch 3: acc(valid_pseudo): 0.2009, acc: 0.5830
2026-03-24 15:31:30,100 - INFO: Round 0, Speaker Fine-tune Epoch 3: No improvement in validation accuracy. Patience(epoch): 2/3
2026-03-24 15:31:30,349 - INFO: Epoch: [4][  0/301]	Time  0.244 ( 0.244)	Loss 1.4945e+00 (1.4945e+00)	Acc pseudo  54.69 ( 54.69)	Lr 1.000e-03 (1.000e-03)
2026-03-24 15:31:30,549 - INFO: Epoch: [4][ 50/301]	Time  0.003 ( 0.009)	Loss 9.6981e-01 (1.1213e+00)	Acc pseudo  68.75 ( 60.05)	Lr 1.000e-03 (1.000e-03)
2026-03-24 15:31:30,709 - INFO: Epoch: [4][100/301]	Time  0.003 ( 0.006)	Loss 1.0319e+00 (1.1325e+00)	Acc pseudo  70.31 ( 59.14)	Lr 1.000e-03 (1.000e-03)
2026-03-24 15:31:30,863 - INFO: Epoch: [4][150/301]	Time  0.003 ( 0.005)	Loss 1.0013e+00 (1.1266e+00)	Acc pseudo  64.06 ( 58.79)	Lr 1.000e-03 (1.000e-03)
2026-03-24 15:31:31,025 - INFO: Epoch: [4][200/301]	Time  0.003 ( 0.004)	Loss 1.2381e+00 (1.1321e+00)	Acc pseudo  50.00 ( 58.56)	Lr 1.000e-03 (1.000e-03)
2026-03-24 15:31:31,187 - INFO: Epoch: [4][250/301]	Time  0.003 ( 0.004)	Loss 1.4274e+00 (1.1400e+00)	Acc pseudo  50.00 ( 58.63)	Lr 1.000e-03 (1.000e-03)
2026-03-24 15:31:31,331 - INFO: Epoch: [4][300/301]	Time  0.002 ( 0.004)	Loss 1.4078e+00 (1.1443e+00)	Acc pseudo  52.00 ( 58.63)	Lr 1.000e-03 (1.000e-03)
2026-03-24 15:31:31,403 - INFO: Round 0, Fine-tune Epoch 4: loss=1.1443, acc(pseudo)=58.63%
2026-03-24 15:31:38,737 - INFO: Round 0, Fine-tune Epoch 4: acc(valid_pseudo): 0.2476, acc: 0.5145
2026-03-24 15:31:38,737 - INFO: Round 0, Speaker Fine-tune Epoch 4: No improvement in validation accuracy. Patience(epoch): 3/3
2026-03-24 15:31:38,737 - INFO: Early stopping at epoch 4 due to no improvement in validation accuracy for 3 epochs.
2026-03-24 15:31:38,739 - INFO: Round 0: Best speaker fine-tuned epoch=1, acc(valid_pseudo)=0.2960
2026-03-24 15:31:38,758 - INFO: Using HMM model from previous round: runs/I love my family/exp_video_ablation/result/b/self_supervised/exp0/initial/pseudo_label/hmm_params.pkl
2026-03-24 15:40:46,284 - INFO: Round 0: speaker_acc=0.5135
2026-03-24 15:40:46,289 - INFO: ====================
2026-03-24 15:40:46,289 - INFO: Round 1: Fine-tuning iteration
2026-03-24 15:40:46,289 - INFO: ====================
2026-03-24 15:40:46,359 - INFO: Round 1 Part 1: Fine-tuning embedding model
2026-03-24 15:40:46,360 - INFO: Using pseudo-label file: runs/I love my family/exp_video_ablation/result/b/self_supervised/exp0/round0/pseudo_label/pseudo_labels_audio_hmmx_none(unreliable_pp=100.0).json
2026-03-24 15:40:46,395 - INFO: Fine-tuning speaker embedding model for 20 epochs...
2026-03-24 15:40:46,653 - INFO: Epoch: [0][  0/301]	Time  0.254 ( 0.254)	Loss 5.7177e+00 (5.7177e+00)	Acc pseudo  14.06 ( 14.06)	Lr 1.000e-03 (1.000e-03)
2026-03-24 15:40:46,912 - INFO: Epoch: [0][ 50/301]	Time  0.003 ( 0.010)	Loss 1.4693e+00 (2.3452e+00)	Acc pseudo  48.44 ( 35.51)	Lr 1.000e-03 (1.000e-03)
2026-03-24 15:40:47,069 - INFO: Epoch: [0][100/301]	Time  0.003 ( 0.007)	Loss 1.4462e+00 (1.9178e+00)	Acc pseudo  53.12 ( 42.91)	Lr 1.000e-03 (1.000e-03)
2026-03-24 15:40:47,231 - INFO: Epoch: [0][150/301]	Time  0.003 ( 0.005)	Loss 1.1171e+00 (1.7300e+00)	Acc pseudo  59.38 ( 46.81)	Lr 1.000e-03 (1.000e-03)
2026-03-24 15:40:47,408 - INFO: Epoch: [0][200/301]	Time  0.003 ( 0.005)	Loss 1.3652e+00 (1.6402e+00)	Acc pseudo  50.00 ( 48.06)	Lr 1.000e-03 (1.000e-03)
2026-03-24 15:40:47,560 - INFO: Epoch: [0][250/301]	Time  0.003 ( 0.005)	Loss 9.6775e-01 (1.5762e+00)	Acc pseudo  65.62 ( 49.34)	Lr 1.000e-03 (1.000e-03)
2026-03-24 15:40:47,706 - INFO: Epoch: [0][300/301]	Time  0.002 ( 0.004)	Loss 1.1273e+00 (1.5397e+00)	Acc pseudo  68.00 ( 50.15)	Lr 1.000e-03 (1.000e-03)
2026-03-24 15:40:47,776 - INFO: Round 1, Fine-tune Epoch 0: loss=1.5397, acc(pseudo)=50.15%
2026-03-24 15:40:55,598 - INFO: Round 1, Fine-tune Epoch 0: acc(valid_pseudo): 0.1429, acc: 0.5390
2026-03-24 15:40:56,387 - INFO: Epoch: [1][  0/301]	Time  0.253 ( 0.253)	Loss 1.2707e+00 (1.2707e+00)	Acc pseudo  51.56 ( 51.56)	Lr 1.000e-03 (1.000e-03)
2026-03-24 15:40:56,572 - INFO: Epoch: [1][ 50/301]	Time  0.004 ( 0.009)	Loss 1.2675e+00 (1.2064e+00)	Acc pseudo  53.12 ( 57.60)	Lr 1.000e-03 (1.000e-03)
2026-03-24 15:40:56,723 - INFO: Epoch: [1][100/301]	Time  0.003 ( 0.006)	Loss 1.2316e+00 (1.2320e+00)	Acc pseudo  59.38 ( 57.36)	Lr 1.000e-03 (1.000e-03)
2026-03-24 15:40:56,875 - INFO: Epoch: [1][150/301]	Time  0.003 ( 0.005)	Loss 1.4131e+00 (1.2257e+00)	Acc pseudo  42.19 ( 56.95)	Lr 1.000e-03 (1.000e-03)
2026-03-24 15:40:57,028 - INFO: Epoch: [1][200/301]	Time  0.003 ( 0.004)	Loss 9.9691e-01 (1.2275e+00)	Acc pseudo  65.62 ( 56.76)	Lr 1.000e-03 (1.000e-03)
2026-03-24 15:40:57,179 - INFO: Epoch: [1][250/301]	Time  0.003 ( 0.004)	Loss 1.1637e+00 (1.2288e+00)	Acc pseudo  62.50 ( 56.62)	Lr 1.000e-03 (1.000e-03)
2026-03-24 15:40:57,326 - INFO: Epoch: [1][300/301]	Time  0.002 ( 0.004)	Loss 1.4335e+00 (1.2331e+00)	Acc pseudo  48.00 ( 56.67)	Lr 1.000e-03 (1.000e-03)
2026-03-24 15:40:57,402 - INFO: Round 1, Fine-tune Epoch 1: loss=1.2331, acc(pseudo)=56.67%
2026-03-24 15:41:04,980 - INFO: Round 1, Fine-tune Epoch 1: acc(valid_pseudo): 0.1484, acc: 0.5850
2026-03-24 15:41:05,813 - INFO: Epoch: [2][  0/301]	Time  0.278 ( 0.278)	Loss 1.0450e+00 (1.0450e+00)	Acc pseudo  59.38 ( 59.38)	Lr 1.000e-03 (1.000e-03)
2026-03-24 15:41:05,986 - INFO: Epoch: [2][ 50/301]	Time  0.003 ( 0.009)	Loss 1.4872e+00 (1.1626e+00)	Acc pseudo  53.12 ( 58.33)	Lr 1.000e-03 (1.000e-03)
2026-03-24 15:41:06,140 - INFO: Epoch: [2][100/301]	Time  0.003 ( 0.006)	Loss 1.2699e+00 (1.1641e+00)	Acc pseudo  54.69 ( 57.83)	Lr 1.000e-03 (1.000e-03)
2026-03-24 15:41:06,303 - INFO: Epoch: [2][150/301]	Time  0.004 ( 0.005)	Loss 1.1733e+00 (1.1705e+00)	Acc pseudo  57.81 ( 58.20)	Lr 1.000e-03 (1.000e-03)
2026-03-24 15:41:06,467 - INFO: Epoch: [2][200/301]	Time  0.004 ( 0.005)	Loss 1.0920e+00 (1.1738e+00)	Acc pseudo  57.81 ( 58.15)	Lr 1.000e-03 (1.000e-03)
2026-03-24 15:41:06,645 - INFO: Epoch: [2][250/301]	Time  0.003 ( 0.004)	Loss 1.5697e+00 (1.1797e+00)	Acc pseudo  56.25 ( 57.94)	Lr 1.000e-03 (1.000e-03)
2026-03-24 15:41:06,798 - INFO: Epoch: [2][300/301]	Time  0.002 ( 0.004)	Loss 1.1897e+00 (1.1869e+00)	Acc pseudo  44.00 ( 57.83)	Lr 1.000e-03 (1.000e-03)
2026-03-24 15:41:06,872 - INFO: Round 1, Fine-tune Epoch 2: loss=1.1869, acc(pseudo)=57.83%
2026-03-24 15:41:15,010 - INFO: Round 1, Fine-tune Epoch 2: acc(valid_pseudo): 0.1855, acc: 0.6165
2026-03-24 15:41:16,012 - INFO: Epoch: [3][  0/301]	Time  0.287 ( 0.287)	Loss 1.5959e+00 (1.5959e+00)	Acc pseudo  51.56 ( 51.56)	Lr 1.000e-03 (1.000e-03)
2026-03-24 15:41:16,246 - INFO: Epoch: [3][ 50/301]	Time  0.003 ( 0.010)	Loss 1.3271e+00 (1.1878e+00)	Acc pseudo  64.06 ( 57.41)	Lr 1.000e-03 (1.000e-03)
2026-03-24 15:41:16,420 - INFO: Epoch: [3][100/301]	Time  0.003 ( 0.007)	Loss 1.2196e+00 (1.1711e+00)	Acc pseudo  68.75 ( 57.55)	Lr 1.000e-03 (1.000e-03)
2026-03-24 15:41:16,603 - INFO: Epoch: [3][150/301]	Time  0.004 ( 0.006)	Loss 1.1573e+00 (1.1697e+00)	Acc pseudo  67.19 ( 58.22)	Lr 1.000e-03 (1.000e-03)
2026-03-24 15:41:16,778 - INFO: Epoch: [3][200/301]	Time  0.003 ( 0.005)	Loss 8.8250e-01 (1.1640e+00)	Acc pseudo  73.44 ( 58.75)	Lr 1.000e-03 (1.000e-03)
2026-03-24 15:41:16,934 - INFO: Epoch: [3][250/301]	Time  0.003 ( 0.005)	Loss 1.1659e+00 (1.1587e+00)	Acc pseudo  57.81 ( 58.78)	Lr 1.000e-03 (1.000e-03)
2026-03-24 15:41:17,088 - INFO: Epoch: [3][300/301]	Time  0.002 ( 0.004)	Loss 1.4185e+00 (1.1618e+00)	Acc pseudo  44.00 ( 58.68)	Lr 1.000e-03 (1.000e-03)
2026-03-24 15:41:17,159 - INFO: Round 1, Fine-tune Epoch 3: loss=1.1618, acc(pseudo)=58.68%
2026-03-24 15:41:24,548 - INFO: Round 1, Fine-tune Epoch 3: acc(valid_pseudo): 0.1216, acc: 0.5475
2026-03-24 15:41:24,549 - INFO: Round 1, Speaker Fine-tune Epoch 3: No improvement in validation accuracy. Patience(epoch): 1/3
2026-03-24 15:41:24,549 - INFO: Early stopping at epoch 3 due to significant drop in pseudo-label validation accuracy: 0.1855 -> 0.1216.
2026-03-24 15:41:24,550 - INFO: Round 1: Best speaker fine-tuned epoch=2, acc(valid_pseudo)=0.1855
2026-03-24 15:41:24,560 - INFO: Using HMM model from previous round: runs/I love my family/exp_video_ablation/result/b/self_supervised/exp0/round0/pseudo_label/hmm_params.pkl
2026-03-24 15:50:23,339 - INFO: Round 1: speaker_acc=0.6065
2026-03-24 15:50:23,345 - INFO: ====================
2026-03-24 15:50:23,345 - INFO: Round 2: Fine-tuning iteration
2026-03-24 15:50:23,345 - INFO: ====================
2026-03-24 15:50:23,430 - INFO: Round 2 Part 1: Fine-tuning embedding model
2026-03-24 15:50:23,431 - INFO: Using pseudo-label file: runs/I love my family/exp_video_ablation/result/b/self_supervised/exp0/round1/pseudo_label/pseudo_labels_audio_hmmx_none(unreliable_pp=100.0).json
2026-03-24 15:50:23,465 - INFO: Fine-tuning speaker embedding model for 20 epochs...
2026-03-24 15:50:23,718 - INFO: Epoch: [0][  0/301]	Time  0.249 ( 0.249)	Loss 4.5790e+00 (4.5790e+00)	Acc pseudo  18.75 ( 18.75)	Lr 1.000e-03 (1.000e-03)
2026-03-24 15:50:23,891 - INFO: Epoch: [0][ 50/301]	Time  0.003 ( 0.008)	Loss 1.2935e+00 (2.1691e+00)	Acc pseudo  56.25 ( 42.16)	Lr 1.000e-03 (1.000e-03)
2026-03-24 15:50:24,053 - INFO: Epoch: [0][100/301]	Time  0.003 ( 0.006)	Loss 1.0781e+00 (1.7563e+00)	Acc pseudo  71.88 ( 51.61)	Lr 1.000e-03 (1.000e-03)
2026-03-24 15:50:24,223 - INFO: Epoch: [0][150/301]	Time  0.003 ( 0.005)	Loss 1.0687e+00 (1.5843e+00)	Acc pseudo  68.75 ( 55.71)	Lr 1.000e-03 (1.000e-03)
2026-03-24 15:50:24,386 - INFO: Epoch: [0][200/301]	Time  0.003 ( 0.004)	Loss 1.1778e+00 (1.4927e+00)	Acc pseudo  64.06 ( 57.98)	Lr 1.000e-03 (1.000e-03)
2026-03-24 15:50:24,548 - INFO: Epoch: [0][250/301]	Time  0.003 ( 0.004)	Loss 8.8461e-01 (1.4319e+00)	Acc pseudo  75.00 ( 59.14)	Lr 1.000e-03 (1.000e-03)
2026-03-24 15:50:24,699 - INFO: Epoch: [0][300/301]	Time  0.002 ( 0.004)	Loss 1.2570e+00 (1.3941e+00)	Acc pseudo  64.00 ( 60.04)	Lr 1.000e-03 (1.000e-03)
2026-03-24 15:50:24,779 - INFO: Round 2, Fine-tune Epoch 0: loss=1.3941, acc(pseudo)=60.04%
2026-03-24 15:50:32,315 - INFO: Round 2, Fine-tune Epoch 0: acc(valid_pseudo): 0.2718, acc: 0.6100
2026-03-24 15:50:33,369 - INFO: Epoch: [1][  0/301]	Time  0.261 ( 0.261)	Loss 1.3490e+00 (1.3490e+00)	Acc pseudo  71.88 ( 71.88)	Lr 1.000e-03 (1.000e-03)
2026-03-24 15:50:33,551 - INFO: Epoch: [1][ 50/301]	Time  0.003 ( 0.009)	Loss 1.0731e+00 (1.0854e+00)	Acc pseudo  64.06 ( 66.94)	Lr 1.000e-03 (1.000e-03)
2026-03-24 15:50:33,732 - INFO: Epoch: [1][100/301]	Time  0.004 ( 0.006)	Loss 1.1812e+00 (1.1146e+00)	Acc pseudo  64.06 ( 66.66)	Lr 1.000e-03 (1.000e-03)
2026-03-24 15:50:33,903 - INFO: Epoch: [1][150/301]	Time  0.004 ( 0.005)	Loss 1.1847e+00 (1.1136e+00)	Acc pseudo  57.81 ( 66.68)	Lr 1.000e-03 (1.000e-03)
2026-03-24 15:50:34,070 - INFO: Epoch: [1][200/301]	Time  0.003 ( 0.005)	Loss 1.0790e+00 (1.1105e+00)	Acc pseudo  60.94 ( 66.71)	Lr 1.000e-03 (1.000e-03)
2026-03-24 15:50:34,225 - INFO: Epoch: [1][250/301]	Time  0.003 ( 0.004)	Loss 1.2356e+00 (1.1169e+00)	Acc pseudo  57.81 ( 66.60)	Lr 1.000e-03 (1.000e-03)
2026-03-24 15:50:34,378 - INFO: Epoch: [1][300/301]	Time  0.002 ( 0.004)	Loss 1.5291e+00 (1.1163e+00)	Acc pseudo  64.00 ( 66.57)	Lr 1.000e-03 (1.000e-03)
2026-03-24 15:50:34,449 - INFO: Round 2, Fine-tune Epoch 1: loss=1.1163, acc(pseudo)=66.57%
2026-03-24 15:50:43,817 - INFO: Round 2, Fine-tune Epoch 1: acc(valid_pseudo): 0.2511, acc: 0.5780
2026-03-24 15:50:43,818 - INFO: Round 2, Speaker Fine-tune Epoch 1: No improvement in validation accuracy. Patience(epoch): 1/3
2026-03-24 15:50:44,081 - INFO: Epoch: [2][  0/301]	Time  0.258 ( 0.258)	Loss 9.4668e-01 (9.4668e-01)	Acc pseudo  64.06 ( 64.06)	Lr 1.000e-03 (1.000e-03)
2026-03-24 15:50:44,267 - INFO: Epoch: [2][ 50/301]	Time  0.003 ( 0.009)	Loss 9.8549e-01 (1.0768e+00)	Acc pseudo  68.75 ( 67.52)	Lr 1.000e-03 (1.000e-03)
2026-03-24 15:50:44,422 - INFO: Epoch: [2][100/301]	Time  0.003 ( 0.006)	Loss 1.0078e+00 (1.0790e+00)	Acc pseudo  71.88 ( 67.08)	Lr 1.000e-03 (1.000e-03)
2026-03-24 15:50:44,582 - INFO: Epoch: [2][150/301]	Time  0.003 ( 0.005)	Loss 1.0786e+00 (1.0774e+00)	Acc pseudo  56.25 ( 66.99)	Lr 1.000e-03 (1.000e-03)
2026-03-24 15:50:44,739 - INFO: Epoch: [2][200/301]	Time  0.003 ( 0.004)	Loss 1.2445e+00 (1.0749e+00)	Acc pseudo  62.50 ( 67.02)	Lr 1.000e-03 (1.000e-03)
2026-03-24 15:50:44,905 - INFO: Epoch: [2][250/301]	Time  0.003 ( 0.004)	Loss 1.2865e+00 (1.0768e+00)	Acc pseudo  68.75 ( 67.24)	Lr 1.000e-03 (1.000e-03)
2026-03-24 15:50:45,048 - INFO: Epoch: [2][300/301]	Time  0.003 ( 0.004)	Loss 9.7506e-01 (1.0770e+00)	Acc pseudo  64.00 ( 67.26)	Lr 1.000e-03 (1.000e-03)
2026-03-24 15:50:45,119 - INFO: Round 2, Fine-tune Epoch 2: loss=1.0770, acc(pseudo)=67.26%
2026-03-24 15:50:52,924 - INFO: Round 2, Fine-tune Epoch 2: acc(valid_pseudo): 0.2779, acc: 0.5950
2026-03-24 15:50:53,911 - INFO: Epoch: [3][  0/301]	Time  0.255 ( 0.255)	Loss 1.3123e+00 (1.3123e+00)	Acc pseudo  68.75 ( 68.75)	Lr 1.000e-03 (1.000e-03)
2026-03-24 15:50:54,090 - INFO: Epoch: [3][ 50/301]	Time  0.003 ( 0.008)	Loss 1.7480e+00 (1.0805e+00)	Acc pseudo  54.69 ( 66.27)	Lr 1.000e-03 (1.000e-03)
2026-03-24 15:50:54,246 - INFO: Epoch: [3][100/301]	Time  0.003 ( 0.006)	Loss 1.1154e+00 (1.0427e+00)	Acc pseudo  73.44 ( 67.45)	Lr 1.000e-03 (1.000e-03)
2026-03-24 15:50:54,401 - INFO: Epoch: [3][150/301]	Time  0.003 ( 0.005)	Loss 1.3176e+00 (1.0449e+00)	Acc pseudo  68.75 ( 67.65)	Lr 1.000e-03 (1.000e-03)
2026-03-24 15:50:54,553 - INFO: Epoch: [3][200/301]	Time  0.003 ( 0.004)	Loss 1.1464e+00 (1.0462e+00)	Acc pseudo  59.38 ( 67.69)	Lr 1.000e-03 (1.000e-03)
2026-03-24 15:50:54,715 - INFO: Epoch: [3][250/301]	Time  0.003 ( 0.004)	Loss 1.2937e+00 (1.0484e+00)	Acc pseudo  59.38 ( 67.76)	Lr 1.000e-03 (1.000e-03)
2026-03-24 15:50:54,864 - INFO: Epoch: [3][300/301]	Time  0.002 ( 0.004)	Loss 1.3185e+00 (1.0593e+00)	Acc pseudo  56.00 ( 67.53)	Lr 1.000e-03 (1.000e-03)
2026-03-24 15:50:54,957 - INFO: Round 2, Fine-tune Epoch 3: loss=1.0593, acc(pseudo)=67.53%
2026-03-24 15:51:03,222 - INFO: Round 2, Fine-tune Epoch 3: acc(valid_pseudo): 0.2622, acc: 0.5910
2026-03-24 15:51:03,223 - INFO: Round 2, Speaker Fine-tune Epoch 3: No improvement in validation accuracy. Patience(epoch): 1/3
2026-03-24 15:51:03,480 - INFO: Epoch: [4][  0/301]	Time  0.252 ( 0.252)	Loss 1.3630e+00 (1.3630e+00)	Acc pseudo  51.56 ( 51.56)	Lr 1.000e-03 (1.000e-03)
2026-03-24 15:51:03,657 - INFO: Epoch: [4][ 50/301]	Time  0.003 ( 0.008)	Loss 1.1727e+00 (1.0538e+00)	Acc pseudo  62.50 ( 67.77)	Lr 1.000e-03 (1.000e-03)
2026-03-24 15:51:03,814 - INFO: Epoch: [4][100/301]	Time  0.003 ( 0.006)	Loss 9.4590e-01 (1.0495e+00)	Acc pseudo  64.06 ( 67.17)	Lr 1.000e-03 (1.000e-03)
2026-03-24 15:51:03,970 - INFO: Epoch: [4][150/301]	Time  0.003 ( 0.005)	Loss 8.6050e-01 (1.0381e+00)	Acc pseudo  70.31 ( 67.78)	Lr 1.000e-03 (1.000e-03)
2026-03-24 15:51:04,129 - INFO: Epoch: [4][200/301]	Time  0.003 ( 0.004)	Loss 1.1571e+00 (1.0391e+00)	Acc pseudo  57.81 ( 67.92)	Lr 1.000e-03 (1.000e-03)
2026-03-24 15:51:04,291 - INFO: Epoch: [4][250/301]	Time  0.003 ( 0.004)	Loss 9.1059e-01 (1.0357e+00)	Acc pseudo  67.19 ( 67.92)	Lr 1.000e-03 (1.000e-03)
2026-03-24 15:51:04,445 - INFO: Epoch: [4][300/301]	Time  0.002 ( 0.004)	Loss 1.1857e+00 (1.0368e+00)	Acc pseudo  68.00 ( 68.03)	Lr 1.000e-03 (1.000e-03)
2026-03-24 15:51:04,519 - INFO: Round 2, Fine-tune Epoch 4: loss=1.0368, acc(pseudo)=68.03%
2026-03-24 15:51:12,011 - INFO: Round 2, Fine-tune Epoch 4: acc(valid_pseudo): 0.2412, acc: 0.6510
2026-03-24 15:51:12,011 - INFO: Round 2, Speaker Fine-tune Epoch 4: No improvement in validation accuracy. Patience(epoch): 2/3
2026-03-24 15:51:12,274 - INFO: Epoch: [5][  0/301]	Time  0.258 ( 0.258)	Loss 1.0415e+00 (1.0415e+00)	Acc pseudo  64.06 ( 64.06)	Lr 1.000e-03 (1.000e-03)
2026-03-24 15:51:12,457 - INFO: Epoch: [5][ 50/301]	Time  0.003 ( 0.009)	Loss 9.6046e-01 (9.9687e-01)	Acc pseudo  65.62 ( 68.11)	Lr 1.000e-03 (1.000e-03)
2026-03-24 15:51:12,613 - INFO: Epoch: [5][100/301]	Time  0.003 ( 0.006)	Loss 1.3227e+00 (9.9154e-01)	Acc pseudo  56.25 ( 68.25)	Lr 1.000e-03 (1.000e-03)
2026-03-24 15:51:12,771 - INFO: Epoch: [5][150/301]	Time  0.003 ( 0.005)	Loss 1.0520e+00 (1.0065e+00)	Acc pseudo  73.44 ( 68.65)	Lr 1.000e-03 (1.000e-03)
2026-03-24 15:51:12,925 - INFO: Epoch: [5][200/301]	Time  0.003 ( 0.004)	Loss 7.3886e-01 (1.0141e+00)	Acc pseudo  75.00 ( 68.53)	Lr 1.000e-03 (1.000e-03)
2026-03-24 15:51:13,075 - INFO: Epoch: [5][250/301]	Time  0.003 ( 0.004)	Loss 1.1662e+00 (1.0225e+00)	Acc pseudo  60.94 ( 68.21)	Lr 1.000e-03 (1.000e-03)
2026-03-24 15:51:13,218 - INFO: Epoch: [5][300/301]	Time  0.002 ( 0.004)	Loss 1.5872e+00 (1.0222e+00)	Acc pseudo  68.00 ( 68.16)	Lr 1.000e-03 (1.000e-03)
2026-03-24 15:51:13,285 - INFO: Round 2, Fine-tune Epoch 5: loss=1.0222, acc(pseudo)=68.16%
2026-03-24 15:51:22,792 - INFO: Round 2, Fine-tune Epoch 5: acc(valid_pseudo): 0.2441, acc: 0.6075
2026-03-24 15:51:22,792 - INFO: Round 2, Speaker Fine-tune Epoch 5: No improvement in validation accuracy. Patience(epoch): 3/3
2026-03-24 15:51:22,792 - INFO: Early stopping at epoch 5 due to no improvement in validation accuracy for 3 epochs.
2026-03-24 15:51:22,794 - INFO: Round 2: Best speaker fine-tuned epoch=2, acc(valid_pseudo)=0.2779
2026-03-24 15:51:22,812 - INFO: Using HMM model from previous round: runs/I love my family/exp_video_ablation/result/b/self_supervised/exp0/round1/pseudo_label/hmm_params.pkl
2026-03-24 15:56:12,182 - INFO: Round 2: speaker_acc=0.6850
2026-03-24 15:56:12,185 - INFO: ====================
2026-03-24 15:56:12,185 - INFO: Round 3: Fine-tuning iteration
2026-03-24 15:56:12,185 - INFO: ====================
2026-03-24 15:56:12,346 - INFO: Round 3 Part 1: Fine-tuning embedding model
2026-03-24 15:56:12,350 - INFO: Using pseudo-label file: runs/I love my family/exp_video_ablation/result/b/self_supervised/exp0/round2/pseudo_label/pseudo_labels_audio_hmmx_none(unreliable_pp=100.0).json
2026-03-24 15:56:12,397 - INFO: Fine-tuning speaker embedding model for 20 epochs...
2026-03-24 15:56:12,697 - INFO: Epoch: [0][  0/301]	Time  0.294 ( 0.294)	Loss 5.8820e+00 (5.8820e+00)	Acc pseudo  14.06 ( 14.06)	Lr 1.000e-03 (1.000e-03)
2026-03-24 15:56:12,885 - INFO: Epoch: [0][ 50/301]	Time  0.003 ( 0.009)	Loss 1.0879e+00 (2.2552e+00)	Acc pseudo  68.75 ( 45.86)	Lr 1.000e-03 (1.000e-03)
2026-03-24 15:56:13,041 - INFO: Epoch: [0][100/301]	Time  0.003 ( 0.006)	Loss 9.4542e-01 (1.7507e+00)	Acc pseudo  78.12 ( 56.17)	Lr 1.000e-03 (1.000e-03)
2026-03-24 15:56:13,195 - INFO: Epoch: [0][150/301]	Time  0.003 ( 0.005)	Loss 1.3586e+00 (1.5525e+00)	Acc pseudo  70.31 ( 60.70)	Lr 1.000e-03 (1.000e-03)
2026-03-24 15:56:13,349 - INFO: Epoch: [0][200/301]	Time  0.003 ( 0.005)	Loss 9.3615e-01 (1.4422e+00)	Acc pseudo  75.00 ( 63.10)	Lr 1.000e-03 (1.000e-03)
2026-03-24 15:56:13,502 - INFO: Epoch: [0][250/301]	Time  0.003 ( 0.004)	Loss 8.7928e-01 (1.3716e+00)	Acc pseudo  76.56 ( 64.58)	Lr 1.000e-03 (1.000e-03)
2026-03-24 15:56:13,646 - INFO: Epoch: [0][300/301]	Time  0.002 ( 0.004)	Loss 1.1627e+00 (1.3266e+00)	Acc pseudo  72.00 ( 65.42)	Lr 1.000e-03 (1.000e-03)
2026-03-24 15:56:13,717 - INFO: Round 3, Fine-tune Epoch 0: loss=1.3266, acc(pseudo)=65.42%
2026-03-24 15:56:20,991 - INFO: Round 3, Fine-tune Epoch 0: acc(valid_pseudo): 0.1878, acc: 0.6590
2026-03-24 15:56:21,768 - INFO: Epoch: [1][  0/301]	Time  0.251 ( 0.251)	Loss 1.1375e+00 (1.1375e+00)	Acc pseudo  78.12 ( 78.12)	Lr 1.000e-03 (1.000e-03)
2026-03-24 15:56:21,946 - INFO: Epoch: [1][ 50/301]	Time  0.003 ( 0.008)	Loss 8.5640e-01 (9.7604e-01)	Acc pseudo  76.56 ( 73.53)	Lr 1.000e-03 (1.000e-03)
2026-03-24 15:56:22,102 - INFO: Epoch: [1][100/301]	Time  0.003 ( 0.006)	Loss 1.0003e+00 (9.9335e-01)	Acc pseudo  67.19 ( 73.24)	Lr 1.000e-03 (1.000e-03)
2026-03-24 15:56:22,251 - INFO: Epoch: [1][150/301]	Time  0.003 ( 0.005)	Loss 1.2970e+00 (9.9244e-01)	Acc pseudo  64.06 ( 72.85)	Lr 1.000e-03 (1.000e-03)
2026-03-24 15:56:22,402 - INFO: Epoch: [1][200/301]	Time  0.003 ( 0.004)	Loss 8.9896e-01 (1.0015e+00)	Acc pseudo  73.44 ( 72.51)	Lr 1.000e-03 (1.000e-03)
2026-03-24 15:56:22,558 - INFO: Epoch: [1][250/301]	Time  0.003 ( 0.004)	Loss 1.1167e+00 (1.0027e+00)	Acc pseudo  70.31 ( 72.17)	Lr 1.000e-03 (1.000e-03)
2026-03-24 15:56:22,722 - INFO: Epoch: [1][300/301]	Time  0.003 ( 0.004)	Loss 1.3565e+00 (1.0013e+00)	Acc pseudo  68.00 ( 72.21)	Lr 1.000e-03 (1.000e-03)
2026-03-24 15:56:22,796 - INFO: Round 3, Fine-tune Epoch 1: loss=1.0013, acc(pseudo)=72.21%
2026-03-24 15:56:30,630 - INFO: Round 3, Fine-tune Epoch 1: acc(valid_pseudo): 0.1700, acc: 0.6875
2026-03-24 15:56:30,630 - INFO: Round 3, Speaker Fine-tune Epoch 1: No improvement in validation accuracy. Patience(epoch): 1/3
2026-03-24 15:56:30,908 - INFO: Epoch: [2][  0/301]	Time  0.273 ( 0.273)	Loss 8.9757e-01 (8.9757e-01)	Acc pseudo  75.00 ( 75.00)	Lr 1.000e-03 (1.000e-03)
2026-03-24 15:56:31,118 - INFO: Epoch: [2][ 50/301]	Time  0.003 ( 0.009)	Loss 1.0018e+00 (9.5316e-01)	Acc pseudo  70.31 ( 73.16)	Lr 1.000e-03 (1.000e-03)
2026-03-24 15:56:31,289 - INFO: Epoch: [2][100/301]	Time  0.004 ( 0.006)	Loss 8.3742e-01 (9.7350e-01)	Acc pseudo  76.56 ( 73.00)	Lr 1.000e-03 (1.000e-03)
2026-03-24 15:56:31,452 - INFO: Epoch: [2][150/301]	Time  0.003 ( 0.005)	Loss 9.8677e-01 (9.6763e-01)	Acc pseudo  67.19 ( 72.92)	Lr 1.000e-03 (1.000e-03)
2026-03-24 15:56:31,601 - INFO: Epoch: [2][200/301]	Time  0.003 ( 0.005)	Loss 9.0161e-01 (9.6360e-01)	Acc pseudo  75.00 ( 72.97)	Lr 1.000e-03 (1.000e-03)
2026-03-24 15:56:31,755 - INFO: Epoch: [2][250/301]	Time  0.003 ( 0.004)	Loss 9.7595e-01 (9.5972e-01)	Acc pseudo  71.88 ( 73.05)	Lr 1.000e-03 (1.000e-03)
2026-03-24 15:56:31,898 - INFO: Epoch: [2][300/301]	Time  0.002 ( 0.004)	Loss 1.0266e+00 (9.6180e-01)	Acc pseudo  72.00 ( 73.06)	Lr 1.000e-03 (1.000e-03)
2026-03-24 15:56:31,970 - INFO: Round 3, Fine-tune Epoch 2: loss=0.9618, acc(pseudo)=73.06%
2026-03-24 15:56:39,571 - INFO: Round 3, Fine-tune Epoch 2: acc(valid_pseudo): 0.1910, acc: 0.7030
2026-03-24 15:56:40,338 - INFO: Epoch: [3][  0/301]	Time  0.230 ( 0.230)	Loss 1.1478e+00 (1.1478e+00)	Acc pseudo  67.19 ( 67.19)	Lr 1.000e-03 (1.000e-03)
2026-03-24 15:56:40,607 - INFO: Epoch: [3][ 50/301]	Time  0.003 ( 0.010)	Loss 9.8394e-01 (9.3444e-01)	Acc pseudo  70.31 ( 73.44)	Lr 1.000e-03 (1.000e-03)
2026-03-24 15:56:40,760 - INFO: Epoch: [3][100/301]	Time  0.003 ( 0.006)	Loss 1.0266e+00 (9.2549e-01)	Acc pseudo  67.19 ( 73.73)	Lr 1.000e-03 (1.000e-03)
2026-03-24 15:56:40,908 - INFO: Epoch: [3][150/301]	Time  0.003 ( 0.005)	Loss 9.8609e-01 (9.3317e-01)	Acc pseudo  73.44 ( 73.83)	Lr 1.000e-03 (1.000e-03)
2026-03-24 15:56:41,061 - INFO: Epoch: [3][200/301]	Time  0.003 ( 0.005)	Loss 8.1474e-01 (9.2624e-01)	Acc pseudo  78.12 ( 74.04)	Lr 1.000e-03 (1.000e-03)
2026-03-24 15:56:41,212 - INFO: Epoch: [3][250/301]	Time  0.003 ( 0.004)	Loss 7.3872e-01 (9.2508e-01)	Acc pseudo  78.12 ( 73.87)	Lr 1.000e-03 (1.000e-03)
2026-03-24 15:56:41,356 - INFO: Epoch: [3][300/301]	Time  0.002 ( 0.004)	Loss 1.1274e+00 (9.3610e-01)	Acc pseudo  68.00 ( 73.58)	Lr 1.000e-03 (1.000e-03)
2026-03-24 15:56:41,427 - INFO: Round 3, Fine-tune Epoch 3: loss=0.9361, acc(pseudo)=73.58%
2026-03-24 15:56:49,266 - INFO: Round 3, Fine-tune Epoch 3: acc(valid_pseudo): 0.1951, acc: 0.6905
2026-03-24 15:56:50,130 - INFO: Epoch: [4][  0/301]	Time  0.241 ( 0.241)	Loss 1.0496e+00 (1.0496e+00)	Acc pseudo  62.50 ( 62.50)	Lr 1.000e-03 (1.000e-03)
2026-03-24 15:56:50,310 - INFO: Epoch: [4][ 50/301]	Time  0.003 ( 0.008)	Loss 9.4582e-01 (8.8519e-01)	Acc pseudo  73.44 ( 74.54)	Lr 1.000e-03 (1.000e-03)
2026-03-24 15:56:50,462 - INFO: Epoch: [4][100/301]	Time  0.003 ( 0.006)	Loss 1.0448e+00 (9.0186e-01)	Acc pseudo  68.75 ( 73.61)	Lr 1.000e-03 (1.000e-03)
2026-03-24 15:56:50,622 - INFO: Epoch: [4][150/301]	Time  0.003 ( 0.005)	Loss 7.2713e-01 (9.0869e-01)	Acc pseudo  79.69 ( 73.49)	Lr 1.000e-03 (1.000e-03)
2026-03-24 15:56:50,775 - INFO: Epoch: [4][200/301]	Time  0.003 ( 0.004)	Loss 9.0903e-01 (9.1702e-01)	Acc pseudo  71.88 ( 73.47)	Lr 1.000e-03 (1.000e-03)
2026-03-24 15:56:50,931 - INFO: Epoch: [4][250/301]	Time  0.003 ( 0.004)	Loss 8.2221e-01 (9.1621e-01)	Acc pseudo  75.00 ( 73.47)	Lr 1.000e-03 (1.000e-03)
2026-03-24 15:56:51,080 - INFO: Epoch: [4][300/301]	Time  0.002 ( 0.004)	Loss 7.6593e-01 (9.2091e-01)	Acc pseudo  64.00 ( 73.45)	Lr 1.000e-03 (1.000e-03)
2026-03-24 15:56:51,149 - INFO: Round 3, Fine-tune Epoch 4: loss=0.9209, acc(pseudo)=73.45%
2026-03-24 15:56:58,758 - INFO: Round 3, Fine-tune Epoch 4: acc(valid_pseudo): 0.1773, acc: 0.6760
2026-03-24 15:56:58,758 - INFO: Round 3, Speaker Fine-tune Epoch 4: No improvement in validation accuracy. Patience(epoch): 1/3
2026-03-24 15:56:59,008 - INFO: Epoch: [5][  0/301]	Time  0.244 ( 0.244)	Loss 9.5075e-01 (9.5075e-01)	Acc pseudo  70.31 ( 70.31)	Lr 1.000e-03 (1.000e-03)
2026-03-24 15:56:59,252 - INFO: Epoch: [5][ 50/301]	Time  0.003 ( 0.009)	Loss 8.0674e-01 (8.5704e-01)	Acc pseudo  70.31 ( 74.97)	Lr 1.000e-03 (1.000e-03)
2026-03-24 15:56:59,406 - INFO: Epoch: [5][100/301]	Time  0.003 ( 0.006)	Loss 1.1594e+00 (8.6800e-01)	Acc pseudo  68.75 ( 74.91)	Lr 1.000e-03 (1.000e-03)
2026-03-24 15:56:59,558 - INFO: Epoch: [5][150/301]	Time  0.003 ( 0.005)	Loss 1.0769e+00 (8.8559e-01)	Acc pseudo  70.31 ( 74.44)	Lr 1.000e-03 (1.000e-03)
2026-03-24 15:56:59,712 - INFO: Epoch: [5][200/301]	Time  0.003 ( 0.005)	Loss 7.8415e-01 (8.9162e-01)	Acc pseudo  71.88 ( 74.18)	Lr 1.000e-03 (1.000e-03)
2026-03-24 15:56:59,871 - INFO: Epoch: [5][250/301]	Time  0.003 ( 0.004)	Loss 8.2112e-01 (8.9424e-01)	Acc pseudo  78.12 ( 74.28)	Lr 1.000e-03 (1.000e-03)
2026-03-24 15:57:00,014 - INFO: Epoch: [5][300/301]	Time  0.002 ( 0.004)	Loss 8.9454e-01 (8.9809e-01)	Acc pseudo  72.00 ( 74.26)	Lr 1.000e-03 (1.000e-03)
2026-03-24 15:57:00,085 - INFO: Round 3, Fine-tune Epoch 5: loss=0.8981, acc(pseudo)=74.26%
2026-03-24 15:57:08,048 - INFO: Round 3, Fine-tune Epoch 5: acc(valid_pseudo): 0.1986, acc: 0.7010
2026-03-24 15:57:09,052 - INFO: Epoch: [6][  0/301]	Time  0.261 ( 0.261)	Loss 1.1998e+00 (1.1998e+00)	Acc pseudo  68.75 ( 68.75)	Lr 1.000e-03 (1.000e-03)
2026-03-24 15:57:09,228 - INFO: Epoch: [6][ 50/301]	Time  0.003 ( 0.008)	Loss 8.4108e-01 (8.7129e-01)	Acc pseudo  79.69 ( 75.18)	Lr 1.000e-03 (1.000e-03)
2026-03-24 15:57:09,384 - INFO: Epoch: [6][100/301]	Time  0.003 ( 0.006)	Loss 9.2324e-01 (8.8456e-01)	Acc pseudo  67.19 ( 74.75)	Lr 1.000e-03 (1.000e-03)
2026-03-24 15:57:09,536 - INFO: Epoch: [6][150/301]	Time  0.003 ( 0.005)	Loss 8.2208e-01 (8.8863e-01)	Acc pseudo  70.31 ( 74.38)	Lr 1.000e-03 (1.000e-03)
2026-03-24 15:57:09,689 - INFO: Epoch: [6][200/301]	Time  0.003 ( 0.004)	Loss 7.2339e-01 (8.9735e-01)	Acc pseudo  78.12 ( 74.04)	Lr 1.000e-03 (1.000e-03)
2026-03-24 15:57:09,839 - INFO: Epoch: [6][250/301]	Time  0.003 ( 0.004)	Loss 1.0485e+00 (8.9865e-01)	Acc pseudo  68.75 ( 73.90)	Lr 1.000e-03 (1.000e-03)
2026-03-24 15:57:09,981 - INFO: Epoch: [6][300/301]	Time  0.002 ( 0.004)	Loss 6.8638e-01 (8.9530e-01)	Acc pseudo  80.00 ( 74.09)	Lr 1.000e-03 (1.000e-03)
2026-03-24 15:57:10,049 - INFO: Round 3, Fine-tune Epoch 6: loss=0.8953, acc(pseudo)=74.09%
2026-03-24 15:57:17,789 - INFO: Round 3, Fine-tune Epoch 6: acc(valid_pseudo): 0.1866, acc: 0.6680
2026-03-24 15:57:17,790 - INFO: Round 3, Speaker Fine-tune Epoch 6: No improvement in validation accuracy. Patience(epoch): 1/3
2026-03-24 15:57:18,051 - INFO: Epoch: [7][  0/301]	Time  0.256 ( 0.256)	Loss 7.5503e-01 (7.5503e-01)	Acc pseudo  76.56 ( 76.56)	Lr 1.000e-03 (1.000e-03)
2026-03-24 15:57:18,245 - INFO: Epoch: [7][ 50/301]	Time  0.003 ( 0.009)	Loss 7.2896e-01 (8.5902e-01)	Acc pseudo  75.00 ( 75.09)	Lr 1.000e-03 (1.000e-03)
2026-03-24 15:57:18,407 - INFO: Epoch: [7][100/301]	Time  0.003 ( 0.006)	Loss 7.0419e-01 (8.6025e-01)	Acc pseudo  81.25 ( 74.89)	Lr 1.000e-03 (1.000e-03)
2026-03-24 15:57:18,566 - INFO: Epoch: [7][150/301]	Time  0.003 ( 0.005)	Loss 7.6046e-01 (8.6158e-01)	Acc pseudo  78.12 ( 74.68)	Lr 1.000e-03 (1.000e-03)
2026-03-24 15:57:18,721 - INFO: Epoch: [7][200/301]	Time  0.003 ( 0.005)	Loss 7.8280e-01 (8.6791e-01)	Acc pseudo  82.81 ( 74.63)	Lr 1.000e-03 (1.000e-03)
2026-03-24 15:57:18,875 - INFO: Epoch: [7][250/301]	Time  0.003 ( 0.004)	Loss 8.9160e-01 (8.7515e-01)	Acc pseudo  70.31 ( 74.39)	Lr 1.000e-03 (1.000e-03)
2026-03-24 15:57:19,015 - INFO: Epoch: [7][300/301]	Time  0.002 ( 0.004)	Loss 6.4698e-01 (8.8139e-01)	Acc pseudo  80.00 ( 74.39)	Lr 1.000e-03 (1.000e-03)
2026-03-24 15:57:19,081 - INFO: Round 3, Fine-tune Epoch 7: loss=0.8814, acc(pseudo)=74.39%
2026-03-24 15:57:26,631 - INFO: Round 3, Fine-tune Epoch 7: acc(valid_pseudo): 0.1712, acc: 0.7090
2026-03-24 15:57:26,632 - INFO: Round 3, Speaker Fine-tune Epoch 7: No improvement in validation accuracy. Patience(epoch): 2/3
2026-03-24 15:57:26,913 - INFO: Epoch: [8][  0/301]	Time  0.276 ( 0.276)	Loss 9.2094e-01 (9.2094e-01)	Acc pseudo  70.31 ( 70.31)	Lr 1.000e-03 (1.000e-03)
2026-03-24 15:57:27,103 - INFO: Epoch: [8][ 50/301]	Time  0.003 ( 0.009)	Loss 8.6798e-01 (8.1267e-01)	Acc pseudo  81.25 ( 75.95)	Lr 1.000e-03 (1.000e-03)
2026-03-24 15:57:27,264 - INFO: Epoch: [8][100/301]	Time  0.003 ( 0.006)	Loss 1.1578e+00 (8.4606e-01)	Acc pseudo  62.50 ( 75.19)	Lr 1.000e-03 (1.000e-03)
2026-03-24 15:57:27,420 - INFO: Epoch: [8][150/301]	Time  0.003 ( 0.005)	Loss 8.3898e-01 (8.4482e-01)	Acc pseudo  75.00 ( 75.04)	Lr 1.000e-03 (1.000e-03)
2026-03-24 15:57:27,576 - INFO: Epoch: [8][200/301]	Time  0.003 ( 0.005)	Loss 7.3495e-01 (8.5103e-01)	Acc pseudo  75.00 ( 74.77)	Lr 1.000e-03 (1.000e-03)
2026-03-24 15:57:27,737 - INFO: Epoch: [8][250/301]	Time  0.003 ( 0.004)	Loss 7.0222e-01 (8.5556e-01)	Acc pseudo  78.12 ( 74.67)	Lr 1.000e-03 (1.000e-03)
2026-03-24 15:57:27,885 - INFO: Epoch: [8][300/301]	Time  0.002 ( 0.004)	Loss 1.2167e+00 (8.6491e-01)	Acc pseudo  72.00 ( 74.64)	Lr 1.000e-03 (1.000e-03)
2026-03-24 15:57:27,956 - INFO: Round 3, Fine-tune Epoch 8: loss=0.8649, acc(pseudo)=74.64%
2026-03-24 15:57:35,781 - INFO: Round 3, Fine-tune Epoch 8: acc(valid_pseudo): 0.1242, acc: 0.6570
2026-03-24 15:57:35,782 - INFO: Round 3, Speaker Fine-tune Epoch 8: No improvement in validation accuracy. Patience(epoch): 3/3
2026-03-24 15:57:35,782 - INFO: Early stopping at epoch 8 due to no improvement in validation accuracy for 3 epochs.
2026-03-24 15:57:35,783 - INFO: Round 3: Best speaker fine-tuned epoch=5, acc(valid_pseudo)=0.1986
2026-03-24 15:57:35,793 - INFO: Using HMM model from previous round: runs/I love my family/exp_video_ablation/result/b/self_supervised/exp0/round2/pseudo_label/hmm_params.pkl
2026-03-24 16:00:56,929 - INFO: Round 3: speaker_acc=0.6460
2026-03-24 16:00:56,936 - INFO: ====================
2026-03-24 16:00:56,936 - INFO: Round 4: Fine-tuning iteration
2026-03-24 16:00:56,937 - INFO: ====================
2026-03-24 16:00:57,042 - INFO: Round 4 Part 1: Fine-tuning embedding model
2026-03-24 16:00:57,043 - INFO: Using pseudo-label file: runs/I love my family/exp_video_ablation/result/b/self_supervised/exp0/round3/pseudo_label/pseudo_labels_audio_hmmx_none(unreliable_pp=100.0).json
2026-03-24 16:00:57,080 - INFO: Fine-tuning speaker embedding model for 20 epochs...
2026-03-24 16:00:57,329 - INFO: Epoch: [0][  0/301]	Time  0.245 ( 0.245)	Loss 5.9823e+00 (5.9823e+00)	Acc pseudo  18.75 ( 18.75)	Lr 1.000e-03 (1.000e-03)
2026-03-24 16:00:57,515 - INFO: Epoch: [0][ 50/301]	Time  0.003 ( 0.008)	Loss 1.2913e+00 (2.5696e+00)	Acc pseudo  62.50 ( 44.00)	Lr 1.000e-03 (1.000e-03)
2026-03-24 16:00:57,668 - INFO: Epoch: [0][100/301]	Time  0.003 ( 0.006)	Loss 1.4187e+00 (1.8999e+00)	Acc pseudo  62.50 ( 56.30)	Lr 1.000e-03 (1.000e-03)
2026-03-24 16:00:57,818 - INFO: Epoch: [0][150/301]	Time  0.003 ( 0.005)	Loss 9.9649e-01 (1.6287e+00)	Acc pseudo  68.75 ( 60.68)	Lr 1.000e-03 (1.000e-03)
2026-03-24 16:00:57,967 - INFO: Epoch: [0][200/301]	Time  0.003 ( 0.004)	Loss 9.1516e-01 (1.4869e+00)	Acc pseudo  79.69 ( 63.29)	Lr 1.000e-03 (1.000e-03)
2026-03-24 16:00:58,115 - INFO: Epoch: [0][250/301]	Time  0.003 ( 0.004)	Loss 1.0588e+00 (1.4039e+00)	Acc pseudo  71.88 ( 64.75)	Lr 1.000e-03 (1.000e-03)
2026-03-24 16:00:58,260 - INFO: Epoch: [0][300/301]	Time  0.002 ( 0.004)	Loss 1.0420e+00 (1.3469e+00)	Acc pseudo  72.00 ( 65.78)	Lr 1.000e-03 (1.000e-03)
2026-03-24 16:00:58,329 - INFO: Round 4, Fine-tune Epoch 0: loss=1.3469, acc(pseudo)=65.78%
2026-03-24 16:01:06,472 - INFO: Round 4, Fine-tune Epoch 0: acc(valid_pseudo): 0.4751, acc: 0.6365
2026-03-24 16:01:07,230 - INFO: Epoch: [1][  0/301]	Time  0.245 ( 0.245)	Loss 9.4535e-01 (9.4535e-01)	Acc pseudo  79.69 ( 79.69)	Lr 1.000e-03 (1.000e-03)
2026-03-24 16:01:07,406 - INFO: Epoch: [1][ 50/301]	Time  0.003 ( 0.008)	Loss 9.4003e-01 (8.9568e-01)	Acc pseudo  78.12 ( 75.49)	Lr 1.000e-03 (1.000e-03)
2026-03-24 16:01:07,561 - INFO: Epoch: [1][100/301]	Time  0.003 ( 0.006)	Loss 9.3056e-01 (9.1719e-01)	Acc pseudo  76.56 ( 75.05)	Lr 1.000e-03 (1.000e-03)
2026-03-24 16:01:07,718 - INFO: Epoch: [1][150/301]	Time  0.003 ( 0.005)	Loss 9.2509e-01 (9.2106e-01)	Acc pseudo  73.44 ( 74.53)	Lr 1.000e-03 (1.000e-03)
2026-03-24 16:01:07,880 - INFO: Epoch: [1][200/301]	Time  0.003 ( 0.004)	Loss 7.9790e-01 (9.2059e-01)	Acc pseudo  76.56 ( 74.46)	Lr 1.000e-03 (1.000e-03)
2026-03-24 16:01:08,032 - INFO: Epoch: [1][250/301]	Time  0.003 ( 0.004)	Loss 7.8883e-01 (9.2561e-01)	Acc pseudo  73.44 ( 74.15)	Lr 1.000e-03 (1.000e-03)
2026-03-24 16:01:08,173 - INFO: Epoch: [1][300/301]	Time  0.002 ( 0.004)	Loss 7.8995e-01 (9.2778e-01)	Acc pseudo  76.00 ( 74.05)	Lr 1.000e-03 (1.000e-03)
2026-03-24 16:01:08,241 - INFO: Round 4, Fine-tune Epoch 1: loss=0.9278, acc(pseudo)=74.05%
2026-03-24 16:01:16,521 - INFO: Round 4, Fine-tune Epoch 1: acc(valid_pseudo): 0.4628, acc: 0.6190
2026-03-24 16:01:16,521 - INFO: Round 4, Speaker Fine-tune Epoch 1: No improvement in validation accuracy. Patience(epoch): 1/3
2026-03-24 16:01:16,769 - INFO: Epoch: [2][  0/301]	Time  0.242 ( 0.242)	Loss 7.9491e-01 (7.9491e-01)	Acc pseudo  79.69 ( 79.69)	Lr 1.000e-03 (1.000e-03)
2026-03-24 16:01:17,032 - INFO: Epoch: [2][ 50/301]	Time  0.003 ( 0.010)	Loss 1.0424e+00 (8.7401e-01)	Acc pseudo  70.31 ( 75.67)	Lr 1.000e-03 (1.000e-03)
2026-03-24 16:01:17,189 - INFO: Epoch: [2][100/301]	Time  0.003 ( 0.006)	Loss 8.1565e-01 (8.8262e-01)	Acc pseudo  71.88 ( 74.68)	Lr 1.000e-03 (1.000e-03)
2026-03-24 16:01:17,347 - INFO: Epoch: [2][150/301]	Time  0.003 ( 0.005)	Loss 6.0021e-01 (8.7523e-01)	Acc pseudo  79.69 ( 74.99)	Lr 1.000e-03 (1.000e-03)
2026-03-24 16:01:17,504 - INFO: Epoch: [2][200/301]	Time  0.003 ( 0.005)	Loss 1.2130e+00 (8.8255e-01)	Acc pseudo  78.12 ( 75.05)	Lr 1.000e-03 (1.000e-03)
2026-03-24 16:01:17,651 - INFO: Epoch: [2][250/301]	Time  0.003 ( 0.004)	Loss 7.9337e-01 (8.8618e-01)	Acc pseudo  78.12 ( 75.08)	Lr 1.000e-03 (1.000e-03)
2026-03-24 16:01:17,786 - INFO: Epoch: [2][300/301]	Time  0.002 ( 0.004)	Loss 9.8230e-01 (8.9130e-01)	Acc pseudo  68.00 ( 74.92)	Lr 1.000e-03 (1.000e-03)
2026-03-24 16:01:17,853 - INFO: Round 4, Fine-tune Epoch 2: loss=0.8913, acc(pseudo)=74.92%
2026-03-24 16:01:25,525 - INFO: Round 4, Fine-tune Epoch 2: acc(valid_pseudo): 0.4512, acc: 0.6190
2026-03-24 16:01:25,525 - INFO: Round 4, Speaker Fine-tune Epoch 2: No improvement in validation accuracy. Patience(epoch): 2/3
2026-03-24 16:01:25,768 - INFO: Epoch: [3][  0/301]	Time  0.237 ( 0.237)	Loss 8.5208e-01 (8.5208e-01)	Acc pseudo  75.00 ( 75.00)	Lr 1.000e-03 (1.000e-03)
2026-03-24 16:01:25,977 - INFO: Epoch: [3][ 50/301]	Time  0.004 ( 0.009)	Loss 1.0803e+00 (8.6791e-01)	Acc pseudo  78.12 ( 75.86)	Lr 1.000e-03 (1.000e-03)
2026-03-24 16:01:26,148 - INFO: Epoch: [3][100/301]	Time  0.003 ( 0.006)	Loss 1.1761e+00 (8.5914e-01)	Acc pseudo  73.44 ( 75.67)	Lr 1.000e-03 (1.000e-03)
2026-03-24 16:01:26,313 - INFO: Epoch: [3][150/301]	Time  0.004 ( 0.005)	Loss 8.5231e-01 (8.6211e-01)	Acc pseudo  76.56 ( 75.78)	Lr 1.000e-03 (1.000e-03)
2026-03-24 16:01:26,483 - INFO: Epoch: [3][200/301]	Time  0.004 ( 0.005)	Loss 8.5523e-01 (8.5798e-01)	Acc pseudo  75.00 ( 76.02)	Lr 1.000e-03 (1.000e-03)
2026-03-24 16:01:26,657 - INFO: Epoch: [3][250/301]	Time  0.003 ( 0.004)	Loss 9.5327e-01 (8.5916e-01)	Acc pseudo  76.56 ( 75.97)	Lr 1.000e-03 (1.000e-03)
2026-03-24 16:01:26,816 - INFO: Epoch: [3][300/301]	Time  0.003 ( 0.004)	Loss 9.2158e-01 (8.6475e-01)	Acc pseudo  68.00 ( 75.59)	Lr 1.000e-03 (1.000e-03)
2026-03-24 16:01:26,886 - INFO: Round 4, Fine-tune Epoch 3: loss=0.8648, acc(pseudo)=75.59%
2026-03-24 16:01:35,162 - INFO: Round 4, Fine-tune Epoch 3: acc(valid_pseudo): 0.4605, acc: 0.6110
2026-03-24 16:01:35,162 - INFO: Round 4, Speaker Fine-tune Epoch 3: No improvement in validation accuracy. Patience(epoch): 3/3
2026-03-24 16:01:35,162 - INFO: Early stopping at epoch 3 due to no improvement in validation accuracy for 3 epochs.
2026-03-24 16:01:35,164 - INFO: Round 4: Best speaker fine-tuned epoch=0, acc(valid_pseudo)=0.4751
2026-03-24 16:01:35,184 - INFO: Using HMM model from previous round: runs/I love my family/exp_video_ablation/result/b/self_supervised/exp0/round3/pseudo_label/hmm_params.pkl
2026-03-24 16:04:43,326 - INFO: Round 4: speaker_acc=0.6935
2026-03-24 16:04:43,329 - INFO: ====================
2026-03-24 16:04:43,329 - INFO: Round 5: Fine-tuning iteration
2026-03-24 16:04:43,329 - INFO: ====================
2026-03-24 16:04:43,394 - INFO: Round 5 Part 1: Fine-tuning embedding model
2026-03-24 16:04:43,396 - INFO: Using pseudo-label file: runs/I love my family/exp_video_ablation/result/b/self_supervised/exp0/round4/pseudo_label/pseudo_labels_audio_hmmx_none(unreliable_pp=100.0).json
2026-03-24 16:04:43,432 - INFO: Fine-tuning speaker embedding model for 20 epochs...
2026-03-24 16:04:43,687 - INFO: Epoch: [0][  0/301]	Time  0.251 ( 0.251)	Loss 5.1056e+00 (5.1056e+00)	Acc pseudo  17.19 ( 17.19)	Lr 1.000e-03 (1.000e-03)
2026-03-24 16:04:43,864 - INFO: Epoch: [0][ 50/301]	Time  0.003 ( 0.008)	Loss 1.3182e+00 (2.3357e+00)	Acc pseudo  62.50 ( 45.50)	Lr 1.000e-03 (1.000e-03)
2026-03-24 16:04:44,018 - INFO: Epoch: [0][100/301]	Time  0.003 ( 0.006)	Loss 1.2068e+00 (1.7644e+00)	Acc pseudo  75.00 ( 57.05)	Lr 1.000e-03 (1.000e-03)
2026-03-24 16:04:44,169 - INFO: Epoch: [0][150/301]	Time  0.003 ( 0.005)	Loss 9.6810e-01 (1.5521e+00)	Acc pseudo  73.44 ( 61.60)	Lr 1.000e-03 (1.000e-03)
2026-03-24 16:04:44,324 - INFO: Epoch: [0][200/301]	Time  0.003 ( 0.004)	Loss 8.8132e-01 (1.4168e+00)	Acc pseudo  73.44 ( 64.21)	Lr 1.000e-03 (1.000e-03)
2026-03-24 16:04:44,475 - INFO: Epoch: [0][250/301]	Time  0.003 ( 0.004)	Loss 1.0649e+00 (1.3338e+00)	Acc pseudo  73.44 ( 65.97)	Lr 1.000e-03 (1.000e-03)
2026-03-24 16:04:44,618 - INFO: Epoch: [0][300/301]	Time  0.002 ( 0.004)	Loss 1.0362e+00 (1.2778e+00)	Acc pseudo  68.00 ( 67.07)	Lr 1.000e-03 (1.000e-03)
2026-03-24 16:04:44,685 - INFO: Round 5, Fine-tune Epoch 0: loss=1.2778, acc(pseudo)=67.07%
2026-03-24 16:04:52,189 - INFO: Round 5, Fine-tune Epoch 0: acc(valid_pseudo): 0.2076, acc: 0.7120
2026-03-24 16:04:53,112 - INFO: Epoch: [1][  0/301]	Time  0.246 ( 0.246)	Loss 1.0644e+00 (1.0644e+00)	Acc pseudo  76.56 ( 76.56)	Lr 1.000e-03 (1.000e-03)
2026-03-24 16:04:53,481 - INFO: Epoch: [1][ 50/301]	Time  0.003 ( 0.012)	Loss 8.6659e-01 (8.8516e-01)	Acc pseudo  73.44 ( 76.78)	Lr 1.000e-03 (1.000e-03)
2026-03-24 16:04:53,641 - INFO: Epoch: [1][100/301]	Time  0.003 ( 0.008)	Loss 9.2041e-01 (9.0107e-01)	Acc pseudo  81.25 ( 75.71)	Lr 1.000e-03 (1.000e-03)
2026-03-24 16:04:53,803 - INFO: Epoch: [1][150/301]	Time  0.003 ( 0.006)	Loss 1.0798e+00 (9.1352e-01)	Acc pseudo  67.19 ( 75.44)	Lr 1.000e-03 (1.000e-03)
2026-03-24 16:04:53,961 - INFO: Epoch: [1][200/301]	Time  0.003 ( 0.005)	Loss 7.2592e-01 (9.1539e-01)	Acc pseudo  78.12 ( 75.43)	Lr 1.000e-03 (1.000e-03)
2026-03-24 16:04:54,112 - INFO: Epoch: [1][250/301]	Time  0.003 ( 0.005)	Loss 1.0369e+00 (9.1995e-01)	Acc pseudo  68.75 ( 75.04)	Lr 1.000e-03 (1.000e-03)
2026-03-24 16:04:54,258 - INFO: Epoch: [1][300/301]	Time  0.002 ( 0.005)	Loss 8.4237e-01 (9.1618e-01)	Acc pseudo  72.00 ( 74.98)	Lr 1.000e-03 (1.000e-03)
2026-03-24 16:04:54,329 - INFO: Round 5, Fine-tune Epoch 1: loss=0.9162, acc(pseudo)=74.98%
2026-03-24 16:05:03,785 - INFO: Round 5, Fine-tune Epoch 1: acc(valid_pseudo): 0.1735, acc: 0.6275
2026-03-24 16:05:03,786 - INFO: Round 5, Speaker Fine-tune Epoch 1: No improvement in validation accuracy. Patience(epoch): 1/3
2026-03-24 16:05:04,118 - INFO: Epoch: [2][  0/301]	Time  0.324 ( 0.324)	Loss 7.3079e-01 (7.3079e-01)	Acc pseudo  78.12 ( 78.12)	Lr 1.000e-03 (1.000e-03)
2026-03-24 16:05:04,397 - INFO: Epoch: [2][ 50/301]	Time  0.003 ( 0.012)	Loss 9.8652e-01 (8.3670e-01)	Acc pseudo  71.88 ( 75.43)	Lr 1.000e-03 (1.000e-03)
2026-03-24 16:05:04,560 - INFO: Epoch: [2][100/301]	Time  0.004 ( 0.007)	Loss 1.0878e+00 (8.5457e-01)	Acc pseudo  70.31 ( 75.46)	Lr 1.000e-03 (1.000e-03)
2026-03-24 16:05:04,740 - INFO: Epoch: [2][150/301]	Time  0.003 ( 0.006)	Loss 8.9575e-01 (8.6909e-01)	Acc pseudo  71.88 ( 75.14)	Lr 1.000e-03 (1.000e-03)
2026-03-24 16:05:04,908 - INFO: Epoch: [2][200/301]	Time  0.003 ( 0.005)	Loss 8.8418e-01 (8.7579e-01)	Acc pseudo  84.38 ( 75.06)	Lr 1.000e-03 (1.000e-03)
2026-03-24 16:05:05,077 - INFO: Epoch: [2][250/301]	Time  0.003 ( 0.005)	Loss 8.2752e-01 (8.7445e-01)	Acc pseudo  75.00 ( 75.31)	Lr 1.000e-03 (1.000e-03)
2026-03-24 16:05:05,237 - INFO: Epoch: [2][300/301]	Time  0.002 ( 0.005)	Loss 1.1477e+00 (8.7568e-01)	Acc pseudo  72.00 ( 75.35)	Lr 1.000e-03 (1.000e-03)
2026-03-24 16:05:05,306 - INFO: Round 5, Fine-tune Epoch 2: loss=0.8757, acc(pseudo)=75.35%
2026-03-24 16:05:13,070 - INFO: Round 5, Fine-tune Epoch 2: acc(valid_pseudo): 0.1983, acc: 0.6995
2026-03-24 16:05:13,070 - INFO: Round 5, Speaker Fine-tune Epoch 2: No improvement in validation accuracy. Patience(epoch): 2/3
2026-03-24 16:05:13,342 - INFO: Epoch: [3][  0/301]	Time  0.266 ( 0.266)	Loss 9.0883e-01 (9.0883e-01)	Acc pseudo  75.00 ( 75.00)	Lr 1.000e-03 (1.000e-03)
2026-03-24 16:05:13,601 - INFO: Epoch: [3][ 50/301]	Time  0.003 ( 0.010)	Loss 1.1329e+00 (8.4986e-01)	Acc pseudo  68.75 ( 76.81)	Lr 1.000e-03 (1.000e-03)
2026-03-24 16:05:13,758 - INFO: Epoch: [3][100/301]	Time  0.003 ( 0.007)	Loss 9.2708e-01 (8.2729e-01)	Acc pseudo  73.44 ( 77.38)	Lr 1.000e-03 (1.000e-03)
2026-03-24 16:05:13,910 - INFO: Epoch: [3][150/301]	Time  0.003 ( 0.005)	Loss 8.4222e-01 (8.3959e-01)	Acc pseudo  78.12 ( 77.01)	Lr 1.000e-03 (1.000e-03)
2026-03-24 16:05:14,057 - INFO: Epoch: [3][200/301]	Time  0.003 ( 0.005)	Loss 7.3015e-01 (8.4275e-01)	Acc pseudo  78.12 ( 76.71)	Lr 1.000e-03 (1.000e-03)
2026-03-24 16:05:14,208 - INFO: Epoch: [3][250/301]	Time  0.003 ( 0.004)	Loss 1.1554e+00 (8.4520e-01)	Acc pseudo  71.88 ( 76.56)	Lr 1.000e-03 (1.000e-03)
2026-03-24 16:05:14,353 - INFO: Epoch: [3][300/301]	Time  0.002 ( 0.004)	Loss 1.0628e+00 (8.5450e-01)	Acc pseudo  60.00 ( 76.21)	Lr 1.000e-03 (1.000e-03)
2026-03-24 16:05:14,421 - INFO: Round 5, Fine-tune Epoch 3: loss=0.8545, acc(pseudo)=76.21%
2026-03-24 16:05:22,290 - INFO: Round 5, Fine-tune Epoch 3: acc(valid_pseudo): 0.1980, acc: 0.7415
2026-03-24 16:05:22,290 - INFO: Round 5, Speaker Fine-tune Epoch 3: No improvement in validation accuracy. Patience(epoch): 3/3
2026-03-24 16:05:22,290 - INFO: Early stopping at epoch 3 due to no improvement in validation accuracy for 3 epochs.
2026-03-24 16:05:22,291 - INFO: Round 5: Best speaker fine-tuned epoch=0, acc(valid_pseudo)=0.2076
2026-03-24 16:05:22,301 - INFO: Using HMM model from previous round: runs/I love my family/exp_video_ablation/result/b/self_supervised/exp0/round4/pseudo_label/hmm_params.pkl
2026-03-24 16:08:01,617 - INFO: Round 5: speaker_acc=0.6840
2026-03-24 16:08:01,620 - INFO: ====================
2026-03-24 16:08:01,620 - INFO: Round 6: Fine-tuning iteration
2026-03-24 16:08:01,620 - INFO: ====================
2026-03-24 16:08:01,740 - INFO: Round 6 Part 1: Fine-tuning embedding model
2026-03-24 16:08:01,742 - INFO: Using pseudo-label file: runs/I love my family/exp_video_ablation/result/b/self_supervised/exp0/round5/pseudo_label/pseudo_labels_audio_hmmx_none(unreliable_pp=100.0).json
2026-03-24 16:08:01,967 - INFO: Fine-tuning speaker embedding model for 20 epochs...
2026-03-24 16:08:03,080 - INFO: Epoch: [0][  0/301]	Time  1.065 ( 1.065)	Loss 5.9093e+00 (5.9093e+00)	Acc pseudo  18.75 ( 18.75)	Lr 1.000e-03 (1.000e-03)
2026-03-24 16:08:03,258 - INFO: Epoch: [0][ 50/301]	Time  0.003 ( 0.024)	Loss 1.1241e+00 (2.3997e+00)	Acc pseudo  65.62 ( 45.04)	Lr 1.000e-03 (1.000e-03)
2026-03-24 16:08:03,415 - INFO: Epoch: [0][100/301]	Time  0.003 ( 0.014)	Loss 8.5358e-01 (1.7988e+00)	Acc pseudo  76.56 ( 56.82)	Lr 1.000e-03 (1.000e-03)
2026-03-24 16:08:03,572 - INFO: Epoch: [0][150/301]	Time  0.003 ( 0.010)	Loss 1.0662e+00 (1.5696e+00)	Acc pseudo  68.75 ( 61.22)	Lr 1.000e-03 (1.000e-03)
2026-03-24 16:08:03,728 - INFO: Epoch: [0][200/301]	Time  0.003 ( 0.008)	Loss 9.9137e-01 (1.4338e+00)	Acc pseudo  73.44 ( 63.82)	Lr 1.000e-03 (1.000e-03)
2026-03-24 16:08:03,875 - INFO: Epoch: [0][250/301]	Time  0.003 ( 0.007)	Loss 8.5950e-01 (1.3406e+00)	Acc pseudo  78.12 ( 65.83)	Lr 1.000e-03 (1.000e-03)
2026-03-24 16:08:04,021 - INFO: Epoch: [0][300/301]	Time  0.002 ( 0.007)	Loss 8.2340e-01 (1.2823e+00)	Acc pseudo  88.00 ( 66.96)	Lr 1.000e-03 (1.000e-03)
2026-03-24 16:08:04,089 - INFO: Round 6, Fine-tune Epoch 0: loss=1.2823, acc(pseudo)=66.96%
2026-03-24 16:08:11,534 - INFO: Round 6, Fine-tune Epoch 0: acc(valid_pseudo): 0.2161, acc: 0.6995
2026-03-24 16:08:12,412 - INFO: Epoch: [1][  0/301]	Time  0.310 ( 0.310)	Loss 1.1069e+00 (1.1069e+00)	Acc pseudo  73.44 ( 73.44)	Lr 1.000e-03 (1.000e-03)
2026-03-24 16:08:12,587 - INFO: Epoch: [1][ 50/301]	Time  0.003 ( 0.009)	Loss 8.7452e-01 (8.9711e-01)	Acc pseudo  73.44 ( 74.94)	Lr 1.000e-03 (1.000e-03)
2026-03-24 16:08:12,746 - INFO: Epoch: [1][100/301]	Time  0.003 ( 0.006)	Loss 8.0177e-01 (9.0501e-01)	Acc pseudo  79.69 ( 74.57)	Lr 1.000e-03 (1.000e-03)
2026-03-24 16:08:12,899 - INFO: Epoch: [1][150/301]	Time  0.003 ( 0.005)	Loss 9.2874e-01 (9.0630e-01)	Acc pseudo  65.62 ( 74.62)	Lr 1.000e-03 (1.000e-03)
2026-03-24 16:08:13,050 - INFO: Epoch: [1][200/301]	Time  0.003 ( 0.005)	Loss 7.7351e-01 (8.9948e-01)	Acc pseudo  78.12 ( 75.04)	Lr 1.000e-03 (1.000e-03)
2026-03-24 16:08:13,202 - INFO: Epoch: [1][250/301]	Time  0.003 ( 0.004)	Loss 7.9283e-01 (9.0534e-01)	Acc pseudo  81.25 ( 74.71)	Lr 1.000e-03 (1.000e-03)
2026-03-24 16:08:13,349 - INFO: Epoch: [1][300/301]	Time  0.002 ( 0.004)	Loss 8.9638e-01 (9.0684e-01)	Acc pseudo  68.00 ( 74.59)	Lr 1.000e-03 (1.000e-03)
2026-03-24 16:08:13,421 - INFO: Round 6, Fine-tune Epoch 1: loss=0.9068, acc(pseudo)=74.59%
2026-03-24 16:08:21,438 - INFO: Round 6, Fine-tune Epoch 1: acc(valid_pseudo): 0.1808, acc: 0.6380
2026-03-24 16:08:21,438 - INFO: Round 6, Speaker Fine-tune Epoch 1: No improvement in validation accuracy. Patience(epoch): 1/3
2026-03-24 16:08:21,692 - INFO: Epoch: [2][  0/301]	Time  0.249 ( 0.249)	Loss 6.6984e-01 (6.6984e-01)	Acc pseudo  81.25 ( 81.25)	Lr 1.000e-03 (1.000e-03)
2026-03-24 16:08:21,889 - INFO: Epoch: [2][ 50/301]	Time  0.003 ( 0.009)	Loss 9.2558e-01 (8.3491e-01)	Acc pseudo  71.88 ( 75.31)	Lr 1.000e-03 (1.000e-03)
2026-03-24 16:08:22,055 - INFO: Epoch: [2][100/301]	Time  0.003 ( 0.006)	Loss 1.1332e+00 (8.4532e-01)	Acc pseudo  71.88 ( 75.71)	Lr 1.000e-03 (1.000e-03)
2026-03-24 16:08:22,209 - INFO: Epoch: [2][150/301]	Time  0.003 ( 0.005)	Loss 9.1022e-01 (8.5366e-01)	Acc pseudo  84.38 ( 75.61)	Lr 1.000e-03 (1.000e-03)
2026-03-24 16:08:22,362 - INFO: Epoch: [2][200/301]	Time  0.003 ( 0.004)	Loss 8.1303e-01 (8.6316e-01)	Acc pseudo  73.44 ( 75.63)	Lr 1.000e-03 (1.000e-03)
2026-03-24 16:08:22,514 - INFO: Epoch: [2][250/301]	Time  0.003 ( 0.004)	Loss 8.7148e-01 (8.6369e-01)	Acc pseudo  75.00 ( 75.81)	Lr 1.000e-03 (1.000e-03)
2026-03-24 16:08:22,655 - INFO: Epoch: [2][300/301]	Time  0.002 ( 0.004)	Loss 6.0974e-01 (8.6568e-01)	Acc pseudo  88.00 ( 75.86)	Lr 1.000e-03 (1.000e-03)
2026-03-24 16:08:22,725 - INFO: Round 6, Fine-tune Epoch 2: loss=0.8657, acc(pseudo)=75.86%
2026-03-24 16:08:30,187 - INFO: Round 6, Fine-tune Epoch 2: acc(valid_pseudo): 0.2173, acc: 0.7060
2026-03-24 16:08:30,969 - INFO: Epoch: [3][  0/301]	Time  0.242 ( 0.242)	Loss 1.1031e+00 (1.1031e+00)	Acc pseudo  68.75 ( 68.75)	Lr 1.000e-03 (1.000e-03)
2026-03-24 16:08:31,159 - INFO: Epoch: [3][ 50/301]	Time  0.003 ( 0.008)	Loss 9.2575e-01 (8.5549e-01)	Acc pseudo  71.88 ( 76.32)	Lr 1.000e-03 (1.000e-03)
2026-03-24 16:08:31,332 - INFO: Epoch: [3][100/301]	Time  0.004 ( 0.006)	Loss 9.3323e-01 (8.2687e-01)	Acc pseudo  70.31 ( 76.66)	Lr 1.000e-03 (1.000e-03)
2026-03-24 16:08:31,490 - INFO: Epoch: [3][150/301]	Time  0.003 ( 0.005)	Loss 9.8675e-01 (8.3141e-01)	Acc pseudo  76.56 ( 76.73)	Lr 1.000e-03 (1.000e-03)
2026-03-24 16:08:31,647 - INFO: Epoch: [3][200/301]	Time  0.003 ( 0.004)	Loss 7.3269e-01 (8.2775e-01)	Acc pseudo  76.56 ( 76.67)	Lr 1.000e-03 (1.000e-03)
2026-03-24 16:08:31,804 - INFO: Epoch: [3][250/301]	Time  0.003 ( 0.004)	Loss 8.7834e-01 (8.2992e-01)	Acc pseudo  75.00 ( 76.51)	Lr 1.000e-03 (1.000e-03)
2026-03-24 16:08:31,958 - INFO: Epoch: [3][300/301]	Time  0.002 ( 0.004)	Loss 1.0067e+00 (8.4287e-01)	Acc pseudo  68.00 ( 76.19)	Lr 1.000e-03 (1.000e-03)
2026-03-24 16:08:32,031 - INFO: Round 6, Fine-tune Epoch 3: loss=0.8429, acc(pseudo)=76.19%
2026-03-24 16:08:39,622 - INFO: Round 6, Fine-tune Epoch 3: acc(valid_pseudo): 0.2155, acc: 0.7170
2026-03-24 16:08:39,622 - INFO: Round 6, Speaker Fine-tune Epoch 3: No improvement in validation accuracy. Patience(epoch): 1/3
2026-03-24 16:08:39,898 - INFO: Epoch: [4][  0/301]	Time  0.270 ( 0.270)	Loss 8.0611e-01 (8.0611e-01)	Acc pseudo  67.19 ( 67.19)	Lr 1.000e-03 (1.000e-03)
2026-03-24 16:08:40,081 - INFO: Epoch: [4][ 50/301]	Time  0.003 ( 0.009)	Loss 9.6889e-01 (8.2837e-01)	Acc pseudo  75.00 ( 76.50)	Lr 1.000e-03 (1.000e-03)
2026-03-24 16:08:40,240 - INFO: Epoch: [4][100/301]	Time  0.003 ( 0.006)	Loss 1.2674e+00 (8.5139e-01)	Acc pseudo  65.62 ( 75.60)	Lr 1.000e-03 (1.000e-03)
2026-03-24 16:08:40,394 - INFO: Epoch: [4][150/301]	Time  0.003 ( 0.005)	Loss 7.2907e-01 (8.4671e-01)	Acc pseudo  76.56 ( 75.85)	Lr 1.000e-03 (1.000e-03)
2026-03-24 16:08:40,544 - INFO: Epoch: [4][200/301]	Time  0.003 ( 0.004)	Loss 7.6949e-01 (8.4465e-01)	Acc pseudo  73.44 ( 76.17)	Lr 1.000e-03 (1.000e-03)
2026-03-24 16:08:40,721 - INFO: Epoch: [4][250/301]	Time  0.004 ( 0.004)	Loss 7.0523e-01 (8.3983e-01)	Acc pseudo  73.44 ( 76.21)	Lr 1.000e-03 (1.000e-03)
2026-03-24 16:08:40,868 - INFO: Epoch: [4][300/301]	Time  0.003 ( 0.004)	Loss 7.8743e-01 (8.4209e-01)	Acc pseudo  84.00 ( 76.14)	Lr 1.000e-03 (1.000e-03)
2026-03-24 16:08:40,938 - INFO: Round 6, Fine-tune Epoch 4: loss=0.8421, acc(pseudo)=76.14%
2026-03-24 16:08:48,617 - INFO: Round 6, Fine-tune Epoch 4: acc(valid_pseudo): 0.2117, acc: 0.7070
2026-03-24 16:08:48,617 - INFO: Round 6, Speaker Fine-tune Epoch 4: No improvement in validation accuracy. Patience(epoch): 2/3
2026-03-24 16:08:48,873 - INFO: Epoch: [5][  0/301]	Time  0.251 ( 0.251)	Loss 7.9745e-01 (7.9745e-01)	Acc pseudo  78.12 ( 78.12)	Lr 1.000e-03 (1.000e-03)
2026-03-24 16:08:49,094 - INFO: Epoch: [5][ 50/301]	Time  0.003 ( 0.009)	Loss 7.1642e-01 (7.7026e-01)	Acc pseudo  82.81 ( 78.34)	Lr 1.000e-03 (1.000e-03)
2026-03-24 16:08:49,248 - INFO: Epoch: [5][100/301]	Time  0.003 ( 0.006)	Loss 9.5287e-01 (7.8563e-01)	Acc pseudo  71.88 ( 77.78)	Lr 1.000e-03 (1.000e-03)
2026-03-24 16:08:49,403 - INFO: Epoch: [5][150/301]	Time  0.003 ( 0.005)	Loss 8.6494e-01 (7.9837e-01)	Acc pseudo  75.00 ( 77.38)	Lr 1.000e-03 (1.000e-03)
2026-03-24 16:08:49,553 - INFO: Epoch: [5][200/301]	Time  0.003 ( 0.005)	Loss 6.1548e-01 (8.0586e-01)	Acc pseudo  76.56 ( 77.00)	Lr 1.000e-03 (1.000e-03)
2026-03-24 16:08:49,703 - INFO: Epoch: [5][250/301]	Time  0.003 ( 0.004)	Loss 8.9663e-01 (8.1214e-01)	Acc pseudo  75.00 ( 76.94)	Lr 1.000e-03 (1.000e-03)
2026-03-24 16:08:49,845 - INFO: Epoch: [5][300/301]	Time  0.002 ( 0.004)	Loss 7.5669e-01 (8.1761e-01)	Acc pseudo  80.00 ( 76.64)	Lr 1.000e-03 (1.000e-03)
2026-03-24 16:08:49,922 - INFO: Round 6, Fine-tune Epoch 5: loss=0.8176, acc(pseudo)=76.64%
2026-03-24 16:08:57,311 - INFO: Round 6, Fine-tune Epoch 5: acc(valid_pseudo): 0.2181, acc: 0.7415
2026-03-24 16:08:58,086 - INFO: Epoch: [6][  0/301]	Time  0.242 ( 0.242)	Loss 9.0913e-01 (9.0913e-01)	Acc pseudo  73.44 ( 73.44)	Lr 1.000e-03 (1.000e-03)
2026-03-24 16:08:58,273 - INFO: Epoch: [6][ 50/301]	Time  0.003 ( 0.008)	Loss 9.9184e-01 (7.8597e-01)	Acc pseudo  73.44 ( 77.42)	Lr 1.000e-03 (1.000e-03)
2026-03-24 16:08:58,430 - INFO: Epoch: [6][100/301]	Time  0.003 ( 0.006)	Loss 6.7864e-01 (8.0305e-01)	Acc pseudo  76.56 ( 76.95)	Lr 1.000e-03 (1.000e-03)
2026-03-24 16:08:58,584 - INFO: Epoch: [6][150/301]	Time  0.003 ( 0.005)	Loss 5.6155e-01 (8.0499e-01)	Acc pseudo  84.38 ( 76.76)	Lr 1.000e-03 (1.000e-03)
2026-03-24 16:08:58,736 - INFO: Epoch: [6][200/301]	Time  0.003 ( 0.004)	Loss 6.6119e-01 (8.1424e-01)	Acc pseudo  84.38 ( 76.46)	Lr 1.000e-03 (1.000e-03)
2026-03-24 16:08:58,889 - INFO: Epoch: [6][250/301]	Time  0.003 ( 0.004)	Loss 8.7763e-01 (8.1378e-01)	Acc pseudo  73.44 ( 76.40)	Lr 1.000e-03 (1.000e-03)
2026-03-24 16:08:59,037 - INFO: Epoch: [6][300/301]	Time  0.002 ( 0.004)	Loss 4.8582e-01 (8.1195e-01)	Acc pseudo  84.00 ( 76.41)	Lr 1.000e-03 (1.000e-03)
2026-03-24 16:08:59,102 - INFO: Round 6, Fine-tune Epoch 6: loss=0.8119, acc(pseudo)=76.41%
2026-03-24 16:09:07,069 - INFO: Round 6, Fine-tune Epoch 6: acc(valid_pseudo): 0.2164, acc: 0.7065
2026-03-24 16:09:07,069 - INFO: Round 6, Speaker Fine-tune Epoch 6: No improvement in validation accuracy. Patience(epoch): 1/3
2026-03-24 16:09:07,311 - INFO: Epoch: [7][  0/301]	Time  0.236 ( 0.236)	Loss 6.2211e-01 (6.2211e-01)	Acc pseudo  81.25 ( 81.25)	Lr 1.000e-03 (1.000e-03)
2026-03-24 16:09:07,551 - INFO: Epoch: [7][ 50/301]	Time  0.003 ( 0.009)	Loss 6.4302e-01 (7.7428e-01)	Acc pseudo  76.56 ( 77.57)	Lr 1.000e-03 (1.000e-03)
2026-03-24 16:09:07,702 - INFO: Epoch: [7][100/301]	Time  0.003 ( 0.006)	Loss 9.0511e-01 (7.6609e-01)	Acc pseudo  81.25 ( 78.11)	Lr 1.000e-03 (1.000e-03)
2026-03-24 16:09:07,845 - INFO: Epoch: [7][150/301]	Time  0.003 ( 0.005)	Loss 7.1068e-01 (7.7452e-01)	Acc pseudo  78.12 ( 77.51)	Lr 1.000e-03 (1.000e-03)
2026-03-24 16:09:07,997 - INFO: Epoch: [7][200/301]	Time  0.003 ( 0.005)	Loss 7.8623e-01 (7.8807e-01)	Acc pseudo  82.81 ( 77.22)	Lr 1.000e-03 (1.000e-03)
2026-03-24 16:09:08,152 - INFO: Epoch: [7][250/301]	Time  0.003 ( 0.004)	Loss 1.0696e+00 (8.0118e-01)	Acc pseudo  70.31 ( 76.72)	Lr 1.000e-03 (1.000e-03)
2026-03-24 16:09:08,296 - INFO: Epoch: [7][300/301]	Time  0.002 ( 0.004)	Loss 6.2809e-01 (8.0194e-01)	Acc pseudo  80.00 ( 76.80)	Lr 1.000e-03 (1.000e-03)
2026-03-24 16:09:08,365 - INFO: Round 6, Fine-tune Epoch 7: loss=0.8019, acc(pseudo)=76.80%
2026-03-24 16:09:15,959 - INFO: Round 6, Fine-tune Epoch 7: acc(valid_pseudo): 0.1689, acc: 0.6700
2026-03-24 16:09:15,959 - INFO: Round 6, Speaker Fine-tune Epoch 7: No improvement in validation accuracy. Patience(epoch): 2/3
2026-03-24 16:09:16,235 - INFO: Epoch: [8][  0/301]	Time  0.270 ( 0.270)	Loss 8.5587e-01 (8.5587e-01)	Acc pseudo  79.69 ( 79.69)	Lr 1.000e-03 (1.000e-03)
2026-03-24 16:09:16,417 - INFO: Epoch: [8][ 50/301]	Time  0.003 ( 0.009)	Loss 7.4709e-01 (7.6797e-01)	Acc pseudo  78.12 ( 78.03)	Lr 1.000e-03 (1.000e-03)
2026-03-24 16:09:16,573 - INFO: Epoch: [8][100/301]	Time  0.003 ( 0.006)	Loss 1.5919e+00 (7.7322e-01)	Acc pseudo  62.50 ( 77.41)	Lr 1.000e-03 (1.000e-03)
2026-03-24 16:09:16,725 - INFO: Epoch: [8][150/301]	Time  0.003 ( 0.005)	Loss 6.1725e-01 (7.7956e-01)	Acc pseudo  81.25 ( 77.11)	Lr 1.000e-03 (1.000e-03)
2026-03-24 16:09:16,876 - INFO: Epoch: [8][200/301]	Time  0.003 ( 0.004)	Loss 6.2909e-01 (7.8258e-01)	Acc pseudo  79.69 ( 76.59)	Lr 1.000e-03 (1.000e-03)
2026-03-24 16:09:17,032 - INFO: Epoch: [8][250/301]	Time  0.003 ( 0.004)	Loss 5.7818e-01 (7.8884e-01)	Acc pseudo  79.69 ( 76.53)	Lr 1.000e-03 (1.000e-03)
2026-03-24 16:09:17,180 - INFO: Epoch: [8][300/301]	Time  0.003 ( 0.004)	Loss 7.8789e-01 (7.9061e-01)	Acc pseudo  76.00 ( 76.61)	Lr 1.000e-03 (1.000e-03)
2026-03-24 16:09:17,269 - INFO: Round 6, Fine-tune Epoch 8: loss=0.7906, acc(pseudo)=76.61%
2026-03-24 16:09:24,819 - INFO: Round 6, Fine-tune Epoch 8: acc(valid_pseudo): 0.2129, acc: 0.7150
2026-03-24 16:09:24,820 - INFO: Round 6, Speaker Fine-tune Epoch 8: No improvement in validation accuracy. Patience(epoch): 3/3
2026-03-24 16:09:24,820 - INFO: Early stopping at epoch 8 due to no improvement in validation accuracy for 3 epochs.
2026-03-24 16:09:24,821 - INFO: Round 6: Best speaker fine-tuned epoch=5, acc(valid_pseudo)=0.2181
2026-03-24 16:09:24,830 - INFO: Using HMM model from previous round: runs/I love my family/exp_video_ablation/result/b/self_supervised/exp0/round5/pseudo_label/hmm_params.pkl
2026-03-24 16:12:24,468 - INFO: Round 6: speaker_acc=0.6590
2026-03-24 16:12:24,471 - INFO: ====================
2026-03-24 16:12:24,471 - INFO: Round 7: Fine-tuning iteration
2026-03-24 16:12:24,471 - INFO: ====================
2026-03-24 16:12:24,566 - INFO: Round 7 Part 1: Fine-tuning embedding model
2026-03-24 16:12:24,567 - INFO: Using pseudo-label file: runs/I love my family/exp_video_ablation/result/b/self_supervised/exp0/round6/pseudo_label/pseudo_labels_audio_hmmx_none(unreliable_pp=100.0).json
2026-03-24 16:12:24,602 - INFO: Fine-tuning speaker embedding model for 20 epochs...
2026-03-24 16:12:24,871 - INFO: Epoch: [0][  0/301]	Time  0.265 ( 0.265)	Loss 6.0823e+00 (6.0823e+00)	Acc pseudo  20.31 ( 20.31)	Lr 1.000e-03 (1.000e-03)
2026-03-24 16:12:25,045 - INFO: Epoch: [0][ 50/301]	Time  0.003 ( 0.009)	Loss 1.1512e+00 (2.5598e+00)	Acc pseudo  68.75 ( 44.88)	Lr 1.000e-03 (1.000e-03)
2026-03-24 16:12:25,203 - INFO: Epoch: [0][100/301]	Time  0.003 ( 0.006)	Loss 8.8093e-01 (1.8759e+00)	Acc pseudo  71.88 ( 56.06)	Lr 1.000e-03 (1.000e-03)
2026-03-24 16:12:25,355 - INFO: Epoch: [0][150/301]	Time  0.003 ( 0.005)	Loss 1.1016e+00 (1.6023e+00)	Acc pseudo  64.06 ( 61.19)	Lr 1.000e-03 (1.000e-03)
2026-03-24 16:12:25,518 - INFO: Epoch: [0][200/301]	Time  0.003 ( 0.004)	Loss 1.0428e+00 (1.4515e+00)	Acc pseudo  78.12 ( 64.02)	Lr 1.000e-03 (1.000e-03)
2026-03-24 16:12:25,677 - INFO: Epoch: [0][250/301]	Time  0.003 ( 0.004)	Loss 8.9827e-01 (1.3527e+00)	Acc pseudo  71.88 ( 66.14)	Lr 1.000e-03 (1.000e-03)
2026-03-24 16:12:25,822 - INFO: Epoch: [0][300/301]	Time  0.002 ( 0.004)	Loss 7.1001e-01 (1.2839e+00)	Acc pseudo  76.00 ( 67.49)	Lr 1.000e-03 (1.000e-03)
2026-03-24 16:12:25,890 - INFO: Round 7, Fine-tune Epoch 0: loss=1.2839, acc(pseudo)=67.49%
2026-03-24 16:12:35,443 - INFO: Round 7, Fine-tune Epoch 0: acc(valid_pseudo): 0.2447, acc: 0.6790
2026-03-24 16:12:36,409 - INFO: Epoch: [1][  0/301]	Time  0.307 ( 0.307)	Loss 1.0507e+00 (1.0507e+00)	Acc pseudo  73.44 ( 73.44)	Lr 1.000e-03 (1.000e-03)
2026-03-24 16:12:36,581 - INFO: Epoch: [1][ 50/301]	Time  0.003 ( 0.009)	Loss 8.3182e-01 (8.5954e-01)	Acc pseudo  79.69 ( 75.80)	Lr 1.000e-03 (1.000e-03)
2026-03-24 16:12:36,734 - INFO: Epoch: [1][100/301]	Time  0.003 ( 0.006)	Loss 8.0811e-01 (8.7147e-01)	Acc pseudo  76.56 ( 75.67)	Lr 1.000e-03 (1.000e-03)
2026-03-24 16:12:36,889 - INFO: Epoch: [1][150/301]	Time  0.003 ( 0.005)	Loss 9.3324e-01 (8.6187e-01)	Acc pseudo  70.31 ( 75.96)	Lr 1.000e-03 (1.000e-03)
2026-03-24 16:12:37,047 - INFO: Epoch: [1][200/301]	Time  0.003 ( 0.005)	Loss 6.9817e-01 (8.5832e-01)	Acc pseudo  73.44 ( 75.97)	Lr 1.000e-03 (1.000e-03)
2026-03-24 16:12:37,199 - INFO: Epoch: [1][250/301]	Time  0.003 ( 0.004)	Loss 7.8028e-01 (8.5547e-01)	Acc pseudo  76.56 ( 75.93)	Lr 1.000e-03 (1.000e-03)
2026-03-24 16:12:37,344 - INFO: Epoch: [1][300/301]	Time  0.002 ( 0.004)	Loss 7.5346e-01 (8.5222e-01)	Acc pseudo  80.00 ( 75.99)	Lr 1.000e-03 (1.000e-03)
2026-03-24 16:12:37,417 - INFO: Round 7, Fine-tune Epoch 1: loss=0.8522, acc(pseudo)=75.99%
2026-03-24 16:12:45,130 - INFO: Round 7, Fine-tune Epoch 1: acc(valid_pseudo): 0.2351, acc: 0.6505
2026-03-24 16:12:45,130 - INFO: Round 7, Speaker Fine-tune Epoch 1: No improvement in validation accuracy. Patience(epoch): 1/3
2026-03-24 16:12:45,372 - INFO: Epoch: [2][  0/301]	Time  0.237 ( 0.237)	Loss 6.6779e-01 (6.6779e-01)	Acc pseudo  87.50 ( 87.50)	Lr 1.000e-03 (1.000e-03)
2026-03-24 16:12:45,668 - INFO: Epoch: [2][ 50/301]	Time  0.004 ( 0.010)	Loss 1.1720e+00 (7.8679e-01)	Acc pseudo  76.56 ( 77.11)	Lr 1.000e-03 (1.000e-03)
2026-03-24 16:12:45,827 - INFO: Epoch: [2][100/301]	Time  0.003 ( 0.007)	Loss 1.0437e+00 (7.8662e-01)	Acc pseudo  79.69 ( 76.92)	Lr 1.000e-03 (1.000e-03)
2026-03-24 16:12:45,982 - INFO: Epoch: [2][150/301]	Time  0.003 ( 0.006)	Loss 8.7199e-01 (7.9835e-01)	Acc pseudo  81.25 ( 77.15)	Lr 1.000e-03 (1.000e-03)
2026-03-24 16:12:46,141 - INFO: Epoch: [2][200/301]	Time  0.003 ( 0.005)	Loss 5.8392e-01 (8.0035e-01)	Acc pseudo  87.50 ( 77.02)	Lr 1.000e-03 (1.000e-03)
2026-03-24 16:12:46,295 - INFO: Epoch: [2][250/301]	Time  0.003 ( 0.005)	Loss 1.1545e+00 (8.0379e-01)	Acc pseudo  71.88 ( 77.16)	Lr 1.000e-03 (1.000e-03)
2026-03-24 16:12:46,440 - INFO: Epoch: [2][300/301]	Time  0.002 ( 0.004)	Loss 8.0073e-01 (8.0763e-01)	Acc pseudo  64.00 ( 77.08)	Lr 1.000e-03 (1.000e-03)
2026-03-24 16:12:46,510 - INFO: Round 7, Fine-tune Epoch 2: loss=0.8076, acc(pseudo)=77.08%
2026-03-24 16:12:54,553 - INFO: Round 7, Fine-tune Epoch 2: acc(valid_pseudo): 0.2473, acc: 0.6345
2026-03-24 16:12:55,403 - INFO: Epoch: [3][  0/301]	Time  0.285 ( 0.285)	Loss 9.3767e-01 (9.3767e-01)	Acc pseudo  78.12 ( 78.12)	Lr 1.000e-03 (1.000e-03)
2026-03-24 16:12:55,575 - INFO: Epoch: [3][ 50/301]	Time  0.003 ( 0.009)	Loss 1.0689e+00 (8.0722e-01)	Acc pseudo  71.88 ( 77.39)	Lr 1.000e-03 (1.000e-03)
2026-03-24 16:12:55,729 - INFO: Epoch: [3][100/301]	Time  0.003 ( 0.006)	Loss 8.6105e-01 (7.7237e-01)	Acc pseudo  75.00 ( 77.60)	Lr 1.000e-03 (1.000e-03)
2026-03-24 16:12:55,880 - INFO: Epoch: [3][150/301]	Time  0.003 ( 0.005)	Loss 7.3215e-01 (7.6630e-01)	Acc pseudo  78.12 ( 77.93)	Lr 1.000e-03 (1.000e-03)
2026-03-24 16:12:56,031 - INFO: Epoch: [3][200/301]	Time  0.003 ( 0.004)	Loss 6.3519e-01 (7.6555e-01)	Acc pseudo  79.69 ( 77.92)	Lr 1.000e-03 (1.000e-03)
2026-03-24 16:12:56,182 - INFO: Epoch: [3][250/301]	Time  0.003 ( 0.004)	Loss 7.8378e-01 (7.7111e-01)	Acc pseudo  78.12 ( 77.78)	Lr 1.000e-03 (1.000e-03)
2026-03-24 16:12:56,326 - INFO: Epoch: [3][300/301]	Time  0.002 ( 0.004)	Loss 9.0922e-01 (7.8174e-01)	Acc pseudo  68.00 ( 77.52)	Lr 1.000e-03 (1.000e-03)
2026-03-24 16:12:56,396 - INFO: Round 7, Fine-tune Epoch 3: loss=0.7817, acc(pseudo)=77.52%
2026-03-24 16:13:04,536 - INFO: Round 7, Fine-tune Epoch 3: acc(valid_pseudo): 0.2391, acc: 0.7160
2026-03-24 16:13:04,536 - INFO: Round 7, Speaker Fine-tune Epoch 3: No improvement in validation accuracy. Patience(epoch): 1/3
2026-03-24 16:13:04,793 - INFO: Epoch: [4][  0/301]	Time  0.252 ( 0.252)	Loss 8.0467e-01 (8.0467e-01)	Acc pseudo  67.19 ( 67.19)	Lr 1.000e-03 (1.000e-03)
2026-03-24 16:13:04,971 - INFO: Epoch: [4][ 50/301]	Time  0.003 ( 0.008)	Loss 7.1778e-01 (7.5844e-01)	Acc pseudo  84.38 ( 78.86)	Lr 1.000e-03 (1.000e-03)
2026-03-24 16:13:05,128 - INFO: Epoch: [4][100/301]	Time  0.003 ( 0.006)	Loss 9.9867e-01 (7.7505e-01)	Acc pseudo  70.31 ( 77.48)	Lr 1.000e-03 (1.000e-03)
2026-03-24 16:13:05,282 - INFO: Epoch: [4][150/301]	Time  0.003 ( 0.005)	Loss 6.0857e-01 (7.7230e-01)	Acc pseudo  75.00 ( 77.95)	Lr 1.000e-03 (1.000e-03)
2026-03-24 16:13:05,432 - INFO: Epoch: [4][200/301]	Time  0.003 ( 0.004)	Loss 8.4991e-01 (7.6323e-01)	Acc pseudo  68.75 ( 77.92)	Lr 1.000e-03 (1.000e-03)
2026-03-24 16:13:05,584 - INFO: Epoch: [4][250/301]	Time  0.003 ( 0.004)	Loss 6.8551e-01 (7.6162e-01)	Acc pseudo  76.56 ( 77.90)	Lr 1.000e-03 (1.000e-03)
2026-03-24 16:13:05,729 - INFO: Epoch: [4][300/301]	Time  0.002 ( 0.004)	Loss 4.4258e-01 (7.6312e-01)	Acc pseudo  88.00 ( 77.83)	Lr 1.000e-03 (1.000e-03)
2026-03-24 16:13:05,797 - INFO: Round 7, Fine-tune Epoch 4: loss=0.7631, acc(pseudo)=77.83%
2026-03-24 16:13:14,891 - INFO: Round 7, Fine-tune Epoch 4: acc(valid_pseudo): 0.2351, acc: 0.6595
2026-03-24 16:13:14,892 - INFO: Round 7, Speaker Fine-tune Epoch 4: No improvement in validation accuracy. Patience(epoch): 2/3
2026-03-24 16:13:15,150 - INFO: Epoch: [5][  0/301]	Time  0.253 ( 0.253)	Loss 6.8043e-01 (6.8043e-01)	Acc pseudo  79.69 ( 79.69)	Lr 1.000e-03 (1.000e-03)
2026-03-24 16:13:15,332 - INFO: Epoch: [5][ 50/301]	Time  0.003 ( 0.008)	Loss 6.6053e-01 (7.0998e-01)	Acc pseudo  84.38 ( 79.20)	Lr 1.000e-03 (1.000e-03)
2026-03-24 16:13:15,489 - INFO: Epoch: [5][100/301]	Time  0.003 ( 0.006)	Loss 8.5419e-01 (7.1463e-01)	Acc pseudo  75.00 ( 79.33)	Lr 1.000e-03 (1.000e-03)
2026-03-24 16:13:15,646 - INFO: Epoch: [5][150/301]	Time  0.003 ( 0.005)	Loss 6.2676e-01 (7.2614e-01)	Acc pseudo  81.25 ( 78.87)	Lr 1.000e-03 (1.000e-03)
2026-03-24 16:13:15,801 - INFO: Epoch: [5][200/301]	Time  0.003 ( 0.004)	Loss 6.0018e-01 (7.3637e-01)	Acc pseudo  73.44 ( 78.35)	Lr 1.000e-03 (1.000e-03)
2026-03-24 16:13:15,948 - INFO: Epoch: [5][250/301]	Time  0.003 ( 0.004)	Loss 6.6406e-01 (7.3698e-01)	Acc pseudo  79.69 ( 78.37)	Lr 1.000e-03 (1.000e-03)
2026-03-24 16:13:16,093 - INFO: Epoch: [5][300/301]	Time  0.002 ( 0.004)	Loss 7.7801e-01 (7.4746e-01)	Acc pseudo  80.00 ( 78.17)	Lr 1.000e-03 (1.000e-03)
2026-03-24 16:13:16,164 - INFO: Round 7, Fine-tune Epoch 5: loss=0.7475, acc(pseudo)=78.17%
2026-03-24 16:13:23,501 - INFO: Round 7, Fine-tune Epoch 5: acc(valid_pseudo): 0.2281, acc: 0.6835
2026-03-24 16:13:23,501 - INFO: Round 7, Speaker Fine-tune Epoch 5: No improvement in validation accuracy. Patience(epoch): 3/3
2026-03-24 16:13:23,501 - INFO: Early stopping at epoch 5 due to no improvement in validation accuracy for 3 epochs.
2026-03-24 16:13:23,502 - INFO: Round 7: Best speaker fine-tuned epoch=2, acc(valid_pseudo)=0.2473
2026-03-24 16:13:23,513 - INFO: Using HMM model from previous round: runs/I love my family/exp_video_ablation/result/b/self_supervised/exp0/round6/pseudo_label/hmm_params.pkl
2026-03-24 16:15:50,327 - INFO: Round 7: speaker_acc=0.5170
2026-03-24 16:15:50,330 - INFO: ====================
2026-03-24 16:15:50,330 - INFO: Round 8: Fine-tuning iteration
2026-03-24 16:15:50,330 - INFO: ====================
2026-03-24 16:15:50,451 - INFO: Round 8 Part 1: Fine-tuning embedding model
2026-03-24 16:15:50,452 - INFO: Using pseudo-label file: runs/I love my family/exp_video_ablation/result/b/self_supervised/exp0/round7/pseudo_label/pseudo_labels_audio_hmmx_none(unreliable_pp=100.0).json
2026-03-24 16:15:50,489 - INFO: Fine-tuning speaker embedding model for 20 epochs...
2026-03-24 16:15:50,727 - INFO: Epoch: [0][  0/301]	Time  0.234 ( 0.234)	Loss 5.1583e+00 (5.1583e+00)	Acc pseudo  20.31 ( 20.31)	Lr 1.000e-03 (1.000e-03)
2026-03-24 16:15:50,908 - INFO: Epoch: [0][ 50/301]	Time  0.003 ( 0.008)	Loss 1.3934e+00 (2.6611e+00)	Acc pseudo  65.62 ( 43.20)	Lr 1.000e-03 (1.000e-03)
2026-03-24 16:15:51,071 - INFO: Epoch: [0][100/301]	Time  0.003 ( 0.006)	Loss 1.0162e+00 (1.9359e+00)	Acc pseudo  76.56 ( 54.94)	Lr 1.000e-03 (1.000e-03)
2026-03-24 16:15:51,232 - INFO: Epoch: [0][150/301]	Time  0.003 ( 0.005)	Loss 1.2231e+00 (1.6447e+00)	Acc pseudo  59.38 ( 60.44)	Lr 1.000e-03 (1.000e-03)
2026-03-24 16:15:51,385 - INFO: Epoch: [0][200/301]	Time  0.003 ( 0.004)	Loss 8.7953e-01 (1.4912e+00)	Acc pseudo  68.75 ( 63.18)	Lr 1.000e-03 (1.000e-03)
2026-03-24 16:15:51,533 - INFO: Epoch: [0][250/301]	Time  0.003 ( 0.004)	Loss 8.3335e-01 (1.3835e+00)	Acc pseudo  76.56 ( 65.42)	Lr 1.000e-03 (1.000e-03)
2026-03-24 16:15:51,681 - INFO: Epoch: [0][300/301]	Time  0.002 ( 0.004)	Loss 7.0621e-01 (1.3081e+00)	Acc pseudo  88.00 ( 66.86)	Lr 1.000e-03 (1.000e-03)
2026-03-24 16:15:51,748 - INFO: Round 8, Fine-tune Epoch 0: loss=1.3081, acc(pseudo)=66.86%
2026-03-24 16:15:59,487 - INFO: Round 8, Fine-tune Epoch 0: acc(valid_pseudo): 0.1913, acc: 0.5505
2026-03-24 16:16:00,311 - INFO: Epoch: [1][  0/301]	Time  0.260 ( 0.260)	Loss 1.0810e+00 (1.0810e+00)	Acc pseudo  70.31 ( 70.31)	Lr 1.000e-03 (1.000e-03)
2026-03-24 16:16:00,484 - INFO: Epoch: [1][ 50/301]	Time  0.003 ( 0.008)	Loss 1.0975e+00 (8.6125e-01)	Acc pseudo  71.88 ( 75.49)	Lr 1.000e-03 (1.000e-03)
2026-03-24 16:16:00,641 - INFO: Epoch: [1][100/301]	Time  0.003 ( 0.006)	Loss 7.1032e-01 (8.7518e-01)	Acc pseudo  76.56 ( 75.60)	Lr 1.000e-03 (1.000e-03)
2026-03-24 16:16:00,796 - INFO: Epoch: [1][150/301]	Time  0.003 ( 0.005)	Loss 9.2908e-01 (8.7141e-01)	Acc pseudo  71.88 ( 75.75)	Lr 1.000e-03 (1.000e-03)
2026-03-24 16:16:00,963 - INFO: Epoch: [1][200/301]	Time  0.003 ( 0.004)	Loss 6.6559e-01 (8.7335e-01)	Acc pseudo  73.44 ( 75.70)	Lr 1.000e-03 (1.000e-03)
2026-03-24 16:16:01,139 - INFO: Epoch: [1][250/301]	Time  0.003 ( 0.004)	Loss 1.0124e+00 (8.6837e-01)	Acc pseudo  76.56 ( 75.68)	Lr 1.000e-03 (1.000e-03)
2026-03-24 16:16:01,298 - INFO: Epoch: [1][300/301]	Time  0.003 ( 0.004)	Loss 8.5905e-01 (8.6665e-01)	Acc pseudo  68.00 ( 75.78)	Lr 1.000e-03 (1.000e-03)
2026-03-24 16:16:01,367 - INFO: Round 8, Fine-tune Epoch 1: loss=0.8667, acc(pseudo)=75.78%
2026-03-24 16:16:09,205 - INFO: Round 8, Fine-tune Epoch 1: acc(valid_pseudo): 0.1811, acc: 0.5040
2026-03-24 16:16:09,205 - INFO: Round 8, Speaker Fine-tune Epoch 1: No improvement in validation accuracy. Patience(epoch): 1/3
2026-03-24 16:16:09,451 - INFO: Epoch: [2][  0/301]	Time  0.240 ( 0.240)	Loss 8.0937e-01 (8.0937e-01)	Acc pseudo  79.69 ( 79.69)	Lr 1.000e-03 (1.000e-03)
2026-03-24 16:16:09,774 - INFO: Epoch: [2][ 50/301]	Time  0.003 ( 0.011)	Loss 8.3415e-01 (8.1848e-01)	Acc pseudo  79.69 ( 77.05)	Lr 1.000e-03 (1.000e-03)
2026-03-24 16:16:09,930 - INFO: Epoch: [2][100/301]	Time  0.003 ( 0.007)	Loss 9.4652e-01 (8.0275e-01)	Acc pseudo  78.12 ( 77.24)	Lr 1.000e-03 (1.000e-03)
2026-03-24 16:16:10,088 - INFO: Epoch: [2][150/301]	Time  0.003 ( 0.006)	Loss 7.1157e-01 (8.0158e-01)	Acc pseudo  81.25 ( 77.59)	Lr 1.000e-03 (1.000e-03)
2026-03-24 16:16:10,246 - INFO: Epoch: [2][200/301]	Time  0.003 ( 0.005)	Loss 7.5843e-01 (8.0147e-01)	Acc pseudo  78.12 ( 77.36)	Lr 1.000e-03 (1.000e-03)
2026-03-24 16:16:10,404 - INFO: Epoch: [2][250/301]	Time  0.003 ( 0.005)	Loss 1.0154e+00 (8.0230e-01)	Acc pseudo  76.56 ( 77.40)	Lr 1.000e-03 (1.000e-03)
2026-03-24 16:16:10,553 - INFO: Epoch: [2][300/301]	Time  0.002 ( 0.004)	Loss 5.8465e-01 (8.0671e-01)	Acc pseudo  88.00 ( 77.25)	Lr 1.000e-03 (1.000e-03)
2026-03-24 16:16:10,625 - INFO: Round 8, Fine-tune Epoch 2: loss=0.8067, acc(pseudo)=77.25%
2026-03-24 16:16:20,194 - INFO: Round 8, Fine-tune Epoch 2: acc(valid_pseudo): 0.1802, acc: 0.5305
2026-03-24 16:16:20,195 - INFO: Round 8, Speaker Fine-tune Epoch 2: No improvement in validation accuracy. Patience(epoch): 2/3
2026-03-24 16:16:20,433 - INFO: Epoch: [3][  0/301]	Time  0.233 ( 0.233)	Loss 9.3542e-01 (9.3542e-01)	Acc pseudo  81.25 ( 81.25)	Lr 1.000e-03 (1.000e-03)
2026-03-24 16:16:20,618 - INFO: Epoch: [3][ 50/301]	Time  0.003 ( 0.008)	Loss 7.4190e-01 (7.7688e-01)	Acc pseudo  81.25 ( 78.22)	Lr 1.000e-03 (1.000e-03)
2026-03-24 16:16:20,774 - INFO: Epoch: [3][100/301]	Time  0.003 ( 0.006)	Loss 7.9987e-01 (7.5290e-01)	Acc pseudo  79.69 ( 78.73)	Lr 1.000e-03 (1.000e-03)
2026-03-24 16:16:20,928 - INFO: Epoch: [3][150/301]	Time  0.003 ( 0.005)	Loss 7.3791e-01 (7.7036e-01)	Acc pseudo  78.12 ( 78.50)	Lr 1.000e-03 (1.000e-03)
2026-03-24 16:16:21,072 - INFO: Epoch: [3][200/301]	Time  0.003 ( 0.004)	Loss 7.7899e-01 (7.6509e-01)	Acc pseudo  81.25 ( 78.51)	Lr 1.000e-03 (1.000e-03)
2026-03-24 16:16:21,221 - INFO: Epoch: [3][250/301]	Time  0.003 ( 0.004)	Loss 7.2802e-01 (7.7168e-01)	Acc pseudo  76.56 ( 78.29)	Lr 1.000e-03 (1.000e-03)
2026-03-24 16:16:21,363 - INFO: Epoch: [3][300/301]	Time  0.002 ( 0.004)	Loss 5.1442e-01 (7.7910e-01)	Acc pseudo  84.00 ( 78.09)	Lr 1.000e-03 (1.000e-03)
2026-03-24 16:16:21,432 - INFO: Round 8, Fine-tune Epoch 3: loss=0.7791, acc(pseudo)=78.09%
2026-03-24 16:16:28,816 - INFO: Round 8, Fine-tune Epoch 3: acc(valid_pseudo): 0.1802, acc: 0.5500
2026-03-24 16:16:28,817 - INFO: Round 8, Speaker Fine-tune Epoch 3: No improvement in validation accuracy. Patience(epoch): 3/3
2026-03-24 16:16:28,817 - INFO: Early stopping at epoch 3 due to no improvement in validation accuracy for 3 epochs.
2026-03-24 16:16:28,818 - INFO: Round 8: Best speaker fine-tuned epoch=0, acc(valid_pseudo)=0.1913
2026-03-24 16:16:28,830 - INFO: Using HMM model from previous round: runs/I love my family/exp_video_ablation/result/b/self_supervised/exp0/round7/pseudo_label/hmm_params.pkl
2026-03-24 16:19:06,641 - INFO: Round 8: speaker_acc=0.7225
2026-03-24 16:19:06,644 - INFO: ====================
2026-03-24 16:19:06,644 - INFO: Round 9: Fine-tuning iteration
2026-03-24 16:19:06,644 - INFO: ====================
2026-03-24 16:19:06,756 - INFO: Round 9 Part 1: Fine-tuning embedding model
2026-03-24 16:19:06,757 - INFO: Using pseudo-label file: runs/I love my family/exp_video_ablation/result/b/self_supervised/exp0/round8/pseudo_label/pseudo_labels_audio_hmmx_none(unreliable_pp=100.0).json
2026-03-24 16:19:06,792 - INFO: Fine-tuning speaker embedding model for 20 epochs...
2026-03-24 16:19:07,107 - INFO: Epoch: [0][  0/301]	Time  0.310 ( 0.310)	Loss 4.5695e+00 (4.5695e+00)	Acc pseudo  17.19 ( 17.19)	Lr 1.000e-03 (1.000e-03)
2026-03-24 16:19:07,316 - INFO: Epoch: [0][ 50/301]	Time  0.004 ( 0.010)	Loss 1.2290e+00 (2.3950e+00)	Acc pseudo  67.19 ( 44.21)	Lr 1.000e-03 (1.000e-03)
2026-03-24 16:19:07,494 - INFO: Epoch: [0][100/301]	Time  0.003 ( 0.007)	Loss 9.6961e-01 (1.7904e+00)	Acc pseudo  68.75 ( 55.96)	Lr 1.000e-03 (1.000e-03)
2026-03-24 16:19:07,650 - INFO: Epoch: [0][150/301]	Time  0.003 ( 0.006)	Loss 1.1670e+00 (1.5328e+00)	Acc pseudo  68.75 ( 61.26)	Lr 1.000e-03 (1.000e-03)
2026-03-24 16:19:07,809 - INFO: Epoch: [0][200/301]	Time  0.003 ( 0.005)	Loss 9.2413e-01 (1.3949e+00)	Acc pseudo  73.44 ( 64.13)	Lr 1.000e-03 (1.000e-03)
2026-03-24 16:19:07,964 - INFO: Epoch: [0][250/301]	Time  0.003 ( 0.005)	Loss 9.3657e-01 (1.3043e+00)	Acc pseudo  73.44 ( 66.37)	Lr 1.000e-03 (1.000e-03)
2026-03-24 16:19:08,116 - INFO: Epoch: [0][300/301]	Time  0.002 ( 0.004)	Loss 7.4049e-01 (1.2370e+00)	Acc pseudo  72.00 ( 67.84)	Lr 1.000e-03 (1.000e-03)
2026-03-24 16:19:08,180 - INFO: Round 9, Fine-tune Epoch 0: loss=1.2370, acc(pseudo)=67.84%
2026-03-24 16:19:15,788 - INFO: Round 9, Fine-tune Epoch 0: acc(valid_pseudo): 0.4617, acc: 0.7255
2026-03-24 16:19:16,579 - INFO: Epoch: [1][  0/301]	Time  0.257 ( 0.257)	Loss 1.0347e+00 (1.0347e+00)	Acc pseudo  73.44 ( 73.44)	Lr 1.000e-03 (1.000e-03)
2026-03-24 16:19:16,762 - INFO: Epoch: [1][ 50/301]	Time  0.003 ( 0.009)	Loss 6.9164e-01 (8.3657e-01)	Acc pseudo  81.25 ( 76.93)	Lr 1.000e-03 (1.000e-03)
2026-03-24 16:19:16,917 - INFO: Epoch: [1][100/301]	Time  0.003 ( 0.006)	Loss 9.0624e-01 (8.3981e-01)	Acc pseudo  78.12 ( 77.00)	Lr 1.000e-03 (1.000e-03)
2026-03-24 16:19:17,071 - INFO: Epoch: [1][150/301]	Time  0.003 ( 0.005)	Loss 8.1333e-01 (8.4225e-01)	Acc pseudo  71.88 ( 77.01)	Lr 1.000e-03 (1.000e-03)
2026-03-24 16:19:17,222 - INFO: Epoch: [1][200/301]	Time  0.003 ( 0.004)	Loss 5.9419e-01 (8.3902e-01)	Acc pseudo  81.25 ( 76.95)	Lr 1.000e-03 (1.000e-03)
2026-03-24 16:19:17,377 - INFO: Epoch: [1][250/301]	Time  0.003 ( 0.004)	Loss 1.1212e+00 (8.3778e-01)	Acc pseudo  78.12 ( 76.86)	Lr 1.000e-03 (1.000e-03)
2026-03-24 16:19:17,536 - INFO: Epoch: [1][300/301]	Time  0.002 ( 0.004)	Loss 5.2725e-01 (8.3755e-01)	Acc pseudo  84.00 ( 76.98)	Lr 1.000e-03 (1.000e-03)
2026-03-24 16:19:17,607 - INFO: Round 9, Fine-tune Epoch 1: loss=0.8376, acc(pseudo)=76.98%
2026-03-24 16:19:25,282 - INFO: Round 9, Fine-tune Epoch 1: acc(valid_pseudo): 0.4179, acc: 0.7185
2026-03-24 16:19:25,283 - INFO: Round 9, Speaker Fine-tune Epoch 1: No improvement in validation accuracy. Patience(epoch): 1/3
2026-03-24 16:19:25,549 - INFO: Epoch: [2][  0/301]	Time  0.261 ( 0.261)	Loss 7.3797e-01 (7.3797e-01)	Acc pseudo  76.56 ( 76.56)	Lr 1.000e-03 (1.000e-03)
2026-03-24 16:19:25,758 - INFO: Epoch: [2][ 50/301]	Time  0.003 ( 0.009)	Loss 8.9838e-01 (7.7852e-01)	Acc pseudo  79.69 ( 78.12)	Lr 1.000e-03 (1.000e-03)
2026-03-24 16:19:25,912 - INFO: Epoch: [2][100/301]	Time  0.003 ( 0.006)	Loss 8.8935e-01 (7.8925e-01)	Acc pseudo  81.25 ( 77.74)	Lr 1.000e-03 (1.000e-03)
2026-03-24 16:19:26,069 - INFO: Epoch: [2][150/301]	Time  0.003 ( 0.005)	Loss 5.9030e-01 (7.8932e-01)	Acc pseudo  79.69 ( 77.75)	Lr 1.000e-03 (1.000e-03)
2026-03-24 16:19:26,221 - INFO: Epoch: [2][200/301]	Time  0.003 ( 0.005)	Loss 6.3478e-01 (7.9499e-01)	Acc pseudo  79.69 ( 77.69)	Lr 1.000e-03 (1.000e-03)
2026-03-24 16:19:26,383 - INFO: Epoch: [2][250/301]	Time  0.003 ( 0.004)	Loss 1.0056e+00 (7.9706e-01)	Acc pseudo  75.00 ( 77.71)	Lr 1.000e-03 (1.000e-03)
2026-03-24 16:19:26,543 - INFO: Epoch: [2][300/301]	Time  0.002 ( 0.004)	Loss 6.5387e-01 (7.9930e-01)	Acc pseudo  80.00 ( 77.64)	Lr 1.000e-03 (1.000e-03)
2026-03-24 16:19:26,613 - INFO: Round 9, Fine-tune Epoch 2: loss=0.7993, acc(pseudo)=77.64%
2026-03-24 16:19:34,377 - INFO: Round 9, Fine-tune Epoch 2: acc(valid_pseudo): 0.4564, acc: 0.7450
2026-03-24 16:19:34,377 - INFO: Round 9, Speaker Fine-tune Epoch 2: No improvement in validation accuracy. Patience(epoch): 2/3
2026-03-24 16:19:34,639 - INFO: Epoch: [3][  0/301]	Time  0.256 ( 0.256)	Loss 8.3185e-01 (8.3185e-01)	Acc pseudo  76.56 ( 76.56)	Lr 1.000e-03 (1.000e-03)
2026-03-24 16:19:34,838 - INFO: Epoch: [3][ 50/301]	Time  0.004 ( 0.009)	Loss 7.8751e-01 (7.8929e-01)	Acc pseudo  76.56 ( 78.68)	Lr 1.000e-03 (1.000e-03)
2026-03-24 16:19:35,007 - INFO: Epoch: [3][100/301]	Time  0.003 ( 0.006)	Loss 8.1914e-01 (7.7435e-01)	Acc pseudo  76.56 ( 78.64)	Lr 1.000e-03 (1.000e-03)
2026-03-24 16:19:35,176 - INFO: Epoch: [3][150/301]	Time  0.003 ( 0.005)	Loss 8.5191e-01 (7.6760e-01)	Acc pseudo  79.69 ( 78.55)	Lr 1.000e-03 (1.000e-03)
2026-03-24 16:19:35,349 - INFO: Epoch: [3][200/301]	Time  0.003 ( 0.005)	Loss 7.5801e-01 (7.5691e-01)	Acc pseudo  81.25 ( 78.78)	Lr 1.000e-03 (1.000e-03)
2026-03-24 16:19:35,504 - INFO: Epoch: [3][250/301]	Time  0.003 ( 0.004)	Loss 7.9471e-01 (7.5708e-01)	Acc pseudo  78.12 ( 78.82)	Lr 1.000e-03 (1.000e-03)
2026-03-24 16:19:35,649 - INFO: Epoch: [3][300/301]	Time  0.002 ( 0.004)	Loss 6.1393e-01 (7.6795e-01)	Acc pseudo  76.00 ( 78.38)	Lr 1.000e-03 (1.000e-03)
2026-03-24 16:19:35,719 - INFO: Round 9, Fine-tune Epoch 3: loss=0.7680, acc(pseudo)=78.38%
2026-03-24 16:19:43,432 - INFO: Round 9, Fine-tune Epoch 3: acc(valid_pseudo): 0.4751, acc: 0.7675
2026-03-24 16:19:44,218 - INFO: Epoch: [4][  0/301]	Time  0.245 ( 0.245)	Loss 8.3295e-01 (8.3295e-01)	Acc pseudo  71.88 ( 71.88)	Lr 1.000e-03 (1.000e-03)
2026-03-24 16:19:44,400 - INFO: Epoch: [4][ 50/301]	Time  0.003 ( 0.008)	Loss 8.1432e-01 (7.5150e-01)	Acc pseudo  73.44 ( 78.34)	Lr 1.000e-03 (1.000e-03)
2026-03-24 16:19:44,560 - INFO: Epoch: [4][100/301]	Time  0.003 ( 0.006)	Loss 1.0856e+00 (7.6256e-01)	Acc pseudo  81.25 ( 78.03)	Lr 1.000e-03 (1.000e-03)
2026-03-24 16:19:44,723 - INFO: Epoch: [4][150/301]	Time  0.003 ( 0.005)	Loss 6.7301e-01 (7.6646e-01)	Acc pseudo  79.69 ( 78.02)	Lr 1.000e-03 (1.000e-03)
2026-03-24 16:19:44,883 - INFO: Epoch: [4][200/301]	Time  0.003 ( 0.004)	Loss 6.4485e-01 (7.5761e-01)	Acc pseudo  76.56 ( 78.20)	Lr 1.000e-03 (1.000e-03)
2026-03-24 16:19:45,051 - INFO: Epoch: [4][250/301]	Time  0.003 ( 0.004)	Loss 5.5027e-01 (7.6590e-01)	Acc pseudo  82.81 ( 78.13)	Lr 1.000e-03 (1.000e-03)
2026-03-24 16:19:45,211 - INFO: Epoch: [4][300/301]	Time  0.002 ( 0.004)	Loss 5.7691e-01 (7.7078e-01)	Acc pseudo  80.00 ( 77.98)	Lr 1.000e-03 (1.000e-03)
2026-03-24 16:19:45,293 - INFO: Round 9, Fine-tune Epoch 4: loss=0.7708, acc(pseudo)=77.98%
2026-03-24 16:19:52,973 - INFO: Round 9, Fine-tune Epoch 4: acc(valid_pseudo): 0.4789, acc: 0.7350
2026-03-24 16:19:53,776 - INFO: Epoch: [5][  0/301]	Time  0.240 ( 0.240)	Loss 7.2927e-01 (7.2927e-01)	Acc pseudo  78.12 ( 78.12)	Lr 1.000e-03 (1.000e-03)
2026-03-24 16:19:53,962 - INFO: Epoch: [5][ 50/301]	Time  0.003 ( 0.008)	Loss 5.9179e-01 (7.1150e-01)	Acc pseudo  87.50 ( 80.42)	Lr 1.000e-03 (1.000e-03)
2026-03-24 16:19:54,118 - INFO: Epoch: [5][100/301]	Time  0.003 ( 0.006)	Loss 8.4927e-01 (7.4054e-01)	Acc pseudo  78.12 ( 79.42)	Lr 1.000e-03 (1.000e-03)
2026-03-24 16:19:54,274 - INFO: Epoch: [5][150/301]	Time  0.003 ( 0.005)	Loss 5.9025e-01 (7.4637e-01)	Acc pseudo  75.00 ( 78.86)	Lr 1.000e-03 (1.000e-03)
2026-03-24 16:19:54,430 - INFO: Epoch: [5][200/301]	Time  0.003 ( 0.004)	Loss 4.1804e-01 (7.4551e-01)	Acc pseudo  89.06 ( 79.03)	Lr 1.000e-03 (1.000e-03)
2026-03-24 16:19:54,586 - INFO: Epoch: [5][250/301]	Time  0.003 ( 0.004)	Loss 8.6766e-01 (7.4702e-01)	Acc pseudo  78.12 ( 78.81)	Lr 1.000e-03 (1.000e-03)
2026-03-24 16:19:54,739 - INFO: Epoch: [5][300/301]	Time  0.002 ( 0.004)	Loss 7.7160e-01 (7.5198e-01)	Acc pseudo  84.00 ( 78.68)	Lr 1.000e-03 (1.000e-03)
2026-03-24 16:19:54,809 - INFO: Round 9, Fine-tune Epoch 5: loss=0.7520, acc(pseudo)=78.68%
2026-03-24 16:20:02,812 - INFO: Round 9, Fine-tune Epoch 5: acc(valid_pseudo): 0.4617, acc: 0.7485
2026-03-24 16:20:02,812 - INFO: Round 9, Speaker Fine-tune Epoch 5: No improvement in validation accuracy. Patience(epoch): 1/3
2026-03-24 16:20:03,067 - INFO: Epoch: [6][  0/301]	Time  0.249 ( 0.249)	Loss 8.9927e-01 (8.9927e-01)	Acc pseudo  75.00 ( 75.00)	Lr 1.000e-03 (1.000e-03)
2026-03-24 16:20:03,274 - INFO: Epoch: [6][ 50/301]	Time  0.003 ( 0.009)	Loss 8.7708e-01 (7.1745e-01)	Acc pseudo  78.12 ( 79.75)	Lr 1.000e-03 (1.000e-03)
2026-03-24 16:20:03,440 - INFO: Epoch: [6][100/301]	Time  0.003 ( 0.006)	Loss 6.7865e-01 (7.4917e-01)	Acc pseudo  71.88 ( 78.68)	Lr 1.000e-03 (1.000e-03)
2026-03-24 16:20:03,606 - INFO: Epoch: [6][150/301]	Time  0.003 ( 0.005)	Loss 6.5329e-01 (7.4920e-01)	Acc pseudo  78.12 ( 78.49)	Lr 1.000e-03 (1.000e-03)
2026-03-24 16:20:03,769 - INFO: Epoch: [6][200/301]	Time  0.003 ( 0.005)	Loss 6.0795e-01 (7.5304e-01)	Acc pseudo  84.38 ( 78.38)	Lr 1.000e-03 (1.000e-03)
2026-03-24 16:20:03,917 - INFO: Epoch: [6][250/301]	Time  0.003 ( 0.004)	Loss 7.8175e-01 (7.4697e-01)	Acc pseudo  78.12 ( 78.42)	Lr 1.000e-03 (1.000e-03)
2026-03-24 16:20:04,060 - INFO: Epoch: [6][300/301]	Time  0.002 ( 0.004)	Loss 5.7903e-01 (7.4653e-01)	Acc pseudo  84.00 ( 78.48)	Lr 1.000e-03 (1.000e-03)
2026-03-24 16:20:04,131 - INFO: Round 9, Fine-tune Epoch 6: loss=0.7465, acc(pseudo)=78.48%
2026-03-24 16:20:12,518 - INFO: Round 9, Fine-tune Epoch 6: acc(valid_pseudo): 0.4424, acc: 0.7330
2026-03-24 16:20:12,518 - INFO: Round 9, Speaker Fine-tune Epoch 6: No improvement in validation accuracy. Patience(epoch): 2/3
2026-03-24 16:20:12,758 - INFO: Epoch: [7][  0/301]	Time  0.234 ( 0.234)	Loss 5.8694e-01 (5.8694e-01)	Acc pseudo  82.81 ( 82.81)	Lr 1.000e-03 (1.000e-03)
2026-03-24 16:20:12,936 - INFO: Epoch: [7][ 50/301]	Time  0.003 ( 0.008)	Loss 4.9972e-01 (7.1289e-01)	Acc pseudo  85.94 ( 79.32)	Lr 1.000e-03 (1.000e-03)
2026-03-24 16:20:13,093 - INFO: Epoch: [7][100/301]	Time  0.003 ( 0.006)	Loss 9.7471e-01 (7.2888e-01)	Acc pseudo  75.00 ( 79.16)	Lr 1.000e-03 (1.000e-03)
2026-03-24 16:20:13,247 - INFO: Epoch: [7][150/301]	Time  0.003 ( 0.005)	Loss 6.5937e-01 (7.3959e-01)	Acc pseudo  78.12 ( 78.92)	Lr 1.000e-03 (1.000e-03)
2026-03-24 16:20:13,397 - INFO: Epoch: [7][200/301]	Time  0.003 ( 0.004)	Loss 7.2398e-01 (7.4798e-01)	Acc pseudo  81.25 ( 78.68)	Lr 1.000e-03 (1.000e-03)
2026-03-24 16:20:13,549 - INFO: Epoch: [7][250/301]	Time  0.003 ( 0.004)	Loss 6.2266e-01 (7.4925e-01)	Acc pseudo  81.25 ( 78.47)	Lr 1.000e-03 (1.000e-03)
2026-03-24 16:20:13,694 - INFO: Epoch: [7][300/301]	Time  0.002 ( 0.004)	Loss 3.6846e-01 (7.4287e-01)	Acc pseudo  96.00 ( 78.60)	Lr 1.000e-03 (1.000e-03)
2026-03-24 16:20:13,763 - INFO: Round 9, Fine-tune Epoch 7: loss=0.7429, acc(pseudo)=78.60%
2026-03-24 16:20:21,227 - INFO: Round 9, Fine-tune Epoch 7: acc(valid_pseudo): 0.4173, acc: 0.7150
2026-03-24 16:20:21,227 - INFO: Round 9, Speaker Fine-tune Epoch 7: No improvement in validation accuracy. Patience(epoch): 3/3
2026-03-24 16:20:21,227 - INFO: Early stopping at epoch 7 due to no improvement in validation accuracy for 3 epochs.
2026-03-24 16:20:21,229 - INFO: Round 9: Best speaker fine-tuned epoch=4, acc(valid_pseudo)=0.4789
2026-03-24 16:20:21,238 - INFO: Using HMM model from previous round: runs/I love my family/exp_video_ablation/result/b/self_supervised/exp0/round8/pseudo_label/hmm_params.pkl
2026-03-24 16:22:45,918 - INFO: Round 9: speaker_acc=0.6480
2026-03-24 16:22:45,921 - INFO: ====================
2026-03-24 16:22:45,921 - INFO: Self-supervised fine-tuning completed!
2026-03-24 16:22:45,921 - INFO: Initial speaker: acc=0.5255
2026-03-24 16:22:45,921 - INFO: Final speaker at round 9: acc=0.6480
2026-03-24 16:22:45,921 - INFO: Speaker improvement: 0.1225 (23.31%)
2026-03-24 16:22:45,921 - INFO: ====================
