2025-12-20 15:44:30,144 - INFO: Starting self-supervised fine-tuning pipeline
2025-12-20 15:44:30,146 - INFO: Device: cuda:0
2025-12-20 15:44:30,149 - INFO: Saved arguments to runs/I love my family/exp_video/result/self_supervised/exp0/args.json
2025-12-20 15:44:30,149 - INFO: ====================
2025-12-20 15:44:30,149 - INFO: Initialization: Initial clustering with HMM correction
2025-12-20 15:44:30,149 - INFO: ====================
2025-12-20 15:44:30,195 - INFO: Skipping initial clustering, using existing results.
2025-12-20 15:44:49,135 - INFO: Initial: acc(valid)=0.8175, acc(test)=0.8038
2025-12-20 15:44:49,437 - INFO: ====================
2025-12-20 15:44:49,438 - INFO: Round 0: Fine-tuning iteration
2025-12-20 15:44:49,438 - INFO: ====================
2025-12-20 15:44:49,444 - INFO: Round 0 Part 1: Fine-tuning embedding model
2025-12-20 15:44:49,452 - INFO: Using pseudo-label file: runs/I love my family/exp_video/result/self_supervised/exp0/initial/pseudo_label/pseudo_labels_audio_nested_hmm_full(unreliable_pp=100.0).json
2025-12-20 15:44:52,128 - INFO: Embedding dimension: 512
2025-12-20 15:44:53,045 - INFO: Saved config_model to runs/I love my family/exp_video/result/self_supervised/exp0/round0/config_model.json
2025-12-20 15:48:13,711 - INFO: Extracting hidden features for all samples,which are outputs of StatsPool layer...
2025-12-20 15:48:13,712 - INFO: args.unfrozen_layers_num=2 is not used when extracting hidden features.
2025-12-20 15:59:19,332 - INFO: Hidden features extracted for 19225 samples
2025-12-20 15:59:19,611 - INFO: Warmup training classifier for 2 epochs...
2025-12-20 15:59:20,344 - INFO: Epoch: [0][  0/301]	Time  0.729 ( 0.729)	Loss 2.6203e+00 (2.6203e+00)	Acc pseudo   9.38 (  9.38)	Lr 1.000e-03 (1.000e-03)
2025-12-20 15:59:20,485 - INFO: Epoch: [0][ 50/301]	Time  0.003 ( 0.017)	Loss 1.5965e+00 (1.8416e+00)	Acc pseudo  54.69 ( 52.48)	Lr 1.000e-03 (1.000e-03)
2025-12-20 15:59:20,616 - INFO: Epoch: [0][100/301]	Time  0.002 ( 0.010)	Loss 1.2134e+00 (1.5140e+00)	Acc pseudo  65.62 ( 61.45)	Lr 1.000e-03 (1.000e-03)
2025-12-20 15:59:20,755 - INFO: Epoch: [0][150/301]	Time  0.002 ( 0.007)	Loss 1.2241e+00 (1.3606e+00)	Acc pseudo  68.75 ( 65.25)	Lr 1.000e-03 (1.000e-03)
2025-12-20 15:59:20,891 - INFO: Epoch: [0][200/301]	Time  0.003 ( 0.006)	Loss 8.5509e-01 (1.2639e+00)	Acc pseudo  81.25 ( 67.30)	Lr 1.000e-03 (1.000e-03)
2025-12-20 15:59:21,018 - INFO: Epoch: [0][250/301]	Time  0.002 ( 0.005)	Loss 1.0669e+00 (1.2078e+00)	Acc pseudo  73.44 ( 68.65)	Lr 1.000e-03 (1.000e-03)
2025-12-20 15:59:21,142 - INFO: Epoch: [0][300/301]	Time  0.003 ( 0.005)	Loss 7.2624e-01 (1.1695e+00)	Acc pseudo  68.00 ( 69.50)	Lr 1.000e-03 (1.000e-03)
2025-12-20 15:59:21,211 - INFO: Round 0, Warmup Epoch 0: loss=1.1695, acc(pseudo)=69.50%
2025-12-20 15:59:21,455 - INFO: Epoch: [1][  0/301]	Time  0.240 ( 0.240)	Loss 1.2085e+00 (1.2085e+00)	Acc pseudo  73.44 ( 73.44)	Lr 1.000e-03 (1.000e-03)
2025-12-20 15:59:21,603 - INFO: Epoch: [1][ 50/301]	Time  0.003 ( 0.007)	Loss 5.6977e-01 (9.2861e-01)	Acc pseudo  81.25 ( 74.60)	Lr 1.000e-03 (1.000e-03)
2025-12-20 15:59:21,739 - INFO: Epoch: [1][100/301]	Time  0.003 ( 0.005)	Loss 6.6917e-01 (9.1457e-01)	Acc pseudo  79.69 ( 74.57)	Lr 1.000e-03 (1.000e-03)
2025-12-20 15:59:21,870 - INFO: Epoch: [1][150/301]	Time  0.003 ( 0.004)	Loss 9.4286e-01 (9.0878e-01)	Acc pseudo  70.31 ( 74.70)	Lr 1.000e-03 (1.000e-03)
2025-12-20 15:59:21,998 - INFO: Epoch: [1][200/301]	Time  0.002 ( 0.004)	Loss 8.7818e-01 (9.1096e-01)	Acc pseudo  76.56 ( 74.81)	Lr 1.000e-03 (1.000e-03)
2025-12-20 15:59:22,124 - INFO: Epoch: [1][250/301]	Time  0.002 ( 0.004)	Loss 7.7430e-01 (9.1114e-01)	Acc pseudo  78.12 ( 74.78)	Lr 1.000e-03 (1.000e-03)
2025-12-20 15:59:22,256 - INFO: Epoch: [1][300/301]	Time  0.002 ( 0.003)	Loss 7.9253e-01 (9.1338e-01)	Acc pseudo  68.00 ( 74.77)	Lr 1.000e-03 (1.000e-03)
2025-12-20 15:59:22,320 - INFO: Round 0, Warmup Epoch 1: loss=0.9134, acc(pseudo)=74.77%
2025-12-20 15:59:22,356 - INFO: Fine-tuning embedding model for 20 epochs...
2025-12-20 15:59:23,362 - INFO: Epoch: [0][  0/301]	Time  1.003 ( 1.003)	Loss 7.8149e-01 (7.8149e-01)	Acc pseudo  75.00 ( 75.00)	Lr 1.000e-03 (1.000e-03)
2025-12-20 15:59:23,524 - INFO: Epoch: [0][ 50/301]	Time  0.003 ( 0.023)	Loss 1.0052e+00 (1.0353e+00)	Acc pseudo  73.44 ( 70.62)	Lr 1.000e-03 (1.000e-03)
2025-12-20 15:59:23,681 - INFO: Epoch: [0][100/301]	Time  0.003 ( 0.013)	Loss 1.2686e+00 (1.0407e+00)	Acc pseudo  70.31 ( 71.07)	Lr 1.000e-03 (1.000e-03)
2025-12-20 15:59:23,832 - INFO: Epoch: [0][150/301]	Time  0.003 ( 0.010)	Loss 7.9906e-01 (1.0345e+00)	Acc pseudo  70.31 ( 71.43)	Lr 1.000e-03 (1.000e-03)
2025-12-20 15:59:23,985 - INFO: Epoch: [0][200/301]	Time  0.003 ( 0.008)	Loss 6.7154e-01 (1.0147e+00)	Acc pseudo  81.25 ( 71.79)	Lr 1.000e-03 (1.000e-03)
2025-12-20 15:59:24,127 - INFO: Epoch: [0][250/301]	Time  0.003 ( 0.007)	Loss 1.1377e+00 (1.0060e+00)	Acc pseudo  79.69 ( 71.89)	Lr 1.000e-03 (1.000e-03)
2025-12-20 15:59:24,273 - INFO: Epoch: [0][300/301]	Time  0.005 ( 0.006)	Loss 1.1751e+00 (1.0019e+00)	Acc pseudo  72.00 ( 71.98)	Lr 1.000e-03 (1.000e-03)
2025-12-20 15:59:24,336 - INFO: Round 0, Fine-tune Epoch 0: loss=1.0019, acc(pseudo)=71.98%
2025-12-20 15:59:37,194 - INFO: Round 0, Fine-tune Epoch 0: acc(valid_pseudo): 0.6552, acc(valid): 0.5375
2025-12-20 15:59:42,056 - INFO: Epoch: [1][  0/301]	Time  0.271 ( 0.271)	Loss 9.1989e-01 (9.1989e-01)	Acc pseudo  71.88 ( 71.88)	Lr 1.000e-03 (1.000e-03)
2025-12-20 15:59:42,239 - INFO: Epoch: [1][ 50/301]	Time  0.004 ( 0.009)	Loss 1.0136e+00 (8.7712e-01)	Acc pseudo  68.75 ( 74.66)	Lr 1.000e-03 (1.000e-03)
2025-12-20 15:59:42,398 - INFO: Epoch: [1][100/301]	Time  0.003 ( 0.006)	Loss 9.6749e-01 (8.8170e-01)	Acc pseudo  70.31 ( 74.60)	Lr 1.000e-03 (1.000e-03)
2025-12-20 15:59:42,561 - INFO: Epoch: [1][150/301]	Time  0.004 ( 0.005)	Loss 8.7576e-01 (8.9291e-01)	Acc pseudo  84.38 ( 74.62)	Lr 1.000e-03 (1.000e-03)
2025-12-20 15:59:42,736 - INFO: Epoch: [1][200/301]	Time  0.004 ( 0.005)	Loss 8.5587e-01 (8.8624e-01)	Acc pseudo  75.00 ( 74.81)	Lr 1.000e-03 (1.000e-03)
2025-12-20 15:59:42,894 - INFO: Epoch: [1][250/301]	Time  0.004 ( 0.004)	Loss 5.6406e-01 (8.7847e-01)	Acc pseudo  79.69 ( 74.99)	Lr 1.000e-03 (1.000e-03)
2025-12-20 15:59:43,051 - INFO: Epoch: [1][300/301]	Time  0.002 ( 0.004)	Loss 1.1201e+00 (8.8442e-01)	Acc pseudo  64.00 ( 74.86)	Lr 1.000e-03 (1.000e-03)
2025-12-20 15:59:43,117 - INFO: Round 0, Fine-tune Epoch 1: loss=0.8844, acc(pseudo)=74.86%
2025-12-20 15:59:56,299 - INFO: Round 0, Fine-tune Epoch 1: acc(valid_pseudo): 0.8672, acc(valid): 0.7900
2025-12-20 16:00:00,907 - INFO: Epoch: [2][  0/301]	Time  0.265 ( 0.265)	Loss 1.1031e+00 (1.1031e+00)	Acc pseudo  67.19 ( 67.19)	Lr 1.000e-03 (1.000e-03)
2025-12-20 16:00:01,089 - INFO: Epoch: [2][ 50/301]	Time  0.003 ( 0.009)	Loss 1.1138e+00 (8.5196e-01)	Acc pseudo  75.00 ( 75.31)	Lr 1.000e-03 (1.000e-03)
2025-12-20 16:00:01,262 - INFO: Epoch: [2][100/301]	Time  0.003 ( 0.006)	Loss 8.8244e-01 (8.6725e-01)	Acc pseudo  68.75 ( 75.02)	Lr 1.000e-03 (1.000e-03)
2025-12-20 16:00:01,426 - INFO: Epoch: [2][150/301]	Time  0.003 ( 0.005)	Loss 8.0403e-01 (8.4504e-01)	Acc pseudo  76.56 ( 75.91)	Lr 1.000e-03 (1.000e-03)
2025-12-20 16:00:01,583 - INFO: Epoch: [2][200/301]	Time  0.003 ( 0.005)	Loss 9.4570e-01 (8.4812e-01)	Acc pseudo  76.56 ( 75.95)	Lr 1.000e-03 (1.000e-03)
2025-12-20 16:00:01,737 - INFO: Epoch: [2][250/301]	Time  0.003 ( 0.004)	Loss 8.0424e-01 (8.3792e-01)	Acc pseudo  79.69 ( 76.04)	Lr 1.000e-03 (1.000e-03)
2025-12-20 16:00:01,882 - INFO: Epoch: [2][300/301]	Time  0.002 ( 0.004)	Loss 4.8467e-01 (8.3015e-01)	Acc pseudo  92.00 ( 76.13)	Lr 1.000e-03 (1.000e-03)
2025-12-20 16:00:01,946 - INFO: Round 0, Fine-tune Epoch 2: loss=0.8302, acc(pseudo)=76.13%
2025-12-20 16:00:16,118 - INFO: Round 0, Fine-tune Epoch 2: acc(valid_pseudo): 0.9330, acc(valid): 0.8000
2025-12-20 16:00:20,925 - INFO: Epoch: [3][  0/301]	Time  0.243 ( 0.243)	Loss 6.1433e-01 (6.1433e-01)	Acc pseudo  78.12 ( 78.12)	Lr 1.000e-03 (1.000e-03)
2025-12-20 16:00:21,120 - INFO: Epoch: [3][ 50/301]	Time  0.003 ( 0.008)	Loss 6.4726e-01 (7.7815e-01)	Acc pseudo  78.12 ( 76.96)	Lr 1.000e-03 (1.000e-03)
2025-12-20 16:00:21,285 - INFO: Epoch: [3][100/301]	Time  0.003 ( 0.006)	Loss 8.7361e-01 (7.7937e-01)	Acc pseudo  78.12 ( 77.17)	Lr 1.000e-03 (1.000e-03)
2025-12-20 16:00:21,443 - INFO: Epoch: [3][150/301]	Time  0.003 ( 0.005)	Loss 4.8522e-01 (7.9814e-01)	Acc pseudo  81.25 ( 76.94)	Lr 1.000e-03 (1.000e-03)
2025-12-20 16:00:21,592 - INFO: Epoch: [3][200/301]	Time  0.003 ( 0.004)	Loss 1.0698e+00 (8.1001e-01)	Acc pseudo  82.81 ( 76.59)	Lr 1.000e-03 (1.000e-03)
2025-12-20 16:00:21,737 - INFO: Epoch: [3][250/301]	Time  0.003 ( 0.004)	Loss 1.0403e+00 (8.0361e-01)	Acc pseudo  78.12 ( 76.62)	Lr 1.000e-03 (1.000e-03)
2025-12-20 16:00:21,878 - INFO: Epoch: [3][300/301]	Time  0.002 ( 0.004)	Loss 1.0317e+00 (8.0786e-01)	Acc pseudo  76.00 ( 76.68)	Lr 1.000e-03 (1.000e-03)
2025-12-20 16:00:21,942 - INFO: Round 0, Fine-tune Epoch 3: loss=0.8079, acc(pseudo)=76.68%
2025-12-20 16:00:34,663 - INFO: Round 0, Fine-tune Epoch 3: acc(valid_pseudo): 0.8213, acc(valid): 0.6500
2025-12-20 16:00:34,663 - INFO: Round 0, Fine-tune Epoch 3: No improvement in validation accuracy. Patience(epoch): 1/1
2025-12-20 16:00:34,664 - INFO: Early stopping at epoch 3 due to no improvement in validation accuracy for 1 epochs.
2025-12-20 16:00:34,665 - INFO: Round 0: Best fine-tuned epoch=2, acc(valid_pseudo)=0.9330
2025-12-20 16:00:34,728 - INFO: Using HMM model from previous round: runs/I love my family/exp_video/result/self_supervised/exp0/initial/pseudo_label/hmm_params.pkl
2025-12-20 16:49:59,090 - INFO: Round 0: acc(valid)=0.8550, acc(test)=0.8500
2025-12-20 16:49:59,094 - INFO: ====================
2025-12-20 16:49:59,094 - INFO: Round 1: Fine-tuning iteration
2025-12-20 16:49:59,094 - INFO: ====================
2025-12-20 16:49:59,107 - INFO: Round 1 Part 1: Fine-tuning embedding model
2025-12-20 16:49:59,109 - INFO: Using pseudo-label file: runs/I love my family/exp_video/result/self_supervised/exp0/round0/pseudo_label/pseudo_labels_audio_nested_hmm_full(unreliable_pp=100.0).json
2025-12-20 16:49:59,424 - INFO: Fine-tuning embedding model for 20 epochs...
2025-12-20 16:50:00,511 - INFO: Epoch: [0][  0/301]	Time  1.068 ( 1.068)	Loss 1.0251e+00 (1.0251e+00)	Acc pseudo  70.31 ( 70.31)	Lr 1.000e-03 (1.000e-03)
2025-12-20 16:50:00,675 - INFO: Epoch: [0][ 50/301]	Time  0.003 ( 0.024)	Loss 5.5576e-01 (7.7070e-01)	Acc pseudo  79.69 ( 78.92)	Lr 1.000e-03 (1.000e-03)
2025-12-20 16:50:00,835 - INFO: Epoch: [0][100/301]	Time  0.003 ( 0.014)	Loss 5.4714e-01 (7.8807e-01)	Acc pseudo  82.81 ( 78.88)	Lr 1.000e-03 (1.000e-03)
2025-12-20 16:50:00,986 - INFO: Epoch: [0][150/301]	Time  0.003 ( 0.010)	Loss 8.5254e-01 (7.9361e-01)	Acc pseudo  75.00 ( 78.59)	Lr 1.000e-03 (1.000e-03)
2025-12-20 16:50:01,141 - INFO: Epoch: [0][200/301]	Time  0.004 ( 0.008)	Loss 9.6065e-01 (7.9322e-01)	Acc pseudo  75.00 ( 78.40)	Lr 1.000e-03 (1.000e-03)
2025-12-20 16:50:01,300 - INFO: Epoch: [0][250/301]	Time  0.003 ( 0.007)	Loss 1.0685e+00 (8.0934e-01)	Acc pseudo  78.12 ( 78.13)	Lr 1.000e-03 (1.000e-03)
2025-12-20 16:50:01,448 - INFO: Epoch: [0][300/301]	Time  0.002 ( 0.007)	Loss 9.3921e-01 (8.0147e-01)	Acc pseudo  80.00 ( 78.39)	Lr 1.000e-03 (1.000e-03)
2025-12-20 16:50:01,517 - INFO: Round 1, Fine-tune Epoch 0: loss=0.8015, acc(pseudo)=78.39%
2025-12-20 16:50:16,749 - INFO: Round 1, Fine-tune Epoch 0: acc(valid_pseudo): 0.9272, acc(valid): 0.8250
2025-12-20 16:50:21,404 - INFO: Epoch: [1][  0/301]	Time  0.268 ( 0.268)	Loss 1.0645e+00 (1.0645e+00)	Acc pseudo  70.31 ( 70.31)	Lr 1.000e-03 (1.000e-03)
2025-12-20 16:50:21,579 - INFO: Epoch: [1][ 50/301]	Time  0.003 ( 0.009)	Loss 5.0779e-01 (7.2768e-01)	Acc pseudo  90.62 ( 79.17)	Lr 1.000e-03 (1.000e-03)
2025-12-20 16:50:21,787 - INFO: Epoch: [1][100/301]	Time  0.004 ( 0.006)	Loss 6.2132e-01 (7.1472e-01)	Acc pseudo  79.69 ( 79.25)	Lr 1.000e-03 (1.000e-03)
2025-12-20 16:50:21,993 - INFO: Epoch: [1][150/301]	Time  0.004 ( 0.006)	Loss 7.5796e-01 (7.0620e-01)	Acc pseudo  76.56 ( 79.77)	Lr 1.000e-03 (1.000e-03)
2025-12-20 16:50:22,191 - INFO: Epoch: [1][200/301]	Time  0.004 ( 0.005)	Loss 8.0453e-01 (7.1297e-01)	Acc pseudo  78.12 ( 79.68)	Lr 1.000e-03 (1.000e-03)
2025-12-20 16:50:22,340 - INFO: Epoch: [1][250/301]	Time  0.003 ( 0.005)	Loss 8.0229e-01 (7.2306e-01)	Acc pseudo  76.56 ( 79.63)	Lr 1.000e-03 (1.000e-03)
2025-12-20 16:50:22,487 - INFO: Epoch: [1][300/301]	Time  0.002 ( 0.004)	Loss 5.8613e-01 (7.2771e-01)	Acc pseudo  84.00 ( 79.53)	Lr 1.000e-03 (1.000e-03)
2025-12-20 16:50:22,552 - INFO: Round 1, Fine-tune Epoch 1: loss=0.7277, acc(pseudo)=79.53%
2025-12-20 16:50:35,560 - INFO: Round 1, Fine-tune Epoch 1: acc(valid_pseudo): 0.9514, acc(valid): 0.8100
2025-12-20 16:50:40,502 - INFO: Epoch: [2][  0/301]	Time  0.251 ( 0.251)	Loss 9.9261e-01 (9.9261e-01)	Acc pseudo  78.12 ( 78.12)	Lr 1.000e-03 (1.000e-03)
2025-12-20 16:50:40,716 - INFO: Epoch: [2][ 50/301]	Time  0.005 ( 0.009)	Loss 6.4589e-01 (6.8383e-01)	Acc pseudo  85.94 ( 80.21)	Lr 1.000e-03 (1.000e-03)
2025-12-20 16:50:40,918 - INFO: Epoch: [2][100/301]	Time  0.004 ( 0.007)	Loss 6.5069e-01 (6.9825e-01)	Acc pseudo  78.12 ( 80.14)	Lr 1.000e-03 (1.000e-03)
2025-12-20 16:50:41,112 - INFO: Epoch: [2][150/301]	Time  0.003 ( 0.006)	Loss 6.1468e-01 (7.0616e-01)	Acc pseudo  79.69 ( 79.95)	Lr 1.000e-03 (1.000e-03)
2025-12-20 16:50:41,259 - INFO: Epoch: [2][200/301]	Time  0.003 ( 0.005)	Loss 6.8857e-01 (7.0165e-01)	Acc pseudo  82.81 ( 80.30)	Lr 1.000e-03 (1.000e-03)
2025-12-20 16:50:41,403 - INFO: Epoch: [2][250/301]	Time  0.003 ( 0.005)	Loss 5.5935e-01 (7.0090e-01)	Acc pseudo  82.81 ( 80.14)	Lr 1.000e-03 (1.000e-03)
2025-12-20 16:50:41,554 - INFO: Epoch: [2][300/301]	Time  0.002 ( 0.004)	Loss 3.9334e-01 (7.0068e-01)	Acc pseudo  84.00 ( 80.22)	Lr 1.000e-03 (1.000e-03)
2025-12-20 16:50:41,621 - INFO: Round 1, Fine-tune Epoch 2: loss=0.7007, acc(pseudo)=80.22%
2025-12-20 16:50:54,656 - INFO: Round 1, Fine-tune Epoch 2: acc(valid_pseudo): 0.8087, acc(valid): 0.7150
2025-12-20 16:50:54,656 - INFO: Round 1, Fine-tune Epoch 2: No improvement in validation accuracy. Patience(epoch): 0/1
2025-12-20 16:50:54,924 - INFO: Epoch: [3][  0/301]	Time  0.262 ( 0.262)	Loss 7.2285e-01 (7.2285e-01)	Acc pseudo  81.25 ( 81.25)	Lr 1.000e-03 (1.000e-03)
2025-12-20 16:50:55,101 - INFO: Epoch: [3][ 50/301]	Time  0.004 ( 0.009)	Loss 1.2079e+00 (6.6251e-01)	Acc pseudo  79.69 ( 81.89)	Lr 1.000e-03 (1.000e-03)
2025-12-20 16:50:55,262 - INFO: Epoch: [3][100/301]	Time  0.003 ( 0.006)	Loss 5.8180e-01 (6.6814e-01)	Acc pseudo  78.12 ( 81.00)	Lr 1.000e-03 (1.000e-03)
2025-12-20 16:50:55,414 - INFO: Epoch: [3][150/301]	Time  0.003 ( 0.005)	Loss 5.2411e-01 (6.7258e-01)	Acc pseudo  90.62 ( 80.77)	Lr 1.000e-03 (1.000e-03)
2025-12-20 16:50:55,558 - INFO: Epoch: [3][200/301]	Time  0.003 ( 0.004)	Loss 5.7105e-01 (6.6720e-01)	Acc pseudo  79.69 ( 80.95)	Lr 1.000e-03 (1.000e-03)
2025-12-20 16:50:55,712 - INFO: Epoch: [3][250/301]	Time  0.003 ( 0.004)	Loss 8.1567e-01 (6.6671e-01)	Acc pseudo  82.81 ( 80.90)	Lr 1.000e-03 (1.000e-03)
2025-12-20 16:50:55,867 - INFO: Epoch: [3][300/301]	Time  0.002 ( 0.004)	Loss 4.3831e-01 (6.7512e-01)	Acc pseudo  88.00 ( 80.58)	Lr 1.000e-03 (1.000e-03)
2025-12-20 16:50:55,932 - INFO: Round 1, Fine-tune Epoch 3: loss=0.6751, acc(pseudo)=80.58%
2025-12-20 16:51:09,384 - INFO: Round 1, Fine-tune Epoch 3: acc(valid_pseudo): 0.9368, acc(valid): 0.8250
2025-12-20 16:51:09,384 - INFO: Round 1, Fine-tune Epoch 3: No improvement in validation accuracy. Patience(epoch): 1/1
2025-12-20 16:51:09,384 - INFO: Early stopping at epoch 3 due to no improvement in validation accuracy for 1 epochs.
2025-12-20 16:51:09,386 - INFO: Round 1: Best fine-tuned epoch=1, acc(valid_pseudo)=0.9514
2025-12-20 16:51:09,444 - INFO: Using HMM model from previous round: runs/I love my family/exp_video/result/self_supervised/exp0/round0/pseudo_label/hmm_params.pkl
2025-12-20 17:36:11,279 - INFO: Round 1: acc(valid)=0.8625, acc(test)=0.8650
2025-12-20 17:36:11,282 - INFO: ====================
2025-12-20 17:36:11,282 - INFO: Round 2: Fine-tuning iteration
2025-12-20 17:36:11,282 - INFO: ====================
2025-12-20 17:36:11,291 - INFO: Round 2 Part 1: Fine-tuning embedding model
2025-12-20 17:36:11,293 - INFO: Using pseudo-label file: runs/I love my family/exp_video/result/self_supervised/exp0/round1/pseudo_label/pseudo_labels_audio_nested_hmm_full(unreliable_pp=100.0).json
2025-12-20 17:36:11,437 - INFO: Fine-tuning embedding model for 20 epochs...
2025-12-20 17:36:11,986 - INFO: Epoch: [0][  0/301]	Time  0.519 ( 0.519)	Loss 1.3320e+00 (1.3320e+00)	Acc pseudo  75.00 ( 75.00)	Lr 1.000e-03 (1.000e-03)
2025-12-20 17:36:12,166 - INFO: Epoch: [0][ 50/301]	Time  0.003 ( 0.014)	Loss 5.8153e-01 (5.9640e-01)	Acc pseudo  78.12 ( 82.57)	Lr 1.000e-03 (1.000e-03)
2025-12-20 17:36:12,324 - INFO: Epoch: [0][100/301]	Time  0.003 ( 0.008)	Loss 6.8768e-01 (6.3525e-01)	Acc pseudo  82.81 ( 81.90)	Lr 1.000e-03 (1.000e-03)
2025-12-20 17:36:12,479 - INFO: Epoch: [0][150/301]	Time  0.003 ( 0.007)	Loss 6.3228e-01 (6.4172e-01)	Acc pseudo  81.25 ( 81.69)	Lr 1.000e-03 (1.000e-03)
2025-12-20 17:36:12,633 - INFO: Epoch: [0][200/301]	Time  0.003 ( 0.006)	Loss 5.8304e-01 (6.4133e-01)	Acc pseudo  78.12 ( 81.74)	Lr 1.000e-03 (1.000e-03)
2025-12-20 17:36:12,794 - INFO: Epoch: [0][250/301]	Time  0.003 ( 0.005)	Loss 7.7635e-01 (6.5258e-01)	Acc pseudo  84.38 ( 81.84)	Lr 1.000e-03 (1.000e-03)
2025-12-20 17:36:12,949 - INFO: Epoch: [0][300/301]	Time  0.003 ( 0.005)	Loss 3.8327e-01 (6.5540e-01)	Acc pseudo  88.00 ( 81.88)	Lr 1.000e-03 (1.000e-03)
2025-12-20 17:36:13,018 - INFO: Round 2, Fine-tune Epoch 0: loss=0.6554, acc(pseudo)=81.88%
2025-12-20 17:36:26,455 - INFO: Round 2, Fine-tune Epoch 0: acc(valid_pseudo): 0.9596, acc(valid): 0.8450
2025-12-20 17:36:31,303 - INFO: Epoch: [1][  0/301]	Time  0.244 ( 0.244)	Loss 1.3211e+00 (1.3211e+00)	Acc pseudo  73.44 ( 73.44)	Lr 1.000e-03 (1.000e-03)
2025-12-20 17:36:31,491 - INFO: Epoch: [1][ 50/301]	Time  0.004 ( 0.008)	Loss 4.0413e-01 (6.5196e-01)	Acc pseudo  81.25 ( 82.94)	Lr 1.000e-03 (1.000e-03)
2025-12-20 17:36:31,650 - INFO: Epoch: [1][100/301]	Time  0.003 ( 0.006)	Loss 5.2623e-01 (6.2774e-01)	Acc pseudo  84.38 ( 82.47)	Lr 1.000e-03 (1.000e-03)
2025-12-20 17:36:31,820 - INFO: Epoch: [1][150/301]	Time  0.004 ( 0.005)	Loss 5.4605e-01 (6.0649e-01)	Acc pseudo  84.38 ( 82.84)	Lr 1.000e-03 (1.000e-03)
2025-12-20 17:36:31,977 - INFO: Epoch: [1][200/301]	Time  0.003 ( 0.004)	Loss 6.1035e-01 (6.0502e-01)	Acc pseudo  85.94 ( 82.93)	Lr 1.000e-03 (1.000e-03)
2025-12-20 17:36:32,134 - INFO: Epoch: [1][250/301]	Time  0.003 ( 0.004)	Loss 5.8594e-01 (6.1192e-01)	Acc pseudo  78.12 ( 82.73)	Lr 1.000e-03 (1.000e-03)
2025-12-20 17:36:32,296 - INFO: Epoch: [1][300/301]	Time  0.002 ( 0.004)	Loss 3.7451e-01 (6.0986e-01)	Acc pseudo  88.00 ( 82.72)	Lr 1.000e-03 (1.000e-03)
2025-12-20 17:36:32,367 - INFO: Round 2, Fine-tune Epoch 1: loss=0.6099, acc(pseudo)=82.72%
2025-12-20 17:36:44,782 - INFO: Round 2, Fine-tune Epoch 1: acc(valid_pseudo): 0.8918, acc(valid): 0.7925
2025-12-20 17:36:44,783 - INFO: Round 2, Fine-tune Epoch 1: No improvement in validation accuracy. Patience(epoch): 0/1
2025-12-20 17:36:45,030 - INFO: Epoch: [2][  0/301]	Time  0.242 ( 0.242)	Loss 6.0035e-01 (6.0035e-01)	Acc pseudo  81.25 ( 81.25)	Lr 1.000e-03 (1.000e-03)
2025-12-20 17:36:45,201 - INFO: Epoch: [2][ 50/301]	Time  0.003 ( 0.008)	Loss 5.3067e-01 (5.6432e-01)	Acc pseudo  87.50 ( 83.58)	Lr 1.000e-03 (1.000e-03)
2025-12-20 17:36:45,357 - INFO: Epoch: [2][100/301]	Time  0.003 ( 0.006)	Loss 5.8306e-01 (5.5809e-01)	Acc pseudo  76.56 ( 83.68)	Lr 1.000e-03 (1.000e-03)
2025-12-20 17:36:45,513 - INFO: Epoch: [2][150/301]	Time  0.003 ( 0.005)	Loss 3.8108e-01 (5.6187e-01)	Acc pseudo  87.50 ( 83.53)	Lr 1.000e-03 (1.000e-03)
2025-12-20 17:36:45,658 - INFO: Epoch: [2][200/301]	Time  0.003 ( 0.004)	Loss 9.7294e-01 (5.6919e-01)	Acc pseudo  81.25 ( 83.61)	Lr 1.000e-03 (1.000e-03)
2025-12-20 17:36:45,810 - INFO: Epoch: [2][250/301]	Time  0.003 ( 0.004)	Loss 4.8857e-01 (5.7778e-01)	Acc pseudo  81.25 ( 83.24)	Lr 1.000e-03 (1.000e-03)
2025-12-20 17:36:45,950 - INFO: Epoch: [2][300/301]	Time  0.002 ( 0.004)	Loss 4.1089e-01 (5.7585e-01)	Acc pseudo  80.00 ( 83.22)	Lr 1.000e-03 (1.000e-03)
2025-12-20 17:36:46,022 - INFO: Round 2, Fine-tune Epoch 2: loss=0.5758, acc(pseudo)=83.22%
2025-12-20 17:36:57,792 - INFO: Round 2, Fine-tune Epoch 2: acc(valid_pseudo): 0.9196, acc(valid): 0.8200
2025-12-20 17:36:57,793 - INFO: Round 2, Fine-tune Epoch 2: No improvement in validation accuracy. Patience(epoch): 0/1
2025-12-20 17:36:58,032 - INFO: Epoch: [3][  0/301]	Time  0.234 ( 0.234)	Loss 6.1284e-01 (6.1284e-01)	Acc pseudo  79.69 ( 79.69)	Lr 1.000e-03 (1.000e-03)
2025-12-20 17:36:58,214 - INFO: Epoch: [3][ 50/301]	Time  0.004 ( 0.008)	Loss 8.0648e-01 (5.2841e-01)	Acc pseudo  76.56 ( 84.44)	Lr 1.000e-03 (1.000e-03)
2025-12-20 17:36:58,374 - INFO: Epoch: [3][100/301]	Time  0.003 ( 0.006)	Loss 6.8590e-01 (5.4481e-01)	Acc pseudo  79.69 ( 83.85)	Lr 1.000e-03 (1.000e-03)
2025-12-20 17:36:58,524 - INFO: Epoch: [3][150/301]	Time  0.003 ( 0.005)	Loss 4.4825e-01 (5.4466e-01)	Acc pseudo  87.50 ( 83.77)	Lr 1.000e-03 (1.000e-03)
2025-12-20 17:36:58,680 - INFO: Epoch: [3][200/301]	Time  0.003 ( 0.004)	Loss 4.5036e-01 (5.5050e-01)	Acc pseudo  82.81 ( 83.82)	Lr 1.000e-03 (1.000e-03)
2025-12-20 17:36:58,856 - INFO: Epoch: [3][250/301]	Time  0.004 ( 0.004)	Loss 7.2233e-01 (5.5959e-01)	Acc pseudo  84.38 ( 83.62)	Lr 1.000e-03 (1.000e-03)
2025-12-20 17:36:59,006 - INFO: Epoch: [3][300/301]	Time  0.002 ( 0.004)	Loss 8.7968e-01 (5.6876e-01)	Acc pseudo  76.00 ( 83.35)	Lr 1.000e-03 (1.000e-03)
2025-12-20 17:36:59,082 - INFO: Round 2, Fine-tune Epoch 3: loss=0.5688, acc(pseudo)=83.35%
2025-12-20 17:37:14,104 - INFO: Round 2, Fine-tune Epoch 3: acc(valid_pseudo): 0.9289, acc(valid): 0.8125
2025-12-20 17:37:14,104 - INFO: Round 2, Fine-tune Epoch 3: No improvement in validation accuracy. Patience(epoch): 1/1
2025-12-20 17:37:14,104 - INFO: Early stopping at epoch 3 due to no improvement in validation accuracy for 1 epochs.
2025-12-20 17:37:14,106 - INFO: Round 2: Best fine-tuned epoch=0, acc(valid_pseudo)=0.9596
2025-12-20 17:37:14,153 - INFO: Using HMM model from previous round: runs/I love my family/exp_video/result/self_supervised/exp0/round1/pseudo_label/hmm_params.pkl
2025-12-20 18:21:06,818 - INFO: Round 2: acc(valid)=0.8750, acc(test)=0.8669
2025-12-20 18:21:06,823 - INFO: ====================
2025-12-20 18:21:06,823 - INFO: Round 3: Fine-tuning iteration
2025-12-20 18:21:06,823 - INFO: ====================
2025-12-20 18:21:06,832 - INFO: Round 3 Part 1: Fine-tuning embedding model
2025-12-20 18:21:06,835 - INFO: Using pseudo-label file: runs/I love my family/exp_video/result/self_supervised/exp0/round2/pseudo_label/pseudo_labels_audio_nested_hmm_full(unreliable_pp=100.0).json
2025-12-20 18:21:06,981 - INFO: Fine-tuning embedding model for 20 epochs...
2025-12-20 18:21:07,337 - INFO: Epoch: [0][  0/301]	Time  0.345 ( 0.345)	Loss 6.1351e-01 (6.1351e-01)	Acc pseudo  84.38 ( 84.38)	Lr 1.000e-03 (1.000e-03)
2025-12-20 18:21:07,496 - INFO: Epoch: [0][ 50/301]	Time  0.003 ( 0.010)	Loss 5.8616e-01 (5.6366e-01)	Acc pseudo  85.94 ( 84.10)	Lr 1.000e-03 (1.000e-03)
2025-12-20 18:21:07,648 - INFO: Epoch: [0][100/301]	Time  0.003 ( 0.006)	Loss 3.5850e-01 (5.6685e-01)	Acc pseudo  90.62 ( 83.91)	Lr 1.000e-03 (1.000e-03)
2025-12-20 18:21:07,800 - INFO: Epoch: [0][150/301]	Time  0.003 ( 0.005)	Loss 7.2045e-01 (5.9226e-01)	Acc pseudo  76.56 ( 83.27)	Lr 1.000e-03 (1.000e-03)
2025-12-20 18:21:07,950 - INFO: Epoch: [0][200/301]	Time  0.003 ( 0.005)	Loss 6.3586e-01 (5.8367e-01)	Acc pseudo  84.38 ( 83.40)	Lr 1.000e-03 (1.000e-03)
2025-12-20 18:21:08,096 - INFO: Epoch: [0][250/301]	Time  0.003 ( 0.004)	Loss 4.6848e-01 (5.9002e-01)	Acc pseudo  81.25 ( 83.42)	Lr 1.000e-03 (1.000e-03)
2025-12-20 18:21:08,237 - INFO: Epoch: [0][300/301]	Time  0.002 ( 0.004)	Loss 2.6834e-01 (5.8578e-01)	Acc pseudo  92.00 ( 83.56)	Lr 1.000e-03 (1.000e-03)
2025-12-20 18:21:08,305 - INFO: Round 3, Fine-tune Epoch 0: loss=0.5858, acc(pseudo)=83.56%
2025-12-20 18:21:20,435 - INFO: Round 3, Fine-tune Epoch 0: acc(valid_pseudo): 0.9634, acc(valid): 0.8575
2025-12-20 18:21:24,945 - INFO: Epoch: [1][  0/301]	Time  0.255 ( 0.255)	Loss 1.0318e+00 (1.0318e+00)	Acc pseudo  73.44 ( 73.44)	Lr 1.000e-03 (1.000e-03)
2025-12-20 18:21:25,109 - INFO: Epoch: [1][ 50/301]	Time  0.003 ( 0.008)	Loss 3.4189e-01 (5.2298e-01)	Acc pseudo  87.50 ( 84.19)	Lr 1.000e-03 (1.000e-03)
2025-12-20 18:21:25,265 - INFO: Epoch: [1][100/301]	Time  0.003 ( 0.006)	Loss 4.8249e-01 (5.2097e-01)	Acc pseudo  84.38 ( 84.45)	Lr 1.000e-03 (1.000e-03)
2025-12-20 18:21:25,424 - INFO: Epoch: [1][150/301]	Time  0.003 ( 0.005)	Loss 3.4375e-01 (5.2658e-01)	Acc pseudo  87.50 ( 84.88)	Lr 1.000e-03 (1.000e-03)
2025-12-20 18:21:25,575 - INFO: Epoch: [1][200/301]	Time  0.003 ( 0.004)	Loss 6.3970e-01 (5.2900e-01)	Acc pseudo  82.81 ( 84.76)	Lr 1.000e-03 (1.000e-03)
2025-12-20 18:21:25,723 - INFO: Epoch: [1][250/301]	Time  0.003 ( 0.004)	Loss 4.1245e-01 (5.3395e-01)	Acc pseudo  89.06 ( 84.49)	Lr 1.000e-03 (1.000e-03)
2025-12-20 18:21:25,862 - INFO: Epoch: [1][300/301]	Time  0.002 ( 0.004)	Loss 2.3672e-01 (5.4160e-01)	Acc pseudo  92.00 ( 84.38)	Lr 1.000e-03 (1.000e-03)
2025-12-20 18:21:25,930 - INFO: Round 3, Fine-tune Epoch 1: loss=0.5416, acc(pseudo)=84.38%
2025-12-20 18:21:37,777 - INFO: Round 3, Fine-tune Epoch 1: acc(valid_pseudo): 0.9199, acc(valid): 0.8275
2025-12-20 18:21:37,777 - INFO: Round 3, Fine-tune Epoch 1: No improvement in validation accuracy. Patience(epoch): 0/1
2025-12-20 18:21:38,025 - INFO: Epoch: [2][  0/301]	Time  0.242 ( 0.242)	Loss 5.0502e-01 (5.0502e-01)	Acc pseudo  81.25 ( 81.25)	Lr 1.000e-03 (1.000e-03)
2025-12-20 18:21:38,218 - INFO: Epoch: [2][ 50/301]	Time  0.003 ( 0.008)	Loss 4.5747e-01 (5.1739e-01)	Acc pseudo  87.50 ( 84.80)	Lr 1.000e-03 (1.000e-03)
2025-12-20 18:21:38,382 - INFO: Epoch: [2][100/301]	Time  0.003 ( 0.006)	Loss 5.9426e-01 (5.0752e-01)	Acc pseudo  82.81 ( 85.21)	Lr 1.000e-03 (1.000e-03)
2025-12-20 18:21:38,532 - INFO: Epoch: [2][150/301]	Time  0.003 ( 0.005)	Loss 5.1154e-01 (5.1678e-01)	Acc pseudo  87.50 ( 84.98)	Lr 1.000e-03 (1.000e-03)
2025-12-20 18:21:38,677 - INFO: Epoch: [2][200/301]	Time  0.003 ( 0.004)	Loss 4.9267e-01 (5.1345e-01)	Acc pseudo  85.94 ( 85.25)	Lr 1.000e-03 (1.000e-03)
2025-12-20 18:21:38,836 - INFO: Epoch: [2][250/301]	Time  0.003 ( 0.004)	Loss 6.3556e-01 (5.2074e-01)	Acc pseudo  79.69 ( 84.92)	Lr 1.000e-03 (1.000e-03)
2025-12-20 18:21:38,986 - INFO: Epoch: [2][300/301]	Time  0.002 ( 0.004)	Loss 3.4997e-01 (5.2077e-01)	Acc pseudo  92.00 ( 84.94)	Lr 1.000e-03 (1.000e-03)
2025-12-20 18:21:39,056 - INFO: Round 3, Fine-tune Epoch 2: loss=0.5208, acc(pseudo)=84.94%
2025-12-20 18:21:54,867 - INFO: Round 3, Fine-tune Epoch 2: acc(valid_pseudo): 0.9503, acc(valid): 0.8475
2025-12-20 18:21:54,868 - INFO: Round 3, Fine-tune Epoch 2: No improvement in validation accuracy. Patience(epoch): 0/1
2025-12-20 18:21:55,112 - INFO: Epoch: [3][  0/301]	Time  0.238 ( 0.238)	Loss 7.2686e-01 (7.2686e-01)	Acc pseudo  79.69 ( 79.69)	Lr 1.000e-03 (1.000e-03)
2025-12-20 18:21:55,294 - INFO: Epoch: [3][ 50/301]	Time  0.003 ( 0.008)	Loss 6.4324e-01 (4.8242e-01)	Acc pseudo  81.25 ( 86.12)	Lr 1.000e-03 (1.000e-03)
2025-12-20 18:21:55,449 - INFO: Epoch: [3][100/301]	Time  0.003 ( 0.006)	Loss 5.9670e-01 (4.9541e-01)	Acc pseudo  84.38 ( 85.50)	Lr 1.000e-03 (1.000e-03)
2025-12-20 18:21:55,605 - INFO: Epoch: [3][150/301]	Time  0.003 ( 0.005)	Loss 3.9677e-01 (4.9835e-01)	Acc pseudo  93.75 ( 85.45)	Lr 1.000e-03 (1.000e-03)
2025-12-20 18:21:55,758 - INFO: Epoch: [3][200/301]	Time  0.003 ( 0.004)	Loss 5.3876e-01 (4.9504e-01)	Acc pseudo  82.81 ( 85.53)	Lr 1.000e-03 (1.000e-03)
2025-12-20 18:21:55,908 - INFO: Epoch: [3][250/301]	Time  0.003 ( 0.004)	Loss 4.8806e-01 (5.0631e-01)	Acc pseudo  84.38 ( 85.23)	Lr 1.000e-03 (1.000e-03)
2025-12-20 18:21:56,051 - INFO: Epoch: [3][300/301]	Time  0.002 ( 0.004)	Loss 6.1366e-01 (5.0972e-01)	Acc pseudo  76.00 ( 85.03)	Lr 1.000e-03 (1.000e-03)
2025-12-20 18:21:56,117 - INFO: Round 3, Fine-tune Epoch 3: loss=0.5097, acc(pseudo)=85.03%
2025-12-20 18:22:10,496 - INFO: Round 3, Fine-tune Epoch 3: acc(valid_pseudo): 0.9579, acc(valid): 0.8400
2025-12-20 18:22:10,496 - INFO: Round 3, Fine-tune Epoch 3: No improvement in validation accuracy. Patience(epoch): 1/1
2025-12-20 18:22:10,496 - INFO: Early stopping at epoch 3 due to no improvement in validation accuracy for 1 epochs.
2025-12-20 18:22:10,497 - INFO: Round 3: Best fine-tuned epoch=0, acc(valid_pseudo)=0.9634
2025-12-20 18:22:10,558 - INFO: Using HMM model from previous round: runs/I love my family/exp_video/result/self_supervised/exp0/round2/pseudo_label/hmm_params.pkl
2025-12-20 19:02:18,403 - INFO: Round 3: acc(valid)=0.8775, acc(test)=0.8688
2025-12-20 19:02:18,408 - INFO: ====================
2025-12-20 19:02:18,408 - INFO: Round 4: Fine-tuning iteration
2025-12-20 19:02:18,408 - INFO: ====================
2025-12-20 19:02:18,417 - INFO: Round 4 Part 1: Fine-tuning embedding model
2025-12-20 19:02:18,420 - INFO: Using pseudo-label file: runs/I love my family/exp_video/result/self_supervised/exp0/round3/pseudo_label/pseudo_labels_audio_nested_hmm_full(unreliable_pp=100.0).json
2025-12-20 19:02:18,779 - INFO: Fine-tuning embedding model for 20 epochs...
2025-12-20 19:02:20,043 - INFO: Epoch: [0][  0/301]	Time  1.189 ( 1.189)	Loss 6.6107e-01 (6.6107e-01)	Acc pseudo  85.94 ( 85.94)	Lr 1.000e-03 (1.000e-03)
2025-12-20 19:02:20,268 - INFO: Epoch: [0][ 50/301]	Time  0.003 ( 0.028)	Loss 4.9814e-01 (6.0024e-01)	Acc pseudo  89.06 ( 84.80)	Lr 1.000e-03 (1.000e-03)
2025-12-20 19:02:20,456 - INFO: Epoch: [0][100/301]	Time  0.004 ( 0.016)	Loss 4.5071e-01 (5.7833e-01)	Acc pseudo  87.50 ( 84.55)	Lr 1.000e-03 (1.000e-03)
2025-12-20 19:02:20,625 - INFO: Epoch: [0][150/301]	Time  0.003 ( 0.012)	Loss 7.6131e-01 (5.6510e-01)	Acc pseudo  78.12 ( 84.26)	Lr 1.000e-03 (1.000e-03)
2025-12-20 19:02:20,778 - INFO: Epoch: [0][200/301]	Time  0.003 ( 0.009)	Loss 6.0992e-01 (5.5197e-01)	Acc pseudo  82.81 ( 84.46)	Lr 1.000e-03 (1.000e-03)
2025-12-20 19:02:20,922 - INFO: Epoch: [0][250/301]	Time  0.003 ( 0.008)	Loss 9.0361e-01 (5.6183e-01)	Acc pseudo  81.25 ( 84.29)	Lr 1.000e-03 (1.000e-03)
2025-12-20 19:02:21,061 - INFO: Epoch: [0][300/301]	Time  0.003 ( 0.007)	Loss 3.7126e-01 (5.5896e-01)	Acc pseudo  84.00 ( 84.45)	Lr 1.000e-03 (1.000e-03)
2025-12-20 19:02:21,128 - INFO: Round 4, Fine-tune Epoch 0: loss=0.5590, acc(pseudo)=84.45%
2025-12-20 19:02:33,167 - INFO: Round 4, Fine-tune Epoch 0: acc(valid_pseudo): 0.9523, acc(valid): 0.8250
2025-12-20 19:02:37,859 - INFO: Epoch: [1][  0/301]	Time  0.244 ( 0.244)	Loss 1.0126e+00 (1.0126e+00)	Acc pseudo  73.44 ( 73.44)	Lr 1.000e-03 (1.000e-03)
2025-12-20 19:02:38,030 - INFO: Epoch: [1][ 50/301]	Time  0.003 ( 0.008)	Loss 3.6642e-01 (5.1704e-01)	Acc pseudo  87.50 ( 84.71)	Lr 1.000e-03 (1.000e-03)
2025-12-20 19:02:38,181 - INFO: Epoch: [1][100/301]	Time  0.003 ( 0.006)	Loss 4.7969e-01 (5.1084e-01)	Acc pseudo  87.50 ( 85.15)	Lr 1.000e-03 (1.000e-03)
2025-12-20 19:02:38,333 - INFO: Epoch: [1][150/301]	Time  0.003 ( 0.005)	Loss 4.2373e-01 (5.0765e-01)	Acc pseudo  85.94 ( 85.41)	Lr 1.000e-03 (1.000e-03)
2025-12-20 19:02:38,483 - INFO: Epoch: [1][200/301]	Time  0.003 ( 0.004)	Loss 5.9393e-01 (5.1023e-01)	Acc pseudo  81.25 ( 85.25)	Lr 1.000e-03 (1.000e-03)
2025-12-20 19:02:38,634 - INFO: Epoch: [1][250/301]	Time  0.004 ( 0.004)	Loss 4.5449e-01 (5.2064e-01)	Acc pseudo  89.06 ( 84.99)	Lr 1.000e-03 (1.000e-03)
2025-12-20 19:02:38,782 - INFO: Epoch: [1][300/301]	Time  0.002 ( 0.004)	Loss 3.4643e-01 (5.2505e-01)	Acc pseudo  92.00 ( 84.87)	Lr 1.000e-03 (1.000e-03)
2025-12-20 19:02:38,848 - INFO: Round 4, Fine-tune Epoch 1: loss=0.5251, acc(pseudo)=84.87%
2025-12-20 19:02:51,166 - INFO: Round 4, Fine-tune Epoch 1: acc(valid_pseudo): 0.9476, acc(valid): 0.8525
2025-12-20 19:02:51,166 - INFO: Round 4, Fine-tune Epoch 1: No improvement in validation accuracy. Patience(epoch): 0/1
2025-12-20 19:02:51,409 - INFO: Epoch: [2][  0/301]	Time  0.238 ( 0.238)	Loss 4.7618e-01 (4.7618e-01)	Acc pseudo  84.38 ( 84.38)	Lr 1.000e-03 (1.000e-03)
2025-12-20 19:02:51,582 - INFO: Epoch: [2][ 50/301]	Time  0.003 ( 0.008)	Loss 6.0526e-01 (5.0515e-01)	Acc pseudo  92.19 ( 85.32)	Lr 1.000e-03 (1.000e-03)
2025-12-20 19:02:51,775 - INFO: Epoch: [2][100/301]	Time  0.004 ( 0.006)	Loss 6.4654e-01 (4.8585e-01)	Acc pseudo  81.25 ( 85.95)	Lr 1.000e-03 (1.000e-03)
2025-12-20 19:02:51,977 - INFO: Epoch: [2][150/301]	Time  0.004 ( 0.005)	Loss 3.5644e-01 (4.8806e-01)	Acc pseudo  84.38 ( 85.64)	Lr 1.000e-03 (1.000e-03)
2025-12-20 19:02:52,145 - INFO: Epoch: [2][200/301]	Time  0.003 ( 0.005)	Loss 4.5398e-01 (4.8452e-01)	Acc pseudo  87.50 ( 85.90)	Lr 1.000e-03 (1.000e-03)
2025-12-20 19:02:52,312 - INFO: Epoch: [2][250/301]	Time  0.003 ( 0.004)	Loss 3.2751e-01 (4.9320e-01)	Acc pseudo  89.06 ( 85.64)	Lr 1.000e-03 (1.000e-03)
2025-12-20 19:02:52,473 - INFO: Epoch: [2][300/301]	Time  0.002 ( 0.004)	Loss 1.9117e-01 (4.9785e-01)	Acc pseudo  92.00 ( 85.54)	Lr 1.000e-03 (1.000e-03)
2025-12-20 19:02:52,543 - INFO: Round 4, Fine-tune Epoch 2: loss=0.4979, acc(pseudo)=85.54%
2025-12-20 19:03:07,875 - INFO: Round 4, Fine-tune Epoch 2: acc(valid_pseudo): 0.9055, acc(valid): 0.8375
2025-12-20 19:03:07,875 - INFO: Round 4, Fine-tune Epoch 2: No improvement in validation accuracy. Patience(epoch): 0/1
2025-12-20 19:03:08,120 - INFO: Epoch: [3][  0/301]	Time  0.240 ( 0.240)	Loss 8.6856e-01 (8.6856e-01)	Acc pseudo  76.56 ( 76.56)	Lr 1.000e-03 (1.000e-03)
2025-12-20 19:03:08,302 - INFO: Epoch: [3][ 50/301]	Time  0.003 ( 0.008)	Loss 5.3775e-01 (4.4705e-01)	Acc pseudo  79.69 ( 86.83)	Lr 1.000e-03 (1.000e-03)
2025-12-20 19:03:08,461 - INFO: Epoch: [3][100/301]	Time  0.003 ( 0.006)	Loss 5.6761e-01 (4.6251e-01)	Acc pseudo  81.25 ( 86.32)	Lr 1.000e-03 (1.000e-03)
2025-12-20 19:03:08,613 - INFO: Epoch: [3][150/301]	Time  0.003 ( 0.005)	Loss 4.0519e-01 (4.7256e-01)	Acc pseudo  89.06 ( 86.55)	Lr 1.000e-03 (1.000e-03)
2025-12-20 19:03:08,758 - INFO: Epoch: [3][200/301]	Time  0.003 ( 0.004)	Loss 4.7791e-01 (4.7534e-01)	Acc pseudo  85.94 ( 86.22)	Lr 1.000e-03 (1.000e-03)
2025-12-20 19:03:08,904 - INFO: Epoch: [3][250/301]	Time  0.003 ( 0.004)	Loss 8.8505e-01 (4.7862e-01)	Acc pseudo  84.38 ( 86.06)	Lr 1.000e-03 (1.000e-03)
2025-12-20 19:03:09,046 - INFO: Epoch: [3][300/301]	Time  0.002 ( 0.004)	Loss 6.4393e-01 (4.8097e-01)	Acc pseudo  76.00 ( 85.84)	Lr 1.000e-03 (1.000e-03)
2025-12-20 19:03:09,115 - INFO: Round 4, Fine-tune Epoch 3: loss=0.4810, acc(pseudo)=85.84%
2025-12-20 19:03:23,680 - INFO: Round 4, Fine-tune Epoch 3: acc(valid_pseudo): 0.9526, acc(valid): 0.8350
2025-12-20 19:03:28,226 - INFO: Epoch: [4][  0/301]	Time  0.251 ( 0.251)	Loss 4.0949e-01 (4.0949e-01)	Acc pseudo  84.38 ( 84.38)	Lr 1.000e-03 (1.000e-03)
2025-12-20 19:03:28,388 - INFO: Epoch: [4][ 50/301]	Time  0.003 ( 0.008)	Loss 5.6448e-01 (5.2887e-01)	Acc pseudo  82.81 ( 85.08)	Lr 1.000e-03 (1.000e-03)
2025-12-20 19:03:28,538 - INFO: Epoch: [4][100/301]	Time  0.003 ( 0.005)	Loss 4.3342e-01 (5.2246e-01)	Acc pseudo  92.19 ( 84.98)	Lr 1.000e-03 (1.000e-03)
2025-12-20 19:03:28,686 - INFO: Epoch: [4][150/301]	Time  0.003 ( 0.005)	Loss 3.1407e-01 (5.1057e-01)	Acc pseudo  85.94 ( 85.18)	Lr 1.000e-03 (1.000e-03)
2025-12-20 19:03:28,830 - INFO: Epoch: [4][200/301]	Time  0.003 ( 0.004)	Loss 6.0244e-01 (5.2628e-01)	Acc pseudo  82.81 ( 84.84)	Lr 1.000e-03 (1.000e-03)
2025-12-20 19:03:28,976 - INFO: Epoch: [4][250/301]	Time  0.003 ( 0.004)	Loss 4.6582e-01 (5.3779e-01)	Acc pseudo  84.38 ( 84.69)	Lr 1.000e-03 (1.000e-03)
2025-12-20 19:03:29,116 - INFO: Epoch: [4][300/301]	Time  0.002 ( 0.004)	Loss 4.3635e-01 (5.3406e-01)	Acc pseudo  88.00 ( 84.73)	Lr 1.000e-03 (1.000e-03)
2025-12-20 19:03:29,185 - INFO: Round 4, Fine-tune Epoch 4: loss=0.5341, acc(pseudo)=84.73%
2025-12-20 19:03:40,919 - INFO: Round 4, Fine-tune Epoch 4: acc(valid_pseudo): 0.9374, acc(valid): 0.8575
2025-12-20 19:03:40,919 - INFO: Round 4, Fine-tune Epoch 4: No improvement in validation accuracy. Patience(epoch): 1/1
2025-12-20 19:03:40,920 - INFO: Early stopping at epoch 4 due to no improvement in validation accuracy for 1 epochs.
2025-12-20 19:03:40,921 - INFO: Round 4: Best fine-tuned epoch=3, acc(valid_pseudo)=0.9526
2025-12-20 19:03:40,970 - INFO: Using HMM model from previous round: runs/I love my family/exp_video/result/self_supervised/exp0/round3/pseudo_label/hmm_params.pkl
2025-12-20 19:47:00,001 - INFO: Round 4: acc(valid)=0.8600, acc(test)=0.8625
2025-12-20 19:47:00,006 - INFO: ====================
2025-12-20 19:47:00,006 - INFO: Round 5: Fine-tuning iteration
2025-12-20 19:47:00,006 - INFO: ====================
2025-12-20 19:47:00,015 - INFO: Round 5 Part 1: Fine-tuning embedding model
2025-12-20 19:47:00,018 - INFO: Using pseudo-label file: runs/I love my family/exp_video/result/self_supervised/exp0/round4/pseudo_label/pseudo_labels_audio_nested_hmm_full(unreliable_pp=100.0).json
2025-12-20 19:47:00,179 - INFO: Fine-tuning embedding model for 20 epochs...
2025-12-20 19:47:00,542 - INFO: Epoch: [0][  0/301]	Time  0.354 ( 0.354)	Loss 5.4324e-01 (5.4324e-01)	Acc pseudo  84.38 ( 84.38)	Lr 1.000e-03 (1.000e-03)
2025-12-20 19:47:00,763 - INFO: Epoch: [0][ 50/301]	Time  0.004 ( 0.011)	Loss 4.2646e-01 (5.5779e-01)	Acc pseudo  87.50 ( 85.72)	Lr 1.000e-03 (1.000e-03)
2025-12-20 19:47:00,948 - INFO: Epoch: [0][100/301]	Time  0.004 ( 0.007)	Loss 4.4461e-01 (5.3601e-01)	Acc pseudo  92.19 ( 85.40)	Lr 1.000e-03 (1.000e-03)
2025-12-20 19:47:01,154 - INFO: Epoch: [0][150/301]	Time  0.004 ( 0.006)	Loss 5.0690e-01 (5.4587e-01)	Acc pseudo  81.25 ( 84.96)	Lr 1.000e-03 (1.000e-03)
2025-12-20 19:47:01,336 - INFO: Epoch: [0][200/301]	Time  0.003 ( 0.006)	Loss 5.2732e-01 (5.4531e-01)	Acc pseudo  85.94 ( 85.02)	Lr 1.000e-03 (1.000e-03)
2025-12-20 19:47:01,490 - INFO: Epoch: [0][250/301]	Time  0.003 ( 0.005)	Loss 6.7309e-01 (5.6713e-01)	Acc pseudo  81.25 ( 84.66)	Lr 1.000e-03 (1.000e-03)
2025-12-20 19:47:01,628 - INFO: Epoch: [0][300/301]	Time  0.002 ( 0.005)	Loss 3.1132e-01 (5.6881e-01)	Acc pseudo  92.00 ( 84.68)	Lr 1.000e-03 (1.000e-03)
2025-12-20 19:47:01,697 - INFO: Round 5, Fine-tune Epoch 0: loss=0.5688, acc(pseudo)=84.68%
2025-12-20 19:47:15,537 - INFO: Round 5, Fine-tune Epoch 0: acc(valid_pseudo): 0.9351, acc(valid): 0.8175
2025-12-20 19:47:20,337 - INFO: Epoch: [1][  0/301]	Time  0.256 ( 0.256)	Loss 6.9980e-01 (6.9980e-01)	Acc pseudo  78.12 ( 78.12)	Lr 1.000e-03 (1.000e-03)
2025-12-20 19:47:20,513 - INFO: Epoch: [1][ 50/301]	Time  0.003 ( 0.008)	Loss 4.9937e-01 (4.9717e-01)	Acc pseudo  84.38 ( 85.66)	Lr 1.000e-03 (1.000e-03)
2025-12-20 19:47:20,679 - INFO: Epoch: [1][100/301]	Time  0.004 ( 0.006)	Loss 4.3100e-01 (4.9859e-01)	Acc pseudo  87.50 ( 85.88)	Lr 1.000e-03 (1.000e-03)
2025-12-20 19:47:20,883 - INFO: Epoch: [1][150/301]	Time  0.004 ( 0.005)	Loss 5.4432e-01 (5.0434e-01)	Acc pseudo  78.12 ( 85.81)	Lr 1.000e-03 (1.000e-03)
2025-12-20 19:47:21,036 - INFO: Epoch: [1][200/301]	Time  0.003 ( 0.005)	Loss 4.9230e-01 (5.0827e-01)	Acc pseudo  87.50 ( 85.79)	Lr 1.000e-03 (1.000e-03)
2025-12-20 19:47:21,182 - INFO: Epoch: [1][250/301]	Time  0.003 ( 0.004)	Loss 3.6499e-01 (5.1600e-01)	Acc pseudo  89.06 ( 85.40)	Lr 1.000e-03 (1.000e-03)
2025-12-20 19:47:21,322 - INFO: Epoch: [1][300/301]	Time  0.002 ( 0.004)	Loss 1.2967e-01 (5.1496e-01)	Acc pseudo 100.00 ( 85.41)	Lr 1.000e-03 (1.000e-03)
2025-12-20 19:47:21,392 - INFO: Round 5, Fine-tune Epoch 1: loss=0.5150, acc(pseudo)=85.41%
2025-12-20 19:47:34,017 - INFO: Round 5, Fine-tune Epoch 1: acc(valid_pseudo): 0.9204, acc(valid): 0.8050
2025-12-20 19:47:34,017 - INFO: Round 5, Fine-tune Epoch 1: No improvement in validation accuracy. Patience(epoch): 0/1
2025-12-20 19:47:34,267 - INFO: Epoch: [2][  0/301]	Time  0.245 ( 0.245)	Loss 5.6556e-01 (5.6556e-01)	Acc pseudo  81.25 ( 81.25)	Lr 1.000e-03 (1.000e-03)
2025-12-20 19:47:34,455 - INFO: Epoch: [2][ 50/301]	Time  0.003 ( 0.008)	Loss 2.8373e-01 (4.6246e-01)	Acc pseudo  95.31 ( 86.46)	Lr 1.000e-03 (1.000e-03)
2025-12-20 19:47:34,612 - INFO: Epoch: [2][100/301]	Time  0.003 ( 0.006)	Loss 5.7749e-01 (4.6443e-01)	Acc pseudo  79.69 ( 86.59)	Lr 1.000e-03 (1.000e-03)
2025-12-20 19:47:34,764 - INFO: Epoch: [2][150/301]	Time  0.003 ( 0.005)	Loss 3.8019e-01 (4.8682e-01)	Acc pseudo  87.50 ( 86.06)	Lr 1.000e-03 (1.000e-03)
2025-12-20 19:47:34,910 - INFO: Epoch: [2][200/301]	Time  0.003 ( 0.004)	Loss 7.7036e-01 (4.7897e-01)	Acc pseudo  89.06 ( 86.37)	Lr 1.000e-03 (1.000e-03)
2025-12-20 19:47:35,060 - INFO: Epoch: [2][250/301]	Time  0.003 ( 0.004)	Loss 4.6719e-01 (4.9784e-01)	Acc pseudo  85.94 ( 85.93)	Lr 1.000e-03 (1.000e-03)
2025-12-20 19:47:35,205 - INFO: Epoch: [2][300/301]	Time  0.002 ( 0.004)	Loss 5.1995e-01 (4.9602e-01)	Acc pseudo  92.00 ( 85.93)	Lr 1.000e-03 (1.000e-03)
2025-12-20 19:47:35,273 - INFO: Round 5, Fine-tune Epoch 2: loss=0.4960, acc(pseudo)=85.93%
2025-12-20 19:47:47,147 - INFO: Round 5, Fine-tune Epoch 2: acc(valid_pseudo): 0.9576, acc(valid): 0.8450
2025-12-20 19:47:51,688 - INFO: Epoch: [3][  0/301]	Time  0.238 ( 0.238)	Loss 5.1308e-01 (5.1308e-01)	Acc pseudo  79.69 ( 79.69)	Lr 1.000e-03 (1.000e-03)
2025-12-20 19:47:51,860 - INFO: Epoch: [3][ 50/301]	Time  0.003 ( 0.008)	Loss 7.2366e-01 (4.1514e-01)	Acc pseudo  78.12 ( 87.96)	Lr 1.000e-03 (1.000e-03)
2025-12-20 19:47:52,012 - INFO: Epoch: [3][100/301]	Time  0.003 ( 0.005)	Loss 3.6126e-01 (4.5036e-01)	Acc pseudo  89.06 ( 87.02)	Lr 1.000e-03 (1.000e-03)
2025-12-20 19:47:52,164 - INFO: Epoch: [3][150/301]	Time  0.003 ( 0.005)	Loss 4.9773e-01 (4.6703e-01)	Acc pseudo  85.94 ( 86.80)	Lr 1.000e-03 (1.000e-03)
2025-12-20 19:47:52,309 - INFO: Epoch: [3][200/301]	Time  0.003 ( 0.004)	Loss 4.2001e-01 (4.7259e-01)	Acc pseudo  90.62 ( 86.57)	Lr 1.000e-03 (1.000e-03)
2025-12-20 19:47:52,453 - INFO: Epoch: [3][250/301]	Time  0.003 ( 0.004)	Loss 5.6999e-01 (4.7523e-01)	Acc pseudo  81.25 ( 86.40)	Lr 1.000e-03 (1.000e-03)
2025-12-20 19:47:52,593 - INFO: Epoch: [3][300/301]	Time  0.002 ( 0.004)	Loss 3.5239e-01 (4.7840e-01)	Acc pseudo  88.00 ( 86.21)	Lr 1.000e-03 (1.000e-03)
2025-12-20 19:47:52,659 - INFO: Round 5, Fine-tune Epoch 3: loss=0.4784, acc(pseudo)=86.21%
2025-12-20 19:48:10,075 - INFO: Round 5, Fine-tune Epoch 3: acc(valid_pseudo): 0.9433, acc(valid): 0.8250
2025-12-20 19:48:10,075 - INFO: Round 5, Fine-tune Epoch 3: No improvement in validation accuracy. Patience(epoch): 1/1
2025-12-20 19:48:10,075 - INFO: Early stopping at epoch 3 due to no improvement in validation accuracy for 1 epochs.
2025-12-20 19:48:10,076 - INFO: Round 5: Best fine-tuned epoch=2, acc(valid_pseudo)=0.9576
2025-12-20 19:48:10,129 - INFO: Using HMM model from previous round: runs/I love my family/exp_video/result/self_supervised/exp0/round4/pseudo_label/hmm_params.pkl
2025-12-20 20:25:32,072 - INFO: Round 5: acc(valid)=0.8750, acc(test)=0.8619
2025-12-20 20:25:32,076 - INFO: ====================
2025-12-20 20:25:32,076 - INFO: Round 6: Fine-tuning iteration
2025-12-20 20:25:32,076 - INFO: ====================
2025-12-20 20:25:32,088 - INFO: Round 6 Part 1: Fine-tuning embedding model
2025-12-20 20:25:32,092 - INFO: Using pseudo-label file: runs/I love my family/exp_video/result/self_supervised/exp0/round5/pseudo_label/pseudo_labels_audio_nested_hmm_full(unreliable_pp=100.0).json
2025-12-20 20:25:32,464 - INFO: Fine-tuning embedding model for 20 epochs...
2025-12-20 20:25:33,461 - INFO: Epoch: [0][  0/301]	Time  0.916 ( 0.916)	Loss 4.3454e-01 (4.3454e-01)	Acc pseudo  90.62 ( 90.62)	Lr 1.000e-03 (1.000e-03)
2025-12-20 20:25:33,648 - INFO: Epoch: [0][ 50/301]	Time  0.004 ( 0.022)	Loss 3.8190e-01 (4.3605e-01)	Acc pseudo  87.50 ( 87.35)	Lr 1.000e-03 (1.000e-03)
2025-12-20 20:25:33,817 - INFO: Epoch: [0][100/301]	Time  0.003 ( 0.013)	Loss 4.2660e-01 (4.6920e-01)	Acc pseudo  89.06 ( 87.10)	Lr 1.000e-03 (1.000e-03)
2025-12-20 20:25:34,004 - INFO: Epoch: [0][150/301]	Time  0.004 ( 0.010)	Loss 8.9106e-01 (4.8363e-01)	Acc pseudo  78.12 ( 86.36)	Lr 1.000e-03 (1.000e-03)
2025-12-20 20:25:34,202 - INFO: Epoch: [0][200/301]	Time  0.003 ( 0.008)	Loss 4.6422e-01 (4.7033e-01)	Acc pseudo  87.50 ( 86.39)	Lr 1.000e-03 (1.000e-03)
2025-12-20 20:25:34,361 - INFO: Epoch: [0][250/301]	Time  0.003 ( 0.007)	Loss 4.0393e-01 (4.7588e-01)	Acc pseudo  85.94 ( 86.36)	Lr 1.000e-03 (1.000e-03)
2025-12-20 20:25:34,514 - INFO: Epoch: [0][300/301]	Time  0.003 ( 0.006)	Loss 1.8542e-01 (4.7755e-01)	Acc pseudo  96.00 ( 86.53)	Lr 1.000e-03 (1.000e-03)
2025-12-20 20:25:34,585 - INFO: Round 6, Fine-tune Epoch 0: loss=0.4776, acc(pseudo)=86.53%
2025-12-20 20:25:49,323 - INFO: Round 6, Fine-tune Epoch 0: acc(valid_pseudo): 0.9523, acc(valid): 0.8400
2025-12-20 20:25:53,932 - INFO: Epoch: [1][  0/301]	Time  0.256 ( 0.256)	Loss 7.3143e-01 (7.3143e-01)	Acc pseudo  78.12 ( 78.12)	Lr 1.000e-03 (1.000e-03)
2025-12-20 20:25:54,124 - INFO: Epoch: [1][ 50/301]	Time  0.004 ( 0.009)	Loss 3.1706e-01 (4.0272e-01)	Acc pseudo  87.50 ( 88.33)	Lr 1.000e-03 (1.000e-03)
2025-12-20 20:25:54,330 - INFO: Epoch: [1][100/301]	Time  0.004 ( 0.006)	Loss 4.0275e-01 (4.3376e-01)	Acc pseudo  89.06 ( 87.59)	Lr 1.000e-03 (1.000e-03)
2025-12-20 20:25:54,533 - INFO: Epoch: [1][150/301]	Time  0.004 ( 0.006)	Loss 4.5554e-01 (4.2964e-01)	Acc pseudo  79.69 ( 87.31)	Lr 1.000e-03 (1.000e-03)
2025-12-20 20:25:54,728 - INFO: Epoch: [1][200/301]	Time  0.004 ( 0.005)	Loss 3.3736e-01 (4.3759e-01)	Acc pseudo  90.62 ( 87.27)	Lr 1.000e-03 (1.000e-03)
2025-12-20 20:25:54,895 - INFO: Epoch: [1][250/301]	Time  0.003 ( 0.005)	Loss 3.4767e-01 (4.4182e-01)	Acc pseudo  85.94 ( 87.04)	Lr 1.000e-03 (1.000e-03)
2025-12-20 20:25:55,039 - INFO: Epoch: [1][300/301]	Time  0.002 ( 0.004)	Loss 1.1226e-01 (4.4178e-01)	Acc pseudo  92.00 ( 87.03)	Lr 1.000e-03 (1.000e-03)
2025-12-20 20:25:55,110 - INFO: Round 6, Fine-tune Epoch 1: loss=0.4418, acc(pseudo)=87.03%
2025-12-20 20:26:08,593 - INFO: Round 6, Fine-tune Epoch 1: acc(valid_pseudo): 0.9149, acc(valid): 0.8150
2025-12-20 20:26:08,594 - INFO: Round 6, Fine-tune Epoch 1: No improvement in validation accuracy. Patience(epoch): 0/1
2025-12-20 20:26:08,839 - INFO: Epoch: [2][  0/301]	Time  0.240 ( 0.240)	Loss 4.8881e-01 (4.8881e-01)	Acc pseudo  82.81 ( 82.81)	Lr 1.000e-03 (1.000e-03)
2025-12-20 20:26:09,020 - INFO: Epoch: [2][ 50/301]	Time  0.004 ( 0.008)	Loss 2.6089e-01 (4.2759e-01)	Acc pseudo  92.19 ( 86.31)	Lr 1.000e-03 (1.000e-03)
2025-12-20 20:26:09,181 - INFO: Epoch: [2][100/301]	Time  0.003 ( 0.006)	Loss 5.2322e-01 (4.1553e-01)	Acc pseudo  85.94 ( 87.00)	Lr 1.000e-03 (1.000e-03)
2025-12-20 20:26:09,333 - INFO: Epoch: [2][150/301]	Time  0.003 ( 0.005)	Loss 5.0647e-01 (4.1803e-01)	Acc pseudo  90.62 ( 87.23)	Lr 1.000e-03 (1.000e-03)
2025-12-20 20:26:09,494 - INFO: Epoch: [2][200/301]	Time  0.003 ( 0.004)	Loss 3.4543e-01 (4.1567e-01)	Acc pseudo  90.62 ( 87.41)	Lr 1.000e-03 (1.000e-03)
2025-12-20 20:26:09,650 - INFO: Epoch: [2][250/301]	Time  0.003 ( 0.004)	Loss 3.5136e-01 (4.2616e-01)	Acc pseudo  89.06 ( 87.23)	Lr 1.000e-03 (1.000e-03)
2025-12-20 20:26:09,799 - INFO: Epoch: [2][300/301]	Time  0.002 ( 0.004)	Loss 2.5501e-01 (4.2865e-01)	Acc pseudo  92.00 ( 87.29)	Lr 1.000e-03 (1.000e-03)
2025-12-20 20:26:09,869 - INFO: Round 6, Fine-tune Epoch 2: loss=0.4287, acc(pseudo)=87.29%
2025-12-20 20:26:25,140 - INFO: Round 6, Fine-tune Epoch 2: acc(valid_pseudo): 0.9520, acc(valid): 0.8300
2025-12-20 20:26:25,141 - INFO: Round 6, Fine-tune Epoch 2: No improvement in validation accuracy. Patience(epoch): 0/1
2025-12-20 20:26:25,387 - INFO: Epoch: [3][  0/301]	Time  0.241 ( 0.241)	Loss 3.7549e-01 (3.7549e-01)	Acc pseudo  82.81 ( 82.81)	Lr 1.000e-03 (1.000e-03)
2025-12-20 20:26:25,568 - INFO: Epoch: [3][ 50/301]	Time  0.003 ( 0.008)	Loss 5.1159e-01 (3.9685e-01)	Acc pseudo  85.94 ( 89.06)	Lr 1.000e-03 (1.000e-03)
2025-12-20 20:26:25,720 - INFO: Epoch: [3][100/301]	Time  0.003 ( 0.006)	Loss 2.8790e-01 (4.0466e-01)	Acc pseudo  92.19 ( 88.23)	Lr 1.000e-03 (1.000e-03)
2025-12-20 20:26:25,873 - INFO: Epoch: [3][150/301]	Time  0.003 ( 0.005)	Loss 3.8603e-01 (4.0842e-01)	Acc pseudo  85.94 ( 88.25)	Lr 1.000e-03 (1.000e-03)
2025-12-20 20:26:26,023 - INFO: Epoch: [3][200/301]	Time  0.003 ( 0.004)	Loss 3.9944e-01 (4.1456e-01)	Acc pseudo  89.06 ( 87.99)	Lr 1.000e-03 (1.000e-03)
2025-12-20 20:26:26,171 - INFO: Epoch: [3][250/301]	Time  0.003 ( 0.004)	Loss 5.0867e-01 (4.1342e-01)	Acc pseudo  87.50 ( 87.95)	Lr 1.000e-03 (1.000e-03)
2025-12-20 20:26:26,312 - INFO: Epoch: [3][300/301]	Time  0.002 ( 0.004)	Loss 2.6415e-01 (4.1148e-01)	Acc pseudo  88.00 ( 87.80)	Lr 1.000e-03 (1.000e-03)
2025-12-20 20:26:26,378 - INFO: Round 6, Fine-tune Epoch 3: loss=0.4115, acc(pseudo)=87.80%
2025-12-20 20:26:40,276 - INFO: Round 6, Fine-tune Epoch 3: acc(valid_pseudo): 0.9637, acc(valid): 0.8325
2025-12-20 20:26:44,789 - INFO: Epoch: [4][  0/301]	Time  0.233 ( 0.233)	Loss 5.9830e-01 (5.9830e-01)	Acc pseudo  79.69 ( 79.69)	Lr 1.000e-03 (1.000e-03)
2025-12-20 20:26:44,959 - INFO: Epoch: [4][ 50/301]	Time  0.003 ( 0.008)	Loss 5.4006e-01 (4.7829e-01)	Acc pseudo  81.25 ( 86.31)	Lr 1.000e-03 (1.000e-03)
2025-12-20 20:26:45,112 - INFO: Epoch: [4][100/301]	Time  0.003 ( 0.005)	Loss 3.8291e-01 (4.5821e-01)	Acc pseudo  89.06 ( 86.31)	Lr 1.000e-03 (1.000e-03)
2025-12-20 20:26:45,268 - INFO: Epoch: [4][150/301]	Time  0.003 ( 0.005)	Loss 3.0614e-01 (4.5179e-01)	Acc pseudo  87.50 ( 86.54)	Lr 1.000e-03 (1.000e-03)
2025-12-20 20:26:45,412 - INFO: Epoch: [4][200/301]	Time  0.003 ( 0.004)	Loss 4.5617e-01 (4.5827e-01)	Acc pseudo  85.94 ( 86.62)	Lr 1.000e-03 (1.000e-03)
2025-12-20 20:26:45,553 - INFO: Epoch: [4][250/301]	Time  0.003 ( 0.004)	Loss 3.9740e-01 (4.6602e-01)	Acc pseudo  82.81 ( 86.32)	Lr 1.000e-03 (1.000e-03)
2025-12-20 20:26:45,740 - INFO: Epoch: [4][300/301]	Time  0.003 ( 0.004)	Loss 4.2447e-01 (4.6500e-01)	Acc pseudo  88.00 ( 86.35)	Lr 1.000e-03 (1.000e-03)
2025-12-20 20:26:45,804 - INFO: Round 6, Fine-tune Epoch 4: loss=0.4650, acc(pseudo)=86.35%
2025-12-20 20:26:57,482 - INFO: Round 6, Fine-tune Epoch 4: acc(valid_pseudo): 0.9476, acc(valid): 0.8325
2025-12-20 20:26:57,482 - INFO: Round 6, Fine-tune Epoch 4: No improvement in validation accuracy. Patience(epoch): 1/1
2025-12-20 20:26:57,482 - INFO: Early stopping at epoch 4 due to no improvement in validation accuracy for 1 epochs.
2025-12-20 20:26:57,483 - INFO: Round 6: Best fine-tuned epoch=3, acc(valid_pseudo)=0.9637
2025-12-20 20:26:57,534 - INFO: Using HMM model from previous round: runs/I love my family/exp_video/result/self_supervised/exp0/round5/pseudo_label/hmm_params.pkl
2025-12-20 21:43:54,727 - INFO: Round 6: acc(valid)=0.8775, acc(test)=0.8581
2025-12-20 21:43:54,738 - INFO: ====================
2025-12-20 21:43:54,738 - INFO: Round 7: Fine-tuning iteration
2025-12-20 21:43:54,738 - INFO: ====================
2025-12-20 21:43:54,761 - INFO: Round 7 Part 1: Fine-tuning embedding model
2025-12-20 21:43:54,764 - INFO: Using pseudo-label file: runs/I love my family/exp_video/result/self_supervised/exp0/round6/pseudo_label/pseudo_labels_audio_nested_hmm_full(unreliable_pp=100.0).json
2025-12-20 21:43:55,147 - INFO: Fine-tuning embedding model for 20 epochs...
2025-12-20 21:43:56,615 - INFO: Epoch: [0][  0/301]	Time  1.367 ( 1.367)	Loss 5.9577e-01 (5.9577e-01)	Acc pseudo  87.50 ( 87.50)	Lr 1.000e-03 (1.000e-03)
2025-12-20 21:43:56,791 - INFO: Epoch: [0][ 50/301]	Time  0.003 ( 0.030)	Loss 4.6412e-01 (4.6163e-01)	Acc pseudo  84.38 ( 87.93)	Lr 1.000e-03 (1.000e-03)
2025-12-20 21:43:56,943 - INFO: Epoch: [0][100/301]	Time  0.003 ( 0.017)	Loss 2.0538e-01 (4.3977e-01)	Acc pseudo  92.19 ( 88.15)	Lr 1.000e-03 (1.000e-03)
2025-12-20 21:43:57,103 - INFO: Epoch: [0][150/301]	Time  0.003 ( 0.012)	Loss 4.6802e-01 (4.4749e-01)	Acc pseudo  84.38 ( 87.59)	Lr 1.000e-03 (1.000e-03)
2025-12-20 21:43:57,263 - INFO: Epoch: [0][200/301]	Time  0.003 ( 0.010)	Loss 3.3444e-01 (4.4534e-01)	Acc pseudo  93.75 ( 87.55)	Lr 1.000e-03 (1.000e-03)
2025-12-20 21:43:57,411 - INFO: Epoch: [0][250/301]	Time  0.003 ( 0.009)	Loss 4.0096e-01 (4.6028e-01)	Acc pseudo  87.50 ( 87.29)	Lr 1.000e-03 (1.000e-03)
2025-12-20 21:43:57,557 - INFO: Epoch: [0][300/301]	Time  0.004 ( 0.008)	Loss 2.2827e-01 (4.5753e-01)	Acc pseudo  92.00 ( 87.26)	Lr 1.000e-03 (1.000e-03)
2025-12-20 21:43:57,624 - INFO: Round 7, Fine-tune Epoch 0: loss=0.4575, acc(pseudo)=87.26%
2025-12-20 21:44:10,567 - INFO: Round 7, Fine-tune Epoch 0: acc(valid_pseudo): 0.9573, acc(valid): 0.8500
2025-12-20 21:44:17,678 - INFO: Epoch: [1][  0/301]	Time  0.367 ( 0.367)	Loss 6.8714e-01 (6.8714e-01)	Acc pseudo  79.69 ( 79.69)	Lr 1.000e-03 (1.000e-03)
2025-12-20 21:44:17,889 - INFO: Epoch: [1][ 50/301]	Time  0.003 ( 0.011)	Loss 2.0413e-01 (4.1314e-01)	Acc pseudo  93.75 ( 88.08)	Lr 1.000e-03 (1.000e-03)
2025-12-20 21:44:18,103 - INFO: Epoch: [1][100/301]	Time  0.004 ( 0.008)	Loss 3.1666e-01 (4.1706e-01)	Acc pseudo  92.19 ( 88.12)	Lr 1.000e-03 (1.000e-03)
2025-12-20 21:44:18,278 - INFO: Epoch: [1][150/301]	Time  0.003 ( 0.006)	Loss 4.3854e-01 (4.1871e-01)	Acc pseudo  82.81 ( 88.18)	Lr 1.000e-03 (1.000e-03)
2025-12-20 21:44:18,450 - INFO: Epoch: [1][200/301]	Time  0.003 ( 0.006)	Loss 3.8829e-01 (4.1376e-01)	Acc pseudo  90.62 ( 88.08)	Lr 1.000e-03 (1.000e-03)
2025-12-20 21:44:18,608 - INFO: Epoch: [1][250/301]	Time  0.003 ( 0.005)	Loss 2.9787e-01 (4.1893e-01)	Acc pseudo  89.06 ( 87.86)	Lr 1.000e-03 (1.000e-03)
2025-12-20 21:44:18,748 - INFO: Epoch: [1][300/301]	Time  0.002 ( 0.005)	Loss 1.8781e-01 (4.2190e-01)	Acc pseudo  96.00 ( 87.89)	Lr 1.000e-03 (1.000e-03)
2025-12-20 21:44:18,815 - INFO: Round 7, Fine-tune Epoch 1: loss=0.4219, acc(pseudo)=87.89%
2025-12-20 21:44:32,725 - INFO: Round 7, Fine-tune Epoch 1: acc(valid_pseudo): 0.9646, acc(valid): 0.8500
2025-12-20 21:44:37,255 - INFO: Epoch: [2][  0/301]	Time  0.236 ( 0.236)	Loss 4.6994e-01 (4.6994e-01)	Acc pseudo  89.06 ( 89.06)	Lr 1.000e-03 (1.000e-03)
2025-12-20 21:44:37,432 - INFO: Epoch: [2][ 50/301]	Time  0.003 ( 0.008)	Loss 3.0434e-01 (3.7241e-01)	Acc pseudo  90.62 ( 88.54)	Lr 1.000e-03 (1.000e-03)
2025-12-20 21:44:37,588 - INFO: Epoch: [2][100/301]	Time  0.003 ( 0.006)	Loss 3.3039e-01 (3.7389e-01)	Acc pseudo  95.31 ( 88.80)	Lr 1.000e-03 (1.000e-03)
2025-12-20 21:44:37,742 - INFO: Epoch: [2][150/301]	Time  0.003 ( 0.005)	Loss 2.9432e-01 (3.8304e-01)	Acc pseudo  89.06 ( 88.42)	Lr 1.000e-03 (1.000e-03)
2025-12-20 21:44:37,907 - INFO: Epoch: [2][200/301]	Time  0.003 ( 0.004)	Loss 2.6046e-01 (3.8180e-01)	Acc pseudo  90.62 ( 88.50)	Lr 1.000e-03 (1.000e-03)
2025-12-20 21:44:38,058 - INFO: Epoch: [2][250/301]	Time  0.003 ( 0.004)	Loss 5.5383e-01 (3.9342e-01)	Acc pseudo  81.25 ( 88.13)	Lr 1.000e-03 (1.000e-03)
2025-12-20 21:44:38,204 - INFO: Epoch: [2][300/301]	Time  0.002 ( 0.004)	Loss 2.7608e-01 (3.9686e-01)	Acc pseudo  88.00 ( 87.98)	Lr 1.000e-03 (1.000e-03)
2025-12-20 21:44:38,273 - INFO: Round 7, Fine-tune Epoch 2: loss=0.3969, acc(pseudo)=87.98%
2025-12-20 21:44:53,084 - INFO: Round 7, Fine-tune Epoch 2: acc(valid_pseudo): 0.9558, acc(valid): 0.8475
2025-12-20 21:44:53,084 - INFO: Round 7, Fine-tune Epoch 2: No improvement in validation accuracy. Patience(epoch): 0/1
2025-12-20 21:44:53,331 - INFO: Epoch: [3][  0/301]	Time  0.241 ( 0.241)	Loss 4.1015e-01 (4.1015e-01)	Acc pseudo  87.50 ( 87.50)	Lr 1.000e-03 (1.000e-03)
2025-12-20 21:44:53,550 - INFO: Epoch: [3][ 50/301]	Time  0.003 ( 0.009)	Loss 3.2892e-01 (3.5906e-01)	Acc pseudo  90.62 ( 89.31)	Lr 1.000e-03 (1.000e-03)
2025-12-20 21:44:53,727 - INFO: Epoch: [3][100/301]	Time  0.004 ( 0.006)	Loss 1.6064e-01 (3.6121e-01)	Acc pseudo  95.31 ( 89.06)	Lr 1.000e-03 (1.000e-03)
2025-12-20 21:44:53,914 - INFO: Epoch: [3][150/301]	Time  0.002 ( 0.005)	Loss 3.9057e-01 (3.6700e-01)	Acc pseudo  85.94 ( 88.86)	Lr 1.000e-03 (1.000e-03)
2025-12-20 21:44:54,074 - INFO: Epoch: [3][200/301]	Time  0.004 ( 0.005)	Loss 4.1822e-01 (3.7390e-01)	Acc pseudo  89.06 ( 88.70)	Lr 1.000e-03 (1.000e-03)
2025-12-20 21:44:54,271 - INFO: Epoch: [3][250/301]	Time  0.004 ( 0.005)	Loss 4.9368e-01 (3.7098e-01)	Acc pseudo  87.50 ( 88.68)	Lr 1.000e-03 (1.000e-03)
2025-12-20 21:44:54,459 - INFO: Epoch: [3][300/301]	Time  0.003 ( 0.004)	Loss 4.8811e-01 (3.7735e-01)	Acc pseudo  84.00 ( 88.57)	Lr 1.000e-03 (1.000e-03)
2025-12-20 21:44:54,525 - INFO: Round 7, Fine-tune Epoch 3: loss=0.3773, acc(pseudo)=88.57%
2025-12-20 21:45:11,814 - INFO: Round 7, Fine-tune Epoch 3: acc(valid_pseudo): 0.9588, acc(valid): 0.8625
2025-12-20 21:45:11,814 - INFO: Round 7, Fine-tune Epoch 3: No improvement in validation accuracy. Patience(epoch): 1/1
2025-12-20 21:45:11,814 - INFO: Early stopping at epoch 3 due to no improvement in validation accuracy for 1 epochs.
2025-12-20 21:45:11,815 - INFO: Round 7: Best fine-tuned epoch=1, acc(valid_pseudo)=0.9646
2025-12-20 21:45:11,993 - INFO: Using HMM model from previous round: runs/I love my family/exp_video/result/self_supervised/exp0/round6/pseudo_label/hmm_params.pkl
