2026-03-23 22:25:09,395 - INFO: Starting self-supervised fine-tuning pipeline
2026-03-23 22:25:09,396 - INFO: Device: cuda:0
2026-03-23 22:25:09,399 - INFO: Saved arguments to runs/I love my family/exp_video_ablation/result/e/self_supervised/exp0/args.json
2026-03-23 22:25:09,399 - INFO: ====================
2026-03-23 22:25:09,399 - INFO: Initialization: Initial clustering with HMM correction
2026-03-23 22:25:09,399 - INFO: ====================
2026-03-23 23:06:03,190 - INFO: Saved initial clustering results to runs/I love my family/exp_video_ablation/result/e/self_supervised/exp0/initial
2026-03-23 23:06:03,190 - INFO: Initial: speaker_acc=0.8065
2026-03-23 23:06:03,208 - INFO: ====================
2026-03-23 23:06:03,208 - INFO: Round 0: Fine-tuning iteration
2026-03-23 23:06:03,208 - INFO: ====================
2026-03-23 23:06:03,308 - INFO: Round 0 Part 1: Fine-tuning embedding model
2026-03-23 23:06:03,317 - INFO: Using pseudo-label file: runs/I love my family/exp_video_ablation/result/e/self_supervised/exp0/initial/pseudo_label/pseudo_labels_audio_hmmx_both(unreliable_pp=100.0).json
2026-03-23 23:06:06,293 - INFO: Speaker embedding dimension: 512
2026-03-23 23:06:06,813 - INFO: Saved speaker config_model to runs/I love my family/exp_video_ablation/result/e/self_supervised/exp0/round0/config_model_speaker.json
2026-03-23 23:09:36,413 - INFO: Extracting hidden features for all speaker samples, which are outputs of StatsPool layer...
2026-03-23 23:09:36,413 - INFO: args.unfrozen_layers_num=2 is not used when extracting hidden features.
2026-03-23 23:20:38,556 - INFO: Hidden features extracted for 19225 speaker samples
2026-03-23 23:20:38,720 - INFO: Warmup training speaker classifier for 2 epochs...
2026-03-23 23:20:39,456 - INFO: Epoch: [0][  0/301]	Time  0.732 ( 0.732)	Loss 2.4304e+00 (2.4304e+00)	Acc pseudo  12.50 ( 12.50)	Lr 1.000e-03 (1.000e-03)
2026-03-23 23:20:39,594 - INFO: Epoch: [0][ 50/301]	Time  0.003 ( 0.017)	Loss 1.3986e+00 (1.6798e+00)	Acc pseudo  64.06 ( 54.53)	Lr 1.000e-03 (1.000e-03)
2026-03-23 23:20:39,723 - INFO: Epoch: [0][100/301]	Time  0.003 ( 0.010)	Loss 9.5254e-01 (1.3706e+00)	Acc pseudo  70.31 ( 62.98)	Lr 1.000e-03 (1.000e-03)
2026-03-23 23:20:39,855 - INFO: Epoch: [0][150/301]	Time  0.003 ( 0.007)	Loss 1.0163e+00 (1.2399e+00)	Acc pseudo  71.88 ( 66.39)	Lr 1.000e-03 (1.000e-03)
2026-03-23 23:20:39,984 - INFO: Epoch: [0][200/301]	Time  0.002 ( 0.006)	Loss 8.9707e-01 (1.1626e+00)	Acc pseudo  78.12 ( 68.26)	Lr 1.000e-03 (1.000e-03)
2026-03-23 23:20:40,105 - INFO: Epoch: [0][250/301]	Time  0.002 ( 0.005)	Loss 7.9957e-01 (1.1114e+00)	Acc pseudo  79.69 ( 69.76)	Lr 1.000e-03 (1.000e-03)
2026-03-23 23:20:40,227 - INFO: Epoch: [0][300/301]	Time  0.003 ( 0.005)	Loss 5.5636e-01 (1.0799e+00)	Acc pseudo  84.00 ( 70.58)	Lr 1.000e-03 (1.000e-03)
2026-03-23 23:20:40,295 - INFO: Round 0, Speaker Warmup Epoch 0: loss=1.0799, acc(pseudo)=70.58%
2026-03-23 23:20:40,542 - INFO: Epoch: [1][  0/301]	Time  0.240 ( 0.240)	Loss 1.2879e+00 (1.2879e+00)	Acc pseudo  75.00 ( 75.00)	Lr 1.000e-03 (1.000e-03)
2026-03-23 23:20:40,728 - INFO: Epoch: [1][ 50/301]	Time  0.002 ( 0.008)	Loss 5.7944e-01 (8.6224e-01)	Acc pseudo  81.25 ( 75.95)	Lr 1.000e-03 (1.000e-03)
2026-03-23 23:20:40,855 - INFO: Epoch: [1][100/301]	Time  0.002 ( 0.005)	Loss 7.2405e-01 (8.4962e-01)	Acc pseudo  82.81 ( 75.80)	Lr 1.000e-03 (1.000e-03)
2026-03-23 23:20:40,984 - INFO: Epoch: [1][150/301]	Time  0.002 ( 0.004)	Loss 9.3983e-01 (8.4895e-01)	Acc pseudo  68.75 ( 76.10)	Lr 1.000e-03 (1.000e-03)
2026-03-23 23:20:41,107 - INFO: Epoch: [1][200/301]	Time  0.003 ( 0.004)	Loss 8.3690e-01 (8.4063e-01)	Acc pseudo  76.56 ( 76.10)	Lr 1.000e-03 (1.000e-03)
2026-03-23 23:20:41,231 - INFO: Epoch: [1][250/301]	Time  0.002 ( 0.004)	Loss 7.2962e-01 (8.4689e-01)	Acc pseudo  78.12 ( 75.94)	Lr 1.000e-03 (1.000e-03)
2026-03-23 23:20:41,350 - INFO: Epoch: [1][300/301]	Time  0.002 ( 0.003)	Loss 9.6568e-01 (8.5133e-01)	Acc pseudo  64.00 ( 75.86)	Lr 1.000e-03 (1.000e-03)
2026-03-23 23:20:41,412 - INFO: Round 0, Speaker Warmup Epoch 1: loss=0.8513, acc(pseudo)=75.86%
2026-03-23 23:20:41,423 - INFO: Fine-tuning speaker embedding model for 20 epochs...
2026-03-23 23:20:42,225 - INFO: Epoch: [0][  0/301]	Time  0.798 ( 0.798)	Loss 7.6712e-01 (7.6712e-01)	Acc pseudo  73.44 ( 73.44)	Lr 1.000e-03 (1.000e-03)
2026-03-23 23:20:42,390 - INFO: Epoch: [0][ 50/301]	Time  0.003 ( 0.019)	Loss 9.7525e-01 (1.0087e+00)	Acc pseudo  76.56 ( 70.74)	Lr 1.000e-03 (1.000e-03)
2026-03-23 23:20:42,541 - INFO: Epoch: [0][100/301]	Time  0.003 ( 0.011)	Loss 1.2724e+00 (9.9594e-01)	Acc pseudo  68.75 ( 71.57)	Lr 1.000e-03 (1.000e-03)
2026-03-23 23:20:42,706 - INFO: Epoch: [0][150/301]	Time  0.003 ( 0.008)	Loss 6.9213e-01 (9.7070e-01)	Acc pseudo  75.00 ( 72.39)	Lr 1.000e-03 (1.000e-03)
2026-03-23 23:20:42,852 - INFO: Epoch: [0][200/301]	Time  0.003 ( 0.007)	Loss 6.2312e-01 (9.5543e-01)	Acc pseudo  76.56 ( 72.68)	Lr 1.000e-03 (1.000e-03)
2026-03-23 23:20:42,997 - INFO: Epoch: [0][250/301]	Time  0.003 ( 0.006)	Loss 1.2217e+00 (9.4361e-01)	Acc pseudo  79.69 ( 73.11)	Lr 1.000e-03 (1.000e-03)
2026-03-23 23:20:43,142 - INFO: Epoch: [0][300/301]	Time  0.005 ( 0.006)	Loss 9.8993e-01 (9.4359e-01)	Acc pseudo  72.00 ( 73.06)	Lr 1.000e-03 (1.000e-03)
2026-03-23 23:20:43,207 - INFO: Round 0, Fine-tune Epoch 0: loss=0.9436, acc(pseudo)=73.06%
2026-03-23 23:20:51,062 - INFO: Round 0, Fine-tune Epoch 0: acc(valid_pseudo): 0.8215, acc: 0.7280
2026-03-23 23:20:52,058 - INFO: Epoch: [1][  0/301]	Time  0.283 ( 0.283)	Loss 7.5093e-01 (7.5093e-01)	Acc pseudo  78.12 ( 78.12)	Lr 1.000e-03 (1.000e-03)
2026-03-23 23:20:52,223 - INFO: Epoch: [1][ 50/301]	Time  0.003 ( 0.009)	Loss 9.1354e-01 (8.1328e-01)	Acc pseudo  75.00 ( 75.70)	Lr 1.000e-03 (1.000e-03)
2026-03-23 23:20:52,387 - INFO: Epoch: [1][100/301]	Time  0.003 ( 0.006)	Loss 8.6460e-01 (8.0941e-01)	Acc pseudo  68.75 ( 75.71)	Lr 1.000e-03 (1.000e-03)
2026-03-23 23:20:52,544 - INFO: Epoch: [1][150/301]	Time  0.003 ( 0.005)	Loss 8.2971e-01 (8.2628e-01)	Acc pseudo  73.44 ( 75.67)	Lr 1.000e-03 (1.000e-03)
2026-03-23 23:20:52,699 - INFO: Epoch: [1][200/301]	Time  0.004 ( 0.005)	Loss 7.1254e-01 (8.2161e-01)	Acc pseudo  79.69 ( 76.09)	Lr 1.000e-03 (1.000e-03)
2026-03-23 23:20:52,853 - INFO: Epoch: [1][250/301]	Time  0.003 ( 0.004)	Loss 5.3338e-01 (8.1535e-01)	Acc pseudo  79.69 ( 76.23)	Lr 1.000e-03 (1.000e-03)
2026-03-23 23:20:52,998 - INFO: Epoch: [1][300/301]	Time  0.002 ( 0.004)	Loss 9.4268e-01 (8.1752e-01)	Acc pseudo  68.00 ( 76.11)	Lr 1.000e-03 (1.000e-03)
2026-03-23 23:20:53,058 - INFO: Round 0, Fine-tune Epoch 1: loss=0.8175, acc(pseudo)=76.11%
2026-03-23 23:21:00,713 - INFO: Round 0, Fine-tune Epoch 1: acc(valid_pseudo): 0.9425, acc: 0.8075
2026-03-23 23:21:01,484 - INFO: Epoch: [2][  0/301]	Time  0.252 ( 0.252)	Loss 1.0439e+00 (1.0439e+00)	Acc pseudo  67.19 ( 67.19)	Lr 1.000e-03 (1.000e-03)
2026-03-23 23:21:01,659 - INFO: Epoch: [2][ 50/301]	Time  0.003 ( 0.008)	Loss 7.5688e-01 (7.7853e-01)	Acc pseudo  81.25 ( 76.75)	Lr 1.000e-03 (1.000e-03)
2026-03-23 23:21:01,807 - INFO: Epoch: [2][100/301]	Time  0.003 ( 0.006)	Loss 1.0404e+00 (7.8987e-01)	Acc pseudo  70.31 ( 76.70)	Lr 1.000e-03 (1.000e-03)
2026-03-23 23:21:01,962 - INFO: Epoch: [2][150/301]	Time  0.003 ( 0.005)	Loss 7.9942e-01 (7.8959e-01)	Acc pseudo  79.69 ( 76.86)	Lr 1.000e-03 (1.000e-03)
2026-03-23 23:21:02,113 - INFO: Epoch: [2][200/301]	Time  0.003 ( 0.004)	Loss 9.3615e-01 (7.9556e-01)	Acc pseudo  70.31 ( 76.53)	Lr 1.000e-03 (1.000e-03)
2026-03-23 23:21:02,263 - INFO: Epoch: [2][250/301]	Time  0.003 ( 0.004)	Loss 5.9179e-01 (7.8725e-01)	Acc pseudo  81.25 ( 76.74)	Lr 1.000e-03 (1.000e-03)
2026-03-23 23:21:02,417 - INFO: Epoch: [2][300/301]	Time  0.002 ( 0.004)	Loss 8.1273e-01 (7.8323e-01)	Acc pseudo  84.00 ( 76.81)	Lr 1.000e-03 (1.000e-03)
2026-03-23 23:21:02,479 - INFO: Round 0, Fine-tune Epoch 2: loss=0.7832, acc(pseudo)=76.81%
2026-03-23 23:21:10,193 - INFO: Round 0, Fine-tune Epoch 2: acc(valid_pseudo): 0.9309, acc: 0.8075
2026-03-23 23:21:10,194 - INFO: Round 0, Speaker Fine-tune Epoch 2: No improvement in validation accuracy. Patience(epoch): 1/3
2026-03-23 23:21:10,459 - INFO: Epoch: [3][  0/301]	Time  0.259 ( 0.259)	Loss 6.6181e-01 (6.6181e-01)	Acc pseudo  75.00 ( 75.00)	Lr 1.000e-03 (1.000e-03)
2026-03-23 23:21:10,627 - INFO: Epoch: [3][ 50/301]	Time  0.003 ( 0.008)	Loss 5.7181e-01 (7.3234e-01)	Acc pseudo  79.69 ( 77.88)	Lr 1.000e-03 (1.000e-03)
2026-03-23 23:21:10,803 - INFO: Epoch: [3][100/301]	Time  0.003 ( 0.006)	Loss 7.2134e-01 (7.3791e-01)	Acc pseudo  79.69 ( 77.51)	Lr 1.000e-03 (1.000e-03)
2026-03-23 23:21:10,954 - INFO: Epoch: [3][150/301]	Time  0.003 ( 0.005)	Loss 7.0917e-01 (7.4724e-01)	Acc pseudo  76.56 ( 77.62)	Lr 1.000e-03 (1.000e-03)
2026-03-23 23:21:11,104 - INFO: Epoch: [3][200/301]	Time  0.003 ( 0.004)	Loss 7.6098e-01 (7.5053e-01)	Acc pseudo  76.56 ( 77.66)	Lr 1.000e-03 (1.000e-03)
2026-03-23 23:21:11,253 - INFO: Epoch: [3][250/301]	Time  0.003 ( 0.004)	Loss 1.1086e+00 (7.4946e-01)	Acc pseudo  70.31 ( 77.53)	Lr 1.000e-03 (1.000e-03)
2026-03-23 23:21:11,404 - INFO: Epoch: [3][300/301]	Time  0.002 ( 0.004)	Loss 5.1648e-01 (7.4897e-01)	Acc pseudo  84.00 ( 77.75)	Lr 1.000e-03 (1.000e-03)
2026-03-23 23:21:11,468 - INFO: Round 0, Fine-tune Epoch 3: loss=0.7490, acc(pseudo)=77.75%
2026-03-23 23:21:21,575 - INFO: Round 0, Fine-tune Epoch 3: acc(valid_pseudo): 0.8915, acc: 0.7695
2026-03-23 23:21:21,575 - INFO: Round 0, Speaker Fine-tune Epoch 3: No improvement in validation accuracy. Patience(epoch): 2/3
2026-03-23 23:21:21,870 - INFO: Epoch: [4][  0/301]	Time  0.289 ( 0.289)	Loss 7.0241e-01 (7.0241e-01)	Acc pseudo  73.44 ( 73.44)	Lr 1.000e-03 (1.000e-03)
2026-03-23 23:21:22,051 - INFO: Epoch: [4][ 50/301]	Time  0.003 ( 0.009)	Loss 4.7015e-01 (7.1417e-01)	Acc pseudo  82.81 ( 78.46)	Lr 1.000e-03 (1.000e-03)
2026-03-23 23:21:22,208 - INFO: Epoch: [4][100/301]	Time  0.003 ( 0.006)	Loss 8.9341e-01 (7.1960e-01)	Acc pseudo  82.81 ( 78.45)	Lr 1.000e-03 (1.000e-03)
2026-03-23 23:21:22,361 - INFO: Epoch: [4][150/301]	Time  0.003 ( 0.005)	Loss 8.1426e-01 (7.2488e-01)	Acc pseudo  73.44 ( 78.44)	Lr 1.000e-03 (1.000e-03)
2026-03-23 23:21:22,509 - INFO: Epoch: [4][200/301]	Time  0.003 ( 0.005)	Loss 1.3716e+00 (7.2172e-01)	Acc pseudo  57.81 ( 78.48)	Lr 1.000e-03 (1.000e-03)
2026-03-23 23:21:22,658 - INFO: Epoch: [4][250/301]	Time  0.003 ( 0.004)	Loss 1.1878e+00 (7.2567e-01)	Acc pseudo  67.19 ( 78.40)	Lr 1.000e-03 (1.000e-03)
2026-03-23 23:21:22,809 - INFO: Epoch: [4][300/301]	Time  0.002 ( 0.004)	Loss 5.8576e-01 (7.2506e-01)	Acc pseudo  84.00 ( 78.25)	Lr 1.000e-03 (1.000e-03)
2026-03-23 23:21:22,875 - INFO: Round 0, Fine-tune Epoch 4: loss=0.7251, acc(pseudo)=78.25%
2026-03-23 23:21:30,902 - INFO: Round 0, Fine-tune Epoch 4: acc(valid_pseudo): 0.9501, acc: 0.8040
2026-03-23 23:21:31,657 - INFO: Epoch: [5][  0/301]	Time  0.237 ( 0.237)	Loss 6.2059e-01 (6.2059e-01)	Acc pseudo  85.94 ( 85.94)	Lr 1.000e-03 (1.000e-03)
2026-03-23 23:21:31,829 - INFO: Epoch: [5][ 50/301]	Time  0.003 ( 0.008)	Loss 5.9017e-01 (7.1298e-01)	Acc pseudo  78.12 ( 78.03)	Lr 1.000e-03 (1.000e-03)
2026-03-23 23:21:31,981 - INFO: Epoch: [5][100/301]	Time  0.003 ( 0.005)	Loss 5.2447e-01 (7.1297e-01)	Acc pseudo  84.38 ( 78.28)	Lr 1.000e-03 (1.000e-03)
2026-03-23 23:21:32,132 - INFO: Epoch: [5][150/301]	Time  0.003 ( 0.005)	Loss 6.9939e-01 (7.1656e-01)	Acc pseudo  81.25 ( 78.15)	Lr 1.000e-03 (1.000e-03)
2026-03-23 23:21:32,278 - INFO: Epoch: [5][200/301]	Time  0.003 ( 0.004)	Loss 7.7712e-01 (7.1859e-01)	Acc pseudo  78.12 ( 78.08)	Lr 1.000e-03 (1.000e-03)
2026-03-23 23:21:32,436 - INFO: Epoch: [5][250/301]	Time  0.003 ( 0.004)	Loss 7.7969e-01 (7.1716e-01)	Acc pseudo  70.31 ( 77.93)	Lr 1.000e-03 (1.000e-03)
2026-03-23 23:21:32,575 - INFO: Epoch: [5][300/301]	Time  0.002 ( 0.004)	Loss 5.4185e-01 (7.0886e-01)	Acc pseudo  88.00 ( 78.30)	Lr 1.000e-03 (1.000e-03)
2026-03-23 23:21:32,639 - INFO: Round 0, Fine-tune Epoch 5: loss=0.7089, acc(pseudo)=78.30%
2026-03-23 23:21:41,153 - INFO: Round 0, Fine-tune Epoch 5: acc(valid_pseudo): 0.9641, acc: 0.8215
2026-03-23 23:21:41,979 - INFO: Epoch: [6][  0/301]	Time  0.250 ( 0.250)	Loss 7.2988e-01 (7.2988e-01)	Acc pseudo  73.44 ( 73.44)	Lr 1.000e-03 (1.000e-03)
2026-03-23 23:21:42,143 - INFO: Epoch: [6][ 50/301]	Time  0.003 ( 0.008)	Loss 6.8344e-01 (6.3030e-01)	Acc pseudo  89.06 ( 80.15)	Lr 1.000e-03 (1.000e-03)
2026-03-23 23:21:42,304 - INFO: Epoch: [6][100/301]	Time  0.003 ( 0.006)	Loss 7.7123e-01 (6.5873e-01)	Acc pseudo  75.00 ( 79.70)	Lr 1.000e-03 (1.000e-03)
2026-03-23 23:21:42,462 - INFO: Epoch: [6][150/301]	Time  0.003 ( 0.005)	Loss 6.5477e-01 (6.7815e-01)	Acc pseudo  78.12 ( 79.41)	Lr 1.000e-03 (1.000e-03)
2026-03-23 23:21:42,611 - INFO: Epoch: [6][200/301]	Time  0.003 ( 0.004)	Loss 5.3755e-01 (6.8355e-01)	Acc pseudo  82.81 ( 79.32)	Lr 1.000e-03 (1.000e-03)
2026-03-23 23:21:42,768 - INFO: Epoch: [6][250/301]	Time  0.003 ( 0.004)	Loss 6.8041e-01 (6.9012e-01)	Acc pseudo  78.12 ( 79.07)	Lr 1.000e-03 (1.000e-03)
2026-03-23 23:21:42,910 - INFO: Epoch: [6][300/301]	Time  0.002 ( 0.004)	Loss 6.4030e-01 (6.9268e-01)	Acc pseudo  80.00 ( 78.81)	Lr 1.000e-03 (1.000e-03)
2026-03-23 23:21:42,971 - INFO: Round 0, Fine-tune Epoch 6: loss=0.6927, acc(pseudo)=78.81%
2026-03-23 23:21:50,958 - INFO: Round 0, Fine-tune Epoch 6: acc(valid_pseudo): 0.9458, acc: 0.8140
2026-03-23 23:21:50,959 - INFO: Round 0, Speaker Fine-tune Epoch 6: No improvement in validation accuracy. Patience(epoch): 1/3
2026-03-23 23:21:51,217 - INFO: Epoch: [7][  0/301]	Time  0.253 ( 0.253)	Loss 3.4500e-01 (3.4500e-01)	Acc pseudo  89.06 ( 89.06)	Lr 1.000e-03 (1.000e-03)
2026-03-23 23:21:51,387 - INFO: Epoch: [7][ 50/301]	Time  0.003 ( 0.008)	Loss 7.6181e-01 (6.2990e-01)	Acc pseudo  71.88 ( 80.55)	Lr 1.000e-03 (1.000e-03)
2026-03-23 23:21:51,536 - INFO: Epoch: [7][100/301]	Time  0.003 ( 0.006)	Loss 8.5271e-01 (6.5215e-01)	Acc pseudo  75.00 ( 79.89)	Lr 1.000e-03 (1.000e-03)
2026-03-23 23:21:51,692 - INFO: Epoch: [7][150/301]	Time  0.003 ( 0.005)	Loss 6.4330e-01 (6.5992e-01)	Acc pseudo  81.25 ( 79.49)	Lr 1.000e-03 (1.000e-03)
2026-03-23 23:21:51,847 - INFO: Epoch: [7][200/301]	Time  0.003 ( 0.004)	Loss 5.8291e-01 (6.6032e-01)	Acc pseudo  81.25 ( 79.53)	Lr 1.000e-03 (1.000e-03)
2026-03-23 23:21:52,003 - INFO: Epoch: [7][250/301]	Time  0.003 ( 0.004)	Loss 6.1541e-01 (6.6705e-01)	Acc pseudo  79.69 ( 79.52)	Lr 1.000e-03 (1.000e-03)
2026-03-23 23:21:52,147 - INFO: Epoch: [7][300/301]	Time  0.002 ( 0.004)	Loss 4.8481e-01 (6.7747e-01)	Acc pseudo  88.00 ( 79.20)	Lr 1.000e-03 (1.000e-03)
2026-03-23 23:21:52,213 - INFO: Round 0, Fine-tune Epoch 7: loss=0.6775, acc(pseudo)=79.20%
2026-03-23 23:22:02,124 - INFO: Round 0, Fine-tune Epoch 7: acc(valid_pseudo): 0.9379, acc: 0.7740
2026-03-23 23:22:02,124 - INFO: Round 0, Speaker Fine-tune Epoch 7: No improvement in validation accuracy. Patience(epoch): 2/3
2026-03-23 23:22:02,350 - INFO: Epoch: [8][  0/301]	Time  0.220 ( 0.220)	Loss 4.3155e-01 (4.3155e-01)	Acc pseudo  85.94 ( 85.94)	Lr 1.000e-03 (1.000e-03)
2026-03-23 23:22:02,525 - INFO: Epoch: [8][ 50/301]	Time  0.003 ( 0.008)	Loss 7.0583e-01 (6.3312e-01)	Acc pseudo  78.12 ( 79.81)	Lr 1.000e-03 (1.000e-03)
2026-03-23 23:22:02,671 - INFO: Epoch: [8][100/301]	Time  0.003 ( 0.005)	Loss 6.9895e-01 (6.4785e-01)	Acc pseudo  75.00 ( 79.84)	Lr 1.000e-03 (1.000e-03)
2026-03-23 23:22:02,829 - INFO: Epoch: [8][150/301]	Time  0.003 ( 0.005)	Loss 5.8540e-01 (6.4998e-01)	Acc pseudo  79.69 ( 79.82)	Lr 1.000e-03 (1.000e-03)
2026-03-23 23:22:02,972 - INFO: Epoch: [8][200/301]	Time  0.003 ( 0.004)	Loss 7.5689e-01 (6.5219e-01)	Acc pseudo  75.00 ( 79.63)	Lr 1.000e-03 (1.000e-03)
2026-03-23 23:22:03,125 - INFO: Epoch: [8][250/301]	Time  0.003 ( 0.004)	Loss 4.8706e-01 (6.5929e-01)	Acc pseudo  84.38 ( 79.36)	Lr 1.000e-03 (1.000e-03)
2026-03-23 23:22:03,281 - INFO: Epoch: [8][300/301]	Time  0.002 ( 0.004)	Loss 4.6564e-01 (6.6085e-01)	Acc pseudo  88.00 ( 79.36)	Lr 1.000e-03 (1.000e-03)
2026-03-23 23:22:03,342 - INFO: Round 0, Fine-tune Epoch 8: loss=0.6609, acc(pseudo)=79.36%
2026-03-23 23:22:11,323 - INFO: Round 0, Fine-tune Epoch 8: acc(valid_pseudo): 0.9568, acc: 0.7740
2026-03-23 23:22:11,324 - INFO: Round 0, Speaker Fine-tune Epoch 8: No improvement in validation accuracy. Patience(epoch): 3/3
2026-03-23 23:22:11,324 - INFO: Early stopping at epoch 8 due to no improvement in validation accuracy for 3 epochs.
2026-03-23 23:22:11,325 - INFO: Round 0: Best speaker fine-tuned epoch=5, acc(valid_pseudo)=0.9641
2026-03-23 23:22:11,375 - INFO: Using HMM model from previous round: runs/I love my family/exp_video_ablation/result/e/self_supervised/exp0/initial/pseudo_label/hmm_params.pkl
2026-03-23 23:34:36,497 - INFO: Round 0: speaker_acc=0.8435
2026-03-23 23:34:36,501 - INFO: ====================
2026-03-23 23:34:36,501 - INFO: Round 1: Fine-tuning iteration
2026-03-23 23:34:36,501 - INFO: ====================
2026-03-23 23:34:36,576 - INFO: Round 1 Part 1: Fine-tuning embedding model
2026-03-23 23:34:36,577 - INFO: Using pseudo-label file: runs/I love my family/exp_video_ablation/result/e/self_supervised/exp0/round0/pseudo_label/pseudo_labels_audio_hmmx_both(unreliable_pp=100.0).json
2026-03-23 23:34:36,622 - INFO: Fine-tuning speaker embedding model for 20 epochs...
2026-03-23 23:34:37,041 - INFO: Epoch: [0][  0/301]	Time  0.392 ( 0.392)	Loss 6.7818e-01 (6.7818e-01)	Acc pseudo  84.38 ( 84.38)	Lr 1.000e-03 (1.000e-03)
2026-03-23 23:34:37,204 - INFO: Epoch: [0][ 50/301]	Time  0.003 ( 0.011)	Loss 7.7722e-01 (6.2728e-01)	Acc pseudo  76.56 ( 81.46)	Lr 1.000e-03 (1.000e-03)
2026-03-23 23:34:37,352 - INFO: Epoch: [0][100/301]	Time  0.003 ( 0.007)	Loss 4.9573e-01 (6.0449e-01)	Acc pseudo  90.62 ( 82.58)	Lr 1.000e-03 (1.000e-03)
2026-03-23 23:34:37,498 - INFO: Epoch: [0][150/301]	Time  0.003 ( 0.006)	Loss 4.6498e-01 (6.0531e-01)	Acc pseudo  81.25 ( 82.80)	Lr 1.000e-03 (1.000e-03)
2026-03-23 23:34:37,644 - INFO: Epoch: [0][200/301]	Time  0.003 ( 0.005)	Loss 6.9085e-01 (6.0489e-01)	Acc pseudo  82.81 ( 82.56)	Lr 1.000e-03 (1.000e-03)
2026-03-23 23:34:37,787 - INFO: Epoch: [0][250/301]	Time  0.003 ( 0.004)	Loss 8.5233e-01 (6.0174e-01)	Acc pseudo  75.00 ( 82.73)	Lr 1.000e-03 (1.000e-03)
2026-03-23 23:34:37,928 - INFO: Epoch: [0][300/301]	Time  0.002 ( 0.004)	Loss 2.8284e-01 (6.0373e-01)	Acc pseudo  92.00 ( 82.71)	Lr 1.000e-03 (1.000e-03)
2026-03-23 23:34:37,994 - INFO: Round 1, Fine-tune Epoch 0: loss=0.6037, acc(pseudo)=82.71%
2026-03-23 23:34:45,676 - INFO: Round 1, Fine-tune Epoch 0: acc(valid_pseudo): 0.9277, acc: 0.8270
2026-03-23 23:34:46,455 - INFO: Epoch: [1][  0/301]	Time  0.243 ( 0.243)	Loss 9.2866e-01 (9.2866e-01)	Acc pseudo  76.56 ( 76.56)	Lr 1.000e-03 (1.000e-03)
2026-03-23 23:34:46,629 - INFO: Epoch: [1][ 50/301]	Time  0.003 ( 0.008)	Loss 3.1297e-01 (5.4664e-01)	Acc pseudo  89.06 ( 83.39)	Lr 1.000e-03 (1.000e-03)
2026-03-23 23:34:46,778 - INFO: Epoch: [1][100/301]	Time  0.003 ( 0.006)	Loss 4.3500e-01 (5.3342e-01)	Acc pseudo  87.50 ( 83.71)	Lr 1.000e-03 (1.000e-03)
2026-03-23 23:34:46,950 - INFO: Epoch: [1][150/301]	Time  0.003 ( 0.005)	Loss 3.8117e-01 (5.3602e-01)	Acc pseudo  85.94 ( 83.88)	Lr 1.000e-03 (1.000e-03)
2026-03-23 23:34:47,101 - INFO: Epoch: [1][200/301]	Time  0.003 ( 0.004)	Loss 4.5365e-01 (5.4083e-01)	Acc pseudo  82.81 ( 83.80)	Lr 1.000e-03 (1.000e-03)
2026-03-23 23:34:47,250 - INFO: Epoch: [1][250/301]	Time  0.003 ( 0.004)	Loss 5.5452e-01 (5.5356e-01)	Acc pseudo  82.81 ( 83.53)	Lr 1.000e-03 (1.000e-03)
2026-03-23 23:34:47,399 - INFO: Epoch: [1][300/301]	Time  0.002 ( 0.004)	Loss 6.5238e-01 (5.5923e-01)	Acc pseudo  76.00 ( 83.46)	Lr 1.000e-03 (1.000e-03)
2026-03-23 23:34:47,467 - INFO: Round 1, Fine-tune Epoch 1: loss=0.5592, acc(pseudo)=83.46%
2026-03-23 23:34:55,594 - INFO: Round 1, Fine-tune Epoch 1: acc(valid_pseudo): 0.8449, acc: 0.7495
2026-03-23 23:34:55,594 - INFO: Round 1, Speaker Fine-tune Epoch 1: No improvement in validation accuracy. Patience(epoch): 1/3
2026-03-23 23:34:55,834 - INFO: Epoch: [2][  0/301]	Time  0.234 ( 0.234)	Loss 6.6951e-01 (6.6951e-01)	Acc pseudo  79.69 ( 79.69)	Lr 1.000e-03 (1.000e-03)
2026-03-23 23:34:56,018 - INFO: Epoch: [2][ 50/301]	Time  0.003 ( 0.008)	Loss 5.8920e-01 (5.0457e-01)	Acc pseudo  84.38 ( 84.65)	Lr 1.000e-03 (1.000e-03)
2026-03-23 23:34:56,181 - INFO: Epoch: [2][100/301]	Time  0.003 ( 0.006)	Loss 5.7659e-01 (5.1763e-01)	Acc pseudo  87.50 ( 84.61)	Lr 1.000e-03 (1.000e-03)
2026-03-23 23:34:56,336 - INFO: Epoch: [2][150/301]	Time  0.003 ( 0.005)	Loss 4.9387e-01 (5.2516e-01)	Acc pseudo  85.94 ( 84.54)	Lr 1.000e-03 (1.000e-03)
2026-03-23 23:34:56,485 - INFO: Epoch: [2][200/301]	Time  0.003 ( 0.004)	Loss 4.7355e-01 (5.2538e-01)	Acc pseudo  85.94 ( 84.57)	Lr 1.000e-03 (1.000e-03)
2026-03-23 23:34:56,633 - INFO: Epoch: [2][250/301]	Time  0.003 ( 0.004)	Loss 6.3311e-01 (5.3070e-01)	Acc pseudo  84.38 ( 84.34)	Lr 1.000e-03 (1.000e-03)
2026-03-23 23:34:56,779 - INFO: Epoch: [2][300/301]	Time  0.002 ( 0.004)	Loss 7.0122e-01 (5.3446e-01)	Acc pseudo  76.00 ( 84.21)	Lr 1.000e-03 (1.000e-03)
2026-03-23 23:34:56,843 - INFO: Round 1, Fine-tune Epoch 2: loss=0.5345, acc(pseudo)=84.21%
2026-03-23 23:35:06,041 - INFO: Round 1, Fine-tune Epoch 2: acc(valid_pseudo): 0.8906, acc: 0.7550
2026-03-23 23:35:06,041 - INFO: Round 1, Speaker Fine-tune Epoch 2: No improvement in validation accuracy. Patience(epoch): 2/3
2026-03-23 23:35:06,299 - INFO: Epoch: [3][  0/301]	Time  0.252 ( 0.252)	Loss 6.0112e-01 (6.0112e-01)	Acc pseudo  82.81 ( 82.81)	Lr 1.000e-03 (1.000e-03)
2026-03-23 23:35:06,528 - INFO: Epoch: [3][ 50/301]	Time  0.003 ( 0.009)	Loss 6.8287e-01 (5.1786e-01)	Acc pseudo  79.69 ( 84.56)	Lr 1.000e-03 (1.000e-03)
2026-03-23 23:35:06,698 - INFO: Epoch: [3][100/301]	Time  0.003 ( 0.006)	Loss 2.8004e-01 (5.1307e-01)	Acc pseudo  90.62 ( 84.72)	Lr 1.000e-03 (1.000e-03)
2026-03-23 23:35:06,856 - INFO: Epoch: [3][150/301]	Time  0.003 ( 0.005)	Loss 7.2690e-01 (5.1149e-01)	Acc pseudo  84.38 ( 84.71)	Lr 1.000e-03 (1.000e-03)
2026-03-23 23:35:07,024 - INFO: Epoch: [3][200/301]	Time  0.004 ( 0.005)	Loss 4.4055e-01 (5.0919e-01)	Acc pseudo  85.94 ( 84.55)	Lr 1.000e-03 (1.000e-03)
2026-03-23 23:35:07,186 - INFO: Epoch: [3][250/301]	Time  0.004 ( 0.004)	Loss 6.3691e-01 (5.1564e-01)	Acc pseudo  89.06 ( 84.42)	Lr 1.000e-03 (1.000e-03)
2026-03-23 23:35:07,345 - INFO: Epoch: [3][300/301]	Time  0.003 ( 0.004)	Loss 6.2195e-01 (5.2017e-01)	Acc pseudo  80.00 ( 84.30)	Lr 1.000e-03 (1.000e-03)
2026-03-23 23:35:07,410 - INFO: Round 1, Fine-tune Epoch 3: loss=0.5202, acc(pseudo)=84.30%
2026-03-23 23:35:15,239 - INFO: Round 1, Fine-tune Epoch 3: acc(valid_pseudo): 0.9580, acc: 0.8350
2026-03-23 23:35:16,195 - INFO: Epoch: [4][  0/301]	Time  0.243 ( 0.243)	Loss 5.9160e-01 (5.9160e-01)	Acc pseudo  79.69 ( 79.69)	Lr 1.000e-03 (1.000e-03)
2026-03-23 23:35:16,376 - INFO: Epoch: [4][ 50/301]	Time  0.003 ( 0.008)	Loss 7.6209e-01 (4.8359e-01)	Acc pseudo  75.00 ( 85.45)	Lr 1.000e-03 (1.000e-03)
2026-03-23 23:35:16,536 - INFO: Epoch: [4][100/301]	Time  0.003 ( 0.006)	Loss 5.4223e-01 (4.7442e-01)	Acc pseudo  76.56 ( 85.13)	Lr 1.000e-03 (1.000e-03)
2026-03-23 23:35:16,693 - INFO: Epoch: [4][150/301]	Time  0.003 ( 0.005)	Loss 4.0646e-01 (4.8816e-01)	Acc pseudo  82.81 ( 85.15)	Lr 1.000e-03 (1.000e-03)
2026-03-23 23:35:16,846 - INFO: Epoch: [4][200/301]	Time  0.003 ( 0.004)	Loss 4.4268e-01 (4.9353e-01)	Acc pseudo  89.06 ( 85.07)	Lr 1.000e-03 (1.000e-03)
2026-03-23 23:35:17,000 - INFO: Epoch: [4][250/301]	Time  0.003 ( 0.004)	Loss 5.0218e-01 (4.9620e-01)	Acc pseudo  84.38 ( 84.98)	Lr 1.000e-03 (1.000e-03)
2026-03-23 23:35:17,146 - INFO: Epoch: [4][300/301]	Time  0.002 ( 0.004)	Loss 5.2670e-01 (5.0050e-01)	Acc pseudo  76.00 ( 84.94)	Lr 1.000e-03 (1.000e-03)
2026-03-23 23:35:17,213 - INFO: Round 1, Fine-tune Epoch 4: loss=0.5005, acc(pseudo)=84.94%
2026-03-23 23:35:24,985 - INFO: Round 1, Fine-tune Epoch 4: acc(valid_pseudo): 0.9428, acc: 0.8120
2026-03-23 23:35:24,986 - INFO: Round 1, Speaker Fine-tune Epoch 4: No improvement in validation accuracy. Patience(epoch): 1/3
2026-03-23 23:35:25,241 - INFO: Epoch: [5][  0/301]	Time  0.250 ( 0.250)	Loss 6.7865e-01 (6.7865e-01)	Acc pseudo  82.81 ( 82.81)	Lr 1.000e-03 (1.000e-03)
2026-03-23 23:35:25,513 - INFO: Epoch: [5][ 50/301]	Time  0.003 ( 0.010)	Loss 2.8338e-01 (4.6111e-01)	Acc pseudo  92.19 ( 86.76)	Lr 1.000e-03 (1.000e-03)
2026-03-23 23:35:25,669 - INFO: Epoch: [5][100/301]	Time  0.003 ( 0.007)	Loss 8.7379e-01 (4.7273e-01)	Acc pseudo  73.44 ( 85.98)	Lr 1.000e-03 (1.000e-03)
2026-03-23 23:35:25,828 - INFO: Epoch: [5][150/301]	Time  0.003 ( 0.005)	Loss 6.8126e-01 (4.7360e-01)	Acc pseudo  85.94 ( 85.89)	Lr 1.000e-03 (1.000e-03)
2026-03-23 23:35:25,980 - INFO: Epoch: [5][200/301]	Time  0.003 ( 0.005)	Loss 5.0211e-01 (4.7690e-01)	Acc pseudo  82.81 ( 85.52)	Lr 1.000e-03 (1.000e-03)
2026-03-23 23:35:26,131 - INFO: Epoch: [5][250/301]	Time  0.003 ( 0.004)	Loss 4.4106e-01 (4.8276e-01)	Acc pseudo  85.94 ( 85.28)	Lr 1.000e-03 (1.000e-03)
2026-03-23 23:35:26,268 - INFO: Epoch: [5][300/301]	Time  0.002 ( 0.004)	Loss 7.2760e-01 (4.9170e-01)	Acc pseudo  80.00 ( 84.89)	Lr 1.000e-03 (1.000e-03)
2026-03-23 23:35:26,331 - INFO: Round 1, Fine-tune Epoch 5: loss=0.4917, acc(pseudo)=84.89%
2026-03-23 23:35:34,124 - INFO: Round 1, Fine-tune Epoch 5: acc(valid_pseudo): 0.8688, acc: 0.7485
2026-03-23 23:35:34,124 - INFO: Round 1, Speaker Fine-tune Epoch 5: No improvement in validation accuracy. Patience(epoch): 2/3
2026-03-23 23:35:34,124 - INFO: Early stopping at epoch 5 due to significant drop in pseudo-label validation accuracy: 0.9428 -> 0.8688.
2026-03-23 23:35:34,126 - INFO: Round 1: Best speaker fine-tuned epoch=3, acc(valid_pseudo)=0.9580
2026-03-23 23:35:34,171 - INFO: Using HMM model from previous round: runs/I love my family/exp_video_ablation/result/e/self_supervised/exp0/round0/pseudo_label/hmm_params.pkl
2026-03-23 23:46:03,355 - INFO: Round 1: speaker_acc=0.8545
2026-03-23 23:46:03,358 - INFO: ====================
2026-03-23 23:46:03,358 - INFO: Round 2: Fine-tuning iteration
2026-03-23 23:46:03,359 - INFO: ====================
2026-03-23 23:46:03,504 - INFO: Round 2 Part 1: Fine-tuning embedding model
2026-03-23 23:46:03,506 - INFO: Using pseudo-label file: runs/I love my family/exp_video_ablation/result/e/self_supervised/exp0/round1/pseudo_label/pseudo_labels_audio_hmmx_both(unreliable_pp=100.0).json
2026-03-23 23:46:03,541 - INFO: Fine-tuning speaker embedding model for 20 epochs...
2026-03-23 23:46:03,876 - INFO: Epoch: [0][  0/301]	Time  0.330 ( 0.330)	Loss 7.0200e-01 (7.0200e-01)	Acc pseudo  84.38 ( 84.38)	Lr 1.000e-03 (1.000e-03)
2026-03-23 23:46:04,054 - INFO: Epoch: [0][ 50/301]	Time  0.003 ( 0.010)	Loss 4.6066e-01 (5.4628e-01)	Acc pseudo  85.94 ( 85.11)	Lr 1.000e-03 (1.000e-03)
2026-03-23 23:46:04,219 - INFO: Epoch: [0][100/301]	Time  0.004 ( 0.007)	Loss 3.0182e-01 (5.1856e-01)	Acc pseudo  89.06 ( 85.32)	Lr 1.000e-03 (1.000e-03)
2026-03-23 23:46:04,383 - INFO: Epoch: [0][150/301]	Time  0.003 ( 0.005)	Loss 6.7795e-01 (5.4286e-01)	Acc pseudo  78.12 ( 84.70)	Lr 1.000e-03 (1.000e-03)
2026-03-23 23:46:04,547 - INFO: Epoch: [0][200/301]	Time  0.002 ( 0.005)	Loss 6.1658e-01 (5.3756e-01)	Acc pseudo  82.81 ( 84.62)	Lr 1.000e-03 (1.000e-03)
2026-03-23 23:46:04,701 - INFO: Epoch: [0][250/301]	Time  0.003 ( 0.005)	Loss 6.8558e-01 (5.3891e-01)	Acc pseudo  81.25 ( 84.57)	Lr 1.000e-03 (1.000e-03)
2026-03-23 23:46:04,852 - INFO: Epoch: [0][300/301]	Time  0.003 ( 0.004)	Loss 2.7880e-01 (5.3460e-01)	Acc pseudo  92.00 ( 84.64)	Lr 1.000e-03 (1.000e-03)
2026-03-23 23:46:04,920 - INFO: Round 2, Fine-tune Epoch 0: loss=0.5346, acc(pseudo)=84.64%
2026-03-23 23:46:13,166 - INFO: Round 2, Fine-tune Epoch 0: acc(valid_pseudo): 0.9633, acc: 0.8320
2026-03-23 23:46:13,907 - INFO: Epoch: [1][  0/301]	Time  0.224 ( 0.224)	Loss 9.1239e-01 (9.1239e-01)	Acc pseudo  79.69 ( 79.69)	Lr 1.000e-03 (1.000e-03)
2026-03-23 23:46:14,108 - INFO: Epoch: [1][ 50/301]	Time  0.003 ( 0.008)	Loss 2.9580e-01 (4.7696e-01)	Acc pseudo  90.62 ( 85.42)	Lr 1.000e-03 (1.000e-03)
2026-03-23 23:46:14,276 - INFO: Epoch: [1][100/301]	Time  0.004 ( 0.006)	Loss 4.8430e-01 (4.7534e-01)	Acc pseudo  87.50 ( 85.49)	Lr 1.000e-03 (1.000e-03)
2026-03-23 23:46:14,446 - INFO: Epoch: [1][150/301]	Time  0.003 ( 0.005)	Loss 4.5312e-01 (4.7005e-01)	Acc pseudo  84.38 ( 85.60)	Lr 1.000e-03 (1.000e-03)
2026-03-23 23:46:14,605 - INFO: Epoch: [1][200/301]	Time  0.003 ( 0.004)	Loss 3.5303e-01 (4.6712e-01)	Acc pseudo  89.06 ( 85.80)	Lr 1.000e-03 (1.000e-03)
2026-03-23 23:46:14,771 - INFO: Epoch: [1][250/301]	Time  0.003 ( 0.004)	Loss 5.5842e-01 (4.7347e-01)	Acc pseudo  85.94 ( 85.71)	Lr 1.000e-03 (1.000e-03)
2026-03-23 23:46:14,916 - INFO: Epoch: [1][300/301]	Time  0.002 ( 0.004)	Loss 4.1451e-01 (4.8130e-01)	Acc pseudo  88.00 ( 85.62)	Lr 1.000e-03 (1.000e-03)
2026-03-23 23:46:14,984 - INFO: Round 2, Fine-tune Epoch 1: loss=0.4813, acc(pseudo)=85.62%
2026-03-23 23:46:23,045 - INFO: Round 2, Fine-tune Epoch 1: acc(valid_pseudo): 0.9615, acc: 0.8570
2026-03-23 23:46:23,046 - INFO: Round 2, Speaker Fine-tune Epoch 1: No improvement in validation accuracy. Patience(epoch): 1/3
2026-03-23 23:46:23,308 - INFO: Epoch: [2][  0/301]	Time  0.256 ( 0.256)	Loss 6.0962e-01 (6.0962e-01)	Acc pseudo  84.38 ( 84.38)	Lr 1.000e-03 (1.000e-03)
2026-03-23 23:46:23,478 - INFO: Epoch: [2][ 50/301]	Time  0.003 ( 0.008)	Loss 4.3323e-01 (4.4947e-01)	Acc pseudo  89.06 ( 86.12)	Lr 1.000e-03 (1.000e-03)
2026-03-23 23:46:23,629 - INFO: Epoch: [2][100/301]	Time  0.003 ( 0.006)	Loss 5.1738e-01 (4.4471e-01)	Acc pseudo  79.69 ( 86.26)	Lr 1.000e-03 (1.000e-03)
2026-03-23 23:46:23,782 - INFO: Epoch: [2][150/301]	Time  0.003 ( 0.005)	Loss 4.3738e-01 (4.4772e-01)	Acc pseudo  85.94 ( 86.27)	Lr 1.000e-03 (1.000e-03)
2026-03-23 23:46:23,932 - INFO: Epoch: [2][200/301]	Time  0.003 ( 0.004)	Loss 3.0615e-01 (4.5468e-01)	Acc pseudo  87.50 ( 86.23)	Lr 1.000e-03 (1.000e-03)
2026-03-23 23:46:24,075 - INFO: Epoch: [2][250/301]	Time  0.003 ( 0.004)	Loss 5.4893e-01 (4.6431e-01)	Acc pseudo  87.50 ( 85.97)	Lr 1.000e-03 (1.000e-03)
2026-03-23 23:46:24,221 - INFO: Epoch: [2][300/301]	Time  0.003 ( 0.004)	Loss 4.0293e-01 (4.6866e-01)	Acc pseudo  80.00 ( 85.96)	Lr 1.000e-03 (1.000e-03)
2026-03-23 23:46:24,288 - INFO: Round 2, Fine-tune Epoch 2: loss=0.4687, acc(pseudo)=85.96%
2026-03-23 23:46:32,269 - INFO: Round 2, Fine-tune Epoch 2: acc(valid_pseudo): 0.9469, acc: 0.8340
2026-03-23 23:46:32,269 - INFO: Round 2, Speaker Fine-tune Epoch 2: No improvement in validation accuracy. Patience(epoch): 2/3
2026-03-23 23:46:32,498 - INFO: Epoch: [3][  0/301]	Time  0.223 ( 0.223)	Loss 5.0122e-01 (5.0122e-01)	Acc pseudo  85.94 ( 85.94)	Lr 1.000e-03 (1.000e-03)
2026-03-23 23:46:32,704 - INFO: Epoch: [3][ 50/301]	Time  0.003 ( 0.008)	Loss 6.8544e-01 (4.4425e-01)	Acc pseudo  84.38 ( 86.67)	Lr 1.000e-03 (1.000e-03)
2026-03-23 23:46:32,865 - INFO: Epoch: [3][100/301]	Time  0.003 ( 0.006)	Loss 4.1293e-01 (4.5298e-01)	Acc pseudo  82.81 ( 86.39)	Lr 1.000e-03 (1.000e-03)
2026-03-23 23:46:33,024 - INFO: Epoch: [3][150/301]	Time  0.003 ( 0.005)	Loss 4.0532e-01 (4.4248e-01)	Acc pseudo  89.06 ( 86.65)	Lr 1.000e-03 (1.000e-03)
2026-03-23 23:46:33,177 - INFO: Epoch: [3][200/301]	Time  0.003 ( 0.004)	Loss 3.9277e-01 (4.4250e-01)	Acc pseudo  89.06 ( 86.44)	Lr 1.000e-03 (1.000e-03)
2026-03-23 23:46:33,327 - INFO: Epoch: [3][250/301]	Time  0.003 ( 0.004)	Loss 3.8267e-01 (4.4751e-01)	Acc pseudo  90.62 ( 86.30)	Lr 1.000e-03 (1.000e-03)
2026-03-23 23:46:33,469 - INFO: Epoch: [3][300/301]	Time  0.002 ( 0.004)	Loss 5.2227e-01 (4.5185e-01)	Acc pseudo  88.00 ( 86.19)	Lr 1.000e-03 (1.000e-03)
2026-03-23 23:46:33,538 - INFO: Round 2, Fine-tune Epoch 3: loss=0.4518, acc(pseudo)=86.19%
2026-03-23 23:46:41,341 - INFO: Round 2, Fine-tune Epoch 3: acc(valid_pseudo): 0.9525, acc: 0.8510
2026-03-23 23:46:41,341 - INFO: Round 2, Speaker Fine-tune Epoch 3: No improvement in validation accuracy. Patience(epoch): 3/3
2026-03-23 23:46:41,341 - INFO: Early stopping at epoch 3 due to no improvement in validation accuracy for 3 epochs.
2026-03-23 23:46:41,343 - INFO: Round 2: Best speaker fine-tuned epoch=0, acc(valid_pseudo)=0.9633
2026-03-23 23:46:41,391 - INFO: Using HMM model from previous round: runs/I love my family/exp_video_ablation/result/e/self_supervised/exp0/round1/pseudo_label/hmm_params.pkl
2026-03-23 23:58:03,965 - INFO: Round 2: speaker_acc=0.8510
2026-03-23 23:58:03,968 - INFO: ====================
2026-03-23 23:58:03,968 - INFO: Round 3: Fine-tuning iteration
2026-03-23 23:58:03,968 - INFO: ====================
2026-03-23 23:58:04,063 - INFO: Round 3 Part 1: Fine-tuning embedding model
2026-03-23 23:58:04,064 - INFO: Using pseudo-label file: runs/I love my family/exp_video_ablation/result/e/self_supervised/exp0/round2/pseudo_label/pseudo_labels_audio_hmmx_both(unreliable_pp=100.0).json
2026-03-23 23:58:04,100 - INFO: Fine-tuning speaker embedding model for 20 epochs...
2026-03-23 23:58:04,342 - INFO: Epoch: [0][  0/301]	Time  0.236 ( 0.236)	Loss 3.8933e-01 (3.8933e-01)	Acc pseudo  89.06 ( 89.06)	Lr 1.000e-03 (1.000e-03)
2026-03-23 23:58:04,516 - INFO: Epoch: [0][ 50/301]	Time  0.003 ( 0.008)	Loss 4.1038e-01 (5.2141e-01)	Acc pseudo  82.81 ( 85.17)	Lr 1.000e-03 (1.000e-03)
2026-03-23 23:58:04,667 - INFO: Epoch: [0][100/301]	Time  0.003 ( 0.005)	Loss 4.0345e-01 (5.1750e-01)	Acc pseudo  87.50 ( 85.52)	Lr 1.000e-03 (1.000e-03)
2026-03-23 23:58:04,826 - INFO: Epoch: [0][150/301]	Time  0.003 ( 0.005)	Loss 5.3010e-01 (5.2150e-01)	Acc pseudo  79.69 ( 85.43)	Lr 1.000e-03 (1.000e-03)
2026-03-23 23:58:04,998 - INFO: Epoch: [0][200/301]	Time  0.003 ( 0.004)	Loss 3.4421e-01 (5.1171e-01)	Acc pseudo  92.19 ( 85.62)	Lr 1.000e-03 (1.000e-03)
2026-03-23 23:58:05,158 - INFO: Epoch: [0][250/301]	Time  0.003 ( 0.004)	Loss 4.7274e-01 (5.0859e-01)	Acc pseudo  85.94 ( 85.61)	Lr 1.000e-03 (1.000e-03)
2026-03-23 23:58:05,303 - INFO: Epoch: [0][300/301]	Time  0.002 ( 0.004)	Loss 1.9895e-01 (5.1181e-01)	Acc pseudo  96.00 ( 85.74)	Lr 1.000e-03 (1.000e-03)
2026-03-23 23:58:05,371 - INFO: Round 3, Fine-tune Epoch 0: loss=0.5118, acc(pseudo)=85.74%
2026-03-23 23:58:13,552 - INFO: Round 3, Fine-tune Epoch 0: acc(valid_pseudo): 0.9350, acc: 0.8220
2026-03-23 23:58:14,488 - INFO: Epoch: [1][  0/301]	Time  0.236 ( 0.236)	Loss 6.2395e-01 (6.2395e-01)	Acc pseudo  81.25 ( 81.25)	Lr 1.000e-03 (1.000e-03)
2026-03-23 23:58:14,656 - INFO: Epoch: [1][ 50/301]	Time  0.003 ( 0.008)	Loss 2.5814e-01 (4.4933e-01)	Acc pseudo  87.50 ( 85.88)	Lr 1.000e-03 (1.000e-03)
2026-03-23 23:58:14,810 - INFO: Epoch: [1][100/301]	Time  0.003 ( 0.005)	Loss 2.9039e-01 (4.4136e-01)	Acc pseudo  90.62 ( 86.23)	Lr 1.000e-03 (1.000e-03)
2026-03-23 23:58:14,958 - INFO: Epoch: [1][150/301]	Time  0.004 ( 0.005)	Loss 2.7213e-01 (4.5225e-01)	Acc pseudo  87.50 ( 86.36)	Lr 1.000e-03 (1.000e-03)
2026-03-23 23:58:15,122 - INFO: Epoch: [1][200/301]	Time  0.003 ( 0.004)	Loss 3.9073e-01 (4.5261e-01)	Acc pseudo  84.38 ( 86.20)	Lr 1.000e-03 (1.000e-03)
2026-03-23 23:58:15,268 - INFO: Epoch: [1][250/301]	Time  0.003 ( 0.004)	Loss 4.6300e-01 (4.5963e-01)	Acc pseudo  87.50 ( 86.11)	Lr 1.000e-03 (1.000e-03)
2026-03-23 23:58:15,405 - INFO: Epoch: [1][300/301]	Time  0.002 ( 0.004)	Loss 3.7226e-01 (4.6692e-01)	Acc pseudo  84.00 ( 86.03)	Lr 1.000e-03 (1.000e-03)
2026-03-23 23:58:15,470 - INFO: Round 3, Fine-tune Epoch 1: loss=0.4669, acc(pseudo)=86.03%
2026-03-23 23:58:23,800 - INFO: Round 3, Fine-tune Epoch 1: acc(valid_pseudo): 0.9609, acc: 0.8540
2026-03-23 23:58:24,561 - INFO: Epoch: [2][  0/301]	Time  0.238 ( 0.238)	Loss 4.9292e-01 (4.9292e-01)	Acc pseudo  84.38 ( 84.38)	Lr 1.000e-03 (1.000e-03)
2026-03-23 23:58:24,756 - INFO: Epoch: [2][ 50/301]	Time  0.003 ( 0.008)	Loss 3.2180e-01 (4.3109e-01)	Acc pseudo  87.50 ( 86.06)	Lr 1.000e-03 (1.000e-03)
2026-03-23 23:58:24,922 - INFO: Epoch: [2][100/301]	Time  0.003 ( 0.006)	Loss 3.8523e-01 (4.3312e-01)	Acc pseudo  84.38 ( 86.39)	Lr 1.000e-03 (1.000e-03)
2026-03-23 23:58:25,076 - INFO: Epoch: [2][150/301]	Time  0.003 ( 0.005)	Loss 3.2956e-01 (4.3344e-01)	Acc pseudo  87.50 ( 86.55)	Lr 1.000e-03 (1.000e-03)
2026-03-23 23:58:25,233 - INFO: Epoch: [2][200/301]	Time  0.003 ( 0.004)	Loss 2.9185e-01 (4.3177e-01)	Acc pseudo  93.75 ( 86.67)	Lr 1.000e-03 (1.000e-03)
2026-03-23 23:58:25,386 - INFO: Epoch: [2][250/301]	Time  0.003 ( 0.004)	Loss 3.3937e-01 (4.4168e-01)	Acc pseudo  89.06 ( 86.42)	Lr 1.000e-03 (1.000e-03)
2026-03-23 23:58:25,531 - INFO: Epoch: [2][300/301]	Time  0.002 ( 0.004)	Loss 8.8432e-01 (4.4720e-01)	Acc pseudo  76.00 ( 86.36)	Lr 1.000e-03 (1.000e-03)
2026-03-23 23:58:25,597 - INFO: Round 3, Fine-tune Epoch 2: loss=0.4472, acc(pseudo)=86.36%
2026-03-23 23:58:33,735 - INFO: Round 3, Fine-tune Epoch 2: acc(valid_pseudo): 0.9638, acc: 0.8350
2026-03-23 23:58:34,530 - INFO: Epoch: [3][  0/301]	Time  0.246 ( 0.246)	Loss 5.3055e-01 (5.3055e-01)	Acc pseudo  82.81 ( 82.81)	Lr 1.000e-03 (1.000e-03)
2026-03-23 23:58:34,717 - INFO: Epoch: [3][ 50/301]	Time  0.003 ( 0.008)	Loss 5.8880e-01 (4.1736e-01)	Acc pseudo  82.81 ( 86.95)	Lr 1.000e-03 (1.000e-03)
2026-03-23 23:58:34,881 - INFO: Epoch: [3][100/301]	Time  0.004 ( 0.006)	Loss 3.0249e-01 (4.2108e-01)	Acc pseudo  90.62 ( 86.80)	Lr 1.000e-03 (1.000e-03)
2026-03-23 23:58:35,056 - INFO: Epoch: [3][150/301]	Time  0.003 ( 0.005)	Loss 5.7016e-01 (4.2662e-01)	Acc pseudo  89.06 ( 86.85)	Lr 1.000e-03 (1.000e-03)
2026-03-23 23:58:35,217 - INFO: Epoch: [3][200/301]	Time  0.003 ( 0.005)	Loss 3.6388e-01 (4.2533e-01)	Acc pseudo  87.50 ( 86.74)	Lr 1.000e-03 (1.000e-03)
2026-03-23 23:58:35,399 - INFO: Epoch: [3][250/301]	Time  0.005 ( 0.004)	Loss 4.5941e-01 (4.3145e-01)	Acc pseudo  85.94 ( 86.53)	Lr 1.000e-03 (1.000e-03)
2026-03-23 23:58:35,579 - INFO: Epoch: [3][300/301]	Time  0.002 ( 0.004)	Loss 2.9383e-01 (4.3311e-01)	Acc pseudo  84.00 ( 86.44)	Lr 1.000e-03 (1.000e-03)
2026-03-23 23:58:35,644 - INFO: Round 3, Fine-tune Epoch 3: loss=0.4331, acc(pseudo)=86.44%
2026-03-23 23:58:43,569 - INFO: Round 3, Fine-tune Epoch 3: acc(valid_pseudo): 0.8711, acc: 0.7650
2026-03-23 23:58:43,569 - INFO: Round 3, Speaker Fine-tune Epoch 3: No improvement in validation accuracy. Patience(epoch): 1/3
2026-03-23 23:58:43,569 - INFO: Early stopping at epoch 3 due to significant drop in pseudo-label validation accuracy: 0.9638 -> 0.8711.
2026-03-23 23:58:43,570 - INFO: Round 3: Best speaker fine-tuned epoch=2, acc(valid_pseudo)=0.9638
2026-03-23 23:58:43,619 - INFO: Using HMM model from previous round: runs/I love my family/exp_video_ablation/result/e/self_supervised/exp0/round2/pseudo_label/hmm_params.pkl
2026-03-24 00:10:02,274 - INFO: Round 3: speaker_acc=0.8550
2026-03-24 00:10:02,277 - INFO: ====================
2026-03-24 00:10:02,277 - INFO: Round 4: Fine-tuning iteration
2026-03-24 00:10:02,277 - INFO: ====================
2026-03-24 00:10:02,366 - INFO: Round 4 Part 1: Fine-tuning embedding model
2026-03-24 00:10:02,368 - INFO: Using pseudo-label file: runs/I love my family/exp_video_ablation/result/e/self_supervised/exp0/round3/pseudo_label/pseudo_labels_audio_hmmx_both(unreliable_pp=100.0).json
2026-03-24 00:10:02,403 - INFO: Fine-tuning speaker embedding model for 20 epochs...
2026-03-24 00:10:02,643 - INFO: Epoch: [0][  0/301]	Time  0.235 ( 0.235)	Loss 3.0215e-01 (3.0215e-01)	Acc pseudo  90.62 ( 90.62)	Lr 1.000e-03 (1.000e-03)
2026-03-24 00:10:02,811 - INFO: Epoch: [0][ 50/301]	Time  0.003 ( 0.008)	Loss 4.2970e-01 (5.4389e-01)	Acc pseudo  87.50 ( 84.96)	Lr 1.000e-03 (1.000e-03)
2026-03-24 00:10:02,960 - INFO: Epoch: [0][100/301]	Time  0.003 ( 0.005)	Loss 5.2789e-01 (5.3155e-01)	Acc pseudo  82.81 ( 85.15)	Lr 1.000e-03 (1.000e-03)
2026-03-24 00:10:03,108 - INFO: Epoch: [0][150/301]	Time  0.003 ( 0.005)	Loss 7.9711e-01 (5.2061e-01)	Acc pseudo  81.25 ( 85.30)	Lr 1.000e-03 (1.000e-03)
2026-03-24 00:10:03,252 - INFO: Epoch: [0][200/301]	Time  0.003 ( 0.004)	Loss 5.0276e-01 (5.0944e-01)	Acc pseudo  89.06 ( 85.48)	Lr 1.000e-03 (1.000e-03)
2026-03-24 00:10:03,399 - INFO: Epoch: [0][250/301]	Time  0.003 ( 0.004)	Loss 5.1125e-01 (5.1206e-01)	Acc pseudo  82.81 ( 85.41)	Lr 1.000e-03 (1.000e-03)
2026-03-24 00:10:03,533 - INFO: Epoch: [0][300/301]	Time  0.002 ( 0.004)	Loss 9.6754e-01 (5.1191e-01)	Acc pseudo  80.00 ( 85.47)	Lr 1.000e-03 (1.000e-03)
2026-03-24 00:10:03,597 - INFO: Round 4, Fine-tune Epoch 0: loss=0.5119, acc(pseudo)=85.47%
2026-03-24 00:10:11,853 - INFO: Round 4, Fine-tune Epoch 0: acc(valid_pseudo): 0.9729, acc: 0.8615
2026-03-24 00:10:12,810 - INFO: Epoch: [1][  0/301]	Time  0.224 ( 0.224)	Loss 6.1066e-01 (6.1066e-01)	Acc pseudo  78.12 ( 78.12)	Lr 1.000e-03 (1.000e-03)
2026-03-24 00:10:13,005 - INFO: Epoch: [1][ 50/301]	Time  0.003 ( 0.008)	Loss 7.5093e-01 (4.9413e-01)	Acc pseudo  84.38 ( 85.85)	Lr 1.000e-03 (1.000e-03)
2026-03-24 00:10:13,156 - INFO: Epoch: [1][100/301]	Time  0.003 ( 0.006)	Loss 4.3215e-01 (4.6987e-01)	Acc pseudo  87.50 ( 86.17)	Lr 1.000e-03 (1.000e-03)
2026-03-24 00:10:13,302 - INFO: Epoch: [1][150/301]	Time  0.003 ( 0.005)	Loss 6.9239e-01 (4.6456e-01)	Acc pseudo  78.12 ( 86.12)	Lr 1.000e-03 (1.000e-03)
2026-03-24 00:10:13,470 - INFO: Epoch: [1][200/301]	Time  0.003 ( 0.004)	Loss 4.5043e-01 (4.6797e-01)	Acc pseudo  84.38 ( 86.07)	Lr 1.000e-03 (1.000e-03)
2026-03-24 00:10:13,636 - INFO: Epoch: [1][250/301]	Time  0.004 ( 0.004)	Loss 1.0740e+00 (4.8286e-01)	Acc pseudo  76.56 ( 85.86)	Lr 1.000e-03 (1.000e-03)
2026-03-24 00:10:13,794 - INFO: Epoch: [1][300/301]	Time  0.002 ( 0.004)	Loss 2.1511e-01 (4.7860e-01)	Acc pseudo  96.00 ( 85.97)	Lr 1.000e-03 (1.000e-03)
2026-03-24 00:10:13,858 - INFO: Round 4, Fine-tune Epoch 1: loss=0.4786, acc(pseudo)=85.97%
2026-03-24 00:10:21,852 - INFO: Round 4, Fine-tune Epoch 1: acc(valid_pseudo): 0.9554, acc: 0.8500
2026-03-24 00:10:21,853 - INFO: Round 4, Speaker Fine-tune Epoch 1: No improvement in validation accuracy. Patience(epoch): 1/3
2026-03-24 00:10:22,104 - INFO: Epoch: [2][  0/301]	Time  0.246 ( 0.246)	Loss 4.7689e-01 (4.7689e-01)	Acc pseudo  89.06 ( 89.06)	Lr 1.000e-03 (1.000e-03)
2026-03-24 00:10:22,279 - INFO: Epoch: [2][ 50/301]	Time  0.003 ( 0.008)	Loss 2.2169e-01 (4.6782e-01)	Acc pseudo  90.62 ( 85.72)	Lr 1.000e-03 (1.000e-03)
2026-03-24 00:10:22,435 - INFO: Epoch: [2][100/301]	Time  0.003 ( 0.006)	Loss 4.4778e-01 (4.5253e-01)	Acc pseudo  89.06 ( 86.23)	Lr 1.000e-03 (1.000e-03)
2026-03-24 00:10:22,595 - INFO: Epoch: [2][150/301]	Time  0.003 ( 0.005)	Loss 2.6940e-01 (4.4652e-01)	Acc pseudo  92.19 ( 86.29)	Lr 1.000e-03 (1.000e-03)
2026-03-24 00:10:22,747 - INFO: Epoch: [2][200/301]	Time  0.003 ( 0.004)	Loss 5.0313e-01 (4.4293e-01)	Acc pseudo  90.62 ( 86.57)	Lr 1.000e-03 (1.000e-03)
2026-03-24 00:10:22,892 - INFO: Epoch: [2][250/301]	Time  0.003 ( 0.004)	Loss 3.0710e-01 (4.4405e-01)	Acc pseudo  92.19 ( 86.38)	Lr 1.000e-03 (1.000e-03)
2026-03-24 00:10:23,043 - INFO: Epoch: [2][300/301]	Time  0.003 ( 0.004)	Loss 4.6121e-01 (4.4639e-01)	Acc pseudo  80.00 ( 86.42)	Lr 1.000e-03 (1.000e-03)
2026-03-24 00:10:23,108 - INFO: Round 4, Fine-tune Epoch 2: loss=0.4464, acc(pseudo)=86.42%
2026-03-24 00:10:31,187 - INFO: Round 4, Fine-tune Epoch 2: acc(valid_pseudo): 0.9183, acc: 0.7840
2026-03-24 00:10:31,187 - INFO: Round 4, Speaker Fine-tune Epoch 2: No improvement in validation accuracy. Patience(epoch): 2/3
2026-03-24 00:10:31,432 - INFO: Epoch: [3][  0/301]	Time  0.239 ( 0.239)	Loss 4.5527e-01 (4.5527e-01)	Acc pseudo  82.81 ( 82.81)	Lr 1.000e-03 (1.000e-03)
2026-03-24 00:10:31,605 - INFO: Epoch: [3][ 50/301]	Time  0.003 ( 0.008)	Loss 6.3121e-01 (4.1866e-01)	Acc pseudo  78.12 ( 86.95)	Lr 1.000e-03 (1.000e-03)
2026-03-24 00:10:31,762 - INFO: Epoch: [3][100/301]	Time  0.003 ( 0.006)	Loss 4.9125e-01 (4.2740e-01)	Acc pseudo  87.50 ( 86.43)	Lr 1.000e-03 (1.000e-03)
2026-03-24 00:10:31,911 - INFO: Epoch: [3][150/301]	Time  0.003 ( 0.005)	Loss 3.5393e-01 (4.2286e-01)	Acc pseudo  89.06 ( 86.60)	Lr 1.000e-03 (1.000e-03)
2026-03-24 00:10:32,065 - INFO: Epoch: [3][200/301]	Time  0.003 ( 0.004)	Loss 3.1727e-01 (4.2589e-01)	Acc pseudo  87.50 ( 86.64)	Lr 1.000e-03 (1.000e-03)
2026-03-24 00:10:32,211 - INFO: Epoch: [3][250/301]	Time  0.003 ( 0.004)	Loss 5.6740e-01 (4.3525e-01)	Acc pseudo  78.12 ( 86.33)	Lr 1.000e-03 (1.000e-03)
2026-03-24 00:10:32,364 - INFO: Epoch: [3][300/301]	Time  0.003 ( 0.004)	Loss 5.4499e-01 (4.3556e-01)	Acc pseudo  80.00 ( 86.30)	Lr 1.000e-03 (1.000e-03)
2026-03-24 00:10:32,427 - INFO: Round 4, Fine-tune Epoch 3: loss=0.4356, acc(pseudo)=86.30%
2026-03-24 00:10:40,713 - INFO: Round 4, Fine-tune Epoch 3: acc(valid_pseudo): 0.9606, acc: 0.8450
2026-03-24 00:10:40,714 - INFO: Round 4, Speaker Fine-tune Epoch 3: No improvement in validation accuracy. Patience(epoch): 3/3
2026-03-24 00:10:40,714 - INFO: Early stopping at epoch 3 due to no improvement in validation accuracy for 3 epochs.
2026-03-24 00:10:40,715 - INFO: Round 4: Best speaker fine-tuned epoch=0, acc(valid_pseudo)=0.9729
2026-03-24 00:10:40,792 - INFO: Using HMM model from previous round: runs/I love my family/exp_video_ablation/result/e/self_supervised/exp0/round3/pseudo_label/hmm_params.pkl
2026-03-24 00:21:22,476 - INFO: Round 4: speaker_acc=0.8685
2026-03-24 00:21:22,478 - INFO: ====================
2026-03-24 00:21:22,479 - INFO: Round 5: Fine-tuning iteration
2026-03-24 00:21:22,479 - INFO: ====================
2026-03-24 00:21:22,575 - INFO: Round 5 Part 1: Fine-tuning embedding model
2026-03-24 00:21:22,576 - INFO: Using pseudo-label file: runs/I love my family/exp_video_ablation/result/e/self_supervised/exp0/round4/pseudo_label/pseudo_labels_audio_hmmx_both(unreliable_pp=100.0).json
2026-03-24 00:21:22,613 - INFO: Fine-tuning speaker embedding model for 20 epochs...
2026-03-24 00:21:22,869 - INFO: Epoch: [0][  0/301]	Time  0.251 ( 0.251)	Loss 4.2001e-01 (4.2001e-01)	Acc pseudo  89.06 ( 89.06)	Lr 1.000e-03 (1.000e-03)
2026-03-24 00:21:23,034 - INFO: Epoch: [0][ 50/301]	Time  0.004 ( 0.008)	Loss 5.1873e-01 (4.3091e-01)	Acc pseudo  82.81 ( 86.64)	Lr 1.000e-03 (1.000e-03)
2026-03-24 00:21:23,193 - INFO: Epoch: [0][100/301]	Time  0.003 ( 0.006)	Loss 3.7916e-01 (4.2606e-01)	Acc pseudo  90.62 ( 87.24)	Lr 1.000e-03 (1.000e-03)
2026-03-24 00:21:23,355 - INFO: Epoch: [0][150/301]	Time  0.003 ( 0.005)	Loss 5.4387e-01 (4.2920e-01)	Acc pseudo  82.81 ( 87.04)	Lr 1.000e-03 (1.000e-03)
2026-03-24 00:21:23,509 - INFO: Epoch: [0][200/301]	Time  0.003 ( 0.004)	Loss 3.6375e-01 (4.2792e-01)	Acc pseudo  87.50 ( 87.10)	Lr 1.000e-03 (1.000e-03)
2026-03-24 00:21:23,660 - INFO: Epoch: [0][250/301]	Time  0.003 ( 0.004)	Loss 4.2785e-01 (4.2588e-01)	Acc pseudo  84.38 ( 87.16)	Lr 1.000e-03 (1.000e-03)
2026-03-24 00:21:23,815 - INFO: Epoch: [0][300/301]	Time  0.002 ( 0.004)	Loss 3.5970e-01 (4.2196e-01)	Acc pseudo  88.00 ( 87.36)	Lr 1.000e-03 (1.000e-03)
2026-03-24 00:21:23,882 - INFO: Round 5, Fine-tune Epoch 0: loss=0.4220, acc(pseudo)=87.36%
2026-03-24 00:21:31,906 - INFO: Round 5, Fine-tune Epoch 0: acc(valid_pseudo): 0.9554, acc: 0.8440
2026-03-24 00:21:32,700 - INFO: Epoch: [1][  0/301]	Time  0.252 ( 0.252)	Loss 4.6629e-01 (4.6629e-01)	Acc pseudo  85.94 ( 85.94)	Lr 1.000e-03 (1.000e-03)
2026-03-24 00:21:32,896 - INFO: Epoch: [1][ 50/301]	Time  0.003 ( 0.009)	Loss 6.0402e-01 (3.8705e-01)	Acc pseudo  90.62 ( 87.84)	Lr 1.000e-03 (1.000e-03)
2026-03-24 00:21:33,049 - INFO: Epoch: [1][100/301]	Time  0.003 ( 0.006)	Loss 3.3012e-01 (3.7894e-01)	Acc pseudo  87.50 ( 88.09)	Lr 1.000e-03 (1.000e-03)
2026-03-24 00:21:33,201 - INFO: Epoch: [1][150/301]	Time  0.003 ( 0.005)	Loss 2.6201e-01 (3.8034e-01)	Acc pseudo  90.62 ( 88.09)	Lr 1.000e-03 (1.000e-03)
2026-03-24 00:21:33,361 - INFO: Epoch: [1][200/301]	Time  0.003 ( 0.004)	Loss 3.2550e-01 (3.8382e-01)	Acc pseudo  90.62 ( 88.04)	Lr 1.000e-03 (1.000e-03)
2026-03-24 00:21:33,505 - INFO: Epoch: [1][250/301]	Time  0.003 ( 0.004)	Loss 4.9060e-01 (3.8829e-01)	Acc pseudo  85.94 ( 87.94)	Lr 1.000e-03 (1.000e-03)
2026-03-24 00:21:33,650 - INFO: Epoch: [1][300/301]	Time  0.003 ( 0.004)	Loss 2.5183e-01 (3.9075e-01)	Acc pseudo  88.00 ( 87.87)	Lr 1.000e-03 (1.000e-03)
2026-03-24 00:21:33,711 - INFO: Round 5, Fine-tune Epoch 1: loss=0.3908, acc(pseudo)=87.87%
2026-03-24 00:21:41,816 - INFO: Round 5, Fine-tune Epoch 1: acc(valid_pseudo): 0.9528, acc: 0.8510
2026-03-24 00:21:41,816 - INFO: Round 5, Speaker Fine-tune Epoch 1: No improvement in validation accuracy. Patience(epoch): 1/3
2026-03-24 00:21:42,053 - INFO: Epoch: [2][  0/301]	Time  0.231 ( 0.231)	Loss 3.8030e-01 (3.8030e-01)	Acc pseudo  90.62 ( 90.62)	Lr 1.000e-03 (1.000e-03)
2026-03-24 00:21:42,232 - INFO: Epoch: [2][ 50/301]	Time  0.003 ( 0.008)	Loss 2.5478e-01 (3.6728e-01)	Acc pseudo  89.06 ( 88.02)	Lr 1.000e-03 (1.000e-03)
2026-03-24 00:21:42,393 - INFO: Epoch: [2][100/301]	Time  0.003 ( 0.006)	Loss 5.1880e-01 (3.6275e-01)	Acc pseudo  84.38 ( 88.27)	Lr 1.000e-03 (1.000e-03)
2026-03-24 00:21:42,573 - INFO: Epoch: [2][150/301]	Time  0.004 ( 0.005)	Loss 2.7359e-01 (3.6457e-01)	Acc pseudo  89.06 ( 88.10)	Lr 1.000e-03 (1.000e-03)
2026-03-24 00:21:42,736 - INFO: Epoch: [2][200/301]	Time  0.003 ( 0.004)	Loss 1.6035e-01 (3.6131e-01)	Acc pseudo  92.19 ( 88.29)	Lr 1.000e-03 (1.000e-03)
2026-03-24 00:21:42,884 - INFO: Epoch: [2][250/301]	Time  0.003 ( 0.004)	Loss 3.6050e-01 (3.7033e-01)	Acc pseudo  87.50 ( 88.17)	Lr 1.000e-03 (1.000e-03)
2026-03-24 00:21:43,034 - INFO: Epoch: [2][300/301]	Time  0.002 ( 0.004)	Loss 2.3731e-01 (3.7036e-01)	Acc pseudo  92.00 ( 88.22)	Lr 1.000e-03 (1.000e-03)
2026-03-24 00:21:43,102 - INFO: Round 5, Fine-tune Epoch 2: loss=0.3704, acc(pseudo)=88.22%
2026-03-24 00:21:51,711 - INFO: Round 5, Fine-tune Epoch 2: acc(valid_pseudo): 0.9571, acc: 0.8290
2026-03-24 00:21:52,646 - INFO: Epoch: [3][  0/301]	Time  0.308 ( 0.308)	Loss 2.9350e-01 (2.9350e-01)	Acc pseudo  92.19 ( 92.19)	Lr 1.000e-03 (1.000e-03)
2026-03-24 00:21:52,823 - INFO: Epoch: [3][ 50/301]	Time  0.004 ( 0.009)	Loss 3.8339e-01 (3.5810e-01)	Acc pseudo  84.38 ( 88.88)	Lr 1.000e-03 (1.000e-03)
2026-03-24 00:21:52,990 - INFO: Epoch: [3][100/301]	Time  0.004 ( 0.006)	Loss 2.6077e-01 (3.6238e-01)	Acc pseudo  90.62 ( 88.30)	Lr 1.000e-03 (1.000e-03)
2026-03-24 00:21:53,156 - INFO: Epoch: [3][150/301]	Time  0.003 ( 0.005)	Loss 3.2473e-01 (3.6018e-01)	Acc pseudo  92.19 ( 88.63)	Lr 1.000e-03 (1.000e-03)
2026-03-24 00:21:53,304 - INFO: Epoch: [3][200/301]	Time  0.003 ( 0.005)	Loss 1.9867e-01 (3.5796e-01)	Acc pseudo  92.19 ( 88.73)	Lr 1.000e-03 (1.000e-03)
2026-03-24 00:21:53,462 - INFO: Epoch: [3][250/301]	Time  0.003 ( 0.004)	Loss 3.7973e-01 (3.6623e-01)	Acc pseudo  93.75 ( 88.50)	Lr 1.000e-03 (1.000e-03)
2026-03-24 00:21:53,620 - INFO: Epoch: [3][300/301]	Time  0.002 ( 0.004)	Loss 3.1327e-01 (3.6745e-01)	Acc pseudo  84.00 ( 88.33)	Lr 1.000e-03 (1.000e-03)
2026-03-24 00:21:53,684 - INFO: Round 5, Fine-tune Epoch 3: loss=0.3674, acc(pseudo)=88.33%
2026-03-24 00:22:02,175 - INFO: Round 5, Fine-tune Epoch 3: acc(valid_pseudo): 0.9504, acc: 0.8455
2026-03-24 00:22:02,176 - INFO: Round 5, Speaker Fine-tune Epoch 3: No improvement in validation accuracy. Patience(epoch): 1/3
2026-03-24 00:22:02,449 - INFO: Epoch: [4][  0/301]	Time  0.266 ( 0.266)	Loss 4.5441e-01 (4.5441e-01)	Acc pseudo  85.94 ( 85.94)	Lr 1.000e-03 (1.000e-03)
2026-03-24 00:22:02,655 - INFO: Epoch: [4][ 50/301]	Time  0.003 ( 0.009)	Loss 3.0047e-01 (3.8236e-01)	Acc pseudo  87.50 ( 87.71)	Lr 1.000e-03 (1.000e-03)
2026-03-24 00:22:02,814 - INFO: Epoch: [4][100/301]	Time  0.003 ( 0.006)	Loss 3.7179e-01 (3.8181e-01)	Acc pseudo  89.06 ( 87.52)	Lr 1.000e-03 (1.000e-03)
2026-03-24 00:22:02,967 - INFO: Epoch: [4][150/301]	Time  0.003 ( 0.005)	Loss 3.6703e-01 (3.8788e-01)	Acc pseudo  85.94 ( 87.43)	Lr 1.000e-03 (1.000e-03)
2026-03-24 00:22:03,129 - INFO: Epoch: [4][200/301]	Time  0.003 ( 0.005)	Loss 3.7050e-01 (3.9586e-01)	Acc pseudo  84.38 ( 87.34)	Lr 1.000e-03 (1.000e-03)
2026-03-24 00:22:03,291 - INFO: Epoch: [4][250/301]	Time  0.003 ( 0.004)	Loss 3.2854e-01 (3.9761e-01)	Acc pseudo  85.94 ( 87.18)	Lr 1.000e-03 (1.000e-03)
2026-03-24 00:22:03,434 - INFO: Epoch: [4][300/301]	Time  0.002 ( 0.004)	Loss 3.5931e-01 (4.0308e-01)	Acc pseudo  80.00 ( 87.00)	Lr 1.000e-03 (1.000e-03)
2026-03-24 00:22:03,496 - INFO: Round 5, Fine-tune Epoch 4: loss=0.4031, acc(pseudo)=87.00%
2026-03-24 00:22:11,983 - INFO: Round 5, Fine-tune Epoch 4: acc(valid_pseudo): 0.9382, acc: 0.8235
2026-03-24 00:22:11,984 - INFO: Round 5, Speaker Fine-tune Epoch 4: No improvement in validation accuracy. Patience(epoch): 2/3
2026-03-24 00:22:12,236 - INFO: Epoch: [5][  0/301]	Time  0.247 ( 0.247)	Loss 3.9596e-01 (3.9596e-01)	Acc pseudo  85.94 ( 85.94)	Lr 1.000e-03 (1.000e-03)
2026-03-24 00:22:12,424 - INFO: Epoch: [5][ 50/301]	Time  0.003 ( 0.008)	Loss 2.4188e-01 (3.6751e-01)	Acc pseudo  92.19 ( 88.33)	Lr 1.000e-03 (1.000e-03)
2026-03-24 00:22:12,582 - INFO: Epoch: [5][100/301]	Time  0.003 ( 0.006)	Loss 5.6624e-01 (3.6103e-01)	Acc pseudo  79.69 ( 88.54)	Lr 1.000e-03 (1.000e-03)
2026-03-24 00:22:12,735 - INFO: Epoch: [5][150/301]	Time  0.003 ( 0.005)	Loss 5.0119e-01 (3.6914e-01)	Acc pseudo  82.81 ( 88.38)	Lr 1.000e-03 (1.000e-03)
2026-03-24 00:22:12,891 - INFO: Epoch: [5][200/301]	Time  0.004 ( 0.004)	Loss 2.8097e-01 (3.6944e-01)	Acc pseudo  89.06 ( 88.25)	Lr 1.000e-03 (1.000e-03)
2026-03-24 00:22:13,057 - INFO: Epoch: [5][250/301]	Time  0.003 ( 0.004)	Loss 5.5232e-01 (3.7300e-01)	Acc pseudo  84.38 ( 88.17)	Lr 1.000e-03 (1.000e-03)
2026-03-24 00:22:13,204 - INFO: Epoch: [5][300/301]	Time  0.002 ( 0.004)	Loss 3.3376e-01 (3.7895e-01)	Acc pseudo  92.00 ( 87.99)	Lr 1.000e-03 (1.000e-03)
2026-03-24 00:22:13,269 - INFO: Round 5, Fine-tune Epoch 5: loss=0.3790, acc(pseudo)=87.99%
2026-03-24 00:22:21,859 - INFO: Round 5, Fine-tune Epoch 5: acc(valid_pseudo): 0.9694, acc: 0.8620
2026-03-24 00:22:22,618 - INFO: Epoch: [6][  0/301]	Time  0.228 ( 0.228)	Loss 5.7250e-01 (5.7250e-01)	Acc pseudo  84.38 ( 84.38)	Lr 1.000e-03 (1.000e-03)
2026-03-24 00:22:22,801 - INFO: Epoch: [6][ 50/301]	Time  0.003 ( 0.008)	Loss 2.5454e-01 (3.9853e-01)	Acc pseudo  93.75 ( 88.36)	Lr 1.000e-03 (1.000e-03)
2026-03-24 00:22:22,950 - INFO: Epoch: [6][100/301]	Time  0.003 ( 0.005)	Loss 4.7941e-01 (3.7719e-01)	Acc pseudo  87.50 ( 88.21)	Lr 1.000e-03 (1.000e-03)
2026-03-24 00:22:23,111 - INFO: Epoch: [6][150/301]	Time  0.003 ( 0.005)	Loss 2.2182e-01 (3.7545e-01)	Acc pseudo  90.62 ( 87.92)	Lr 1.000e-03 (1.000e-03)
2026-03-24 00:22:23,277 - INFO: Epoch: [6][200/301]	Time  0.003 ( 0.004)	Loss 4.1376e-01 (3.7915e-01)	Acc pseudo  84.38 ( 87.89)	Lr 1.000e-03 (1.000e-03)
2026-03-24 00:22:23,425 - INFO: Epoch: [6][250/301]	Time  0.003 ( 0.004)	Loss 3.6201e-01 (3.8309e-01)	Acc pseudo  90.62 ( 87.82)	Lr 1.000e-03 (1.000e-03)
2026-03-24 00:22:23,568 - INFO: Epoch: [6][300/301]	Time  0.002 ( 0.004)	Loss 1.3109e-01 (3.8361e-01)	Acc pseudo  96.00 ( 87.73)	Lr 1.000e-03 (1.000e-03)
2026-03-24 00:22:23,631 - INFO: Round 5, Fine-tune Epoch 6: loss=0.3836, acc(pseudo)=87.73%
2026-03-24 00:22:32,625 - INFO: Round 5, Fine-tune Epoch 6: acc(valid_pseudo): 0.9703, acc: 0.8575
2026-03-24 00:22:33,456 - INFO: Epoch: [7][  0/301]	Time  0.233 ( 0.233)	Loss 1.2411e-01 (1.2411e-01)	Acc pseudo  95.31 ( 95.31)	Lr 1.000e-03 (1.000e-03)
2026-03-24 00:22:33,684 - INFO: Epoch: [7][ 50/301]	Time  0.003 ( 0.009)	Loss 2.9059e-01 (3.3653e-01)	Acc pseudo  87.50 ( 89.03)	Lr 1.000e-03 (1.000e-03)
2026-03-24 00:22:33,851 - INFO: Epoch: [7][100/301]	Time  0.003 ( 0.006)	Loss 4.1712e-01 (3.5990e-01)	Acc pseudo  85.94 ( 88.69)	Lr 1.000e-03 (1.000e-03)
2026-03-24 00:22:34,000 - INFO: Epoch: [7][150/301]	Time  0.003 ( 0.005)	Loss 3.9724e-01 (3.6205e-01)	Acc pseudo  85.94 ( 88.81)	Lr 1.000e-03 (1.000e-03)
2026-03-24 00:22:34,163 - INFO: Epoch: [7][200/301]	Time  0.003 ( 0.005)	Loss 1.8652e-01 (3.6138e-01)	Acc pseudo  92.19 ( 88.59)	Lr 1.000e-03 (1.000e-03)
2026-03-24 00:22:34,324 - INFO: Epoch: [7][250/301]	Time  0.003 ( 0.004)	Loss 5.8279e-01 (3.6943e-01)	Acc pseudo  85.94 ( 88.24)	Lr 1.000e-03 (1.000e-03)
2026-03-24 00:22:34,472 - INFO: Epoch: [7][300/301]	Time  0.002 ( 0.004)	Loss 8.8603e-02 (3.7083e-01)	Acc pseudo 100.00 ( 88.15)	Lr 1.000e-03 (1.000e-03)
2026-03-24 00:22:34,535 - INFO: Round 5, Fine-tune Epoch 7: loss=0.3708, acc(pseudo)=88.15%
2026-03-24 00:22:42,467 - INFO: Round 5, Fine-tune Epoch 7: acc(valid_pseudo): 0.9315, acc: 0.8190
2026-03-24 00:22:42,468 - INFO: Round 5, Speaker Fine-tune Epoch 7: No improvement in validation accuracy. Patience(epoch): 1/3
2026-03-24 00:22:42,723 - INFO: Epoch: [8][  0/301]	Time  0.250 ( 0.250)	Loss 3.1770e-01 (3.1770e-01)	Acc pseudo  87.50 ( 87.50)	Lr 1.000e-03 (1.000e-03)
2026-03-24 00:22:42,894 - INFO: Epoch: [8][ 50/301]	Time  0.003 ( 0.008)	Loss 4.6871e-01 (3.3218e-01)	Acc pseudo  82.81 ( 89.77)	Lr 1.000e-03 (1.000e-03)
2026-03-24 00:22:43,064 - INFO: Epoch: [8][100/301]	Time  0.003 ( 0.006)	Loss 6.8299e-01 (3.4256e-01)	Acc pseudo  78.12 ( 88.95)	Lr 1.000e-03 (1.000e-03)
2026-03-24 00:22:43,235 - INFO: Epoch: [8][150/301]	Time  0.003 ( 0.005)	Loss 3.2116e-01 (3.5008e-01)	Acc pseudo  90.62 ( 88.65)	Lr 1.000e-03 (1.000e-03)
2026-03-24 00:22:43,399 - INFO: Epoch: [8][200/301]	Time  0.003 ( 0.005)	Loss 2.1597e-01 (3.5197e-01)	Acc pseudo  93.75 ( 88.70)	Lr 1.000e-03 (1.000e-03)
2026-03-24 00:22:43,554 - INFO: Epoch: [8][250/301]	Time  0.003 ( 0.004)	Loss 2.0983e-01 (3.5885e-01)	Acc pseudo  92.19 ( 88.51)	Lr 1.000e-03 (1.000e-03)
2026-03-24 00:22:43,712 - INFO: Epoch: [8][300/301]	Time  0.003 ( 0.004)	Loss 2.6072e-01 (3.6357e-01)	Acc pseudo  92.00 ( 88.33)	Lr 1.000e-03 (1.000e-03)
2026-03-24 00:22:43,782 - INFO: Round 5, Fine-tune Epoch 8: loss=0.3636, acc(pseudo)=88.33%
2026-03-24 00:22:51,894 - INFO: Round 5, Fine-tune Epoch 8: acc(valid_pseudo): 0.9685, acc: 0.8450
2026-03-24 00:22:51,895 - INFO: Round 5, Speaker Fine-tune Epoch 8: No improvement in validation accuracy. Patience(epoch): 2/3
2026-03-24 00:22:52,150 - INFO: Epoch: [9][  0/301]	Time  0.250 ( 0.250)	Loss 4.8679e-01 (4.8679e-01)	Acc pseudo  82.81 ( 82.81)	Lr 1.000e-03 (1.000e-03)
2026-03-24 00:22:52,348 - INFO: Epoch: [9][ 50/301]	Time  0.003 ( 0.009)	Loss 5.5600e-01 (3.3238e-01)	Acc pseudo  81.25 ( 89.15)	Lr 1.000e-03 (1.000e-03)
2026-03-24 00:22:52,508 - INFO: Epoch: [9][100/301]	Time  0.003 ( 0.006)	Loss 1.8562e-01 (3.4532e-01)	Acc pseudo  90.62 ( 88.68)	Lr 1.000e-03 (1.000e-03)
2026-03-24 00:22:52,662 - INFO: Epoch: [9][150/301]	Time  0.003 ( 0.005)	Loss 2.6043e-01 (3.4678e-01)	Acc pseudo  92.19 ( 88.57)	Lr 1.000e-03 (1.000e-03)
2026-03-24 00:22:52,815 - INFO: Epoch: [9][200/301]	Time  0.004 ( 0.004)	Loss 1.8402e-01 (3.5346e-01)	Acc pseudo  95.31 ( 88.39)	Lr 1.000e-03 (1.000e-03)
2026-03-24 00:22:52,966 - INFO: Epoch: [9][250/301]	Time  0.004 ( 0.004)	Loss 4.0955e-01 (3.5183e-01)	Acc pseudo  84.38 ( 88.49)	Lr 1.000e-03 (1.000e-03)
2026-03-24 00:22:53,132 - INFO: Epoch: [9][300/301]	Time  0.003 ( 0.004)	Loss 2.7431e-01 (3.5462e-01)	Acc pseudo  92.00 ( 88.45)	Lr 1.000e-03 (1.000e-03)
2026-03-24 00:22:53,196 - INFO: Round 5, Fine-tune Epoch 9: loss=0.3546, acc(pseudo)=88.45%
2026-03-24 00:23:01,105 - INFO: Round 5, Fine-tune Epoch 9: acc(valid_pseudo): 0.9647, acc: 0.8545
2026-03-24 00:23:01,105 - INFO: Round 5, Speaker Fine-tune Epoch 9: No improvement in validation accuracy. Patience(epoch): 3/3
2026-03-24 00:23:01,106 - INFO: Early stopping at epoch 9 due to no improvement in validation accuracy for 3 epochs.
2026-03-24 00:23:01,107 - INFO: Round 5: Best speaker fine-tuned epoch=6, acc(valid_pseudo)=0.9703
2026-03-24 00:23:01,149 - INFO: Using HMM model from previous round: runs/I love my family/exp_video_ablation/result/e/self_supervised/exp0/round4/pseudo_label/hmm_params.pkl
2026-03-24 00:33:39,216 - INFO: Round 5: speaker_acc=0.8680
2026-03-24 00:33:39,219 - INFO: ====================
2026-03-24 00:33:39,219 - INFO: Round 6: Fine-tuning iteration
2026-03-24 00:33:39,219 - INFO: ====================
2026-03-24 00:33:39,342 - INFO: Round 6 Part 1: Fine-tuning embedding model
2026-03-24 00:33:39,344 - INFO: Using pseudo-label file: runs/I love my family/exp_video_ablation/result/e/self_supervised/exp0/round5/pseudo_label/pseudo_labels_audio_hmmx_both(unreliable_pp=100.0).json
2026-03-24 00:33:39,379 - INFO: Fine-tuning speaker embedding model for 20 epochs...
2026-03-24 00:33:39,693 - INFO: Epoch: [0][  0/301]	Time  0.309 ( 0.309)	Loss 4.9532e-01 (4.9532e-01)	Acc pseudo  89.06 ( 89.06)	Lr 1.000e-03 (1.000e-03)
2026-03-24 00:33:39,878 - INFO: Epoch: [0][ 50/301]	Time  0.004 ( 0.010)	Loss 4.0996e-01 (4.0844e-01)	Acc pseudo  85.94 ( 88.69)	Lr 1.000e-03 (1.000e-03)
2026-03-24 00:33:40,070 - INFO: Epoch: [0][100/301]	Time  0.003 ( 0.007)	Loss 2.8321e-01 (3.7664e-01)	Acc pseudo  89.06 ( 88.78)	Lr 1.000e-03 (1.000e-03)
2026-03-24 00:33:40,241 - INFO: Epoch: [0][150/301]	Time  0.004 ( 0.006)	Loss 3.7598e-01 (3.7687e-01)	Acc pseudo  89.06 ( 88.61)	Lr 1.000e-03 (1.000e-03)
2026-03-24 00:33:40,396 - INFO: Epoch: [0][200/301]	Time  0.003 ( 0.005)	Loss 3.4736e-01 (3.8364e-01)	Acc pseudo  90.62 ( 88.69)	Lr 1.000e-03 (1.000e-03)
2026-03-24 00:33:40,550 - INFO: Epoch: [0][250/301]	Time  0.004 ( 0.005)	Loss 4.8048e-01 (3.8410e-01)	Acc pseudo  84.38 ( 88.76)	Lr 1.000e-03 (1.000e-03)
2026-03-24 00:33:40,699 - INFO: Epoch: [0][300/301]	Time  0.002 ( 0.004)	Loss 3.0417e-01 (3.7834e-01)	Acc pseudo  92.00 ( 88.83)	Lr 1.000e-03 (1.000e-03)
2026-03-24 00:33:40,764 - INFO: Round 6, Fine-tune Epoch 0: loss=0.3783, acc(pseudo)=88.83%
2026-03-24 00:33:50,061 - INFO: Round 6, Fine-tune Epoch 0: acc(valid_pseudo): 0.9708, acc: 0.8695
2026-03-24 00:33:50,820 - INFO: Epoch: [1][  0/301]	Time  0.243 ( 0.243)	Loss 5.8675e-01 (5.8675e-01)	Acc pseudo  82.81 ( 82.81)	Lr 1.000e-03 (1.000e-03)
2026-03-24 00:33:51,107 - INFO: Epoch: [1][ 50/301]	Time  0.004 ( 0.010)	Loss 1.0797e-01 (3.4825e-01)	Acc pseudo  96.88 ( 88.66)	Lr 1.000e-03 (1.000e-03)
2026-03-24 00:33:51,275 - INFO: Epoch: [1][100/301]	Time  0.003 ( 0.007)	Loss 2.6049e-01 (3.2952e-01)	Acc pseudo  90.62 ( 89.45)	Lr 1.000e-03 (1.000e-03)
2026-03-24 00:33:51,430 - INFO: Epoch: [1][150/301]	Time  0.003 ( 0.006)	Loss 3.5179e-01 (3.3421e-01)	Acc pseudo  89.06 ( 89.34)	Lr 1.000e-03 (1.000e-03)
2026-03-24 00:33:51,584 - INFO: Epoch: [1][200/301]	Time  0.003 ( 0.005)	Loss 3.0260e-01 (3.4215e-01)	Acc pseudo  92.19 ( 89.31)	Lr 1.000e-03 (1.000e-03)
2026-03-24 00:33:51,733 - INFO: Epoch: [1][250/301]	Time  0.003 ( 0.005)	Loss 2.2853e-01 (3.4777e-01)	Acc pseudo  95.31 ( 89.12)	Lr 1.000e-03 (1.000e-03)
2026-03-24 00:33:51,879 - INFO: Epoch: [1][300/301]	Time  0.002 ( 0.004)	Loss 1.0492e+00 (3.5450e-01)	Acc pseudo  72.00 ( 88.97)	Lr 1.000e-03 (1.000e-03)
2026-03-24 00:33:51,944 - INFO: Round 6, Fine-tune Epoch 1: loss=0.3545, acc(pseudo)=88.97%
2026-03-24 00:33:59,988 - INFO: Round 6, Fine-tune Epoch 1: acc(valid_pseudo): 0.9635, acc: 0.8515
2026-03-24 00:33:59,989 - INFO: Round 6, Speaker Fine-tune Epoch 1: No improvement in validation accuracy. Patience(epoch): 1/3
2026-03-24 00:34:00,233 - INFO: Epoch: [2][  0/301]	Time  0.238 ( 0.238)	Loss 3.3962e-01 (3.3962e-01)	Acc pseudo  89.06 ( 89.06)	Lr 1.000e-03 (1.000e-03)
2026-03-24 00:34:00,404 - INFO: Epoch: [2][ 50/301]	Time  0.003 ( 0.008)	Loss 6.6266e-01 (3.3381e-01)	Acc pseudo  90.62 ( 89.49)	Lr 1.000e-03 (1.000e-03)
2026-03-24 00:34:00,556 - INFO: Epoch: [2][100/301]	Time  0.003 ( 0.005)	Loss 4.1691e-01 (3.2190e-01)	Acc pseudo  85.94 ( 90.16)	Lr 1.000e-03 (1.000e-03)
2026-03-24 00:34:00,708 - INFO: Epoch: [2][150/301]	Time  0.003 ( 0.005)	Loss 3.0919e-01 (3.2153e-01)	Acc pseudo  90.62 ( 89.98)	Lr 1.000e-03 (1.000e-03)
2026-03-24 00:34:00,861 - INFO: Epoch: [2][200/301]	Time  0.003 ( 0.004)	Loss 1.4534e-01 (3.2693e-01)	Acc pseudo  92.19 ( 89.94)	Lr 1.000e-03 (1.000e-03)
2026-03-24 00:34:01,018 - INFO: Epoch: [2][250/301]	Time  0.003 ( 0.004)	Loss 2.4198e-01 (3.2615e-01)	Acc pseudo  87.50 ( 89.80)	Lr 1.000e-03 (1.000e-03)
2026-03-24 00:34:01,166 - INFO: Epoch: [2][300/301]	Time  0.002 ( 0.004)	Loss 2.2170e-01 (3.2704e-01)	Acc pseudo  88.00 ( 89.75)	Lr 1.000e-03 (1.000e-03)
2026-03-24 00:34:01,233 - INFO: Round 6, Fine-tune Epoch 2: loss=0.3270, acc(pseudo)=89.75%
2026-03-24 00:34:09,306 - INFO: Round 6, Fine-tune Epoch 2: acc(valid_pseudo): 0.9586, acc: 0.8420
2026-03-24 00:34:09,306 - INFO: Round 6, Speaker Fine-tune Epoch 2: No improvement in validation accuracy. Patience(epoch): 2/3
2026-03-24 00:34:09,575 - INFO: Epoch: [3][  0/301]	Time  0.263 ( 0.263)	Loss 2.4504e-01 (2.4504e-01)	Acc pseudo  92.19 ( 92.19)	Lr 1.000e-03 (1.000e-03)
2026-03-24 00:34:09,771 - INFO: Epoch: [3][ 50/301]	Time  0.003 ( 0.009)	Loss 2.5794e-01 (3.1226e-01)	Acc pseudo  90.62 ( 90.26)	Lr 1.000e-03 (1.000e-03)
2026-03-24 00:34:09,927 - INFO: Epoch: [3][100/301]	Time  0.003 ( 0.006)	Loss 2.6070e-01 (3.2140e-01)	Acc pseudo  90.62 ( 89.81)	Lr 1.000e-03 (1.000e-03)
2026-03-24 00:34:10,092 - INFO: Epoch: [3][150/301]	Time  0.003 ( 0.005)	Loss 4.1497e-01 (3.2226e-01)	Acc pseudo  92.19 ( 90.01)	Lr 1.000e-03 (1.000e-03)
2026-03-24 00:34:10,247 - INFO: Epoch: [3][200/301]	Time  0.003 ( 0.005)	Loss 1.6453e-01 (3.2067e-01)	Acc pseudo  95.31 ( 90.00)	Lr 1.000e-03 (1.000e-03)
2026-03-24 00:34:10,395 - INFO: Epoch: [3][250/301]	Time  0.003 ( 0.004)	Loss 2.1636e-01 (3.2441e-01)	Acc pseudo  95.31 ( 89.79)	Lr 1.000e-03 (1.000e-03)
2026-03-24 00:34:10,550 - INFO: Epoch: [3][300/301]	Time  0.002 ( 0.004)	Loss 3.3853e-01 (3.2193e-01)	Acc pseudo  88.00 ( 89.77)	Lr 1.000e-03 (1.000e-03)
2026-03-24 00:34:10,613 - INFO: Round 6, Fine-tune Epoch 3: loss=0.3219, acc(pseudo)=89.77%
2026-03-24 00:34:18,988 - INFO: Round 6, Fine-tune Epoch 3: acc(valid_pseudo): 0.9746, acc: 0.8670
2026-03-24 00:34:20,006 - INFO: Epoch: [4][  0/301]	Time  0.263 ( 0.263)	Loss 3.4976e-01 (3.4976e-01)	Acc pseudo  89.06 ( 89.06)	Lr 1.000e-03 (1.000e-03)
2026-03-24 00:34:20,191 - INFO: Epoch: [4][ 50/301]	Time  0.004 ( 0.009)	Loss 4.0249e-01 (3.0519e-01)	Acc pseudo  90.62 ( 90.23)	Lr 1.000e-03 (1.000e-03)
2026-03-24 00:34:20,353 - INFO: Epoch: [4][100/301]	Time  0.003 ( 0.006)	Loss 3.5719e-01 (3.1294e-01)	Acc pseudo  90.62 ( 89.88)	Lr 1.000e-03 (1.000e-03)
2026-03-24 00:34:20,531 - INFO: Epoch: [4][150/301]	Time  0.003 ( 0.005)	Loss 3.7971e-01 (3.1650e-01)	Acc pseudo  84.38 ( 89.72)	Lr 1.000e-03 (1.000e-03)
2026-03-24 00:34:20,714 - INFO: Epoch: [4][200/301]	Time  0.004 ( 0.005)	Loss 1.8697e-01 (3.1854e-01)	Acc pseudo  92.19 ( 89.68)	Lr 1.000e-03 (1.000e-03)
2026-03-24 00:34:20,897 - INFO: Epoch: [4][250/301]	Time  0.004 ( 0.005)	Loss 2.6474e-01 (3.2561e-01)	Acc pseudo  87.50 ( 89.45)	Lr 1.000e-03 (1.000e-03)
2026-03-24 00:34:21,062 - INFO: Epoch: [4][300/301]	Time  0.003 ( 0.004)	Loss 5.0873e-01 (3.2838e-01)	Acc pseudo  80.00 ( 89.35)	Lr 1.000e-03 (1.000e-03)
2026-03-24 00:34:21,141 - INFO: Round 6, Fine-tune Epoch 4: loss=0.3284, acc(pseudo)=89.35%
2026-03-24 00:34:29,434 - INFO: Round 6, Fine-tune Epoch 4: acc(valid_pseudo): 0.9638, acc: 0.8575
2026-03-24 00:34:29,434 - INFO: Round 6, Speaker Fine-tune Epoch 4: No improvement in validation accuracy. Patience(epoch): 1/3
2026-03-24 00:34:29,692 - INFO: Epoch: [5][  0/301]	Time  0.252 ( 0.252)	Loss 2.9232e-01 (2.9232e-01)	Acc pseudo  84.38 ( 84.38)	Lr 1.000e-03 (1.000e-03)
2026-03-24 00:34:29,885 - INFO: Epoch: [5][ 50/301]	Time  0.003 ( 0.009)	Loss 3.1231e-01 (2.9496e-01)	Acc pseudo  92.19 ( 90.59)	Lr 1.000e-03 (1.000e-03)
2026-03-24 00:34:30,042 - INFO: Epoch: [5][100/301]	Time  0.003 ( 0.006)	Loss 4.5244e-01 (2.9344e-01)	Acc pseudo  82.81 ( 90.53)	Lr 1.000e-03 (1.000e-03)
2026-03-24 00:34:30,201 - INFO: Epoch: [5][150/301]	Time  0.003 ( 0.005)	Loss 4.9917e-01 (3.0098e-01)	Acc pseudo  87.50 ( 90.27)	Lr 1.000e-03 (1.000e-03)
2026-03-24 00:34:30,354 - INFO: Epoch: [5][200/301]	Time  0.003 ( 0.004)	Loss 3.1033e-01 (3.0364e-01)	Acc pseudo  85.94 ( 90.35)	Lr 1.000e-03 (1.000e-03)
2026-03-24 00:34:30,497 - INFO: Epoch: [5][250/301]	Time  0.003 ( 0.004)	Loss 5.0431e-01 (3.0778e-01)	Acc pseudo  84.38 ( 90.20)	Lr 1.000e-03 (1.000e-03)
2026-03-24 00:34:30,644 - INFO: Epoch: [5][300/301]	Time  0.002 ( 0.004)	Loss 6.0718e-01 (3.1812e-01)	Acc pseudo  84.00 ( 89.91)	Lr 1.000e-03 (1.000e-03)
2026-03-24 00:34:30,705 - INFO: Round 6, Fine-tune Epoch 5: loss=0.3181, acc(pseudo)=89.91%
2026-03-24 00:34:38,766 - INFO: Round 6, Fine-tune Epoch 5: acc(valid_pseudo): 0.9303, acc: 0.8195
2026-03-24 00:34:38,766 - INFO: Round 6, Speaker Fine-tune Epoch 5: No improvement in validation accuracy. Patience(epoch): 2/3
2026-03-24 00:34:39,003 - INFO: Epoch: [6][  0/301]	Time  0.232 ( 0.232)	Loss 4.3136e-01 (4.3136e-01)	Acc pseudo  84.38 ( 84.38)	Lr 1.000e-03 (1.000e-03)
2026-03-24 00:34:39,174 - INFO: Epoch: [6][ 50/301]	Time  0.003 ( 0.008)	Loss 1.7795e-01 (3.4052e-01)	Acc pseudo  96.88 ( 89.55)	Lr 1.000e-03 (1.000e-03)
2026-03-24 00:34:39,325 - INFO: Epoch: [6][100/301]	Time  0.003 ( 0.005)	Loss 2.6804e-01 (3.2984e-01)	Acc pseudo  89.06 ( 89.39)	Lr 1.000e-03 (1.000e-03)
2026-03-24 00:34:39,491 - INFO: Epoch: [6][150/301]	Time  0.003 ( 0.005)	Loss 2.0110e-01 (3.2673e-01)	Acc pseudo  90.62 ( 89.29)	Lr 1.000e-03 (1.000e-03)
2026-03-24 00:34:39,655 - INFO: Epoch: [6][200/301]	Time  0.003 ( 0.004)	Loss 3.4494e-01 (3.2449e-01)	Acc pseudo  87.50 ( 89.40)	Lr 1.000e-03 (1.000e-03)
2026-03-24 00:34:39,804 - INFO: Epoch: [6][250/301]	Time  0.003 ( 0.004)	Loss 3.0588e-01 (3.2174e-01)	Acc pseudo  90.62 ( 89.57)	Lr 1.000e-03 (1.000e-03)
2026-03-24 00:34:39,952 - INFO: Epoch: [6][300/301]	Time  0.003 ( 0.004)	Loss 2.0525e-01 (3.2190e-01)	Acc pseudo  92.00 ( 89.58)	Lr 1.000e-03 (1.000e-03)
2026-03-24 00:34:40,015 - INFO: Round 6, Fine-tune Epoch 6: loss=0.3219, acc(pseudo)=89.58%
2026-03-24 00:34:48,665 - INFO: Round 6, Fine-tune Epoch 6: acc(valid_pseudo): 0.9650, acc: 0.8595
2026-03-24 00:34:48,665 - INFO: Round 6, Speaker Fine-tune Epoch 6: No improvement in validation accuracy. Patience(epoch): 3/3
2026-03-24 00:34:48,666 - INFO: Early stopping at epoch 6 due to no improvement in validation accuracy for 3 epochs.
2026-03-24 00:34:48,667 - INFO: Round 6: Best speaker fine-tuned epoch=3, acc(valid_pseudo)=0.9746
2026-03-24 00:34:48,716 - INFO: Using HMM model from previous round: runs/I love my family/exp_video_ablation/result/e/self_supervised/exp0/round5/pseudo_label/hmm_params.pkl
2026-03-24 00:47:19,638 - INFO: Round 6: speaker_acc=0.8750
2026-03-24 00:47:19,641 - INFO: ====================
2026-03-24 00:47:19,641 - INFO: Round 7: Fine-tuning iteration
2026-03-24 00:47:19,641 - INFO: ====================
2026-03-24 00:47:19,786 - INFO: Round 7 Part 1: Fine-tuning embedding model
2026-03-24 00:47:19,787 - INFO: Using pseudo-label file: runs/I love my family/exp_video_ablation/result/e/self_supervised/exp0/round6/pseudo_label/pseudo_labels_audio_hmmx_both(unreliable_pp=100.0).json
2026-03-24 00:47:19,822 - INFO: Fine-tuning speaker embedding model for 20 epochs...
2026-03-24 00:47:20,057 - INFO: Epoch: [0][  0/301]	Time  0.230 ( 0.230)	Loss 4.5821e-01 (4.5821e-01)	Acc pseudo  87.50 ( 87.50)	Lr 1.000e-03 (1.000e-03)
2026-03-24 00:47:20,253 - INFO: Epoch: [0][ 50/301]	Time  0.003 ( 0.008)	Loss 3.0063e-01 (3.2652e-01)	Acc pseudo  84.38 ( 89.28)	Lr 1.000e-03 (1.000e-03)
2026-03-24 00:47:20,421 - INFO: Epoch: [0][100/301]	Time  0.003 ( 0.006)	Loss 2.9001e-01 (3.3719e-01)	Acc pseudo  87.50 ( 89.14)	Lr 1.000e-03 (1.000e-03)
2026-03-24 00:47:20,585 - INFO: Epoch: [0][150/301]	Time  0.003 ( 0.005)	Loss 3.3056e-01 (3.3859e-01)	Acc pseudo  85.94 ( 89.09)	Lr 1.000e-03 (1.000e-03)
2026-03-24 00:47:20,745 - INFO: Epoch: [0][200/301]	Time  0.003 ( 0.004)	Loss 2.2773e-01 (3.4144e-01)	Acc pseudo  90.62 ( 89.19)	Lr 1.000e-03 (1.000e-03)
2026-03-24 00:47:20,898 - INFO: Epoch: [0][250/301]	Time  0.003 ( 0.004)	Loss 2.2026e-01 (3.3916e-01)	Acc pseudo  89.06 ( 89.28)	Lr 1.000e-03 (1.000e-03)
2026-03-24 00:47:21,053 - INFO: Epoch: [0][300/301]	Time  0.002 ( 0.004)	Loss 1.1381e-01 (3.3841e-01)	Acc pseudo  96.00 ( 89.40)	Lr 1.000e-03 (1.000e-03)
2026-03-24 00:47:21,119 - INFO: Round 7, Fine-tune Epoch 0: loss=0.3384, acc(pseudo)=89.40%
2026-03-24 00:47:29,302 - INFO: Round 7, Fine-tune Epoch 0: acc(valid_pseudo): 0.9694, acc: 0.8700
2026-03-24 00:47:30,096 - INFO: Epoch: [1][  0/301]	Time  0.268 ( 0.268)	Loss 5.6039e-01 (5.6039e-01)	Acc pseudo  85.94 ( 85.94)	Lr 1.000e-03 (1.000e-03)
2026-03-24 00:47:30,310 - INFO: Epoch: [1][ 50/301]	Time  0.004 ( 0.009)	Loss 3.1295e-01 (3.1994e-01)	Acc pseudo  92.19 ( 89.49)	Lr 1.000e-03 (1.000e-03)
2026-03-24 00:47:30,486 - INFO: Epoch: [1][100/301]	Time  0.004 ( 0.006)	Loss 1.7566e-01 (3.0850e-01)	Acc pseudo  98.44 ( 89.93)	Lr 1.000e-03 (1.000e-03)
2026-03-24 00:47:30,635 - INFO: Epoch: [1][150/301]	Time  0.003 ( 0.005)	Loss 2.5821e-01 (3.0811e-01)	Acc pseudo  92.19 ( 89.93)	Lr 1.000e-03 (1.000e-03)
2026-03-24 00:47:30,786 - INFO: Epoch: [1][200/301]	Time  0.003 ( 0.005)	Loss 2.3220e-01 (3.0758e-01)	Acc pseudo  92.19 ( 90.09)	Lr 1.000e-03 (1.000e-03)
2026-03-24 00:47:30,934 - INFO: Epoch: [1][250/301]	Time  0.003 ( 0.004)	Loss 2.9437e-01 (3.1109e-01)	Acc pseudo  93.75 ( 89.95)	Lr 1.000e-03 (1.000e-03)
2026-03-24 00:47:31,074 - INFO: Epoch: [1][300/301]	Time  0.002 ( 0.004)	Loss 3.3460e-01 (3.1935e-01)	Acc pseudo  88.00 ( 89.74)	Lr 1.000e-03 (1.000e-03)
2026-03-24 00:47:31,141 - INFO: Round 7, Fine-tune Epoch 1: loss=0.3194, acc(pseudo)=89.74%
2026-03-24 00:47:39,622 - INFO: Round 7, Fine-tune Epoch 1: acc(valid_pseudo): 0.9635, acc: 0.8535
2026-03-24 00:47:39,622 - INFO: Round 7, Speaker Fine-tune Epoch 1: No improvement in validation accuracy. Patience(epoch): 1/3
2026-03-24 00:47:39,881 - INFO: Epoch: [2][  0/301]	Time  0.253 ( 0.253)	Loss 3.4840e-01 (3.4840e-01)	Acc pseudo  93.75 ( 93.75)	Lr 1.000e-03 (1.000e-03)
2026-03-24 00:47:40,062 - INFO: Epoch: [2][ 50/301]	Time  0.003 ( 0.008)	Loss 2.4696e-01 (2.8462e-01)	Acc pseudo  92.19 ( 90.01)	Lr 1.000e-03 (1.000e-03)
2026-03-24 00:47:40,220 - INFO: Epoch: [2][100/301]	Time  0.003 ( 0.006)	Loss 5.1613e-01 (2.9204e-01)	Acc pseudo  79.69 ( 90.15)	Lr 1.000e-03 (1.000e-03)
2026-03-24 00:47:40,371 - INFO: Epoch: [2][150/301]	Time  0.003 ( 0.005)	Loss 3.6894e-01 (2.9872e-01)	Acc pseudo  87.50 ( 90.16)	Lr 1.000e-03 (1.000e-03)
2026-03-24 00:47:40,534 - INFO: Epoch: [2][200/301]	Time  0.004 ( 0.004)	Loss 1.2106e-01 (3.0112e-01)	Acc pseudo  93.75 ( 90.11)	Lr 1.000e-03 (1.000e-03)
2026-03-24 00:47:40,681 - INFO: Epoch: [2][250/301]	Time  0.003 ( 0.004)	Loss 1.3409e-01 (3.0208e-01)	Acc pseudo  96.88 ( 90.07)	Lr 1.000e-03 (1.000e-03)
2026-03-24 00:47:40,825 - INFO: Epoch: [2][300/301]	Time  0.002 ( 0.004)	Loss 1.5558e-01 (3.0049e-01)	Acc pseudo  96.00 ( 90.14)	Lr 1.000e-03 (1.000e-03)
2026-03-24 00:47:40,889 - INFO: Round 7, Fine-tune Epoch 2: loss=0.3005, acc(pseudo)=90.14%
2026-03-24 00:47:48,792 - INFO: Round 7, Fine-tune Epoch 2: acc(valid_pseudo): 0.9434, acc: 0.8440
2026-03-24 00:47:48,793 - INFO: Round 7, Speaker Fine-tune Epoch 2: No improvement in validation accuracy. Patience(epoch): 2/3
2026-03-24 00:47:49,119 - INFO: Epoch: [3][  0/301]	Time  0.321 ( 0.321)	Loss 2.8520e-01 (2.8520e-01)	Acc pseudo  89.06 ( 89.06)	Lr 1.000e-03 (1.000e-03)
2026-03-24 00:47:49,323 - INFO: Epoch: [3][ 50/301]	Time  0.003 ( 0.010)	Loss 2.3762e-01 (2.7416e-01)	Acc pseudo  87.50 ( 90.29)	Lr 1.000e-03 (1.000e-03)
2026-03-24 00:47:49,484 - INFO: Epoch: [3][100/301]	Time  0.003 ( 0.007)	Loss 1.4771e-01 (2.8552e-01)	Acc pseudo  93.75 ( 90.39)	Lr 1.000e-03 (1.000e-03)
2026-03-24 00:47:49,638 - INFO: Epoch: [3][150/301]	Time  0.003 ( 0.005)	Loss 3.4544e-01 (2.8773e-01)	Acc pseudo  89.06 ( 90.52)	Lr 1.000e-03 (1.000e-03)
2026-03-24 00:47:49,795 - INFO: Epoch: [3][200/301]	Time  0.004 ( 0.005)	Loss 2.5251e-01 (2.8746e-01)	Acc pseudo  92.19 ( 90.48)	Lr 1.000e-03 (1.000e-03)
2026-03-24 00:47:49,967 - INFO: Epoch: [3][250/301]	Time  0.003 ( 0.005)	Loss 2.0007e-01 (2.8956e-01)	Acc pseudo  95.31 ( 90.36)	Lr 1.000e-03 (1.000e-03)
2026-03-24 00:47:50,128 - INFO: Epoch: [3][300/301]	Time  0.002 ( 0.004)	Loss 1.2235e-01 (2.9189e-01)	Acc pseudo  96.00 ( 90.29)	Lr 1.000e-03 (1.000e-03)
2026-03-24 00:47:50,190 - INFO: Round 7, Fine-tune Epoch 3: loss=0.2919, acc(pseudo)=90.29%
2026-03-24 00:47:58,249 - INFO: Round 7, Fine-tune Epoch 3: acc(valid_pseudo): 0.9711, acc: 0.8660
2026-03-24 00:47:59,167 - INFO: Epoch: [4][  0/301]	Time  0.344 ( 0.344)	Loss 2.2896e-01 (2.2896e-01)	Acc pseudo  90.62 ( 90.62)	Lr 1.000e-03 (1.000e-03)
2026-03-24 00:47:59,376 - INFO: Epoch: [4][ 50/301]	Time  0.003 ( 0.011)	Loss 2.8020e-01 (2.9736e-01)	Acc pseudo  89.06 ( 90.17)	Lr 1.000e-03 (1.000e-03)
2026-03-24 00:47:59,538 - INFO: Epoch: [4][100/301]	Time  0.003 ( 0.007)	Loss 3.5497e-01 (2.9135e-01)	Acc pseudo  87.50 ( 90.39)	Lr 1.000e-03 (1.000e-03)
2026-03-24 00:47:59,698 - INFO: Epoch: [4][150/301]	Time  0.003 ( 0.006)	Loss 3.0462e-01 (2.9014e-01)	Acc pseudo  89.06 ( 90.50)	Lr 1.000e-03 (1.000e-03)
2026-03-24 00:47:59,848 - INFO: Epoch: [4][200/301]	Time  0.003 ( 0.005)	Loss 2.5232e-01 (2.8914e-01)	Acc pseudo  90.62 ( 90.56)	Lr 1.000e-03 (1.000e-03)
2026-03-24 00:48:00,003 - INFO: Epoch: [4][250/301]	Time  0.003 ( 0.005)	Loss 2.8975e-01 (2.9422e-01)	Acc pseudo  89.06 ( 90.43)	Lr 1.000e-03 (1.000e-03)
2026-03-24 00:48:00,154 - INFO: Epoch: [4][300/301]	Time  0.003 ( 0.004)	Loss 3.5810e-01 (2.9567e-01)	Acc pseudo  84.00 ( 90.37)	Lr 1.000e-03 (1.000e-03)
2026-03-24 00:48:00,225 - INFO: Round 7, Fine-tune Epoch 4: loss=0.2957, acc(pseudo)=90.37%
2026-03-24 00:48:08,816 - INFO: Round 7, Fine-tune Epoch 4: acc(valid_pseudo): 0.9618, acc: 0.8540
2026-03-24 00:48:08,817 - INFO: Round 7, Speaker Fine-tune Epoch 4: No improvement in validation accuracy. Patience(epoch): 1/3
2026-03-24 00:48:09,052 - INFO: Epoch: [5][  0/301]	Time  0.230 ( 0.230)	Loss 3.5327e-01 (3.5327e-01)	Acc pseudo  87.50 ( 87.50)	Lr 1.000e-03 (1.000e-03)
2026-03-24 00:48:09,227 - INFO: Epoch: [5][ 50/301]	Time  0.003 ( 0.008)	Loss 2.1666e-01 (2.6251e-01)	Acc pseudo  92.19 ( 91.33)	Lr 1.000e-03 (1.000e-03)
2026-03-24 00:48:09,376 - INFO: Epoch: [5][100/301]	Time  0.003 ( 0.005)	Loss 3.1157e-01 (2.5261e-01)	Acc pseudo  90.62 ( 91.62)	Lr 1.000e-03 (1.000e-03)
2026-03-24 00:48:09,554 - INFO: Epoch: [5][150/301]	Time  0.003 ( 0.005)	Loss 3.4995e-01 (2.6405e-01)	Acc pseudo  92.19 ( 91.08)	Lr 1.000e-03 (1.000e-03)
2026-03-24 00:48:09,710 - INFO: Epoch: [5][200/301]	Time  0.003 ( 0.004)	Loss 1.8874e-01 (2.6559e-01)	Acc pseudo  90.62 ( 91.10)	Lr 1.000e-03 (1.000e-03)
2026-03-24 00:48:09,859 - INFO: Epoch: [5][250/301]	Time  0.003 ( 0.004)	Loss 3.0952e-01 (2.6777e-01)	Acc pseudo  87.50 ( 91.03)	Lr 1.000e-03 (1.000e-03)
2026-03-24 00:48:10,010 - INFO: Epoch: [5][300/301]	Time  0.002 ( 0.004)	Loss 4.2541e-01 (2.8025e-01)	Acc pseudo  84.00 ( 90.67)	Lr 1.000e-03 (1.000e-03)
2026-03-24 00:48:10,078 - INFO: Round 7, Fine-tune Epoch 5: loss=0.2802, acc(pseudo)=90.67%
2026-03-24 00:48:18,318 - INFO: Round 7, Fine-tune Epoch 5: acc(valid_pseudo): 0.9516, acc: 0.8565
2026-03-24 00:48:18,319 - INFO: Round 7, Speaker Fine-tune Epoch 5: No improvement in validation accuracy. Patience(epoch): 2/3
2026-03-24 00:48:18,623 - INFO: Epoch: [6][  0/301]	Time  0.299 ( 0.299)	Loss 3.8533e-01 (3.8533e-01)	Acc pseudo  90.62 ( 90.62)	Lr 1.000e-03 (1.000e-03)
2026-03-24 00:48:18,807 - INFO: Epoch: [6][ 50/301]	Time  0.003 ( 0.009)	Loss 1.2072e-01 (2.7436e-01)	Acc pseudo  95.31 ( 90.93)	Lr 1.000e-03 (1.000e-03)
2026-03-24 00:48:18,966 - INFO: Epoch: [6][100/301]	Time  0.003 ( 0.006)	Loss 1.2917e-01 (2.7763e-01)	Acc pseudo  96.88 ( 90.83)	Lr 1.000e-03 (1.000e-03)
2026-03-24 00:48:19,126 - INFO: Epoch: [6][150/301]	Time  0.004 ( 0.005)	Loss 1.5394e-01 (2.8275e-01)	Acc pseudo  93.75 ( 90.42)	Lr 1.000e-03 (1.000e-03)
2026-03-24 00:48:19,282 - INFO: Epoch: [6][200/301]	Time  0.003 ( 0.005)	Loss 3.3943e-01 (2.8396e-01)	Acc pseudo  90.62 ( 90.30)	Lr 1.000e-03 (1.000e-03)
2026-03-24 00:48:19,429 - INFO: Epoch: [6][250/301]	Time  0.003 ( 0.004)	Loss 2.7290e-01 (2.8469e-01)	Acc pseudo  93.75 ( 90.36)	Lr 1.000e-03 (1.000e-03)
2026-03-24 00:48:19,578 - INFO: Epoch: [6][300/301]	Time  0.002 ( 0.004)	Loss 2.3524e-01 (2.8652e-01)	Acc pseudo  92.00 ( 90.29)	Lr 1.000e-03 (1.000e-03)
2026-03-24 00:48:19,640 - INFO: Round 7, Fine-tune Epoch 6: loss=0.2865, acc(pseudo)=90.29%
2026-03-24 00:48:28,202 - INFO: Round 7, Fine-tune Epoch 6: acc(valid_pseudo): 0.9635, acc: 0.8575
2026-03-24 00:48:28,203 - INFO: Round 7, Speaker Fine-tune Epoch 6: No improvement in validation accuracy. Patience(epoch): 3/3
2026-03-24 00:48:28,203 - INFO: Early stopping at epoch 6 due to no improvement in validation accuracy for 3 epochs.
2026-03-24 00:48:28,204 - INFO: Round 7: Best speaker fine-tuned epoch=3, acc(valid_pseudo)=0.9711
2026-03-24 00:48:28,267 - INFO: Using HMM model from previous round: runs/I love my family/exp_video_ablation/result/e/self_supervised/exp0/round6/pseudo_label/hmm_params.pkl
2026-03-24 01:02:37,692 - INFO: Round 7: speaker_acc=0.8745
2026-03-24 01:02:37,695 - INFO: ====================
2026-03-24 01:02:37,695 - INFO: Round 8: Fine-tuning iteration
2026-03-24 01:02:37,695 - INFO: ====================
2026-03-24 01:02:37,795 - INFO: Round 8 Part 1: Fine-tuning embedding model
2026-03-24 01:02:37,797 - INFO: Using pseudo-label file: runs/I love my family/exp_video_ablation/result/e/self_supervised/exp0/round7/pseudo_label/pseudo_labels_audio_hmmx_both(unreliable_pp=100.0).json
2026-03-24 01:02:37,866 - INFO: Fine-tuning speaker embedding model for 20 epochs...
2026-03-24 01:02:38,286 - INFO: Epoch: [0][  0/301]	Time  0.412 ( 0.412)	Loss 1.3120e+00 (1.3120e+00)	Acc pseudo  85.94 ( 85.94)	Lr 1.000e-03 (1.000e-03)
2026-03-24 01:02:38,472 - INFO: Epoch: [0][ 50/301]	Time  0.004 ( 0.012)	Loss 2.9122e-01 (3.9254e-01)	Acc pseudo  87.50 ( 89.37)	Lr 1.000e-03 (1.000e-03)
2026-03-24 01:02:38,652 - INFO: Epoch: [0][100/301]	Time  0.004 ( 0.008)	Loss 2.6882e-01 (3.6418e-01)	Acc pseudo  90.62 ( 89.79)	Lr 1.000e-03 (1.000e-03)
2026-03-24 01:02:38,810 - INFO: Epoch: [0][150/301]	Time  0.003 ( 0.006)	Loss 3.5619e-01 (3.6345e-01)	Acc pseudo  89.06 ( 89.77)	Lr 1.000e-03 (1.000e-03)
2026-03-24 01:02:38,972 - INFO: Epoch: [0][200/301]	Time  0.004 ( 0.005)	Loss 5.0823e-01 (3.5139e-01)	Acc pseudo  90.62 ( 90.03)	Lr 1.000e-03 (1.000e-03)
2026-03-24 01:02:39,122 - INFO: Epoch: [0][250/301]	Time  0.003 ( 0.005)	Loss 2.3721e-01 (3.4842e-01)	Acc pseudo  90.62 ( 89.82)	Lr 1.000e-03 (1.000e-03)
2026-03-24 01:02:39,267 - INFO: Epoch: [0][300/301]	Time  0.002 ( 0.005)	Loss 1.0084e-01 (3.4986e-01)	Acc pseudo  96.00 ( 89.83)	Lr 1.000e-03 (1.000e-03)
2026-03-24 01:02:39,331 - INFO: Round 8, Fine-tune Epoch 0: loss=0.3499, acc(pseudo)=89.83%
2026-03-24 01:02:47,544 - INFO: Round 8, Fine-tune Epoch 0: acc(valid_pseudo): 0.9647, acc: 0.8545
2026-03-24 01:02:48,291 - INFO: Epoch: [1][  0/301]	Time  0.233 ( 0.233)	Loss 3.8608e-01 (3.8608e-01)	Acc pseudo  87.50 ( 87.50)	Lr 1.000e-03 (1.000e-03)
2026-03-24 01:02:48,481 - INFO: Epoch: [1][ 50/301]	Time  0.004 ( 0.008)	Loss 1.6237e-01 (3.0863e-01)	Acc pseudo  95.31 ( 89.89)	Lr 1.000e-03 (1.000e-03)
2026-03-24 01:02:48,643 - INFO: Epoch: [1][100/301]	Time  0.003 ( 0.006)	Loss 2.4382e-01 (3.0388e-01)	Acc pseudo  92.19 ( 90.47)	Lr 1.000e-03 (1.000e-03)
2026-03-24 01:02:48,795 - INFO: Epoch: [1][150/301]	Time  0.003 ( 0.005)	Loss 2.8246e-01 (3.0025e-01)	Acc pseudo  89.06 ( 90.56)	Lr 1.000e-03 (1.000e-03)
2026-03-24 01:02:48,947 - INFO: Epoch: [1][200/301]	Time  0.003 ( 0.004)	Loss 2.7608e-01 (3.0169e-01)	Acc pseudo  93.75 ( 90.61)	Lr 1.000e-03 (1.000e-03)
2026-03-24 01:02:49,105 - INFO: Epoch: [1][250/301]	Time  0.003 ( 0.004)	Loss 7.9347e-01 (3.1022e-01)	Acc pseudo  95.31 ( 90.39)	Lr 1.000e-03 (1.000e-03)
2026-03-24 01:02:49,256 - INFO: Epoch: [1][300/301]	Time  0.002 ( 0.004)	Loss 1.5950e-01 (3.0985e-01)	Acc pseudo  92.00 ( 90.36)	Lr 1.000e-03 (1.000e-03)
2026-03-24 01:02:49,322 - INFO: Round 8, Fine-tune Epoch 1: loss=0.3099, acc(pseudo)=90.36%
2026-03-24 01:02:57,469 - INFO: Round 8, Fine-tune Epoch 1: acc(valid_pseudo): 0.9487, acc: 0.8380
2026-03-24 01:02:57,470 - INFO: Round 8, Speaker Fine-tune Epoch 1: No improvement in validation accuracy. Patience(epoch): 1/3
2026-03-24 01:02:57,757 - INFO: Epoch: [2][  0/301]	Time  0.282 ( 0.282)	Loss 3.0871e-01 (3.0871e-01)	Acc pseudo  92.19 ( 92.19)	Lr 1.000e-03 (1.000e-03)
2026-03-24 01:02:57,942 - INFO: Epoch: [2][ 50/301]	Time  0.004 ( 0.009)	Loss 1.2366e-01 (2.9474e-01)	Acc pseudo  96.88 ( 90.84)	Lr 1.000e-03 (1.000e-03)
2026-03-24 01:02:58,129 - INFO: Epoch: [2][100/301]	Time  0.004 ( 0.006)	Loss 4.1606e-01 (3.0299e-01)	Acc pseudo  89.06 ( 90.64)	Lr 1.000e-03 (1.000e-03)
2026-03-24 01:02:58,310 - INFO: Epoch: [2][150/301]	Time  0.003 ( 0.005)	Loss 2.9198e-01 (3.0036e-01)	Acc pseudo  89.06 ( 90.43)	Lr 1.000e-03 (1.000e-03)
2026-03-24 01:02:58,467 - INFO: Epoch: [2][200/301]	Time  0.003 ( 0.005)	Loss 1.4812e-01 (2.9965e-01)	Acc pseudo  95.31 ( 90.62)	Lr 1.000e-03 (1.000e-03)
2026-03-24 01:02:58,621 - INFO: Epoch: [2][250/301]	Time  0.003 ( 0.004)	Loss 1.6735e-01 (2.9865e-01)	Acc pseudo  95.31 ( 90.54)	Lr 1.000e-03 (1.000e-03)
2026-03-24 01:02:58,761 - INFO: Epoch: [2][300/301]	Time  0.002 ( 0.004)	Loss 3.3471e-01 (3.0208e-01)	Acc pseudo  84.00 ( 90.42)	Lr 1.000e-03 (1.000e-03)
2026-03-24 01:02:58,824 - INFO: Round 8, Fine-tune Epoch 2: loss=0.3021, acc(pseudo)=90.42%
2026-03-24 01:03:07,266 - INFO: Round 8, Fine-tune Epoch 2: acc(valid_pseudo): 0.9755, acc: 0.8730
2026-03-24 01:03:08,083 - INFO: Epoch: [3][  0/301]	Time  0.251 ( 0.251)	Loss 2.0845e-01 (2.0845e-01)	Acc pseudo  92.19 ( 92.19)	Lr 1.000e-03 (1.000e-03)
2026-03-24 01:03:08,281 - INFO: Epoch: [3][ 50/301]	Time  0.003 ( 0.009)	Loss 3.8494e-01 (2.7772e-01)	Acc pseudo  92.19 ( 90.59)	Lr 1.000e-03 (1.000e-03)
2026-03-24 01:03:08,435 - INFO: Epoch: [3][100/301]	Time  0.003 ( 0.006)	Loss 1.3288e-01 (2.9785e-01)	Acc pseudo  95.31 ( 90.15)	Lr 1.000e-03 (1.000e-03)
2026-03-24 01:03:08,583 - INFO: Epoch: [3][150/301]	Time  0.003 ( 0.005)	Loss 2.3251e-01 (2.9415e-01)	Acc pseudo  92.19 ( 90.38)	Lr 1.000e-03 (1.000e-03)
2026-03-24 01:03:08,740 - INFO: Epoch: [3][200/301]	Time  0.003 ( 0.004)	Loss 9.4421e-02 (2.8822e-01)	Acc pseudo  96.88 ( 90.66)	Lr 1.000e-03 (1.000e-03)
2026-03-24 01:03:08,887 - INFO: Epoch: [3][250/301]	Time  0.004 ( 0.004)	Loss 1.7119e-01 (2.8731e-01)	Acc pseudo  95.31 ( 90.58)	Lr 1.000e-03 (1.000e-03)
2026-03-24 01:03:09,032 - INFO: Epoch: [3][300/301]	Time  0.002 ( 0.004)	Loss 2.2593e-01 (2.8867e-01)	Acc pseudo  92.00 ( 90.59)	Lr 1.000e-03 (1.000e-03)
2026-03-24 01:03:09,095 - INFO: Round 8, Fine-tune Epoch 3: loss=0.2887, acc(pseudo)=90.59%
2026-03-24 01:03:17,406 - INFO: Round 8, Fine-tune Epoch 3: acc(valid_pseudo): 0.9703, acc: 0.8635
2026-03-24 01:03:17,407 - INFO: Round 8, Speaker Fine-tune Epoch 3: No improvement in validation accuracy. Patience(epoch): 1/3
2026-03-24 01:03:17,648 - INFO: Epoch: [4][  0/301]	Time  0.236 ( 0.236)	Loss 3.3955e-01 (3.3955e-01)	Acc pseudo  87.50 ( 87.50)	Lr 1.000e-03 (1.000e-03)
2026-03-24 01:03:17,833 - INFO: Epoch: [4][ 50/301]	Time  0.003 ( 0.008)	Loss 3.1585e-01 (2.8434e-01)	Acc pseudo  89.06 ( 90.44)	Lr 1.000e-03 (1.000e-03)
2026-03-24 01:03:18,006 - INFO: Epoch: [4][100/301]	Time  0.003 ( 0.006)	Loss 3.0616e-01 (2.8887e-01)	Acc pseudo  90.62 ( 90.21)	Lr 1.000e-03 (1.000e-03)
2026-03-24 01:03:18,159 - INFO: Epoch: [4][150/301]	Time  0.003 ( 0.005)	Loss 3.4050e-01 (2.9103e-01)	Acc pseudo  90.62 ( 90.32)	Lr 1.000e-03 (1.000e-03)
2026-03-24 01:03:18,304 - INFO: Epoch: [4][200/301]	Time  0.003 ( 0.004)	Loss 1.6780e-01 (2.9533e-01)	Acc pseudo  93.75 ( 90.31)	Lr 1.000e-03 (1.000e-03)
2026-03-24 01:03:18,455 - INFO: Epoch: [4][250/301]	Time  0.003 ( 0.004)	Loss 2.9592e-01 (2.9905e-01)	Acc pseudo  87.50 ( 90.27)	Lr 1.000e-03 (1.000e-03)
2026-03-24 01:03:18,629 - INFO: Epoch: [4][300/301]	Time  0.003 ( 0.004)	Loss 2.5038e-01 (2.9898e-01)	Acc pseudo  88.00 ( 90.32)	Lr 1.000e-03 (1.000e-03)
2026-03-24 01:03:18,696 - INFO: Round 8, Fine-tune Epoch 4: loss=0.2990, acc(pseudo)=90.32%
2026-03-24 01:03:27,196 - INFO: Round 8, Fine-tune Epoch 4: acc(valid_pseudo): 0.9694, acc: 0.8580
2026-03-24 01:03:27,196 - INFO: Round 8, Speaker Fine-tune Epoch 4: No improvement in validation accuracy. Patience(epoch): 2/3
2026-03-24 01:03:27,481 - INFO: Epoch: [5][  0/301]	Time  0.279 ( 0.279)	Loss 2.7975e-01 (2.7975e-01)	Acc pseudo  87.50 ( 87.50)	Lr 1.000e-03 (1.000e-03)
2026-03-24 01:03:27,659 - INFO: Epoch: [5][ 50/301]	Time  0.003 ( 0.009)	Loss 1.9638e-01 (2.6876e-01)	Acc pseudo  92.19 ( 91.39)	Lr 1.000e-03 (1.000e-03)
2026-03-24 01:03:27,817 - INFO: Epoch: [5][100/301]	Time  0.003 ( 0.006)	Loss 3.7148e-01 (2.5418e-01)	Acc pseudo  84.38 ( 91.82)	Lr 1.000e-03 (1.000e-03)
2026-03-24 01:03:27,968 - INFO: Epoch: [5][150/301]	Time  0.003 ( 0.005)	Loss 2.0216e-01 (2.6025e-01)	Acc pseudo  90.62 ( 91.66)	Lr 1.000e-03 (1.000e-03)
2026-03-24 01:03:28,128 - INFO: Epoch: [5][200/301]	Time  0.003 ( 0.005)	Loss 2.3241e-01 (2.5900e-01)	Acc pseudo  87.50 ( 91.64)	Lr 1.000e-03 (1.000e-03)
2026-03-24 01:03:28,281 - INFO: Epoch: [5][250/301]	Time  0.003 ( 0.004)	Loss 3.6192e-01 (2.6659e-01)	Acc pseudo  87.50 ( 91.38)	Lr 1.000e-03 (1.000e-03)
2026-03-24 01:03:28,437 - INFO: Epoch: [5][300/301]	Time  0.003 ( 0.004)	Loss 3.2008e-01 (2.7584e-01)	Acc pseudo  80.00 ( 91.03)	Lr 1.000e-03 (1.000e-03)
2026-03-24 01:03:28,505 - INFO: Round 8, Fine-tune Epoch 5: loss=0.2758, acc(pseudo)=91.03%
2026-03-24 01:03:36,342 - INFO: Round 8, Fine-tune Epoch 5: acc(valid_pseudo): 0.9434, acc: 0.8335
2026-03-24 01:03:36,342 - INFO: Round 8, Speaker Fine-tune Epoch 5: No improvement in validation accuracy. Patience(epoch): 3/3
2026-03-24 01:03:36,342 - INFO: Early stopping at epoch 5 due to no improvement in validation accuracy for 3 epochs.
2026-03-24 01:03:36,343 - INFO: Round 8: Best speaker fine-tuned epoch=2, acc(valid_pseudo)=0.9755
2026-03-24 01:03:36,395 - INFO: Using HMM model from previous round: runs/I love my family/exp_video_ablation/result/e/self_supervised/exp0/round7/pseudo_label/hmm_params.pkl
2026-03-24 01:10:45,853 - INFO: Round 8: speaker_acc=0.8790
2026-03-24 01:10:45,856 - INFO: ====================
2026-03-24 01:10:45,856 - INFO: Round 9: Fine-tuning iteration
2026-03-24 01:10:45,856 - INFO: ====================
2026-03-24 01:10:45,950 - INFO: Round 9 Part 1: Fine-tuning embedding model
2026-03-24 01:10:45,951 - INFO: Using pseudo-label file: runs/I love my family/exp_video_ablation/result/e/self_supervised/exp0/round8/pseudo_label/pseudo_labels_audio_hmmx_both(unreliable_pp=100.0).json
2026-03-24 01:10:46,001 - INFO: Fine-tuning speaker embedding model for 20 epochs...
2026-03-24 01:10:46,273 - INFO: Epoch: [0][  0/301]	Time  0.265 ( 0.265)	Loss 2.8753e-01 (2.8753e-01)	Acc pseudo  90.62 ( 90.62)	Lr 1.000e-03 (1.000e-03)
2026-03-24 01:10:46,466 - INFO: Epoch: [0][ 50/301]	Time  0.003 ( 0.009)	Loss 2.8799e-01 (2.9570e-01)	Acc pseudo  92.19 ( 91.36)	Lr 1.000e-03 (1.000e-03)
2026-03-24 01:10:46,616 - INFO: Epoch: [0][100/301]	Time  0.003 ( 0.006)	Loss 1.4851e-01 (3.1452e-01)	Acc pseudo  92.19 ( 91.06)	Lr 1.000e-03 (1.000e-03)
2026-03-24 01:10:46,765 - INFO: Epoch: [0][150/301]	Time  0.003 ( 0.005)	Loss 4.0173e-01 (3.1779e-01)	Acc pseudo  85.94 ( 90.76)	Lr 1.000e-03 (1.000e-03)
2026-03-24 01:10:46,913 - INFO: Epoch: [0][200/301]	Time  0.003 ( 0.004)	Loss 3.4117e-01 (3.1307e-01)	Acc pseudo  90.62 ( 90.75)	Lr 1.000e-03 (1.000e-03)
2026-03-24 01:10:47,061 - INFO: Epoch: [0][250/301]	Time  0.003 ( 0.004)	Loss 1.9866e-01 (3.1991e-01)	Acc pseudo  90.62 ( 90.66)	Lr 1.000e-03 (1.000e-03)
2026-03-24 01:10:47,204 - INFO: Epoch: [0][300/301]	Time  0.002 ( 0.004)	Loss 3.4989e-01 (3.2113e-01)	Acc pseudo  92.00 ( 90.56)	Lr 1.000e-03 (1.000e-03)
2026-03-24 01:10:47,268 - INFO: Round 9, Fine-tune Epoch 0: loss=0.3211, acc(pseudo)=90.56%
2026-03-24 01:10:55,349 - INFO: Round 9, Fine-tune Epoch 0: acc(valid_pseudo): 0.9700, acc: 0.8740
2026-03-24 01:10:56,176 - INFO: Epoch: [1][  0/301]	Time  0.229 ( 0.229)	Loss 4.1835e-01 (4.1835e-01)	Acc pseudo  90.62 ( 90.62)	Lr 1.000e-03 (1.000e-03)
2026-03-24 01:10:56,362 - INFO: Epoch: [1][ 50/301]	Time  0.003 ( 0.008)	Loss 1.7274e-01 (2.9719e-01)	Acc pseudo  96.88 ( 90.47)	Lr 1.000e-03 (1.000e-03)
2026-03-24 01:10:56,521 - INFO: Epoch: [1][100/301]	Time  0.003 ( 0.006)	Loss 1.5585e-01 (2.8454e-01)	Acc pseudo  95.31 ( 91.07)	Lr 1.000e-03 (1.000e-03)
2026-03-24 01:10:56,671 - INFO: Epoch: [1][150/301]	Time  0.003 ( 0.005)	Loss 2.2751e-01 (2.9025e-01)	Acc pseudo  92.19 ( 90.90)	Lr 1.000e-03 (1.000e-03)
2026-03-24 01:10:56,845 - INFO: Epoch: [1][200/301]	Time  0.003 ( 0.004)	Loss 3.0122e-01 (2.9298e-01)	Acc pseudo  92.19 ( 90.80)	Lr 1.000e-03 (1.000e-03)
2026-03-24 01:10:57,004 - INFO: Epoch: [1][250/301]	Time  0.003 ( 0.004)	Loss 1.4424e-01 (3.0033e-01)	Acc pseudo  92.19 ( 90.72)	Lr 1.000e-03 (1.000e-03)
2026-03-24 01:10:57,145 - INFO: Epoch: [1][300/301]	Time  0.002 ( 0.004)	Loss 2.0112e-01 (3.0049e-01)	Acc pseudo  88.00 ( 90.71)	Lr 1.000e-03 (1.000e-03)
2026-03-24 01:10:57,207 - INFO: Round 9, Fine-tune Epoch 1: loss=0.3005, acc(pseudo)=90.71%
2026-03-24 01:11:05,830 - INFO: Round 9, Fine-tune Epoch 1: acc(valid_pseudo): 0.9679, acc: 0.8555
2026-03-24 01:11:05,831 - INFO: Round 9, Speaker Fine-tune Epoch 1: No improvement in validation accuracy. Patience(epoch): 1/3
2026-03-24 01:11:06,075 - INFO: Epoch: [2][  0/301]	Time  0.239 ( 0.239)	Loss 1.5483e-01 (1.5483e-01)	Acc pseudo  95.31 ( 95.31)	Lr 1.000e-03 (1.000e-03)
2026-03-24 01:11:06,253 - INFO: Epoch: [2][ 50/301]	Time  0.003 ( 0.008)	Loss 2.6035e-01 (2.6839e-01)	Acc pseudo  93.75 ( 91.30)	Lr 1.000e-03 (1.000e-03)
2026-03-24 01:11:06,416 - INFO: Epoch: [2][100/301]	Time  0.003 ( 0.006)	Loss 1.9687e-01 (2.7023e-01)	Acc pseudo  90.62 ( 91.20)	Lr 1.000e-03 (1.000e-03)
2026-03-24 01:11:06,573 - INFO: Epoch: [2][150/301]	Time  0.003 ( 0.005)	Loss 2.1534e-01 (2.6409e-01)	Acc pseudo  92.19 ( 91.38)	Lr 1.000e-03 (1.000e-03)
2026-03-24 01:11:06,734 - INFO: Epoch: [2][200/301]	Time  0.003 ( 0.004)	Loss 1.0635e-01 (2.6728e-01)	Acc pseudo  96.88 ( 91.41)	Lr 1.000e-03 (1.000e-03)
2026-03-24 01:11:06,892 - INFO: Epoch: [2][250/301]	Time  0.003 ( 0.004)	Loss 3.1183e-01 (2.6884e-01)	Acc pseudo  92.19 ( 91.32)	Lr 1.000e-03 (1.000e-03)
2026-03-24 01:11:07,029 - INFO: Epoch: [2][300/301]	Time  0.002 ( 0.004)	Loss 3.4774e-01 (2.7283e-01)	Acc pseudo  84.00 ( 91.16)	Lr 1.000e-03 (1.000e-03)
2026-03-24 01:11:07,099 - INFO: Round 9, Fine-tune Epoch 2: loss=0.2728, acc(pseudo)=91.16%
2026-03-24 01:11:15,045 - INFO: Round 9, Fine-tune Epoch 2: acc(valid_pseudo): 0.9740, acc: 0.8715
2026-03-24 01:11:15,818 - INFO: Epoch: [3][  0/301]	Time  0.225 ( 0.225)	Loss 2.1344e-01 (2.1344e-01)	Acc pseudo  93.75 ( 93.75)	Lr 1.000e-03 (1.000e-03)
2026-03-24 01:11:15,987 - INFO: Epoch: [3][ 50/301]	Time  0.003 ( 0.008)	Loss 5.1880e-01 (2.5868e-01)	Acc pseudo  87.50 ( 91.82)	Lr 1.000e-03 (1.000e-03)
2026-03-24 01:11:16,139 - INFO: Epoch: [3][100/301]	Time  0.003 ( 0.005)	Loss 1.8805e-01 (2.7567e-01)	Acc pseudo  96.88 ( 91.31)	Lr 1.000e-03 (1.000e-03)
2026-03-24 01:11:16,287 - INFO: Epoch: [3][150/301]	Time  0.003 ( 0.005)	Loss 1.7649e-01 (2.6881e-01)	Acc pseudo  96.88 ( 91.19)	Lr 1.000e-03 (1.000e-03)
2026-03-24 01:11:16,437 - INFO: Epoch: [3][200/301]	Time  0.003 ( 0.004)	Loss 1.8246e-01 (2.6770e-01)	Acc pseudo  93.75 ( 91.27)	Lr 1.000e-03 (1.000e-03)
2026-03-24 01:11:16,580 - INFO: Epoch: [3][250/301]	Time  0.003 ( 0.004)	Loss 1.7307e-01 (2.7226e-01)	Acc pseudo  93.75 ( 91.18)	Lr 1.000e-03 (1.000e-03)
2026-03-24 01:11:16,721 - INFO: Epoch: [3][300/301]	Time  0.002 ( 0.004)	Loss 1.9575e-01 (2.6967e-01)	Acc pseudo  92.00 ( 91.18)	Lr 1.000e-03 (1.000e-03)
2026-03-24 01:11:16,784 - INFO: Round 9, Fine-tune Epoch 3: loss=0.2697, acc(pseudo)=91.18%
2026-03-24 01:11:24,966 - INFO: Round 9, Fine-tune Epoch 3: acc(valid_pseudo): 0.9679, acc: 0.8610
2026-03-24 01:11:24,966 - INFO: Round 9, Speaker Fine-tune Epoch 3: No improvement in validation accuracy. Patience(epoch): 1/3
2026-03-24 01:11:25,207 - INFO: Epoch: [4][  0/301]	Time  0.235 ( 0.235)	Loss 2.6424e-01 (2.6424e-01)	Acc pseudo  90.62 ( 90.62)	Lr 1.000e-03 (1.000e-03)
2026-03-24 01:11:25,383 - INFO: Epoch: [4][ 50/301]	Time  0.003 ( 0.008)	Loss 1.5434e-01 (2.7047e-01)	Acc pseudo  90.62 ( 91.12)	Lr 1.000e-03 (1.000e-03)
2026-03-24 01:11:25,546 - INFO: Epoch: [4][100/301]	Time  0.003 ( 0.006)	Loss 3.2296e-01 (2.6556e-01)	Acc pseudo  87.50 ( 91.06)	Lr 1.000e-03 (1.000e-03)
2026-03-24 01:11:25,700 - INFO: Epoch: [4][150/301]	Time  0.003 ( 0.005)	Loss 2.2164e-01 (2.5789e-01)	Acc pseudo  95.31 ( 91.48)	Lr 1.000e-03 (1.000e-03)
2026-03-24 01:11:25,850 - INFO: Epoch: [4][200/301]	Time  0.003 ( 0.004)	Loss 3.2932e-01 (2.6009e-01)	Acc pseudo  92.19 ( 91.54)	Lr 1.000e-03 (1.000e-03)
2026-03-24 01:11:25,992 - INFO: Epoch: [4][250/301]	Time  0.003 ( 0.004)	Loss 2.1547e-01 (2.6425e-01)	Acc pseudo  90.62 ( 91.39)	Lr 1.000e-03 (1.000e-03)
2026-03-24 01:11:26,134 - INFO: Epoch: [4][300/301]	Time  0.002 ( 0.004)	Loss 2.0732e-01 (2.6674e-01)	Acc pseudo  92.00 ( 91.29)	Lr 1.000e-03 (1.000e-03)
2026-03-24 01:11:26,197 - INFO: Round 9, Fine-tune Epoch 4: loss=0.2667, acc(pseudo)=91.29%
2026-03-24 01:11:34,553 - INFO: Round 9, Fine-tune Epoch 4: acc(valid_pseudo): 0.9653, acc: 0.8570
2026-03-24 01:11:34,554 - INFO: Round 9, Speaker Fine-tune Epoch 4: No improvement in validation accuracy. Patience(epoch): 2/3
2026-03-24 01:11:34,793 - INFO: Epoch: [5][  0/301]	Time  0.233 ( 0.233)	Loss 3.9715e-01 (3.9715e-01)	Acc pseudo  84.38 ( 84.38)	Lr 1.000e-03 (1.000e-03)
2026-03-24 01:11:34,970 - INFO: Epoch: [5][ 50/301]	Time  0.003 ( 0.008)	Loss 2.5275e-01 (2.4324e-01)	Acc pseudo  87.50 ( 91.88)	Lr 1.000e-03 (1.000e-03)
2026-03-24 01:11:35,118 - INFO: Epoch: [5][100/301]	Time  0.003 ( 0.005)	Loss 2.4855e-01 (2.3176e-01)	Acc pseudo  90.62 ( 92.34)	Lr 1.000e-03 (1.000e-03)
2026-03-24 01:11:35,272 - INFO: Epoch: [5][150/301]	Time  0.003 ( 0.005)	Loss 3.9325e-01 (2.3481e-01)	Acc pseudo  90.62 ( 92.15)	Lr 1.000e-03 (1.000e-03)
2026-03-24 01:11:35,418 - INFO: Epoch: [5][200/301]	Time  0.003 ( 0.004)	Loss 2.2421e-01 (2.3985e-01)	Acc pseudo  85.94 ( 91.95)	Lr 1.000e-03 (1.000e-03)
2026-03-24 01:11:35,560 - INFO: Epoch: [5][250/301]	Time  0.003 ( 0.004)	Loss 1.7829e-01 (2.4780e-01)	Acc pseudo  93.75 ( 91.79)	Lr 1.000e-03 (1.000e-03)
2026-03-24 01:11:35,698 - INFO: Epoch: [5][300/301]	Time  0.002 ( 0.004)	Loss 5.4818e-01 (2.5685e-01)	Acc pseudo  80.00 ( 91.53)	Lr 1.000e-03 (1.000e-03)
2026-03-24 01:11:35,764 - INFO: Round 9, Fine-tune Epoch 5: loss=0.2568, acc(pseudo)=91.53%
2026-03-24 01:11:44,445 - INFO: Round 9, Fine-tune Epoch 5: acc(valid_pseudo): 0.9717, acc: 0.8595
2026-03-24 01:11:44,446 - INFO: Round 9, Speaker Fine-tune Epoch 5: No improvement in validation accuracy. Patience(epoch): 3/3
2026-03-24 01:11:44,446 - INFO: Early stopping at epoch 5 due to no improvement in validation accuracy for 3 epochs.
2026-03-24 01:11:44,447 - INFO: Round 9: Best speaker fine-tuned epoch=2, acc(valid_pseudo)=0.9740
2026-03-24 01:11:44,498 - INFO: Using HMM model from previous round: runs/I love my family/exp_video_ablation/result/e/self_supervised/exp0/round8/pseudo_label/hmm_params.pkl
2026-03-24 01:21:45,426 - INFO: Round 9: speaker_acc=0.8740
2026-03-24 01:21:45,432 - INFO: ====================
2026-03-24 01:21:45,432 - INFO: Self-supervised fine-tuning completed!
2026-03-24 01:21:45,432 - INFO: Initial speaker: acc=0.8065
2026-03-24 01:21:45,432 - INFO: Final speaker at round 9: acc=0.8740
2026-03-24 01:21:45,433 - INFO: Speaker improvement: 0.0675 (8.37%)
2026-03-24 01:21:45,433 - INFO: ====================
