2026-02-07 19:32:16,064 - INFO: Starting self-supervised fine-tuning pipeline
2026-02-07 19:32:16,087 - INFO: Device: cuda:0
2026-02-07 19:32:16,091 - INFO: Saved arguments to runs/I love my family/exp_video/result/self_supervised/baseline_sc/exp0/args.json
2026-02-07 19:32:16,091 - INFO: ====================
2026-02-07 19:32:16,091 - INFO: Initialization: Initial clustering with baseline method sc
2026-02-07 19:32:16,091 - INFO: ====================
2026-02-07 19:40:13,102 - INFO: Saved initial clustering results to runs/I love my family/exp_video/result/self_supervised/baseline_sc/exp0/initial
2026-02-07 19:40:13,102 - INFO: Initial: speaker_acc=0.6880
2026-02-07 19:40:13,102 - INFO: ====================
2026-02-07 19:40:13,102 - INFO: Round 0: Fine-tuning iteration
2026-02-07 19:40:13,102 - INFO: ====================
2026-02-07 19:40:13,148 - INFO: Round 0 Part 1: Fine-tuning embedding model
2026-02-07 19:40:13,150 - INFO: Using pseudo-label file: runs/I love my family/exp_video/result/self_supervised/baseline_sc/exp0/initial/pseudo_label/pseudo_labels_audio_baseline_sc.json
2026-02-07 19:40:16,252 - INFO: Speaker embedding dimension: 512
2026-02-07 19:40:16,896 - INFO: Saved speaker config_model to runs/I love my family/exp_video/result/self_supervised/baseline_sc/exp0/round0/config_model_speaker.json
2026-02-07 19:43:12,579 - INFO: Extracting hidden features for all speaker samples, which are outputs of StatsPool layer...
2026-02-07 19:43:12,580 - INFO: args.unfrozen_layers_num=2 is not used when extracting hidden features.
2026-02-07 19:54:00,657 - INFO: Hidden features extracted for 19225 speaker samples
2026-02-07 19:54:00,813 - INFO: Warmup training speaker classifier for 2 epochs...
2026-02-07 19:54:01,608 - INFO: Epoch: [0][  0/301]	Time  0.792 ( 0.792)	Loss 3.3636e+00 (3.3636e+00)	Acc pseudo   3.12 (  3.12)	Lr 1.000e-03 (1.000e-03)
2026-02-07 19:54:01,752 - INFO: Epoch: [0][ 50/301]	Time  0.003 ( 0.018)	Loss 7.0753e-01 (1.9161e+00)	Acc pseudo  75.00 ( 61.34)	Lr 1.000e-03 (1.000e-03)
2026-02-07 19:54:01,885 - INFO: Epoch: [0][100/301]	Time  0.002 ( 0.010)	Loss 4.0564e-01 (1.3436e+00)	Acc pseudo  89.06 ( 73.14)	Lr 1.000e-03 (1.000e-03)
2026-02-07 19:54:02,010 - INFO: Epoch: [0][150/301]	Time  0.002 ( 0.008)	Loss 4.0748e-01 (1.0736e+00)	Acc pseudo  81.25 ( 77.54)	Lr 1.000e-03 (1.000e-03)
2026-02-07 19:54:02,135 - INFO: Epoch: [0][200/301]	Time  0.002 ( 0.006)	Loss 3.8306e-01 (9.3814e-01)	Acc pseudo  87.50 ( 79.88)	Lr 1.000e-03 (1.000e-03)
2026-02-07 19:54:02,260 - INFO: Epoch: [0][250/301]	Time  0.002 ( 0.006)	Loss 4.5660e-01 (8.6218e-01)	Acc pseudo  81.25 ( 81.20)	Lr 1.000e-03 (1.000e-03)
2026-02-07 19:54:02,381 - INFO: Epoch: [0][300/301]	Time  0.003 ( 0.005)	Loss 5.8144e-01 (8.0530e-01)	Acc pseudo  84.00 ( 82.47)	Lr 1.000e-03 (1.000e-03)
2026-02-07 19:54:02,432 - INFO: Round 0, Speaker Warmup Epoch 0: loss=0.8053, acc(pseudo)=82.47%
2026-02-07 19:54:02,632 - INFO: Epoch: [1][  0/301]	Time  0.195 ( 0.195)	Loss 3.1621e-01 (3.1621e-01)	Acc pseudo  87.50 ( 87.50)	Lr 1.000e-03 (1.000e-03)
2026-02-07 19:54:02,772 - INFO: Epoch: [1][ 50/301]	Time  0.003 ( 0.006)	Loss 4.4148e-01 (4.8144e-01)	Acc pseudo  79.69 ( 88.60)	Lr 1.000e-03 (1.000e-03)
2026-02-07 19:54:02,902 - INFO: Epoch: [1][100/301]	Time  0.002 ( 0.005)	Loss 4.3220e-01 (4.3631e-01)	Acc pseudo  90.62 ( 89.00)	Lr 1.000e-03 (1.000e-03)
2026-02-07 19:54:03,032 - INFO: Epoch: [1][150/301]	Time  0.003 ( 0.004)	Loss 3.1295e-01 (4.5025e-01)	Acc pseudo  90.62 ( 89.07)	Lr 1.000e-03 (1.000e-03)
2026-02-07 19:54:03,161 - INFO: Epoch: [1][200/301]	Time  0.002 ( 0.003)	Loss 3.5985e-01 (4.2623e-01)	Acc pseudo  85.94 ( 88.91)	Lr 1.000e-03 (1.000e-03)
2026-02-07 19:54:03,290 - INFO: Epoch: [1][250/301]	Time  0.002 ( 0.003)	Loss 3.5106e-01 (4.1283e-01)	Acc pseudo  90.62 ( 89.18)	Lr 1.000e-03 (1.000e-03)
2026-02-07 19:54:03,411 - INFO: Epoch: [1][300/301]	Time  0.002 ( 0.003)	Loss 5.3683e-01 (4.2155e-01)	Acc pseudo  88.00 ( 89.01)	Lr 1.000e-03 (1.000e-03)
2026-02-07 19:54:03,466 - INFO: Round 0, Speaker Warmup Epoch 1: loss=0.4215, acc(pseudo)=89.01%
2026-02-07 19:54:03,477 - INFO: Fine-tuning speaker embedding model for 20 epochs...
2026-02-07 19:54:04,363 - INFO: Epoch: [0][  0/301]	Time  0.883 ( 0.883)	Loss 2.4142e-01 (2.4142e-01)	Acc pseudo  92.19 ( 92.19)	Lr 1.000e-03 (1.000e-03)
2026-02-07 19:54:04,540 - INFO: Epoch: [0][ 50/301]	Time  0.003 ( 0.021)	Loss 4.0258e-01 (7.0417e-01)	Acc pseudo  84.38 ( 84.41)	Lr 1.000e-03 (1.000e-03)
2026-02-07 19:54:04,701 - INFO: Epoch: [0][100/301]	Time  0.003 ( 0.012)	Loss 2.6608e-01 (6.0268e-01)	Acc pseudo  90.62 ( 85.02)	Lr 1.000e-03 (1.000e-03)
2026-02-07 19:54:04,869 - INFO: Epoch: [0][150/301]	Time  0.003 ( 0.009)	Loss 5.5741e-01 (6.0975e-01)	Acc pseudo  85.94 ( 84.95)	Lr 1.000e-03 (1.000e-03)
2026-02-07 19:54:05,026 - INFO: Epoch: [0][200/301]	Time  0.003 ( 0.008)	Loss 2.5084e-01 (5.8288e-01)	Acc pseudo  95.31 ( 85.65)	Lr 1.000e-03 (1.000e-03)
2026-02-07 19:54:05,177 - INFO: Epoch: [0][250/301]	Time  0.003 ( 0.007)	Loss 3.9454e-01 (5.6401e-01)	Acc pseudo  84.38 ( 85.88)	Lr 1.000e-03 (1.000e-03)
2026-02-07 19:54:05,324 - INFO: Epoch: [0][300/301]	Time  0.004 ( 0.006)	Loss 4.7458e-01 (5.4484e-01)	Acc pseudo  88.00 ( 85.97)	Lr 1.000e-03 (1.000e-03)
2026-02-07 19:54:05,378 - INFO: Round 0, Fine-tune Epoch 0: loss=0.5448, acc(pseudo)=85.97%
2026-02-07 19:54:13,002 - INFO: Round 0, Fine-tune Epoch 0: acc(valid_pseudo): 0.6880, acc: 0.6880
2026-02-07 19:54:13,999 - INFO: Epoch: [1][  0/301]	Time  0.218 ( 0.218)	Loss 4.3571e-01 (4.3571e-01)	Acc pseudo  85.94 ( 85.94)	Lr 1.000e-03 (1.000e-03)
2026-02-07 19:54:14,171 - INFO: Epoch: [1][ 50/301]	Time  0.003 ( 0.008)	Loss 4.6082e-01 (4.9324e-01)	Acc pseudo  81.25 ( 87.53)	Lr 1.000e-03 (1.000e-03)
2026-02-07 19:54:14,324 - INFO: Epoch: [1][100/301]	Time  0.003 ( 0.005)	Loss 2.9475e-01 (4.2637e-01)	Acc pseudo  90.62 ( 87.58)	Lr 1.000e-03 (1.000e-03)
2026-02-07 19:54:14,477 - INFO: Epoch: [1][150/301]	Time  0.003 ( 0.005)	Loss 6.1744e-01 (4.6819e-01)	Acc pseudo  87.50 ( 87.75)	Lr 1.000e-03 (1.000e-03)
2026-02-07 19:54:14,643 - INFO: Epoch: [1][200/301]	Time  0.004 ( 0.004)	Loss 6.3416e-01 (4.8369e-01)	Acc pseudo  84.38 ( 87.62)	Lr 1.000e-03 (1.000e-03)
2026-02-07 19:54:14,809 - INFO: Epoch: [1][250/301]	Time  0.003 ( 0.004)	Loss 4.9759e-01 (5.0612e-01)	Acc pseudo  87.50 ( 87.46)	Lr 1.000e-03 (1.000e-03)
2026-02-07 19:54:14,953 - INFO: Epoch: [1][300/301]	Time  0.002 ( 0.004)	Loss 1.7178e-01 (4.8726e-01)	Acc pseudo  92.00 ( 87.45)	Lr 1.000e-03 (1.000e-03)
2026-02-07 19:54:15,010 - INFO: Round 0, Fine-tune Epoch 1: loss=0.4873, acc(pseudo)=87.45%
2026-02-07 19:54:22,194 - INFO: Round 0, Fine-tune Epoch 1: acc(valid_pseudo): 0.6915, acc: 0.6915
2026-02-07 19:54:23,166 - INFO: Epoch: [2][  0/301]	Time  0.216 ( 0.216)	Loss 4.9486e-01 (4.9486e-01)	Acc pseudo  82.81 ( 82.81)	Lr 1.000e-03 (1.000e-03)
2026-02-07 19:54:23,388 - INFO: Epoch: [2][ 50/301]	Time  0.003 ( 0.009)	Loss 3.6237e-01 (4.6842e-01)	Acc pseudo  92.19 ( 88.63)	Lr 1.000e-03 (1.000e-03)
2026-02-07 19:54:23,546 - INFO: Epoch: [2][100/301]	Time  0.003 ( 0.006)	Loss 2.6570e-01 (5.3327e-01)	Acc pseudo  93.75 ( 87.69)	Lr 1.000e-03 (1.000e-03)
2026-02-07 19:54:23,700 - INFO: Epoch: [2][150/301]	Time  0.003 ( 0.005)	Loss 6.0115e-01 (5.3453e-01)	Acc pseudo  82.81 ( 87.09)	Lr 1.000e-03 (1.000e-03)
2026-02-07 19:54:23,848 - INFO: Epoch: [2][200/301]	Time  0.003 ( 0.004)	Loss 9.6955e-01 (5.6677e-01)	Acc pseudo  81.25 ( 87.24)	Lr 1.000e-03 (1.000e-03)
2026-02-07 19:54:23,994 - INFO: Epoch: [2][250/301]	Time  0.003 ( 0.004)	Loss 3.1185e-01 (5.2911e-01)	Acc pseudo  89.06 ( 87.16)	Lr 1.000e-03 (1.000e-03)
2026-02-07 19:54:24,134 - INFO: Epoch: [2][300/301]	Time  0.002 ( 0.004)	Loss 1.9969e-01 (5.1895e-01)	Acc pseudo  92.00 ( 87.30)	Lr 1.000e-03 (1.000e-03)
2026-02-07 19:54:24,200 - INFO: Round 0, Fine-tune Epoch 2: loss=0.5189, acc(pseudo)=87.30%
2026-02-07 19:54:31,425 - INFO: Round 0, Fine-tune Epoch 2: acc(valid_pseudo): 0.6315, acc: 0.6315
2026-02-07 19:54:31,425 - INFO: Round 0, Speaker Fine-tune Epoch 2: No improvement in validation accuracy. Patience(epoch): 1/3
2026-02-07 19:54:31,652 - INFO: Epoch: [3][  0/301]	Time  0.221 ( 0.221)	Loss 3.8577e-01 (3.8577e-01)	Acc pseudo  85.94 ( 85.94)	Lr 1.000e-03 (1.000e-03)
2026-02-07 19:54:31,830 - INFO: Epoch: [3][ 50/301]	Time  0.003 ( 0.008)	Loss 1.9762e-01 (4.3952e-01)	Acc pseudo  92.19 ( 88.73)	Lr 1.000e-03 (1.000e-03)
2026-02-07 19:54:31,979 - INFO: Epoch: [3][100/301]	Time  0.003 ( 0.005)	Loss 5.9774e-01 (4.2598e-01)	Acc pseudo  85.94 ( 89.14)	Lr 1.000e-03 (1.000e-03)
2026-02-07 19:54:32,127 - INFO: Epoch: [3][150/301]	Time  0.003 ( 0.005)	Loss 4.0606e-01 (4.2911e-01)	Acc pseudo  93.75 ( 88.70)	Lr 1.000e-03 (1.000e-03)
2026-02-07 19:54:32,271 - INFO: Epoch: [3][200/301]	Time  0.003 ( 0.004)	Loss 1.1958e-01 (4.3286e-01)	Acc pseudo  98.44 ( 88.73)	Lr 1.000e-03 (1.000e-03)
2026-02-07 19:54:32,414 - INFO: Epoch: [3][250/301]	Time  0.003 ( 0.004)	Loss 3.1750e-01 (4.1753e-01)	Acc pseudo  90.62 ( 88.84)	Lr 1.000e-03 (1.000e-03)
2026-02-07 19:54:32,554 - INFO: Epoch: [3][300/301]	Time  0.002 ( 0.004)	Loss 2.9440e-01 (4.2005e-01)	Acc pseudo  84.00 ( 88.80)	Lr 1.000e-03 (1.000e-03)
2026-02-07 19:54:32,608 - INFO: Round 0, Fine-tune Epoch 3: loss=0.4200, acc(pseudo)=88.80%
2026-02-07 19:54:40,370 - INFO: Round 0, Fine-tune Epoch 3: acc(valid_pseudo): 0.6940, acc: 0.6940
2026-02-07 19:54:41,215 - INFO: Epoch: [4][  0/301]	Time  0.206 ( 0.206)	Loss 3.6756e-01 (3.6756e-01)	Acc pseudo  87.50 ( 87.50)	Lr 1.000e-03 (1.000e-03)
2026-02-07 19:54:41,393 - INFO: Epoch: [4][ 50/301]	Time  0.003 ( 0.007)	Loss 3.0930e-01 (4.0356e-01)	Acc pseudo  89.06 ( 88.85)	Lr 1.000e-03 (1.000e-03)
2026-02-07 19:54:41,549 - INFO: Epoch: [4][100/301]	Time  0.003 ( 0.005)	Loss 3.0376e-01 (4.3875e-01)	Acc pseudo  89.06 ( 88.78)	Lr 1.000e-03 (1.000e-03)
2026-02-07 19:54:41,697 - INFO: Epoch: [4][150/301]	Time  0.003 ( 0.004)	Loss 2.8528e-01 (4.1994e-01)	Acc pseudo  92.19 ( 89.10)	Lr 1.000e-03 (1.000e-03)
2026-02-07 19:54:41,841 - INFO: Epoch: [4][200/301]	Time  0.003 ( 0.004)	Loss 3.6965e-01 (4.4646e-01)	Acc pseudo  87.50 ( 89.11)	Lr 1.000e-03 (1.000e-03)
2026-02-07 19:54:41,989 - INFO: Epoch: [4][250/301]	Time  0.003 ( 0.004)	Loss 4.5630e-01 (4.6564e-01)	Acc pseudo  89.06 ( 88.89)	Lr 1.000e-03 (1.000e-03)
2026-02-07 19:54:42,132 - INFO: Epoch: [4][300/301]	Time  0.002 ( 0.004)	Loss 2.1057e-01 (4.5804e-01)	Acc pseudo  88.00 ( 88.67)	Lr 1.000e-03 (1.000e-03)
2026-02-07 19:54:42,189 - INFO: Round 0, Fine-tune Epoch 4: loss=0.4580, acc(pseudo)=88.67%
2026-02-07 19:54:49,965 - INFO: Round 0, Fine-tune Epoch 4: acc(valid_pseudo): 0.6530, acc: 0.6530
2026-02-07 19:54:49,966 - INFO: Round 0, Speaker Fine-tune Epoch 4: No improvement in validation accuracy. Patience(epoch): 1/3
2026-02-07 19:54:50,187 - INFO: Epoch: [5][  0/301]	Time  0.216 ( 0.216)	Loss 5.1207e-01 (5.1207e-01)	Acc pseudo  82.81 ( 82.81)	Lr 1.000e-03 (1.000e-03)
2026-02-07 19:54:50,355 - INFO: Epoch: [5][ 50/301]	Time  0.003 ( 0.007)	Loss 1.3289e-01 (4.1294e-01)	Acc pseudo  93.75 ( 88.54)	Lr 1.000e-03 (1.000e-03)
2026-02-07 19:54:50,508 - INFO: Epoch: [5][100/301]	Time  0.003 ( 0.005)	Loss 1.6400e+00 (4.2733e-01)	Acc pseudo  92.19 ( 88.86)	Lr 1.000e-03 (1.000e-03)
2026-02-07 19:54:50,664 - INFO: Epoch: [5][150/301]	Time  0.003 ( 0.004)	Loss 2.0585e-01 (4.1110e-01)	Acc pseudo  87.50 ( 89.03)	Lr 1.000e-03 (1.000e-03)
2026-02-07 19:54:50,819 - INFO: Epoch: [5][200/301]	Time  0.003 ( 0.004)	Loss 2.3902e-01 (3.9630e-01)	Acc pseudo  90.62 ( 89.54)	Lr 1.000e-03 (1.000e-03)
2026-02-07 19:54:50,982 - INFO: Epoch: [5][250/301]	Time  0.003 ( 0.004)	Loss 2.4976e-01 (3.7750e-01)	Acc pseudo  93.75 ( 89.74)	Lr 1.000e-03 (1.000e-03)
2026-02-07 19:54:51,131 - INFO: Epoch: [5][300/301]	Time  0.002 ( 0.004)	Loss 1.2383e-01 (3.7265e-01)	Acc pseudo  96.00 ( 89.96)	Lr 1.000e-03 (1.000e-03)
2026-02-07 19:54:51,190 - INFO: Round 0, Fine-tune Epoch 5: loss=0.3726, acc(pseudo)=89.96%
2026-02-07 19:54:59,927 - INFO: Round 0, Fine-tune Epoch 5: acc(valid_pseudo): 0.6735, acc: 0.6735
2026-02-07 19:54:59,927 - INFO: Round 0, Speaker Fine-tune Epoch 5: No improvement in validation accuracy. Patience(epoch): 2/3
2026-02-07 19:55:00,144 - INFO: Epoch: [6][  0/301]	Time  0.212 ( 0.212)	Loss 2.6351e-01 (2.6351e-01)	Acc pseudo  90.62 ( 90.62)	Lr 1.000e-03 (1.000e-03)
2026-02-07 19:55:00,320 - INFO: Epoch: [6][ 50/301]	Time  0.003 ( 0.008)	Loss 3.3989e-01 (4.5254e-01)	Acc pseudo  87.50 ( 90.13)	Lr 1.000e-03 (1.000e-03)
2026-02-07 19:55:00,486 - INFO: Epoch: [6][100/301]	Time  0.003 ( 0.005)	Loss 2.5969e-01 (4.6321e-01)	Acc pseudo  92.19 ( 89.87)	Lr 1.000e-03 (1.000e-03)
2026-02-07 19:55:00,656 - INFO: Epoch: [6][150/301]	Time  0.004 ( 0.005)	Loss 3.1313e-01 (4.1553e-01)	Acc pseudo  90.62 ( 90.05)	Lr 1.000e-03 (1.000e-03)
2026-02-07 19:55:00,833 - INFO: Epoch: [6][200/301]	Time  0.004 ( 0.004)	Loss 3.4649e-01 (4.0770e-01)	Acc pseudo  79.69 ( 90.07)	Lr 1.000e-03 (1.000e-03)
2026-02-07 19:55:00,983 - INFO: Epoch: [6][250/301]	Time  0.003 ( 0.004)	Loss 2.7675e-01 (3.9250e-01)	Acc pseudo  85.94 ( 90.01)	Lr 1.000e-03 (1.000e-03)
2026-02-07 19:55:01,127 - INFO: Epoch: [6][300/301]	Time  0.002 ( 0.004)	Loss 1.9703e-01 (3.8902e-01)	Acc pseudo  84.00 ( 89.91)	Lr 1.000e-03 (1.000e-03)
2026-02-07 19:55:01,188 - INFO: Round 0, Fine-tune Epoch 6: loss=0.3890, acc(pseudo)=89.91%
2026-02-07 19:55:08,625 - INFO: Round 0, Fine-tune Epoch 6: acc(valid_pseudo): 0.6810, acc: 0.6810
2026-02-07 19:55:08,625 - INFO: Round 0, Speaker Fine-tune Epoch 6: No improvement in validation accuracy. Patience(epoch): 3/3
2026-02-07 19:55:08,625 - INFO: Early stopping at epoch 6 due to no improvement in validation accuracy for 3 epochs.
2026-02-07 19:55:08,627 - INFO: Round 0: Best speaker fine-tuned epoch=3, acc(valid_pseudo)=0.6940
2026-02-07 20:01:00,871 - INFO: Round 0: speaker_acc=0.6290
2026-02-07 20:01:00,874 - INFO: ====================
2026-02-07 20:01:00,874 - INFO: Round 1: Fine-tuning iteration
2026-02-07 20:01:00,875 - INFO: ====================
2026-02-07 20:01:00,931 - INFO: Round 1 Part 1: Fine-tuning embedding model
2026-02-07 20:01:00,932 - INFO: Using pseudo-label file: runs/I love my family/exp_video/result/self_supervised/baseline_sc/exp0/round0/pseudo_label/pseudo_labels_audio_baseline_sc.json
2026-02-07 20:01:00,966 - INFO: Fine-tuning speaker embedding model for 20 epochs...
2026-02-07 20:01:01,168 - INFO: Epoch: [0][  0/301]	Time  0.198 ( 0.198)	Loss 1.8316e+01 (1.8316e+01)	Acc pseudo  31.25 ( 31.25)	Lr 1.000e-03 (1.000e-03)
2026-02-07 20:01:01,331 - INFO: Epoch: [0][ 50/301]	Time  0.003 ( 0.007)	Loss 3.1305e+00 (7.5323e+00)	Acc pseudo  45.31 ( 39.68)	Lr 1.000e-03 (1.000e-03)
2026-02-07 20:01:01,474 - INFO: Epoch: [0][100/301]	Time  0.003 ( 0.005)	Loss 1.5172e+00 (4.9166e+00)	Acc pseudo  60.94 ( 46.67)	Lr 1.000e-03 (1.000e-03)
2026-02-07 20:01:01,618 - INFO: Epoch: [0][150/301]	Time  0.003 ( 0.004)	Loss 1.3786e+00 (3.9024e+00)	Acc pseudo  59.38 ( 51.32)	Lr 1.000e-03 (1.000e-03)
2026-02-07 20:01:01,760 - INFO: Epoch: [0][200/301]	Time  0.003 ( 0.004)	Loss 1.5125e+00 (3.3484e+00)	Acc pseudo  65.62 ( 54.14)	Lr 1.000e-03 (1.000e-03)
2026-02-07 20:01:01,899 - INFO: Epoch: [0][250/301]	Time  0.003 ( 0.004)	Loss 1.5322e+00 (2.9909e+00)	Acc pseudo  65.62 ( 56.12)	Lr 1.000e-03 (1.000e-03)
2026-02-07 20:01:02,032 - INFO: Epoch: [0][300/301]	Time  0.002 ( 0.003)	Loss 1.2448e+00 (2.7511e+00)	Acc pseudo  60.00 ( 58.07)	Lr 1.000e-03 (1.000e-03)
2026-02-07 20:01:02,086 - INFO: Round 1, Fine-tune Epoch 0: loss=2.7511, acc(pseudo)=58.07%
2026-02-07 20:01:09,874 - INFO: Round 1, Fine-tune Epoch 0: acc(valid_pseudo): 0.6210, acc: 0.6210
2026-02-07 20:01:10,839 - INFO: Epoch: [1][  0/301]	Time  0.195 ( 0.195)	Loss 1.0475e+00 (1.0475e+00)	Acc pseudo  68.75 ( 68.75)	Lr 1.000e-03 (1.000e-03)
2026-02-07 20:01:11,018 - INFO: Epoch: [1][ 50/301]	Time  0.003 ( 0.007)	Loss 1.2662e+00 (1.1528e+00)	Acc pseudo  68.75 ( 70.04)	Lr 1.000e-03 (1.000e-03)
2026-02-07 20:01:11,172 - INFO: Epoch: [1][100/301]	Time  0.003 ( 0.005)	Loss 8.2763e-01 (1.0900e+00)	Acc pseudo  75.00 ( 71.60)	Lr 1.000e-03 (1.000e-03)
2026-02-07 20:01:11,325 - INFO: Epoch: [1][150/301]	Time  0.003 ( 0.004)	Loss 1.2729e+00 (1.0611e+00)	Acc pseudo  65.62 ( 72.06)	Lr 1.000e-03 (1.000e-03)
2026-02-07 20:01:11,472 - INFO: Epoch: [1][200/301]	Time  0.003 ( 0.004)	Loss 9.7379e-01 (1.0431e+00)	Acc pseudo  75.00 ( 72.69)	Lr 1.000e-03 (1.000e-03)
2026-02-07 20:01:11,616 - INFO: Epoch: [1][250/301]	Time  0.003 ( 0.004)	Loss 6.1779e-01 (9.9773e-01)	Acc pseudo  79.69 ( 73.56)	Lr 1.000e-03 (1.000e-03)
2026-02-07 20:01:11,754 - INFO: Epoch: [1][300/301]	Time  0.002 ( 0.004)	Loss 7.0099e-01 (9.5993e-01)	Acc pseudo  76.00 ( 74.17)	Lr 1.000e-03 (1.000e-03)
2026-02-07 20:01:11,807 - INFO: Round 1, Fine-tune Epoch 1: loss=0.9599, acc(pseudo)=74.17%
2026-02-07 20:01:19,003 - INFO: Round 1, Fine-tune Epoch 1: acc(valid_pseudo): 0.6390, acc: 0.6390
2026-02-07 20:01:19,930 - INFO: Epoch: [2][  0/301]	Time  0.215 ( 0.215)	Loss 9.0038e-01 (9.0038e-01)	Acc pseudo  75.00 ( 75.00)	Lr 1.000e-03 (1.000e-03)
2026-02-07 20:01:20,115 - INFO: Epoch: [2][ 50/301]	Time  0.003 ( 0.008)	Loss 6.5328e-01 (6.9717e-01)	Acc pseudo  84.38 ( 78.65)	Lr 1.000e-03 (1.000e-03)
2026-02-07 20:01:20,265 - INFO: Epoch: [2][100/301]	Time  0.003 ( 0.005)	Loss 5.1917e-01 (6.6947e-01)	Acc pseudo  81.25 ( 79.64)	Lr 1.000e-03 (1.000e-03)
2026-02-07 20:01:20,410 - INFO: Epoch: [2][150/301]	Time  0.003 ( 0.005)	Loss 5.5769e-01 (6.7682e-01)	Acc pseudo  79.69 ( 79.31)	Lr 1.000e-03 (1.000e-03)
2026-02-07 20:01:20,555 - INFO: Epoch: [2][200/301]	Time  0.003 ( 0.004)	Loss 6.0025e-01 (6.7522e-01)	Acc pseudo  78.12 ( 79.69)	Lr 1.000e-03 (1.000e-03)
2026-02-07 20:01:20,702 - INFO: Epoch: [2][250/301]	Time  0.003 ( 0.004)	Loss 6.2232e-01 (6.7367e-01)	Acc pseudo  79.69 ( 79.64)	Lr 1.000e-03 (1.000e-03)
2026-02-07 20:01:20,845 - INFO: Epoch: [2][300/301]	Time  0.002 ( 0.004)	Loss 3.4364e-01 (6.8291e-01)	Acc pseudo  88.00 ( 79.79)	Lr 1.000e-03 (1.000e-03)
2026-02-07 20:01:20,898 - INFO: Round 1, Fine-tune Epoch 2: loss=0.6829, acc(pseudo)=79.79%
2026-02-07 20:01:28,130 - INFO: Round 1, Fine-tune Epoch 2: acc(valid_pseudo): 0.6240, acc: 0.6240
2026-02-07 20:01:28,130 - INFO: Round 1, Speaker Fine-tune Epoch 2: No improvement in validation accuracy. Patience(epoch): 1/3
2026-02-07 20:01:28,338 - INFO: Epoch: [3][  0/301]	Time  0.202 ( 0.202)	Loss 6.9741e-01 (6.9741e-01)	Acc pseudo  76.56 ( 76.56)	Lr 1.000e-03 (1.000e-03)
2026-02-07 20:01:28,504 - INFO: Epoch: [3][ 50/301]	Time  0.003 ( 0.007)	Loss 5.4869e-01 (7.5969e-01)	Acc pseudo  84.38 ( 80.33)	Lr 1.000e-03 (1.000e-03)
2026-02-07 20:01:28,649 - INFO: Epoch: [3][100/301]	Time  0.003 ( 0.005)	Loss 7.6023e-01 (6.7546e-01)	Acc pseudo  75.00 ( 80.75)	Lr 1.000e-03 (1.000e-03)
2026-02-07 20:01:28,791 - INFO: Epoch: [3][150/301]	Time  0.003 ( 0.004)	Loss 6.4905e-01 (6.5179e-01)	Acc pseudo  81.25 ( 81.08)	Lr 1.000e-03 (1.000e-03)
2026-02-07 20:01:28,931 - INFO: Epoch: [3][200/301]	Time  0.003 ( 0.004)	Loss 5.4609e-01 (6.3670e-01)	Acc pseudo  73.44 ( 81.07)	Lr 1.000e-03 (1.000e-03)
2026-02-07 20:01:29,074 - INFO: Epoch: [3][250/301]	Time  0.003 ( 0.004)	Loss 5.9934e-01 (6.2769e-01)	Acc pseudo  75.00 ( 81.14)	Lr 1.000e-03 (1.000e-03)
2026-02-07 20:01:29,215 - INFO: Epoch: [3][300/301]	Time  0.002 ( 0.004)	Loss 7.1575e-01 (6.1544e-01)	Acc pseudo  64.00 ( 81.21)	Lr 1.000e-03 (1.000e-03)
2026-02-07 20:01:29,267 - INFO: Round 1, Fine-tune Epoch 3: loss=0.6154, acc(pseudo)=81.21%
2026-02-07 20:01:36,317 - INFO: Round 1, Fine-tune Epoch 3: acc(valid_pseudo): 0.6465, acc: 0.6465
2026-02-07 20:01:37,288 - INFO: Epoch: [4][  0/301]	Time  0.254 ( 0.254)	Loss 2.8183e+00 (2.8183e+00)	Acc pseudo  84.38 ( 84.38)	Lr 1.000e-03 (1.000e-03)
2026-02-07 20:01:37,455 - INFO: Epoch: [4][ 50/301]	Time  0.003 ( 0.008)	Loss 5.2418e-01 (5.6394e-01)	Acc pseudo  81.25 ( 83.09)	Lr 1.000e-03 (1.000e-03)
2026-02-07 20:01:37,612 - INFO: Epoch: [4][100/301]	Time  0.003 ( 0.006)	Loss 5.5268e-01 (5.4766e-01)	Acc pseudo  79.69 ( 83.29)	Lr 1.000e-03 (1.000e-03)
2026-02-07 20:01:37,796 - INFO: Epoch: [4][150/301]	Time  0.004 ( 0.005)	Loss 4.7320e-01 (5.2743e-01)	Acc pseudo  89.06 ( 83.60)	Lr 1.000e-03 (1.000e-03)
2026-02-07 20:01:37,992 - INFO: Epoch: [4][200/301]	Time  0.004 ( 0.005)	Loss 8.1105e-01 (5.4932e-01)	Acc pseudo  76.56 ( 83.30)	Lr 1.000e-03 (1.000e-03)
2026-02-07 20:01:38,185 - INFO: Epoch: [4][250/301]	Time  0.004 ( 0.004)	Loss 4.6259e-01 (5.5111e-01)	Acc pseudo  82.81 ( 83.06)	Lr 1.000e-03 (1.000e-03)
2026-02-07 20:01:38,381 - INFO: Epoch: [4][300/301]	Time  0.004 ( 0.004)	Loss 9.9085e-01 (5.4390e-01)	Acc pseudo  84.00 ( 83.17)	Lr 1.000e-03 (1.000e-03)
2026-02-07 20:01:38,438 - INFO: Round 1, Fine-tune Epoch 4: loss=0.5439, acc(pseudo)=83.17%
2026-02-07 20:01:46,972 - INFO: Round 1, Fine-tune Epoch 4: acc(valid_pseudo): 0.6240, acc: 0.6240
2026-02-07 20:01:46,973 - INFO: Round 1, Speaker Fine-tune Epoch 4: No improvement in validation accuracy. Patience(epoch): 1/3
2026-02-07 20:01:47,174 - INFO: Epoch: [5][  0/301]	Time  0.196 ( 0.196)	Loss 4.5458e-01 (4.5458e-01)	Acc pseudo  84.38 ( 84.38)	Lr 1.000e-03 (1.000e-03)
2026-02-07 20:01:47,397 - INFO: Epoch: [5][ 50/301]	Time  0.003 ( 0.008)	Loss 5.2614e-01 (4.6359e-01)	Acc pseudo  84.38 ( 84.93)	Lr 1.000e-03 (1.000e-03)
2026-02-07 20:01:47,555 - INFO: Epoch: [5][100/301]	Time  0.003 ( 0.006)	Loss 7.3909e-01 (4.9459e-01)	Acc pseudo  75.00 ( 83.82)	Lr 1.000e-03 (1.000e-03)
2026-02-07 20:01:47,706 - INFO: Epoch: [5][150/301]	Time  0.003 ( 0.005)	Loss 3.0513e-01 (5.0392e-01)	Acc pseudo  89.06 ( 83.76)	Lr 1.000e-03 (1.000e-03)
2026-02-07 20:01:47,855 - INFO: Epoch: [5][200/301]	Time  0.003 ( 0.004)	Loss 3.1559e-01 (4.9708e-01)	Acc pseudo  89.06 ( 83.97)	Lr 1.000e-03 (1.000e-03)
2026-02-07 20:01:48,065 - INFO: Epoch: [5][250/301]	Time  0.003 ( 0.004)	Loss 5.4947e-01 (5.1687e-01)	Acc pseudo  79.69 ( 83.73)	Lr 1.000e-03 (1.000e-03)
2026-02-07 20:01:48,205 - INFO: Epoch: [5][300/301]	Time  0.002 ( 0.004)	Loss 1.8798e+00 (5.2540e-01)	Acc pseudo  80.00 ( 83.53)	Lr 1.000e-03 (1.000e-03)
2026-02-07 20:01:48,259 - INFO: Round 1, Fine-tune Epoch 5: loss=0.5254, acc(pseudo)=83.53%
2026-02-07 20:01:55,630 - INFO: Round 1, Fine-tune Epoch 5: acc(valid_pseudo): 0.6300, acc: 0.6300
2026-02-07 20:01:55,630 - INFO: Round 1, Speaker Fine-tune Epoch 5: No improvement in validation accuracy. Patience(epoch): 2/3
2026-02-07 20:01:55,846 - INFO: Epoch: [6][  0/301]	Time  0.211 ( 0.211)	Loss 5.2624e-01 (5.2624e-01)	Acc pseudo  89.06 ( 89.06)	Lr 1.000e-03 (1.000e-03)
2026-02-07 20:01:56,027 - INFO: Epoch: [6][ 50/301]	Time  0.003 ( 0.008)	Loss 4.3264e-01 (5.2018e-01)	Acc pseudo  85.94 ( 83.21)	Lr 1.000e-03 (1.000e-03)
2026-02-07 20:01:56,186 - INFO: Epoch: [6][100/301]	Time  0.003 ( 0.005)	Loss 4.6627e-01 (4.9286e-01)	Acc pseudo  84.38 ( 84.16)	Lr 1.000e-03 (1.000e-03)
2026-02-07 20:01:56,333 - INFO: Epoch: [6][150/301]	Time  0.003 ( 0.005)	Loss 3.8312e-01 (5.2175e-01)	Acc pseudo  87.50 ( 83.86)	Lr 1.000e-03 (1.000e-03)
2026-02-07 20:01:56,477 - INFO: Epoch: [6][200/301]	Time  0.003 ( 0.004)	Loss 5.1675e-01 (5.2372e-01)	Acc pseudo  81.25 ( 83.93)	Lr 1.000e-03 (1.000e-03)
2026-02-07 20:01:56,626 - INFO: Epoch: [6][250/301]	Time  0.003 ( 0.004)	Loss 3.4615e-01 (5.1053e-01)	Acc pseudo  87.50 ( 84.13)	Lr 1.000e-03 (1.000e-03)
2026-02-07 20:01:56,770 - INFO: Epoch: [6][300/301]	Time  0.002 ( 0.004)	Loss 6.0371e-01 (5.1514e-01)	Acc pseudo  84.00 ( 83.99)	Lr 1.000e-03 (1.000e-03)
2026-02-07 20:01:56,824 - INFO: Round 1, Fine-tune Epoch 6: loss=0.5151, acc(pseudo)=83.99%
2026-02-07 20:02:04,337 - INFO: Round 1, Fine-tune Epoch 6: acc(valid_pseudo): 0.6295, acc: 0.6295
2026-02-07 20:02:04,338 - INFO: Round 1, Speaker Fine-tune Epoch 6: No improvement in validation accuracy. Patience(epoch): 3/3
2026-02-07 20:02:04,338 - INFO: Early stopping at epoch 6 due to no improvement in validation accuracy for 3 epochs.
2026-02-07 20:02:04,339 - INFO: Round 1: Best speaker fine-tuned epoch=3, acc(valid_pseudo)=0.6465
2026-02-07 20:06:48,906 - INFO: Round 1: speaker_acc=0.5580
2026-02-07 20:06:48,909 - INFO: ====================
2026-02-07 20:06:48,909 - INFO: Round 2: Fine-tuning iteration
2026-02-07 20:06:48,909 - INFO: ====================
2026-02-07 20:06:48,977 - INFO: Round 2 Part 1: Fine-tuning embedding model
2026-02-07 20:06:48,978 - INFO: Using pseudo-label file: runs/I love my family/exp_video/result/self_supervised/baseline_sc/exp0/round1/pseudo_label/pseudo_labels_audio_baseline_sc.json
2026-02-07 20:06:49,013 - INFO: Fine-tuning speaker embedding model for 20 epochs...
2026-02-07 20:06:49,222 - INFO: Epoch: [0][  0/301]	Time  0.205 ( 0.205)	Loss 1.4831e+01 (1.4831e+01)	Acc pseudo  18.75 ( 18.75)	Lr 1.000e-03 (1.000e-03)
2026-02-07 20:06:49,391 - INFO: Epoch: [0][ 50/301]	Time  0.003 ( 0.007)	Loss 2.3461e+00 (6.5449e+00)	Acc pseudo  46.88 ( 27.18)	Lr 1.000e-03 (1.000e-03)
2026-02-07 20:06:49,539 - INFO: Epoch: [0][100/301]	Time  0.003 ( 0.005)	Loss 1.5752e+00 (4.3163e+00)	Acc pseudo  64.06 ( 39.02)	Lr 1.000e-03 (1.000e-03)
2026-02-07 20:06:49,684 - INFO: Epoch: [0][150/301]	Time  0.003 ( 0.004)	Loss 1.5023e+00 (3.4081e+00)	Acc pseudo  62.50 ( 46.11)	Lr 1.000e-03 (1.000e-03)
2026-02-07 20:06:49,827 - INFO: Epoch: [0][200/301]	Time  0.003 ( 0.004)	Loss 1.3964e+00 (2.9212e+00)	Acc pseudo  64.06 ( 50.19)	Lr 1.000e-03 (1.000e-03)
2026-02-07 20:06:49,969 - INFO: Epoch: [0][250/301]	Time  0.003 ( 0.004)	Loss 1.1053e+00 (2.5971e+00)	Acc pseudo  67.19 ( 53.29)	Lr 1.000e-03 (1.000e-03)
2026-02-07 20:06:50,105 - INFO: Epoch: [0][300/301]	Time  0.002 ( 0.004)	Loss 8.4810e-01 (2.3733e+00)	Acc pseudo  72.00 ( 55.76)	Lr 1.000e-03 (1.000e-03)
2026-02-07 20:06:50,158 - INFO: Round 2, Fine-tune Epoch 0: loss=2.3733, acc(pseudo)=55.76%
2026-02-07 20:06:57,307 - INFO: Round 2, Fine-tune Epoch 0: acc(valid_pseudo): 0.5575, acc: 0.5575
2026-02-07 20:06:58,303 - INFO: Epoch: [1][  0/301]	Time  0.212 ( 0.212)	Loss 7.9252e-01 (7.9252e-01)	Acc pseudo  71.88 ( 71.88)	Lr 1.000e-03 (1.000e-03)
2026-02-07 20:06:58,462 - INFO: Epoch: [1][ 50/301]	Time  0.003 ( 0.007)	Loss 1.4275e+00 (1.1002e+00)	Acc pseudo  62.50 ( 71.23)	Lr 1.000e-03 (1.000e-03)
2026-02-07 20:06:58,608 - INFO: Epoch: [1][100/301]	Time  0.003 ( 0.005)	Loss 7.0097e-01 (1.0838e+00)	Acc pseudo  79.69 ( 71.80)	Lr 1.000e-03 (1.000e-03)
2026-02-07 20:06:58,767 - INFO: Epoch: [1][150/301]	Time  0.003 ( 0.004)	Loss 1.0130e+00 (1.0571e+00)	Acc pseudo  73.44 ( 72.30)	Lr 1.000e-03 (1.000e-03)
2026-02-07 20:06:58,937 - INFO: Epoch: [1][200/301]	Time  0.003 ( 0.004)	Loss 7.9889e-01 (1.0411e+00)	Acc pseudo  73.44 ( 72.54)	Lr 1.000e-03 (1.000e-03)
2026-02-07 20:06:59,095 - INFO: Epoch: [1][250/301]	Time  0.003 ( 0.004)	Loss 1.0644e+00 (1.0223e+00)	Acc pseudo  75.00 ( 73.00)	Lr 1.000e-03 (1.000e-03)
2026-02-07 20:06:59,236 - INFO: Epoch: [1][300/301]	Time  0.002 ( 0.004)	Loss 1.0324e+00 (1.0023e+00)	Acc pseudo  64.00 ( 73.46)	Lr 1.000e-03 (1.000e-03)
2026-02-07 20:06:59,293 - INFO: Round 2, Fine-tune Epoch 1: loss=1.0023, acc(pseudo)=73.46%
2026-02-07 20:07:06,807 - INFO: Round 2, Fine-tune Epoch 1: acc(valid_pseudo): 0.5545, acc: 0.5545
2026-02-07 20:07:06,807 - INFO: Round 2, Speaker Fine-tune Epoch 1: No improvement in validation accuracy. Patience(epoch): 1/3
2026-02-07 20:07:07,035 - INFO: Epoch: [2][  0/301]	Time  0.222 ( 0.222)	Loss 1.4222e+00 (1.4222e+00)	Acc pseudo  73.44 ( 73.44)	Lr 1.000e-03 (1.000e-03)
2026-02-07 20:07:07,211 - INFO: Epoch: [2][ 50/301]	Time  0.003 ( 0.008)	Loss 6.7691e-01 (8.5537e-01)	Acc pseudo  79.69 ( 76.26)	Lr 1.000e-03 (1.000e-03)
2026-02-07 20:07:07,374 - INFO: Epoch: [2][100/301]	Time  0.003 ( 0.005)	Loss 4.8814e-01 (8.1220e-01)	Acc pseudo  87.50 ( 77.46)	Lr 1.000e-03 (1.000e-03)
2026-02-07 20:07:07,537 - INFO: Epoch: [2][150/301]	Time  0.003 ( 0.005)	Loss 7.7872e-01 (8.0243e-01)	Acc pseudo  76.56 ( 77.58)	Lr 1.000e-03 (1.000e-03)
2026-02-07 20:07:07,691 - INFO: Epoch: [2][200/301]	Time  0.003 ( 0.004)	Loss 7.2815e-01 (7.8964e-01)	Acc pseudo  70.31 ( 77.93)	Lr 1.000e-03 (1.000e-03)
2026-02-07 20:07:07,842 - INFO: Epoch: [2][250/301]	Time  0.003 ( 0.004)	Loss 5.6885e-01 (7.8260e-01)	Acc pseudo  85.94 ( 77.93)	Lr 1.000e-03 (1.000e-03)
2026-02-07 20:07:07,988 - INFO: Epoch: [2][300/301]	Time  0.002 ( 0.004)	Loss 4.8759e-01 (7.6797e-01)	Acc pseudo  88.00 ( 78.14)	Lr 1.000e-03 (1.000e-03)
2026-02-07 20:07:08,052 - INFO: Round 2, Fine-tune Epoch 2: loss=0.7680, acc(pseudo)=78.14%
2026-02-07 20:07:16,373 - INFO: Round 2, Fine-tune Epoch 2: acc(valid_pseudo): 0.5485, acc: 0.5485
2026-02-07 20:07:16,373 - INFO: Round 2, Speaker Fine-tune Epoch 2: No improvement in validation accuracy. Patience(epoch): 2/3
2026-02-07 20:07:16,576 - INFO: Epoch: [3][  0/301]	Time  0.198 ( 0.198)	Loss 8.4986e-01 (8.4986e-01)	Acc pseudo  75.00 ( 75.00)	Lr 1.000e-03 (1.000e-03)
2026-02-07 20:07:16,761 - INFO: Epoch: [3][ 50/301]	Time  0.003 ( 0.007)	Loss 9.5198e-01 (6.1443e-01)	Acc pseudo  78.12 ( 81.31)	Lr 1.000e-03 (1.000e-03)
2026-02-07 20:07:16,911 - INFO: Epoch: [3][100/301]	Time  0.003 ( 0.005)	Loss 4.5156e-01 (6.3043e-01)	Acc pseudo  82.81 ( 80.66)	Lr 1.000e-03 (1.000e-03)
2026-02-07 20:07:17,061 - INFO: Epoch: [3][150/301]	Time  0.003 ( 0.004)	Loss 7.0626e-01 (6.2936e-01)	Acc pseudo  76.56 ( 80.63)	Lr 1.000e-03 (1.000e-03)
2026-02-07 20:07:17,208 - INFO: Epoch: [3][200/301]	Time  0.003 ( 0.004)	Loss 4.9539e-01 (6.3699e-01)	Acc pseudo  85.94 ( 80.50)	Lr 1.000e-03 (1.000e-03)
2026-02-07 20:07:17,353 - INFO: Epoch: [3][250/301]	Time  0.003 ( 0.004)	Loss 5.2343e-01 (6.4195e-01)	Acc pseudo  79.69 ( 80.35)	Lr 1.000e-03 (1.000e-03)
2026-02-07 20:07:17,495 - INFO: Epoch: [3][300/301]	Time  0.002 ( 0.004)	Loss 5.5225e-01 (6.4032e-01)	Acc pseudo  76.00 ( 80.23)	Lr 1.000e-03 (1.000e-03)
2026-02-07 20:07:17,548 - INFO: Round 2, Fine-tune Epoch 3: loss=0.6403, acc(pseudo)=80.23%
2026-02-07 20:07:25,243 - INFO: Round 2, Fine-tune Epoch 3: acc(valid_pseudo): 0.5480, acc: 0.5480
2026-02-07 20:07:25,243 - INFO: Round 2, Speaker Fine-tune Epoch 3: No improvement in validation accuracy. Patience(epoch): 3/3
2026-02-07 20:07:25,243 - INFO: Early stopping at epoch 3 due to no improvement in validation accuracy for 3 epochs.
2026-02-07 20:07:25,244 - INFO: Round 2: Best speaker fine-tuned epoch=0, acc(valid_pseudo)=0.5575
2026-02-07 20:11:52,761 - INFO: Round 2: speaker_acc=0.5695
2026-02-07 20:11:52,764 - INFO: ====================
2026-02-07 20:11:52,764 - INFO: Round 3: Fine-tuning iteration
2026-02-07 20:11:52,764 - INFO: ====================
2026-02-07 20:11:52,831 - INFO: Round 3 Part 1: Fine-tuning embedding model
2026-02-07 20:11:52,832 - INFO: Using pseudo-label file: runs/I love my family/exp_video/result/self_supervised/baseline_sc/exp0/round2/pseudo_label/pseudo_labels_audio_baseline_sc.json
2026-02-07 20:11:52,873 - INFO: Fine-tuning speaker embedding model for 20 epochs...
2026-02-07 20:11:53,330 - INFO: Epoch: [0][  0/301]	Time  0.452 ( 0.452)	Loss 8.1850e+00 (8.1850e+00)	Acc pseudo  31.25 ( 31.25)	Lr 1.000e-03 (1.000e-03)
2026-02-07 20:11:53,509 - INFO: Epoch: [0][ 50/301]	Time  0.003 ( 0.012)	Loss 1.9756e+00 (3.6293e+00)	Acc pseudo  46.88 ( 41.12)	Lr 1.000e-03 (1.000e-03)
2026-02-07 20:11:53,674 - INFO: Epoch: [0][100/301]	Time  0.003 ( 0.008)	Loss 9.2289e-01 (2.5240e+00)	Acc pseudo  73.44 ( 51.24)	Lr 1.000e-03 (1.000e-03)
2026-02-07 20:11:53,832 - INFO: Epoch: [0][150/301]	Time  0.003 ( 0.006)	Loss 1.0101e+00 (2.0600e+00)	Acc pseudo  75.00 ( 56.76)	Lr 1.000e-03 (1.000e-03)
2026-02-07 20:11:53,988 - INFO: Epoch: [0][200/301]	Time  0.003 ( 0.005)	Loss 9.6788e-01 (1.7896e+00)	Acc pseudo  75.00 ( 60.58)	Lr 1.000e-03 (1.000e-03)
2026-02-07 20:11:54,145 - INFO: Epoch: [0][250/301]	Time  0.003 ( 0.005)	Loss 7.9598e-01 (1.6113e+00)	Acc pseudo  75.00 ( 63.30)	Lr 1.000e-03 (1.000e-03)
2026-02-07 20:11:54,294 - INFO: Epoch: [0][300/301]	Time  0.002 ( 0.005)	Loss 3.2999e-01 (1.4838e+00)	Acc pseudo  96.00 ( 65.28)	Lr 1.000e-03 (1.000e-03)
2026-02-07 20:11:54,351 - INFO: Round 3, Fine-tune Epoch 0: loss=1.4838, acc(pseudo)=65.28%
2026-02-07 20:12:01,574 - INFO: Round 3, Fine-tune Epoch 0: acc(valid_pseudo): 0.5580, acc: 0.5580
2026-02-07 20:12:02,537 - INFO: Epoch: [1][  0/301]	Time  0.210 ( 0.210)	Loss 5.7277e-01 (5.7277e-01)	Acc pseudo  82.81 ( 82.81)	Lr 1.000e-03 (1.000e-03)
2026-02-07 20:12:02,725 - INFO: Epoch: [1][ 50/301]	Time  0.003 ( 0.008)	Loss 8.3386e-01 (7.4676e-01)	Acc pseudo  79.69 ( 78.58)	Lr 1.000e-03 (1.000e-03)
2026-02-07 20:12:02,879 - INFO: Epoch: [1][100/301]	Time  0.003 ( 0.005)	Loss 7.5602e-01 (7.3873e-01)	Acc pseudo  82.81 ( 78.36)	Lr 1.000e-03 (1.000e-03)
2026-02-07 20:12:03,031 - INFO: Epoch: [1][150/301]	Time  0.003 ( 0.005)	Loss 5.3557e-01 (7.2277e-01)	Acc pseudo  85.94 ( 78.44)	Lr 1.000e-03 (1.000e-03)
2026-02-07 20:12:03,179 - INFO: Epoch: [1][200/301]	Time  0.003 ( 0.004)	Loss 5.7937e-01 (7.0892e-01)	Acc pseudo  79.69 ( 78.80)	Lr 1.000e-03 (1.000e-03)
2026-02-07 20:12:03,326 - INFO: Epoch: [1][250/301]	Time  0.003 ( 0.004)	Loss 4.6547e-01 (7.0090e-01)	Acc pseudo  82.81 ( 78.87)	Lr 1.000e-03 (1.000e-03)
2026-02-07 20:12:03,480 - INFO: Epoch: [1][300/301]	Time  0.002 ( 0.004)	Loss 5.3894e-01 (6.9048e-01)	Acc pseudo  84.00 ( 79.18)	Lr 1.000e-03 (1.000e-03)
2026-02-07 20:12:03,536 - INFO: Round 3, Fine-tune Epoch 1: loss=0.6905, acc(pseudo)=79.18%
2026-02-07 20:12:10,883 - INFO: Round 3, Fine-tune Epoch 1: acc(valid_pseudo): 0.5635, acc: 0.5635
2026-02-07 20:12:11,861 - INFO: Epoch: [2][  0/301]	Time  0.229 ( 0.229)	Loss 6.9547e-01 (6.9547e-01)	Acc pseudo  82.81 ( 82.81)	Lr 1.000e-03 (1.000e-03)
2026-02-07 20:12:12,269 - INFO: Epoch: [2][ 50/301]	Time  0.003 ( 0.012)	Loss 4.7677e-01 (5.9056e-01)	Acc pseudo  85.94 ( 81.19)	Lr 1.000e-03 (1.000e-03)
2026-02-07 20:12:12,428 - INFO: Epoch: [2][100/301]	Time  0.003 ( 0.008)	Loss 4.4487e-01 (5.9490e-01)	Acc pseudo  84.38 ( 80.83)	Lr 1.000e-03 (1.000e-03)
2026-02-07 20:12:12,579 - INFO: Epoch: [2][150/301]	Time  0.003 ( 0.006)	Loss 6.4528e-01 (5.8536e-01)	Acc pseudo  79.69 ( 81.27)	Lr 1.000e-03 (1.000e-03)
2026-02-07 20:12:12,725 - INFO: Epoch: [2][200/301]	Time  0.003 ( 0.005)	Loss 4.9740e-01 (5.8095e-01)	Acc pseudo  79.69 ( 81.36)	Lr 1.000e-03 (1.000e-03)
2026-02-07 20:12:12,871 - INFO: Epoch: [2][250/301]	Time  0.003 ( 0.005)	Loss 5.8868e-01 (5.8796e-01)	Acc pseudo  82.81 ( 81.16)	Lr 1.000e-03 (1.000e-03)
2026-02-07 20:12:13,012 - INFO: Epoch: [2][300/301]	Time  0.002 ( 0.005)	Loss 5.3162e-01 (5.8936e-01)	Acc pseudo  84.00 ( 81.22)	Lr 1.000e-03 (1.000e-03)
2026-02-07 20:12:13,072 - INFO: Round 3, Fine-tune Epoch 2: loss=0.5894, acc(pseudo)=81.22%
2026-02-07 20:12:21,004 - INFO: Round 3, Fine-tune Epoch 2: acc(valid_pseudo): 0.5645, acc: 0.5645
2026-02-07 20:12:21,868 - INFO: Epoch: [3][  0/301]	Time  0.208 ( 0.208)	Loss 6.1343e-01 (6.1343e-01)	Acc pseudo  76.56 ( 76.56)	Lr 1.000e-03 (1.000e-03)
2026-02-07 20:12:22,044 - INFO: Epoch: [3][ 50/301]	Time  0.003 ( 0.007)	Loss 3.1069e-01 (5.0122e-01)	Acc pseudo  95.31 ( 83.95)	Lr 1.000e-03 (1.000e-03)
2026-02-07 20:12:22,207 - INFO: Epoch: [3][100/301]	Time  0.003 ( 0.005)	Loss 6.0359e-01 (4.9700e-01)	Acc pseudo  78.12 ( 83.71)	Lr 1.000e-03 (1.000e-03)
2026-02-07 20:12:22,366 - INFO: Epoch: [3][150/301]	Time  0.003 ( 0.005)	Loss 3.5886e-01 (5.0480e-01)	Acc pseudo  92.19 ( 83.49)	Lr 1.000e-03 (1.000e-03)
2026-02-07 20:12:22,521 - INFO: Epoch: [3][200/301]	Time  0.003 ( 0.004)	Loss 5.4397e-01 (5.1984e-01)	Acc pseudo  78.12 ( 83.21)	Lr 1.000e-03 (1.000e-03)
2026-02-07 20:12:22,676 - INFO: Epoch: [3][250/301]	Time  0.003 ( 0.004)	Loss 4.3874e-01 (5.2191e-01)	Acc pseudo  87.50 ( 83.11)	Lr 1.000e-03 (1.000e-03)
2026-02-07 20:12:22,823 - INFO: Epoch: [3][300/301]	Time  0.002 ( 0.004)	Loss 8.2324e-01 (5.2091e-01)	Acc pseudo  72.00 ( 83.11)	Lr 1.000e-03 (1.000e-03)
2026-02-07 20:12:22,879 - INFO: Round 3, Fine-tune Epoch 3: loss=0.5209, acc(pseudo)=83.11%
2026-02-07 20:12:30,632 - INFO: Round 3, Fine-tune Epoch 3: acc(valid_pseudo): 0.5715, acc: 0.5715
2026-02-07 20:12:31,479 - INFO: Epoch: [4][  0/301]	Time  0.208 ( 0.208)	Loss 4.2777e-01 (4.2777e-01)	Acc pseudo  85.94 ( 85.94)	Lr 1.000e-03 (1.000e-03)
2026-02-07 20:12:31,659 - INFO: Epoch: [4][ 50/301]	Time  0.004 ( 0.008)	Loss 5.4243e-01 (4.7055e-01)	Acc pseudo  78.12 ( 83.58)	Lr 1.000e-03 (1.000e-03)
2026-02-07 20:12:31,818 - INFO: Epoch: [4][100/301]	Time  0.003 ( 0.005)	Loss 4.2234e-01 (4.6480e-01)	Acc pseudo  84.38 ( 84.28)	Lr 1.000e-03 (1.000e-03)
2026-02-07 20:12:31,972 - INFO: Epoch: [4][150/301]	Time  0.003 ( 0.005)	Loss 4.7516e-01 (4.8544e-01)	Acc pseudo  84.38 ( 83.77)	Lr 1.000e-03 (1.000e-03)
2026-02-07 20:12:32,126 - INFO: Epoch: [4][200/301]	Time  0.003 ( 0.004)	Loss 2.8114e-01 (4.9260e-01)	Acc pseudo  87.50 ( 83.79)	Lr 1.000e-03 (1.000e-03)
2026-02-07 20:12:32,281 - INFO: Epoch: [4][250/301]	Time  0.003 ( 0.004)	Loss 3.2241e-01 (4.8774e-01)	Acc pseudo  87.50 ( 83.93)	Lr 1.000e-03 (1.000e-03)
2026-02-07 20:12:32,438 - INFO: Epoch: [4][300/301]	Time  0.003 ( 0.004)	Loss 1.4333e+00 (4.9073e-01)	Acc pseudo  72.00 ( 83.80)	Lr 1.000e-03 (1.000e-03)
2026-02-07 20:12:32,496 - INFO: Round 3, Fine-tune Epoch 4: loss=0.4907, acc(pseudo)=83.80%
2026-02-07 20:12:39,630 - INFO: Round 3, Fine-tune Epoch 4: acc(valid_pseudo): 0.5485, acc: 0.5485
2026-02-07 20:12:39,630 - INFO: Round 3, Speaker Fine-tune Epoch 4: No improvement in validation accuracy. Patience(epoch): 1/3
2026-02-07 20:12:39,843 - INFO: Epoch: [5][  0/301]	Time  0.207 ( 0.207)	Loss 4.7891e-01 (4.7891e-01)	Acc pseudo  81.25 ( 81.25)	Lr 1.000e-03 (1.000e-03)
2026-02-07 20:12:40,025 - INFO: Epoch: [5][ 50/301]	Time  0.003 ( 0.008)	Loss 6.9338e-01 (4.7060e-01)	Acc pseudo  76.56 ( 83.85)	Lr 1.000e-03 (1.000e-03)
2026-02-07 20:12:40,184 - INFO: Epoch: [5][100/301]	Time  0.003 ( 0.005)	Loss 5.5211e-01 (4.6321e-01)	Acc pseudo  79.69 ( 84.17)	Lr 1.000e-03 (1.000e-03)
2026-02-07 20:12:40,341 - INFO: Epoch: [5][150/301]	Time  0.003 ( 0.005)	Loss 3.4484e-01 (4.5969e-01)	Acc pseudo  89.06 ( 84.40)	Lr 1.000e-03 (1.000e-03)
2026-02-07 20:12:40,500 - INFO: Epoch: [5][200/301]	Time  0.003 ( 0.004)	Loss 4.1918e-01 (4.5934e-01)	Acc pseudo  87.50 ( 84.27)	Lr 1.000e-03 (1.000e-03)
2026-02-07 20:12:40,656 - INFO: Epoch: [5][250/301]	Time  0.003 ( 0.004)	Loss 6.7922e-01 (4.7007e-01)	Acc pseudo  84.38 ( 84.01)	Lr 1.000e-03 (1.000e-03)
2026-02-07 20:12:40,809 - INFO: Epoch: [5][300/301]	Time  0.003 ( 0.004)	Loss 5.3306e-01 (4.7065e-01)	Acc pseudo  88.00 ( 84.01)	Lr 1.000e-03 (1.000e-03)
2026-02-07 20:12:40,873 - INFO: Round 3, Fine-tune Epoch 5: loss=0.4706, acc(pseudo)=84.01%
2026-02-07 20:12:49,127 - INFO: Round 3, Fine-tune Epoch 5: acc(valid_pseudo): 0.5700, acc: 0.5700
2026-02-07 20:12:49,127 - INFO: Round 3, Speaker Fine-tune Epoch 5: No improvement in validation accuracy. Patience(epoch): 2/3
2026-02-07 20:12:49,365 - INFO: Epoch: [6][  0/301]	Time  0.233 ( 0.233)	Loss 5.2995e-01 (5.2995e-01)	Acc pseudo  82.81 ( 82.81)	Lr 1.000e-03 (1.000e-03)
2026-02-07 20:12:49,553 - INFO: Epoch: [6][ 50/301]	Time  0.003 ( 0.008)	Loss 3.3086e-01 (4.3435e-01)	Acc pseudo  90.62 ( 84.96)	Lr 1.000e-03 (1.000e-03)
2026-02-07 20:12:49,720 - INFO: Epoch: [6][100/301]	Time  0.003 ( 0.006)	Loss 2.0249e-01 (4.3179e-01)	Acc pseudo  93.75 ( 84.78)	Lr 1.000e-03 (1.000e-03)
2026-02-07 20:12:49,879 - INFO: Epoch: [6][150/301]	Time  0.003 ( 0.005)	Loss 5.0961e-01 (4.2801e-01)	Acc pseudo  89.06 ( 85.21)	Lr 1.000e-03 (1.000e-03)
2026-02-07 20:12:50,031 - INFO: Epoch: [6][200/301]	Time  0.003 ( 0.004)	Loss 3.8352e-01 (4.1915e-01)	Acc pseudo  81.25 ( 85.47)	Lr 1.000e-03 (1.000e-03)
2026-02-07 20:12:50,190 - INFO: Epoch: [6][250/301]	Time  0.003 ( 0.004)	Loss 4.6162e-01 (4.1891e-01)	Acc pseudo  82.81 ( 85.40)	Lr 1.000e-03 (1.000e-03)
2026-02-07 20:12:50,333 - INFO: Epoch: [6][300/301]	Time  0.002 ( 0.004)	Loss 5.4192e-01 (4.2387e-01)	Acc pseudo  84.00 ( 85.21)	Lr 1.000e-03 (1.000e-03)
2026-02-07 20:12:50,389 - INFO: Round 3, Fine-tune Epoch 6: loss=0.4239, acc(pseudo)=85.21%
2026-02-07 20:12:57,596 - INFO: Round 3, Fine-tune Epoch 6: acc(valid_pseudo): 0.5510, acc: 0.5510
2026-02-07 20:12:57,596 - INFO: Round 3, Speaker Fine-tune Epoch 6: No improvement in validation accuracy. Patience(epoch): 3/3
2026-02-07 20:12:57,596 - INFO: Early stopping at epoch 6 due to no improvement in validation accuracy for 3 epochs.
2026-02-07 20:12:57,597 - INFO: Round 3: Best speaker fine-tuned epoch=3, acc(valid_pseudo)=0.5715
2026-02-07 20:17:27,979 - INFO: Round 3: speaker_acc=0.5285
2026-02-07 20:17:27,981 - INFO: ====================
2026-02-07 20:17:27,981 - INFO: Round 4: Fine-tuning iteration
2026-02-07 20:17:27,981 - INFO: ====================
2026-02-07 20:17:28,052 - INFO: Round 4 Part 1: Fine-tuning embedding model
2026-02-07 20:17:28,053 - INFO: Using pseudo-label file: runs/I love my family/exp_video/result/self_supervised/baseline_sc/exp0/round3/pseudo_label/pseudo_labels_audio_baseline_sc.json
2026-02-07 20:17:28,094 - INFO: Fine-tuning speaker embedding model for 20 epochs...
2026-02-07 20:17:28,325 - INFO: Epoch: [0][  0/301]	Time  0.226 ( 0.226)	Loss 1.4951e+01 (1.4951e+01)	Acc pseudo  26.56 ( 26.56)	Lr 1.000e-03 (1.000e-03)
2026-02-07 20:17:28,505 - INFO: Epoch: [0][ 50/301]	Time  0.003 ( 0.008)	Loss 1.8370e+00 (5.5815e+00)	Acc pseudo  54.69 ( 31.71)	Lr 1.000e-03 (1.000e-03)
2026-02-07 20:17:28,664 - INFO: Epoch: [0][100/301]	Time  0.003 ( 0.006)	Loss 9.5591e-01 (3.5237e+00)	Acc pseudo  75.00 ( 45.47)	Lr 1.000e-03 (1.000e-03)
2026-02-07 20:17:28,821 - INFO: Epoch: [0][150/301]	Time  0.003 ( 0.005)	Loss 1.0900e+00 (2.7304e+00)	Acc pseudo  62.50 ( 52.32)	Lr 1.000e-03 (1.000e-03)
2026-02-07 20:17:28,976 - INFO: Epoch: [0][200/301]	Time  0.003 ( 0.004)	Loss 9.9562e-01 (2.3032e+00)	Acc pseudo  67.19 ( 56.64)	Lr 1.000e-03 (1.000e-03)
2026-02-07 20:17:29,125 - INFO: Epoch: [0][250/301]	Time  0.002 ( 0.004)	Loss 8.0170e-01 (2.0107e+00)	Acc pseudo  81.25 ( 59.89)	Lr 1.000e-03 (1.000e-03)
2026-02-07 20:17:29,274 - INFO: Epoch: [0][300/301]	Time  0.002 ( 0.004)	Loss 9.4088e-01 (1.8060e+00)	Acc pseudo  80.00 ( 62.49)	Lr 1.000e-03 (1.000e-03)
2026-02-07 20:17:29,330 - INFO: Round 4, Fine-tune Epoch 0: loss=1.8060, acc(pseudo)=62.49%
2026-02-07 20:17:37,928 - INFO: Round 4, Fine-tune Epoch 0: acc(valid_pseudo): 0.5300, acc: 0.5300
2026-02-07 20:17:39,191 - INFO: Epoch: [1][  0/301]	Time  0.308 ( 0.308)	Loss 8.0927e-01 (8.0927e-01)	Acc pseudo  70.31 ( 70.31)	Lr 1.000e-03 (1.000e-03)
2026-02-07 20:17:39,400 - INFO: Epoch: [1][ 50/301]	Time  0.004 ( 0.010)	Loss 9.2918e-01 (7.1430e-01)	Acc pseudo  73.44 ( 76.47)	Lr 1.000e-03 (1.000e-03)
2026-02-07 20:17:39,580 - INFO: Epoch: [1][100/301]	Time  0.004 ( 0.007)	Loss 7.9179e-01 (6.9402e-01)	Acc pseudo  79.69 ( 77.13)	Lr 1.000e-03 (1.000e-03)
2026-02-07 20:17:39,755 - INFO: Epoch: [1][150/301]	Time  0.003 ( 0.006)	Loss 5.1369e-01 (6.9472e-01)	Acc pseudo  82.81 ( 77.19)	Lr 1.000e-03 (1.000e-03)
2026-02-07 20:17:39,933 - INFO: Epoch: [1][200/301]	Time  0.004 ( 0.005)	Loss 5.7048e-01 (6.8454e-01)	Acc pseudo  84.38 ( 77.13)	Lr 1.000e-03 (1.000e-03)
2026-02-07 20:17:40,112 - INFO: Epoch: [1][250/301]	Time  0.004 ( 0.005)	Loss 4.2386e-01 (6.6489e-01)	Acc pseudo  81.25 ( 77.88)	Lr 1.000e-03 (1.000e-03)
2026-02-07 20:17:40,284 - INFO: Epoch: [1][300/301]	Time  0.003 ( 0.005)	Loss 3.7276e-01 (6.5326e-01)	Acc pseudo  84.00 ( 78.31)	Lr 1.000e-03 (1.000e-03)
2026-02-07 20:17:40,341 - INFO: Round 4, Fine-tune Epoch 1: loss=0.6533, acc(pseudo)=78.31%
2026-02-07 20:17:49,484 - INFO: Round 4, Fine-tune Epoch 1: acc(valid_pseudo): 0.5480, acc: 0.5480
2026-02-07 20:17:50,374 - INFO: Epoch: [2][  0/301]	Time  0.231 ( 0.231)	Loss 5.4858e-01 (5.4858e-01)	Acc pseudo  79.69 ( 79.69)	Lr 1.000e-03 (1.000e-03)
2026-02-07 20:17:50,572 - INFO: Epoch: [2][ 50/301]	Time  0.004 ( 0.008)	Loss 5.9978e-01 (5.3107e-01)	Acc pseudo  79.69 ( 81.46)	Lr 1.000e-03 (1.000e-03)
2026-02-07 20:17:50,745 - INFO: Epoch: [2][100/301]	Time  0.003 ( 0.006)	Loss 2.9019e-01 (5.3258e-01)	Acc pseudo  95.31 ( 81.73)	Lr 1.000e-03 (1.000e-03)
2026-02-07 20:17:50,899 - INFO: Epoch: [2][150/301]	Time  0.003 ( 0.005)	Loss 4.5953e-01 (5.3700e-01)	Acc pseudo  84.38 ( 81.85)	Lr 1.000e-03 (1.000e-03)
2026-02-07 20:17:51,052 - INFO: Epoch: [2][200/301]	Time  0.003 ( 0.004)	Loss 6.1909e-01 (5.4042e-01)	Acc pseudo  81.25 ( 81.76)	Lr 1.000e-03 (1.000e-03)
2026-02-07 20:17:51,203 - INFO: Epoch: [2][250/301]	Time  0.003 ( 0.004)	Loss 5.3639e-01 (5.4413e-01)	Acc pseudo  81.25 ( 81.35)	Lr 1.000e-03 (1.000e-03)
2026-02-07 20:17:51,354 - INFO: Epoch: [2][300/301]	Time  0.002 ( 0.004)	Loss 9.6685e-01 (5.4788e-01)	Acc pseudo  88.00 ( 81.33)	Lr 1.000e-03 (1.000e-03)
2026-02-07 20:17:51,417 - INFO: Round 4, Fine-tune Epoch 2: loss=0.5479, acc(pseudo)=81.33%
2026-02-07 20:17:58,603 - INFO: Round 4, Fine-tune Epoch 2: acc(valid_pseudo): 0.5550, acc: 0.5550
2026-02-07 20:17:59,713 - INFO: Epoch: [3][  0/301]	Time  0.205 ( 0.205)	Loss 6.8808e-01 (6.8808e-01)	Acc pseudo  84.38 ( 84.38)	Lr 1.000e-03 (1.000e-03)
2026-02-07 20:17:59,888 - INFO: Epoch: [3][ 50/301]	Time  0.003 ( 0.007)	Loss 3.6275e-01 (5.0567e-01)	Acc pseudo  87.50 ( 83.18)	Lr 1.000e-03 (1.000e-03)
2026-02-07 20:18:00,043 - INFO: Epoch: [3][100/301]	Time  0.003 ( 0.005)	Loss 4.1496e-01 (5.0293e-01)	Acc pseudo  87.50 ( 83.37)	Lr 1.000e-03 (1.000e-03)
2026-02-07 20:18:00,195 - INFO: Epoch: [3][150/301]	Time  0.003 ( 0.004)	Loss 3.9865e-01 (4.8632e-01)	Acc pseudo  84.38 ( 83.53)	Lr 1.000e-03 (1.000e-03)
2026-02-07 20:18:00,346 - INFO: Epoch: [3][200/301]	Time  0.003 ( 0.004)	Loss 5.2845e-01 (4.9538e-01)	Acc pseudo  79.69 ( 83.26)	Lr 1.000e-03 (1.000e-03)
2026-02-07 20:18:00,497 - INFO: Epoch: [3][250/301]	Time  0.003 ( 0.004)	Loss 3.9116e-01 (4.9852e-01)	Acc pseudo  84.38 ( 83.12)	Lr 1.000e-03 (1.000e-03)
2026-02-07 20:18:00,647 - INFO: Epoch: [3][300/301]	Time  0.003 ( 0.004)	Loss 4.0171e-01 (4.9305e-01)	Acc pseudo  88.00 ( 83.21)	Lr 1.000e-03 (1.000e-03)
2026-02-07 20:18:00,704 - INFO: Round 4, Fine-tune Epoch 3: loss=0.4931, acc(pseudo)=83.21%
2026-02-07 20:18:08,633 - INFO: Round 4, Fine-tune Epoch 3: acc(valid_pseudo): 0.5580, acc: 0.5580
2026-02-07 20:18:09,970 - INFO: Epoch: [4][  0/301]	Time  0.308 ( 0.308)	Loss 5.0235e-01 (5.0235e-01)	Acc pseudo  82.81 ( 82.81)	Lr 1.000e-03 (1.000e-03)
2026-02-07 20:18:10,172 - INFO: Epoch: [4][ 50/301]	Time  0.004 ( 0.010)	Loss 6.1136e-01 (4.5006e-01)	Acc pseudo  79.69 ( 83.88)	Lr 1.000e-03 (1.000e-03)
2026-02-07 20:18:10,360 - INFO: Epoch: [4][100/301]	Time  0.004 ( 0.007)	Loss 7.1019e-01 (4.5389e-01)	Acc pseudo  81.25 ( 84.25)	Lr 1.000e-03 (1.000e-03)
2026-02-07 20:18:10,547 - INFO: Epoch: [4][150/301]	Time  0.003 ( 0.006)	Loss 4.6204e-01 (4.5319e-01)	Acc pseudo  87.50 ( 84.13)	Lr 1.000e-03 (1.000e-03)
2026-02-07 20:18:10,727 - INFO: Epoch: [4][200/301]	Time  0.004 ( 0.005)	Loss 4.2978e-01 (4.5902e-01)	Acc pseudo  92.19 ( 83.98)	Lr 1.000e-03 (1.000e-03)
2026-02-07 20:18:10,903 - INFO: Epoch: [4][250/301]	Time  0.003 ( 0.005)	Loss 5.1599e-01 (4.6024e-01)	Acc pseudo  87.50 ( 83.96)	Lr 1.000e-03 (1.000e-03)
2026-02-07 20:18:11,080 - INFO: Epoch: [4][300/301]	Time  0.003 ( 0.005)	Loss 7.2583e-01 (4.5707e-01)	Acc pseudo  80.00 ( 84.20)	Lr 1.000e-03 (1.000e-03)
2026-02-07 20:18:11,139 - INFO: Round 4, Fine-tune Epoch 4: loss=0.4571, acc(pseudo)=84.20%
2026-02-07 20:18:20,118 - INFO: Round 4, Fine-tune Epoch 4: acc(valid_pseudo): 0.5265, acc: 0.5265
2026-02-07 20:18:20,118 - INFO: Round 4, Speaker Fine-tune Epoch 4: No improvement in validation accuracy. Patience(epoch): 1/3
2026-02-07 20:18:20,349 - INFO: Epoch: [5][  0/301]	Time  0.225 ( 0.225)	Loss 5.3025e-01 (5.3025e-01)	Acc pseudo  75.00 ( 75.00)	Lr 1.000e-03 (1.000e-03)
2026-02-07 20:18:20,547 - INFO: Epoch: [5][ 50/301]	Time  0.003 ( 0.008)	Loss 4.4123e-01 (4.2751e-01)	Acc pseudo  79.69 ( 84.68)	Lr 1.000e-03 (1.000e-03)
2026-02-07 20:18:20,703 - INFO: Epoch: [5][100/301]	Time  0.003 ( 0.006)	Loss 5.9853e-01 (4.2330e-01)	Acc pseudo  82.81 ( 84.93)	Lr 1.000e-03 (1.000e-03)
2026-02-07 20:18:20,869 - INFO: Epoch: [5][150/301]	Time  0.003 ( 0.005)	Loss 3.1322e-01 (4.2762e-01)	Acc pseudo  82.81 ( 84.85)	Lr 1.000e-03 (1.000e-03)
2026-02-07 20:18:21,037 - INFO: Epoch: [5][200/301]	Time  0.003 ( 0.004)	Loss 6.3304e-01 (4.2876e-01)	Acc pseudo  76.56 ( 84.79)	Lr 1.000e-03 (1.000e-03)
2026-02-07 20:18:21,197 - INFO: Epoch: [5][250/301]	Time  0.003 ( 0.004)	Loss 4.4227e-01 (4.4145e-01)	Acc pseudo  84.38 ( 84.44)	Lr 1.000e-03 (1.000e-03)
2026-02-07 20:18:21,347 - INFO: Epoch: [5][300/301]	Time  0.002 ( 0.004)	Loss 8.1463e-01 (4.4201e-01)	Acc pseudo  76.00 ( 84.37)	Lr 1.000e-03 (1.000e-03)
2026-02-07 20:18:21,412 - INFO: Round 4, Fine-tune Epoch 5: loss=0.4420, acc(pseudo)=84.37%
2026-02-07 20:18:28,928 - INFO: Round 4, Fine-tune Epoch 5: acc(valid_pseudo): 0.5500, acc: 0.5500
2026-02-07 20:18:28,929 - INFO: Round 4, Speaker Fine-tune Epoch 5: No improvement in validation accuracy. Patience(epoch): 2/3
2026-02-07 20:18:29,144 - INFO: Epoch: [6][  0/301]	Time  0.211 ( 0.211)	Loss 4.4939e-01 (4.4939e-01)	Acc pseudo  84.38 ( 84.38)	Lr 1.000e-03 (1.000e-03)
2026-02-07 20:18:29,317 - INFO: Epoch: [6][ 50/301]	Time  0.003 ( 0.007)	Loss 3.4735e-01 (3.8974e-01)	Acc pseudo  89.06 ( 86.18)	Lr 1.000e-03 (1.000e-03)
2026-02-07 20:18:29,470 - INFO: Epoch: [6][100/301]	Time  0.003 ( 0.005)	Loss 2.4991e-01 (3.8942e-01)	Acc pseudo  92.19 ( 86.05)	Lr 1.000e-03 (1.000e-03)
2026-02-07 20:18:29,618 - INFO: Epoch: [6][150/301]	Time  0.003 ( 0.004)	Loss 2.9651e-01 (4.1403e-01)	Acc pseudo  92.19 ( 85.50)	Lr 1.000e-03 (1.000e-03)
2026-02-07 20:18:29,766 - INFO: Epoch: [6][200/301]	Time  0.003 ( 0.004)	Loss 2.6903e-01 (4.1161e-01)	Acc pseudo  93.75 ( 85.64)	Lr 1.000e-03 (1.000e-03)
2026-02-07 20:18:29,915 - INFO: Epoch: [6][250/301]	Time  0.003 ( 0.004)	Loss 3.2737e-01 (4.1285e-01)	Acc pseudo  85.94 ( 85.70)	Lr 1.000e-03 (1.000e-03)
2026-02-07 20:18:30,055 - INFO: Epoch: [6][300/301]	Time  0.002 ( 0.004)	Loss 3.8144e-01 (4.2347e-01)	Acc pseudo  84.00 ( 85.50)	Lr 1.000e-03 (1.000e-03)
2026-02-07 20:18:30,115 - INFO: Round 4, Fine-tune Epoch 6: loss=0.4235, acc(pseudo)=85.50%
2026-02-07 20:18:37,408 - INFO: Round 4, Fine-tune Epoch 6: acc(valid_pseudo): 0.5265, acc: 0.5265
2026-02-07 20:18:37,408 - INFO: Round 4, Speaker Fine-tune Epoch 6: No improvement in validation accuracy. Patience(epoch): 3/3
2026-02-07 20:18:37,408 - INFO: Early stopping at epoch 6 due to no improvement in validation accuracy for 3 epochs.
2026-02-07 20:18:37,409 - INFO: Round 4: Best speaker fine-tuned epoch=3, acc(valid_pseudo)=0.5580
2026-02-07 20:23:08,975 - INFO: Round 4: speaker_acc=0.4985
2026-02-07 20:23:08,997 - INFO: ====================
2026-02-07 20:23:08,997 - INFO: Round 5: Fine-tuning iteration
2026-02-07 20:23:08,997 - INFO: ====================
2026-02-07 20:23:09,424 - INFO: Round 5 Part 1: Fine-tuning embedding model
2026-02-07 20:23:09,425 - INFO: Using pseudo-label file: runs/I love my family/exp_video/result/self_supervised/baseline_sc/exp0/round4/pseudo_label/pseudo_labels_audio_baseline_sc.json
2026-02-07 20:23:09,464 - INFO: Fine-tuning speaker embedding model for 20 epochs...
2026-02-07 20:23:09,694 - INFO: Epoch: [0][  0/301]	Time  0.226 ( 0.226)	Loss 9.8214e+00 (9.8214e+00)	Acc pseudo  37.50 ( 37.50)	Lr 1.000e-03 (1.000e-03)
2026-02-07 20:23:09,876 - INFO: Epoch: [0][ 50/301]	Time  0.003 ( 0.008)	Loss 2.1812e+00 (7.2236e+00)	Acc pseudo  46.88 ( 34.90)	Lr 1.000e-03 (1.000e-03)
2026-02-07 20:23:10,035 - INFO: Epoch: [0][100/301]	Time  0.003 ( 0.006)	Loss 1.6403e+00 (4.8894e+00)	Acc pseudo  57.81 ( 40.10)	Lr 1.000e-03 (1.000e-03)
2026-02-07 20:23:10,191 - INFO: Epoch: [0][150/301]	Time  0.003 ( 0.005)	Loss 1.6753e+00 (3.9192e+00)	Acc pseudo  53.12 ( 44.52)	Lr 1.000e-03 (1.000e-03)
2026-02-07 20:23:10,346 - INFO: Epoch: [0][200/301]	Time  0.003 ( 0.004)	Loss 1.6355e+00 (3.4024e+00)	Acc pseudo  59.38 ( 47.96)	Lr 1.000e-03 (1.000e-03)
2026-02-07 20:23:10,498 - INFO: Epoch: [0][250/301]	Time  0.003 ( 0.004)	Loss 2.0205e+00 (3.0641e+00)	Acc pseudo  71.88 ( 50.16)	Lr 1.000e-03 (1.000e-03)
2026-02-07 20:23:10,645 - INFO: Epoch: [0][300/301]	Time  0.002 ( 0.004)	Loss 1.0012e+00 (2.8313e+00)	Acc pseudo  68.00 ( 52.40)	Lr 1.000e-03 (1.000e-03)
2026-02-07 20:23:10,703 - INFO: Round 5, Fine-tune Epoch 0: loss=2.8313, acc(pseudo)=52.40%
2026-02-07 20:23:19,820 - INFO: Round 5, Fine-tune Epoch 0: acc(valid_pseudo): 0.5015, acc: 0.5015
2026-02-07 20:23:20,654 - INFO: Epoch: [1][  0/301]	Time  0.215 ( 0.215)	Loss 1.3533e+00 (1.3533e+00)	Acc pseudo  68.75 ( 68.75)	Lr 1.000e-03 (1.000e-03)
2026-02-07 20:23:20,839 - INFO: Epoch: [1][ 50/301]	Time  0.003 ( 0.008)	Loss 1.8530e+00 (1.4105e+00)	Acc pseudo  51.56 ( 65.56)	Lr 1.000e-03 (1.000e-03)
2026-02-07 20:23:20,995 - INFO: Epoch: [1][100/301]	Time  0.003 ( 0.005)	Loss 1.4027e+00 (1.4052e+00)	Acc pseudo  67.19 ( 66.63)	Lr 1.000e-03 (1.000e-03)
2026-02-07 20:23:21,151 - INFO: Epoch: [1][150/301]	Time  0.003 ( 0.005)	Loss 1.5407e+00 (1.3990e+00)	Acc pseudo  65.62 ( 66.77)	Lr 1.000e-03 (1.000e-03)
2026-02-07 20:23:21,310 - INFO: Epoch: [1][200/301]	Time  0.003 ( 0.004)	Loss 9.4967e-01 (1.3802e+00)	Acc pseudo  78.12 ( 67.44)	Lr 1.000e-03 (1.000e-03)
2026-02-07 20:23:21,460 - INFO: Epoch: [1][250/301]	Time  0.003 ( 0.004)	Loss 8.9808e-01 (1.3601e+00)	Acc pseudo  75.00 ( 68.14)	Lr 1.000e-03 (1.000e-03)
2026-02-07 20:23:21,603 - INFO: Epoch: [1][300/301]	Time  0.002 ( 0.004)	Loss 3.1549e-01 (1.3370e+00)	Acc pseudo  88.00 ( 68.50)	Lr 1.000e-03 (1.000e-03)
2026-02-07 20:23:21,663 - INFO: Round 5, Fine-tune Epoch 1: loss=1.3370, acc(pseudo)=68.50%
2026-02-07 20:23:29,101 - INFO: Round 5, Fine-tune Epoch 1: acc(valid_pseudo): 0.5050, acc: 0.5050
2026-02-07 20:23:29,971 - INFO: Epoch: [2][  0/301]	Time  0.221 ( 0.221)	Loss 1.3482e+00 (1.3482e+00)	Acc pseudo  65.62 ( 65.62)	Lr 1.000e-03 (1.000e-03)
2026-02-07 20:23:30,151 - INFO: Epoch: [2][ 50/301]	Time  0.003 ( 0.008)	Loss 1.4831e+00 (1.2370e+00)	Acc pseudo  71.88 ( 71.17)	Lr 1.000e-03 (1.000e-03)
2026-02-07 20:23:30,312 - INFO: Epoch: [2][100/301]	Time  0.003 ( 0.005)	Loss 8.1403e-01 (1.1881e+00)	Acc pseudo  81.25 ( 72.08)	Lr 1.000e-03 (1.000e-03)
2026-02-07 20:23:30,472 - INFO: Epoch: [2][150/301]	Time  0.003 ( 0.005)	Loss 1.4061e+00 (1.1884e+00)	Acc pseudo  68.75 ( 71.77)	Lr 1.000e-03 (1.000e-03)
2026-02-07 20:23:30,642 - INFO: Epoch: [2][200/301]	Time  0.003 ( 0.004)	Loss 1.3979e+00 (1.1697e+00)	Acc pseudo  70.31 ( 72.22)	Lr 1.000e-03 (1.000e-03)
2026-02-07 20:23:30,795 - INFO: Epoch: [2][250/301]	Time  0.003 ( 0.004)	Loss 1.1693e+00 (1.1701e+00)	Acc pseudo  73.44 ( 72.25)	Lr 1.000e-03 (1.000e-03)
2026-02-07 20:23:30,945 - INFO: Epoch: [2][300/301]	Time  0.003 ( 0.004)	Loss 1.7184e+00 (1.1688e+00)	Acc pseudo  76.00 ( 72.35)	Lr 1.000e-03 (1.000e-03)
2026-02-07 20:23:31,001 - INFO: Round 5, Fine-tune Epoch 2: loss=1.1688, acc(pseudo)=72.35%
2026-02-07 20:23:38,397 - INFO: Round 5, Fine-tune Epoch 2: acc(valid_pseudo): 0.5000, acc: 0.5000
2026-02-07 20:23:38,397 - INFO: Round 5, Speaker Fine-tune Epoch 2: No improvement in validation accuracy. Patience(epoch): 1/3
2026-02-07 20:23:38,615 - INFO: Epoch: [3][  0/301]	Time  0.213 ( 0.213)	Loss 2.2027e+00 (2.2027e+00)	Acc pseudo  76.56 ( 76.56)	Lr 1.000e-03 (1.000e-03)
2026-02-07 20:23:38,792 - INFO: Epoch: [3][ 50/301]	Time  0.003 ( 0.008)	Loss 1.1585e+00 (1.0589e+00)	Acc pseudo  71.88 ( 75.25)	Lr 1.000e-03 (1.000e-03)
2026-02-07 20:23:38,953 - INFO: Epoch: [3][100/301]	Time  0.003 ( 0.005)	Loss 1.3667e+00 (1.0391e+00)	Acc pseudo  71.88 ( 75.57)	Lr 1.000e-03 (1.000e-03)
2026-02-07 20:23:39,111 - INFO: Epoch: [3][150/301]	Time  0.003 ( 0.005)	Loss 1.0758e+00 (1.0272e+00)	Acc pseudo  78.12 ( 75.86)	Lr 1.000e-03 (1.000e-03)
2026-02-07 20:23:39,271 - INFO: Epoch: [3][200/301]	Time  0.003 ( 0.004)	Loss 7.0988e-01 (1.0335e+00)	Acc pseudo  78.12 ( 74.98)	Lr 1.000e-03 (1.000e-03)
2026-02-07 20:23:39,427 - INFO: Epoch: [3][250/301]	Time  0.003 ( 0.004)	Loss 9.5722e-01 (1.0430e+00)	Acc pseudo  82.81 ( 74.68)	Lr 1.000e-03 (1.000e-03)
2026-02-07 20:23:39,574 - INFO: Epoch: [3][300/301]	Time  0.002 ( 0.004)	Loss 8.2548e-01 (1.0355e+00)	Acc pseudo  76.00 ( 74.68)	Lr 1.000e-03 (1.000e-03)
2026-02-07 20:23:39,633 - INFO: Round 5, Fine-tune Epoch 3: loss=1.0355, acc(pseudo)=74.68%
2026-02-07 20:23:46,744 - INFO: Round 5, Fine-tune Epoch 3: acc(valid_pseudo): 0.5225, acc: 0.5225
2026-02-07 20:23:47,624 - INFO: Epoch: [4][  0/301]	Time  0.208 ( 0.208)	Loss 1.0547e+00 (1.0547e+00)	Acc pseudo  75.00 ( 75.00)	Lr 1.000e-03 (1.000e-03)
2026-02-07 20:23:47,806 - INFO: Epoch: [4][ 50/301]	Time  0.003 ( 0.008)	Loss 1.1791e+00 (1.0354e+00)	Acc pseudo  64.06 ( 75.31)	Lr 1.000e-03 (1.000e-03)
2026-02-07 20:23:47,965 - INFO: Epoch: [4][100/301]	Time  0.003 ( 0.005)	Loss 1.1136e+00 (1.0357e+00)	Acc pseudo  73.44 ( 75.26)	Lr 1.000e-03 (1.000e-03)
2026-02-07 20:23:48,119 - INFO: Epoch: [4][150/301]	Time  0.003 ( 0.005)	Loss 9.3154e-01 (1.0275e+00)	Acc pseudo  78.12 ( 74.67)	Lr 1.000e-03 (1.000e-03)
2026-02-07 20:23:48,271 - INFO: Epoch: [4][200/301]	Time  0.003 ( 0.004)	Loss 1.1448e+00 (1.0219e+00)	Acc pseudo  79.69 ( 75.00)	Lr 1.000e-03 (1.000e-03)
2026-02-07 20:23:48,433 - INFO: Epoch: [4][250/301]	Time  0.003 ( 0.004)	Loss 1.1260e+00 (1.0017e+00)	Acc pseudo  73.44 ( 75.24)	Lr 1.000e-03 (1.000e-03)
2026-02-07 20:23:48,587 - INFO: Epoch: [4][300/301]	Time  0.002 ( 0.004)	Loss 1.4064e+00 (9.9449e-01)	Acc pseudo  76.00 ( 75.30)	Lr 1.000e-03 (1.000e-03)
2026-02-07 20:23:48,664 - INFO: Round 5, Fine-tune Epoch 4: loss=0.9945, acc(pseudo)=75.30%
2026-02-07 20:23:56,850 - INFO: Round 5, Fine-tune Epoch 4: acc(valid_pseudo): 0.5110, acc: 0.5110
2026-02-07 20:23:56,851 - INFO: Round 5, Speaker Fine-tune Epoch 4: No improvement in validation accuracy. Patience(epoch): 1/3
2026-02-07 20:23:57,075 - INFO: Epoch: [5][  0/301]	Time  0.219 ( 0.219)	Loss 7.5182e-01 (7.5182e-01)	Acc pseudo  82.81 ( 82.81)	Lr 1.000e-03 (1.000e-03)
2026-02-07 20:23:57,260 - INFO: Epoch: [5][ 50/301]	Time  0.003 ( 0.008)	Loss 1.0703e+00 (9.1488e-01)	Acc pseudo  71.88 ( 76.72)	Lr 1.000e-03 (1.000e-03)
2026-02-07 20:23:57,439 - INFO: Epoch: [5][100/301]	Time  0.003 ( 0.006)	Loss 8.3623e-01 (9.2808e-01)	Acc pseudo  84.38 ( 76.72)	Lr 1.000e-03 (1.000e-03)
2026-02-07 20:23:57,608 - INFO: Epoch: [5][150/301]	Time  0.003 ( 0.005)	Loss 9.9241e-01 (8.9340e-01)	Acc pseudo  68.75 ( 77.19)	Lr 1.000e-03 (1.000e-03)
2026-02-07 20:23:57,776 - INFO: Epoch: [5][200/301]	Time  0.003 ( 0.004)	Loss 8.1678e-01 (8.9869e-01)	Acc pseudo  75.00 ( 77.15)	Lr 1.000e-03 (1.000e-03)
2026-02-07 20:23:57,931 - INFO: Epoch: [5][250/301]	Time  0.003 ( 0.004)	Loss 1.1639e+00 (8.9965e-01)	Acc pseudo  79.69 ( 77.04)	Lr 1.000e-03 (1.000e-03)
2026-02-07 20:23:58,087 - INFO: Epoch: [5][300/301]	Time  0.002 ( 0.004)	Loss 1.3257e+00 (8.9994e-01)	Acc pseudo  76.00 ( 76.86)	Lr 1.000e-03 (1.000e-03)
2026-02-07 20:23:58,145 - INFO: Round 5, Fine-tune Epoch 5: loss=0.8999, acc(pseudo)=76.86%
2026-02-07 20:24:06,282 - INFO: Round 5, Fine-tune Epoch 5: acc(valid_pseudo): 0.5165, acc: 0.5165
2026-02-07 20:24:06,282 - INFO: Round 5, Speaker Fine-tune Epoch 5: No improvement in validation accuracy. Patience(epoch): 2/3
2026-02-07 20:24:06,512 - INFO: Epoch: [6][  0/301]	Time  0.224 ( 0.224)	Loss 7.2443e-01 (7.2443e-01)	Acc pseudo  81.25 ( 81.25)	Lr 1.000e-03 (1.000e-03)
2026-02-07 20:24:06,694 - INFO: Epoch: [6][ 50/301]	Time  0.004 ( 0.008)	Loss 5.8844e-01 (7.9475e-01)	Acc pseudo  78.12 ( 77.91)	Lr 1.000e-03 (1.000e-03)
2026-02-07 20:24:06,860 - INFO: Epoch: [6][100/301]	Time  0.003 ( 0.006)	Loss 6.8123e-01 (7.8749e-01)	Acc pseudo  81.25 ( 77.91)	Lr 1.000e-03 (1.000e-03)
2026-02-07 20:24:07,018 - INFO: Epoch: [6][150/301]	Time  0.003 ( 0.005)	Loss 6.1760e-01 (7.9833e-01)	Acc pseudo  84.38 ( 77.55)	Lr 1.000e-03 (1.000e-03)
2026-02-07 20:24:07,172 - INFO: Epoch: [6][200/301]	Time  0.003 ( 0.004)	Loss 7.2748e-01 (8.4114e-01)	Acc pseudo  81.25 ( 77.43)	Lr 1.000e-03 (1.000e-03)
2026-02-07 20:24:07,329 - INFO: Epoch: [6][250/301]	Time  0.003 ( 0.004)	Loss 9.4387e-01 (8.3324e-01)	Acc pseudo  84.38 ( 77.69)	Lr 1.000e-03 (1.000e-03)
2026-02-07 20:24:07,491 - INFO: Epoch: [6][300/301]	Time  0.002 ( 0.004)	Loss 5.8477e-01 (8.3044e-01)	Acc pseudo  88.00 ( 77.84)	Lr 1.000e-03 (1.000e-03)
2026-02-07 20:24:07,551 - INFO: Round 5, Fine-tune Epoch 6: loss=0.8304, acc(pseudo)=77.84%
2026-02-07 20:24:16,228 - INFO: Round 5, Fine-tune Epoch 6: acc(valid_pseudo): 0.4830, acc: 0.4830
2026-02-07 20:24:16,228 - INFO: Round 5, Speaker Fine-tune Epoch 6: No improvement in validation accuracy. Patience(epoch): 3/3
2026-02-07 20:24:16,228 - INFO: Early stopping at epoch 6 due to no improvement in validation accuracy for 3 epochs.
2026-02-07 20:24:16,230 - INFO: Round 5: Best speaker fine-tuned epoch=3, acc(valid_pseudo)=0.5225
2026-02-07 20:29:15,567 - INFO: Round 5: speaker_acc=0.4435
2026-02-07 20:29:15,569 - INFO: ====================
2026-02-07 20:29:15,569 - INFO: Round 6: Fine-tuning iteration
2026-02-07 20:29:15,569 - INFO: ====================
2026-02-07 20:29:15,644 - INFO: Round 6 Part 1: Fine-tuning embedding model
2026-02-07 20:29:15,645 - INFO: Using pseudo-label file: runs/I love my family/exp_video/result/self_supervised/baseline_sc/exp0/round5/pseudo_label/pseudo_labels_audio_baseline_sc.json
2026-02-07 20:29:15,681 - INFO: Fine-tuning speaker embedding model for 20 epochs...
2026-02-07 20:29:15,892 - INFO: Epoch: [0][  0/301]	Time  0.206 ( 0.206)	Loss 9.7334e+00 (9.7334e+00)	Acc pseudo  21.88 ( 21.88)	Lr 1.000e-03 (1.000e-03)
2026-02-07 20:29:16,068 - INFO: Epoch: [0][ 50/301]	Time  0.003 ( 0.007)	Loss 1.8583e+00 (4.1756e+00)	Acc pseudo  56.25 ( 41.76)	Lr 1.000e-03 (1.000e-03)
2026-02-07 20:29:16,219 - INFO: Epoch: [0][100/301]	Time  0.003 ( 0.005)	Loss 1.3255e+00 (2.8774e+00)	Acc pseudo  62.50 ( 51.47)	Lr 1.000e-03 (1.000e-03)
2026-02-07 20:29:16,369 - INFO: Epoch: [0][150/301]	Time  0.003 ( 0.004)	Loss 7.9123e-01 (2.3124e+00)	Acc pseudo  81.25 ( 56.96)	Lr 1.000e-03 (1.000e-03)
2026-02-07 20:29:16,519 - INFO: Epoch: [0][200/301]	Time  0.003 ( 0.004)	Loss 9.4277e-01 (2.0052e+00)	Acc pseudo  73.44 ( 59.90)	Lr 1.000e-03 (1.000e-03)
2026-02-07 20:29:16,668 - INFO: Epoch: [0][250/301]	Time  0.003 ( 0.004)	Loss 9.4027e-01 (1.7843e+00)	Acc pseudo  76.56 ( 62.46)	Lr 1.000e-03 (1.000e-03)
2026-02-07 20:29:16,829 - INFO: Epoch: [0][300/301]	Time  0.003 ( 0.004)	Loss 3.8410e-01 (1.6189e+00)	Acc pseudo  92.00 ( 64.81)	Lr 1.000e-03 (1.000e-03)
2026-02-07 20:29:16,887 - INFO: Round 6, Fine-tune Epoch 0: loss=1.6189, acc(pseudo)=64.81%
2026-02-07 20:29:24,915 - INFO: Round 6, Fine-tune Epoch 0: acc(valid_pseudo): 0.4460, acc: 0.4460
2026-02-07 20:29:25,761 - INFO: Epoch: [1][  0/301]	Time  0.221 ( 0.221)	Loss 9.4636e-01 (9.4636e-01)	Acc pseudo  64.06 ( 64.06)	Lr 1.000e-03 (1.000e-03)
2026-02-07 20:29:25,943 - INFO: Epoch: [1][ 50/301]	Time  0.003 ( 0.008)	Loss 1.0045e+00 (7.0435e-01)	Acc pseudo  76.56 ( 77.70)	Lr 1.000e-03 (1.000e-03)
2026-02-07 20:29:26,110 - INFO: Epoch: [1][100/301]	Time  0.003 ( 0.006)	Loss 5.4108e-01 (6.8886e-01)	Acc pseudo  82.81 ( 78.19)	Lr 1.000e-03 (1.000e-03)
2026-02-07 20:29:26,269 - INFO: Epoch: [1][150/301]	Time  0.003 ( 0.005)	Loss 4.8825e-01 (6.6860e-01)	Acc pseudo  79.69 ( 78.58)	Lr 1.000e-03 (1.000e-03)
2026-02-07 20:29:26,427 - INFO: Epoch: [1][200/301]	Time  0.003 ( 0.004)	Loss 5.8955e-01 (6.5801e-01)	Acc pseudo  78.12 ( 78.90)	Lr 1.000e-03 (1.000e-03)
2026-02-07 20:29:26,584 - INFO: Epoch: [1][250/301]	Time  0.003 ( 0.004)	Loss 6.2803e-01 (6.4352e-01)	Acc pseudo  76.56 ( 79.23)	Lr 1.000e-03 (1.000e-03)
2026-02-07 20:29:26,735 - INFO: Epoch: [1][300/301]	Time  0.002 ( 0.004)	Loss 8.0837e-01 (6.3336e-01)	Acc pseudo  84.00 ( 79.53)	Lr 1.000e-03 (1.000e-03)
2026-02-07 20:29:26,795 - INFO: Round 6, Fine-tune Epoch 1: loss=0.6334, acc(pseudo)=79.53%
2026-02-07 20:29:34,312 - INFO: Round 6, Fine-tune Epoch 1: acc(valid_pseudo): 0.4450, acc: 0.4450
2026-02-07 20:29:34,313 - INFO: Round 6, Speaker Fine-tune Epoch 1: No improvement in validation accuracy. Patience(epoch): 1/3
2026-02-07 20:29:34,530 - INFO: Epoch: [2][  0/301]	Time  0.212 ( 0.212)	Loss 5.5058e-01 (5.5058e-01)	Acc pseudo  79.69 ( 79.69)	Lr 1.000e-03 (1.000e-03)
2026-02-07 20:29:34,705 - INFO: Epoch: [2][ 50/301]	Time  0.003 ( 0.007)	Loss 8.2032e-01 (5.7391e-01)	Acc pseudo  75.00 ( 80.70)	Lr 1.000e-03 (1.000e-03)
2026-02-07 20:29:34,862 - INFO: Epoch: [2][100/301]	Time  0.003 ( 0.005)	Loss 4.2889e-01 (5.7006e-01)	Acc pseudo  82.81 ( 80.80)	Lr 1.000e-03 (1.000e-03)
2026-02-07 20:29:35,016 - INFO: Epoch: [2][150/301]	Time  0.003 ( 0.005)	Loss 4.6167e-01 (5.5443e-01)	Acc pseudo  75.00 ( 81.13)	Lr 1.000e-03 (1.000e-03)
2026-02-07 20:29:35,171 - INFO: Epoch: [2][200/301]	Time  0.003 ( 0.004)	Loss 3.6841e-01 (5.4362e-01)	Acc pseudo  85.94 ( 81.38)	Lr 1.000e-03 (1.000e-03)
2026-02-07 20:29:35,324 - INFO: Epoch: [2][250/301]	Time  0.003 ( 0.004)	Loss 5.1578e-01 (5.4327e-01)	Acc pseudo  84.38 ( 81.37)	Lr 1.000e-03 (1.000e-03)
2026-02-07 20:29:35,471 - INFO: Epoch: [2][300/301]	Time  0.002 ( 0.004)	Loss 3.8135e-01 (5.4021e-01)	Acc pseudo  84.00 ( 81.57)	Lr 1.000e-03 (1.000e-03)
2026-02-07 20:29:35,545 - INFO: Round 6, Fine-tune Epoch 2: loss=0.5402, acc(pseudo)=81.57%
2026-02-07 20:29:43,446 - INFO: Round 6, Fine-tune Epoch 2: acc(valid_pseudo): 0.4520, acc: 0.4520
2026-02-07 20:29:44,994 - INFO: Epoch: [3][  0/301]	Time  0.303 ( 0.303)	Loss 9.4106e-01 (9.4106e-01)	Acc pseudo  64.06 ( 64.06)	Lr 1.000e-03 (1.000e-03)
2026-02-07 20:29:45,190 - INFO: Epoch: [3][ 50/301]	Time  0.004 ( 0.010)	Loss 6.2814e-01 (5.0601e-01)	Acc pseudo  81.25 ( 82.32)	Lr 1.000e-03 (1.000e-03)
2026-02-07 20:29:45,371 - INFO: Epoch: [3][100/301]	Time  0.003 ( 0.007)	Loss 4.0176e-01 (4.8396e-01)	Acc pseudo  81.25 ( 83.01)	Lr 1.000e-03 (1.000e-03)
2026-02-07 20:29:45,546 - INFO: Epoch: [3][150/301]	Time  0.003 ( 0.006)	Loss 2.7788e-01 (4.6893e-01)	Acc pseudo  85.94 ( 83.46)	Lr 1.000e-03 (1.000e-03)
2026-02-07 20:29:45,720 - INFO: Epoch: [3][200/301]	Time  0.003 ( 0.005)	Loss 4.0060e-01 (4.7812e-01)	Acc pseudo  87.50 ( 83.22)	Lr 1.000e-03 (1.000e-03)
2026-02-07 20:29:45,895 - INFO: Epoch: [3][250/301]	Time  0.003 ( 0.005)	Loss 2.8102e-01 (4.7727e-01)	Acc pseudo  90.62 ( 83.29)	Lr 1.000e-03 (1.000e-03)
2026-02-07 20:29:46,063 - INFO: Epoch: [3][300/301]	Time  0.003 ( 0.004)	Loss 4.1293e-01 (4.8636e-01)	Acc pseudo  84.00 ( 83.38)	Lr 1.000e-03 (1.000e-03)
2026-02-07 20:29:46,120 - INFO: Round 6, Fine-tune Epoch 3: loss=0.4864, acc(pseudo)=83.38%
2026-02-07 20:29:54,641 - INFO: Round 6, Fine-tune Epoch 3: acc(valid_pseudo): 0.4740, acc: 0.4740
2026-02-07 20:29:55,560 - INFO: Epoch: [4][  0/301]	Time  0.220 ( 0.220)	Loss 4.0681e-01 (4.0681e-01)	Acc pseudo  85.94 ( 85.94)	Lr 1.000e-03 (1.000e-03)
2026-02-07 20:29:55,735 - INFO: Epoch: [4][ 50/301]	Time  0.004 ( 0.008)	Loss 5.8703e-01 (4.4541e-01)	Acc pseudo  82.81 ( 83.95)	Lr 1.000e-03 (1.000e-03)
2026-02-07 20:29:55,902 - INFO: Epoch: [4][100/301]	Time  0.003 ( 0.005)	Loss 4.6088e-01 (4.5197e-01)	Acc pseudo  84.38 ( 84.07)	Lr 1.000e-03 (1.000e-03)
2026-02-07 20:29:56,067 - INFO: Epoch: [4][150/301]	Time  0.003 ( 0.005)	Loss 4.5588e-01 (4.6689e-01)	Acc pseudo  85.94 ( 83.57)	Lr 1.000e-03 (1.000e-03)
2026-02-07 20:29:56,231 - INFO: Epoch: [4][200/301]	Time  0.003 ( 0.004)	Loss 6.0831e-01 (4.7195e-01)	Acc pseudo  78.12 ( 83.66)	Lr 1.000e-03 (1.000e-03)
2026-02-07 20:29:56,395 - INFO: Epoch: [4][250/301]	Time  0.003 ( 0.004)	Loss 4.3145e-01 (4.6569e-01)	Acc pseudo  81.25 ( 83.68)	Lr 1.000e-03 (1.000e-03)
2026-02-07 20:29:56,550 - INFO: Epoch: [4][300/301]	Time  0.002 ( 0.004)	Loss 1.0211e+00 (4.6180e-01)	Acc pseudo  92.00 ( 83.79)	Lr 1.000e-03 (1.000e-03)
2026-02-07 20:29:56,607 - INFO: Round 6, Fine-tune Epoch 4: loss=0.4618, acc(pseudo)=83.79%
2026-02-07 20:30:04,121 - INFO: Round 6, Fine-tune Epoch 4: acc(valid_pseudo): 0.4330, acc: 0.4330
2026-02-07 20:30:04,122 - INFO: Round 6, Speaker Fine-tune Epoch 4: No improvement in validation accuracy. Patience(epoch): 1/3
2026-02-07 20:30:04,338 - INFO: Epoch: [5][  0/301]	Time  0.211 ( 0.211)	Loss 4.4504e-01 (4.4504e-01)	Acc pseudo  85.94 ( 85.94)	Lr 1.000e-03 (1.000e-03)
2026-02-07 20:30:04,527 - INFO: Epoch: [5][ 50/301]	Time  0.003 ( 0.008)	Loss 3.4951e-01 (4.4469e-01)	Acc pseudo  82.81 ( 83.98)	Lr 1.000e-03 (1.000e-03)
2026-02-07 20:30:04,697 - INFO: Epoch: [5][100/301]	Time  0.003 ( 0.006)	Loss 5.9726e-01 (4.2773e-01)	Acc pseudo  79.69 ( 84.38)	Lr 1.000e-03 (1.000e-03)
2026-02-07 20:30:04,862 - INFO: Epoch: [5][150/301]	Time  0.003 ( 0.005)	Loss 4.0194e-01 (4.2558e-01)	Acc pseudo  82.81 ( 84.83)	Lr 1.000e-03 (1.000e-03)
2026-02-07 20:30:05,027 - INFO: Epoch: [5][200/301]	Time  0.003 ( 0.004)	Loss 4.7725e-01 (4.2053e-01)	Acc pseudo  75.00 ( 84.71)	Lr 1.000e-03 (1.000e-03)
2026-02-07 20:30:05,190 - INFO: Epoch: [5][250/301]	Time  0.003 ( 0.004)	Loss 4.8309e-01 (4.3395e-01)	Acc pseudo  84.38 ( 84.44)	Lr 1.000e-03 (1.000e-03)
2026-02-07 20:30:05,344 - INFO: Epoch: [5][300/301]	Time  0.002 ( 0.004)	Loss 5.5215e-01 (4.3533e-01)	Acc pseudo  80.00 ( 84.48)	Lr 1.000e-03 (1.000e-03)
2026-02-07 20:30:05,399 - INFO: Round 6, Fine-tune Epoch 5: loss=0.4353, acc(pseudo)=84.48%
2026-02-07 20:30:13,221 - INFO: Round 6, Fine-tune Epoch 5: acc(valid_pseudo): 0.4550, acc: 0.4550
2026-02-07 20:30:13,221 - INFO: Round 6, Speaker Fine-tune Epoch 5: No improvement in validation accuracy. Patience(epoch): 2/3
2026-02-07 20:30:13,447 - INFO: Epoch: [6][  0/301]	Time  0.220 ( 0.220)	Loss 4.0361e-01 (4.0361e-01)	Acc pseudo  84.38 ( 84.38)	Lr 1.000e-03 (1.000e-03)
2026-02-07 20:30:13,631 - INFO: Epoch: [6][ 50/301]	Time  0.003 ( 0.008)	Loss 3.5597e-01 (4.0195e-01)	Acc pseudo  81.25 ( 85.45)	Lr 1.000e-03 (1.000e-03)
2026-02-07 20:30:13,790 - INFO: Epoch: [6][100/301]	Time  0.003 ( 0.005)	Loss 2.1191e-01 (4.1255e-01)	Acc pseudo  89.06 ( 85.66)	Lr 1.000e-03 (1.000e-03)
2026-02-07 20:30:13,944 - INFO: Epoch: [6][150/301]	Time  0.003 ( 0.005)	Loss 2.7989e-01 (4.0504e-01)	Acc pseudo  87.50 ( 85.45)	Lr 1.000e-03 (1.000e-03)
2026-02-07 20:30:14,099 - INFO: Epoch: [6][200/301]	Time  0.003 ( 0.004)	Loss 3.3658e-01 (3.9331e-01)	Acc pseudo  95.31 ( 85.84)	Lr 1.000e-03 (1.000e-03)
2026-02-07 20:30:14,248 - INFO: Epoch: [6][250/301]	Time  0.003 ( 0.004)	Loss 4.0249e-01 (3.9978e-01)	Acc pseudo  87.50 ( 85.73)	Lr 1.000e-03 (1.000e-03)
2026-02-07 20:30:14,391 - INFO: Epoch: [6][300/301]	Time  0.002 ( 0.004)	Loss 4.0166e-01 (4.0777e-01)	Acc pseudo  84.00 ( 85.46)	Lr 1.000e-03 (1.000e-03)
2026-02-07 20:30:14,467 - INFO: Round 6, Fine-tune Epoch 6: loss=0.4078, acc(pseudo)=85.46%
2026-02-07 20:30:22,028 - INFO: Round 6, Fine-tune Epoch 6: acc(valid_pseudo): 0.4550, acc: 0.4550
2026-02-07 20:30:22,028 - INFO: Round 6, Speaker Fine-tune Epoch 6: No improvement in validation accuracy. Patience(epoch): 3/3
2026-02-07 20:30:22,028 - INFO: Early stopping at epoch 6 due to no improvement in validation accuracy for 3 epochs.
2026-02-07 20:30:22,029 - INFO: Round 6: Best speaker fine-tuned epoch=3, acc(valid_pseudo)=0.4740
2026-02-07 20:35:15,722 - INFO: Round 6: speaker_acc=0.4460
2026-02-07 20:35:15,725 - INFO: ====================
2026-02-07 20:35:15,725 - INFO: Round 7: Fine-tuning iteration
2026-02-07 20:35:15,725 - INFO: ====================
2026-02-07 20:35:15,770 - INFO: Round 7 Part 1: Fine-tuning embedding model
2026-02-07 20:35:15,770 - INFO: Using pseudo-label file: runs/I love my family/exp_video/result/self_supervised/baseline_sc/exp0/round6/pseudo_label/pseudo_labels_audio_baseline_sc.json
2026-02-07 20:35:15,807 - INFO: Fine-tuning speaker embedding model for 20 epochs...
2026-02-07 20:35:16,027 - INFO: Epoch: [0][  0/301]	Time  0.215 ( 0.215)	Loss 1.0337e+01 (1.0337e+01)	Acc pseudo  34.38 ( 34.38)	Lr 1.000e-03 (1.000e-03)
2026-02-07 20:35:16,207 - INFO: Epoch: [0][ 50/301]	Time  0.006 ( 0.008)	Loss 1.6874e+00 (4.3305e+00)	Acc pseudo  60.94 ( 47.49)	Lr 1.000e-03 (1.000e-03)
2026-02-07 20:35:16,368 - INFO: Epoch: [0][100/301]	Time  0.003 ( 0.005)	Loss 1.1695e+00 (2.8754e+00)	Acc pseudo  64.06 ( 55.15)	Lr 1.000e-03 (1.000e-03)
2026-02-07 20:35:16,535 - INFO: Epoch: [0][150/301]	Time  0.003 ( 0.005)	Loss 1.0265e+00 (2.3026e+00)	Acc pseudo  71.88 ( 59.70)	Lr 1.000e-03 (1.000e-03)
2026-02-07 20:35:16,692 - INFO: Epoch: [0][200/301]	Time  0.003 ( 0.004)	Loss 7.7534e-01 (1.9775e+00)	Acc pseudo  75.00 ( 62.52)	Lr 1.000e-03 (1.000e-03)
2026-02-07 20:35:16,853 - INFO: Epoch: [0][250/301]	Time  0.003 ( 0.004)	Loss 8.6669e-01 (1.7532e+00)	Acc pseudo  73.44 ( 64.95)	Lr 1.000e-03 (1.000e-03)
2026-02-07 20:35:17,011 - INFO: Epoch: [0][300/301]	Time  0.002 ( 0.004)	Loss 1.2152e+00 (1.5877e+00)	Acc pseudo  68.00 ( 66.92)	Lr 1.000e-03 (1.000e-03)
2026-02-07 20:35:17,067 - INFO: Round 7, Fine-tune Epoch 0: loss=1.5877, acc(pseudo)=66.92%
2026-02-07 20:35:24,917 - INFO: Round 7, Fine-tune Epoch 0: acc(valid_pseudo): 0.4285, acc: 0.4285
2026-02-07 20:35:26,467 - INFO: Epoch: [1][  0/301]	Time  0.352 ( 0.352)	Loss 9.0340e-01 (9.0340e-01)	Acc pseudo  71.88 ( 71.88)	Lr 1.000e-03 (1.000e-03)
2026-02-07 20:35:26,679 - INFO: Epoch: [1][ 50/301]	Time  0.004 ( 0.011)	Loss 9.5297e-01 (6.7613e-01)	Acc pseudo  68.75 ( 78.34)	Lr 1.000e-03 (1.000e-03)
2026-02-07 20:35:26,870 - INFO: Epoch: [1][100/301]	Time  0.004 ( 0.007)	Loss 7.3408e-01 (6.6707e-01)	Acc pseudo  79.69 ( 78.67)	Lr 1.000e-03 (1.000e-03)
2026-02-07 20:35:27,060 - INFO: Epoch: [1][150/301]	Time  0.004 ( 0.006)	Loss 7.2477e-01 (6.6289e-01)	Acc pseudo  75.00 ( 78.79)	Lr 1.000e-03 (1.000e-03)
2026-02-07 20:35:27,250 - INFO: Epoch: [1][200/301]	Time  0.004 ( 0.006)	Loss 4.3513e-01 (6.4781e-01)	Acc pseudo  82.81 ( 79.19)	Lr 1.000e-03 (1.000e-03)
2026-02-07 20:35:27,441 - INFO: Epoch: [1][250/301]	Time  0.004 ( 0.005)	Loss 5.0615e-01 (6.3088e-01)	Acc pseudo  82.81 ( 79.74)	Lr 1.000e-03 (1.000e-03)
2026-02-07 20:35:27,603 - INFO: Epoch: [1][300/301]	Time  0.002 ( 0.005)	Loss 4.0039e-01 (6.2248e-01)	Acc pseudo  92.00 ( 80.07)	Lr 1.000e-03 (1.000e-03)
2026-02-07 20:35:27,675 - INFO: Round 7, Fine-tune Epoch 1: loss=0.6225, acc(pseudo)=80.07%
2026-02-07 20:35:34,831 - INFO: Round 7, Fine-tune Epoch 1: acc(valid_pseudo): 0.4450, acc: 0.4450
2026-02-07 20:35:35,792 - INFO: Epoch: [2][  0/301]	Time  0.221 ( 0.221)	Loss 3.4220e-01 (3.4220e-01)	Acc pseudo  84.38 ( 84.38)	Lr 1.000e-03 (1.000e-03)
2026-02-07 20:35:35,970 - INFO: Epoch: [2][ 50/301]	Time  0.003 ( 0.008)	Loss 9.0214e-01 (5.4030e-01)	Acc pseudo  73.44 ( 81.28)	Lr 1.000e-03 (1.000e-03)
2026-02-07 20:35:36,141 - INFO: Epoch: [2][100/301]	Time  0.004 ( 0.006)	Loss 2.8732e-01 (5.2614e-01)	Acc pseudo  90.62 ( 81.88)	Lr 1.000e-03 (1.000e-03)
2026-02-07 20:35:36,306 - INFO: Epoch: [2][150/301]	Time  0.003 ( 0.005)	Loss 6.1206e-01 (5.3493e-01)	Acc pseudo  85.94 ( 81.64)	Lr 1.000e-03 (1.000e-03)
2026-02-07 20:35:36,470 - INFO: Epoch: [2][200/301]	Time  0.003 ( 0.004)	Loss 4.4765e-01 (5.4402e-01)	Acc pseudo  87.50 ( 81.43)	Lr 1.000e-03 (1.000e-03)
2026-02-07 20:35:36,631 - INFO: Epoch: [2][250/301]	Time  0.003 ( 0.004)	Loss 3.6552e-01 (5.4188e-01)	Acc pseudo  87.50 ( 81.43)	Lr 1.000e-03 (1.000e-03)
2026-02-07 20:35:36,786 - INFO: Epoch: [2][300/301]	Time  0.002 ( 0.004)	Loss 4.8567e-01 (5.3304e-01)	Acc pseudo  76.00 ( 81.68)	Lr 1.000e-03 (1.000e-03)
2026-02-07 20:35:36,856 - INFO: Round 7, Fine-tune Epoch 2: loss=0.5330, acc(pseudo)=81.68%
2026-02-07 20:35:44,486 - INFO: Round 7, Fine-tune Epoch 2: acc(valid_pseudo): 0.4435, acc: 0.4435
2026-02-07 20:35:44,486 - INFO: Round 7, Speaker Fine-tune Epoch 2: No improvement in validation accuracy. Patience(epoch): 1/3
2026-02-07 20:35:44,696 - INFO: Epoch: [3][  0/301]	Time  0.204 ( 0.204)	Loss 6.5466e-01 (6.5466e-01)	Acc pseudo  78.12 ( 78.12)	Lr 1.000e-03 (1.000e-03)
2026-02-07 20:35:44,870 - INFO: Epoch: [3][ 50/301]	Time  0.003 ( 0.007)	Loss 6.3671e-01 (5.3126e-01)	Acc pseudo  75.00 ( 81.92)	Lr 1.000e-03 (1.000e-03)
2026-02-07 20:35:45,025 - INFO: Epoch: [3][100/301]	Time  0.003 ( 0.005)	Loss 9.4712e-01 (5.1608e-01)	Acc pseudo  81.25 ( 82.38)	Lr 1.000e-03 (1.000e-03)
2026-02-07 20:35:45,178 - INFO: Epoch: [3][150/301]	Time  0.003 ( 0.004)	Loss 2.8256e-01 (5.0079e-01)	Acc pseudo  87.50 ( 82.71)	Lr 1.000e-03 (1.000e-03)
2026-02-07 20:35:45,331 - INFO: Epoch: [3][200/301]	Time  0.003 ( 0.004)	Loss 4.4240e-01 (4.9757e-01)	Acc pseudo  92.19 ( 82.80)	Lr 1.000e-03 (1.000e-03)
2026-02-07 20:35:45,484 - INFO: Epoch: [3][250/301]	Time  0.003 ( 0.004)	Loss 3.6598e-01 (5.0018e-01)	Acc pseudo  89.06 ( 82.67)	Lr 1.000e-03 (1.000e-03)
2026-02-07 20:35:45,630 - INFO: Epoch: [3][300/301]	Time  0.002 ( 0.004)	Loss 3.3337e-01 (4.9660e-01)	Acc pseudo  88.00 ( 82.78)	Lr 1.000e-03 (1.000e-03)
2026-02-07 20:35:45,692 - INFO: Round 7, Fine-tune Epoch 3: loss=0.4966, acc(pseudo)=82.78%
2026-02-07 20:35:54,386 - INFO: Round 7, Fine-tune Epoch 3: acc(valid_pseudo): 0.4465, acc: 0.4465
2026-02-07 20:35:55,247 - INFO: Epoch: [4][  0/301]	Time  0.204 ( 0.204)	Loss 4.5598e-01 (4.5598e-01)	Acc pseudo  84.38 ( 84.38)	Lr 1.000e-03 (1.000e-03)
2026-02-07 20:35:55,422 - INFO: Epoch: [4][ 50/301]	Time  0.003 ( 0.007)	Loss 4.2638e-01 (4.5950e-01)	Acc pseudo  87.50 ( 83.36)	Lr 1.000e-03 (1.000e-03)
2026-02-07 20:35:55,577 - INFO: Epoch: [4][100/301]	Time  0.003 ( 0.005)	Loss 5.1363e-01 (4.6573e-01)	Acc pseudo  82.81 ( 84.02)	Lr 1.000e-03 (1.000e-03)
2026-02-07 20:35:55,734 - INFO: Epoch: [4][150/301]	Time  0.003 ( 0.004)	Loss 7.6306e-01 (4.7637e-01)	Acc pseudo  70.31 ( 83.45)	Lr 1.000e-03 (1.000e-03)
2026-02-07 20:35:55,888 - INFO: Epoch: [4][200/301]	Time  0.003 ( 0.004)	Loss 3.3269e-01 (4.6997e-01)	Acc pseudo  84.38 ( 83.71)	Lr 1.000e-03 (1.000e-03)
2026-02-07 20:35:56,043 - INFO: Epoch: [4][250/301]	Time  0.003 ( 0.004)	Loss 3.8857e-01 (4.5906e-01)	Acc pseudo  82.81 ( 83.99)	Lr 1.000e-03 (1.000e-03)
2026-02-07 20:35:56,189 - INFO: Epoch: [4][300/301]	Time  0.002 ( 0.004)	Loss 7.2636e-01 (4.5100e-01)	Acc pseudo  84.00 ( 84.36)	Lr 1.000e-03 (1.000e-03)
2026-02-07 20:35:56,247 - INFO: Round 7, Fine-tune Epoch 4: loss=0.4510, acc(pseudo)=84.36%
2026-02-07 20:36:04,050 - INFO: Round 7, Fine-tune Epoch 4: acc(valid_pseudo): 0.4435, acc: 0.4435
2026-02-07 20:36:04,050 - INFO: Round 7, Speaker Fine-tune Epoch 4: No improvement in validation accuracy. Patience(epoch): 1/3
2026-02-07 20:36:04,394 - INFO: Epoch: [5][  0/301]	Time  0.335 ( 0.335)	Loss 3.4933e-01 (3.4933e-01)	Acc pseudo  89.06 ( 89.06)	Lr 1.000e-03 (1.000e-03)
2026-02-07 20:36:04,610 - INFO: Epoch: [5][ 50/301]	Time  0.004 ( 0.011)	Loss 3.8328e-01 (4.2265e-01)	Acc pseudo  79.69 ( 84.34)	Lr 1.000e-03 (1.000e-03)
2026-02-07 20:36:04,805 - INFO: Epoch: [5][100/301]	Time  0.004 ( 0.007)	Loss 4.7155e-01 (4.3423e-01)	Acc pseudo  82.81 ( 84.25)	Lr 1.000e-03 (1.000e-03)
2026-02-07 20:36:04,973 - INFO: Epoch: [5][150/301]	Time  0.003 ( 0.006)	Loss 3.5635e-01 (4.3013e-01)	Acc pseudo  85.94 ( 84.51)	Lr 1.000e-03 (1.000e-03)
2026-02-07 20:36:05,119 - INFO: Epoch: [5][200/301]	Time  0.003 ( 0.005)	Loss 4.1815e-01 (4.2980e-01)	Acc pseudo  82.81 ( 84.59)	Lr 1.000e-03 (1.000e-03)
2026-02-07 20:36:05,266 - INFO: Epoch: [5][250/301]	Time  0.003 ( 0.005)	Loss 5.4218e-01 (4.4261e-01)	Acc pseudo  82.81 ( 84.29)	Lr 1.000e-03 (1.000e-03)
2026-02-07 20:36:05,414 - INFO: Epoch: [5][300/301]	Time  0.002 ( 0.004)	Loss 8.2773e-01 (4.3992e-01)	Acc pseudo  76.00 ( 84.40)	Lr 1.000e-03 (1.000e-03)
2026-02-07 20:36:05,471 - INFO: Round 7, Fine-tune Epoch 5: loss=0.4399, acc(pseudo)=84.40%
2026-02-07 20:36:12,475 - INFO: Round 7, Fine-tune Epoch 5: acc(valid_pseudo): 0.4515, acc: 0.4515
2026-02-07 20:36:13,350 - INFO: Epoch: [6][  0/301]	Time  0.224 ( 0.224)	Loss 1.5486e-01 (1.5486e-01)	Acc pseudo  98.44 ( 98.44)	Lr 1.000e-03 (1.000e-03)
2026-02-07 20:36:13,601 - INFO: Epoch: [6][ 50/301]	Time  0.003 ( 0.009)	Loss 4.1773e-01 (4.0230e-01)	Acc pseudo  84.38 ( 85.94)	Lr 1.000e-03 (1.000e-03)
2026-02-07 20:36:13,775 - INFO: Epoch: [6][100/301]	Time  0.004 ( 0.006)	Loss 2.7523e-01 (4.1431e-01)	Acc pseudo  90.62 ( 85.72)	Lr 1.000e-03 (1.000e-03)
2026-02-07 20:36:13,938 - INFO: Epoch: [6][150/301]	Time  0.003 ( 0.005)	Loss 2.5248e-01 (4.1561e-01)	Acc pseudo  87.50 ( 85.38)	Lr 1.000e-03 (1.000e-03)
2026-02-07 20:36:14,097 - INFO: Epoch: [6][200/301]	Time  0.003 ( 0.005)	Loss 4.5584e-01 (4.1730e-01)	Acc pseudo  90.62 ( 85.50)	Lr 1.000e-03 (1.000e-03)
2026-02-07 20:36:14,250 - INFO: Epoch: [6][250/301]	Time  0.003 ( 0.004)	Loss 3.5744e-01 (4.1482e-01)	Acc pseudo  84.38 ( 85.50)	Lr 1.000e-03 (1.000e-03)
2026-02-07 20:36:14,405 - INFO: Epoch: [6][300/301]	Time  0.002 ( 0.004)	Loss 3.4681e-01 (4.2798e-01)	Acc pseudo  88.00 ( 84.99)	Lr 1.000e-03 (1.000e-03)
2026-02-07 20:36:14,484 - INFO: Round 7, Fine-tune Epoch 6: loss=0.4280, acc(pseudo)=84.99%
2026-02-07 20:36:22,244 - INFO: Round 7, Fine-tune Epoch 6: acc(valid_pseudo): 0.4365, acc: 0.4365
2026-02-07 20:36:22,245 - INFO: Round 7, Speaker Fine-tune Epoch 6: No improvement in validation accuracy. Patience(epoch): 1/3
2026-02-07 20:36:22,476 - INFO: Epoch: [7][  0/301]	Time  0.225 ( 0.225)	Loss 2.6590e-01 (2.6590e-01)	Acc pseudo  89.06 ( 89.06)	Lr 1.000e-03 (1.000e-03)
2026-02-07 20:36:22,654 - INFO: Epoch: [7][ 50/301]	Time  0.003 ( 0.008)	Loss 4.6338e-01 (3.8212e-01)	Acc pseudo  82.81 ( 85.60)	Lr 1.000e-03 (1.000e-03)
2026-02-07 20:36:22,809 - INFO: Epoch: [7][100/301]	Time  0.003 ( 0.005)	Loss 4.7955e-01 (3.9083e-01)	Acc pseudo  85.94 ( 85.52)	Lr 1.000e-03 (1.000e-03)
2026-02-07 20:36:22,961 - INFO: Epoch: [7][150/301]	Time  0.003 ( 0.005)	Loss 4.8813e-01 (3.9594e-01)	Acc pseudo  85.94 ( 85.24)	Lr 1.000e-03 (1.000e-03)
2026-02-07 20:36:23,112 - INFO: Epoch: [7][200/301]	Time  0.003 ( 0.004)	Loss 2.6886e-01 (4.0841e-01)	Acc pseudo  87.50 ( 85.32)	Lr 1.000e-03 (1.000e-03)
2026-02-07 20:36:23,259 - INFO: Epoch: [7][250/301]	Time  0.003 ( 0.004)	Loss 3.7881e-01 (4.0546e-01)	Acc pseudo  85.94 ( 85.35)	Lr 1.000e-03 (1.000e-03)
2026-02-07 20:36:23,404 - INFO: Epoch: [7][300/301]	Time  0.002 ( 0.004)	Loss 2.2216e-01 (4.0744e-01)	Acc pseudo  92.00 ( 85.22)	Lr 1.000e-03 (1.000e-03)
2026-02-07 20:36:23,466 - INFO: Round 7, Fine-tune Epoch 7: loss=0.4074, acc(pseudo)=85.22%
2026-02-07 20:36:32,068 - INFO: Round 7, Fine-tune Epoch 7: acc(valid_pseudo): 0.4425, acc: 0.4425
2026-02-07 20:36:32,068 - INFO: Round 7, Speaker Fine-tune Epoch 7: No improvement in validation accuracy. Patience(epoch): 2/3
2026-02-07 20:36:32,278 - INFO: Epoch: [8][  0/301]	Time  0.205 ( 0.205)	Loss 2.8411e-01 (2.8411e-01)	Acc pseudo  90.62 ( 90.62)	Lr 1.000e-03 (1.000e-03)
2026-02-07 20:36:32,456 - INFO: Epoch: [8][ 50/301]	Time  0.003 ( 0.007)	Loss 4.6626e-01 (3.8745e-01)	Acc pseudo  84.38 ( 85.85)	Lr 1.000e-03 (1.000e-03)
2026-02-07 20:36:32,624 - INFO: Epoch: [8][100/301]	Time  0.004 ( 0.005)	Loss 2.0663e-01 (4.1195e-01)	Acc pseudo  92.19 ( 85.33)	Lr 1.000e-03 (1.000e-03)
2026-02-07 20:36:32,806 - INFO: Epoch: [8][150/301]	Time  0.003 ( 0.005)	Loss 2.8117e-01 (4.1633e-01)	Acc pseudo  92.19 ( 85.00)	Lr 1.000e-03 (1.000e-03)
2026-02-07 20:36:32,995 - INFO: Epoch: [8][200/301]	Time  0.004 ( 0.005)	Loss 3.0216e-01 (4.0929e-01)	Acc pseudo  84.38 ( 85.20)	Lr 1.000e-03 (1.000e-03)
2026-02-07 20:36:33,183 - INFO: Epoch: [8][250/301]	Time  0.004 ( 0.004)	Loss 4.0460e-01 (4.1376e-01)	Acc pseudo  85.94 ( 85.03)	Lr 1.000e-03 (1.000e-03)
2026-02-07 20:36:33,365 - INFO: Epoch: [8][300/301]	Time  0.003 ( 0.004)	Loss 9.4919e-01 (4.1498e-01)	Acc pseudo  68.00 ( 84.93)	Lr 1.000e-03 (1.000e-03)
2026-02-07 20:36:33,421 - INFO: Round 7, Fine-tune Epoch 8: loss=0.4150, acc(pseudo)=84.93%
2026-02-07 20:36:41,819 - INFO: Round 7, Fine-tune Epoch 8: acc(valid_pseudo): 0.4455, acc: 0.4455
2026-02-07 20:36:41,819 - INFO: Round 7, Speaker Fine-tune Epoch 8: No improvement in validation accuracy. Patience(epoch): 3/3
2026-02-07 20:36:41,819 - INFO: Early stopping at epoch 8 due to no improvement in validation accuracy for 3 epochs.
2026-02-07 20:36:41,820 - INFO: Round 7: Best speaker fine-tuned epoch=5, acc(valid_pseudo)=0.4515
2026-02-07 20:41:53,597 - INFO: Round 7: speaker_acc=0.3865
2026-02-07 20:41:53,600 - INFO: ====================
2026-02-07 20:41:53,600 - INFO: Round 8: Fine-tuning iteration
2026-02-07 20:41:53,600 - INFO: ====================
2026-02-07 20:41:53,706 - INFO: Round 8 Part 1: Fine-tuning embedding model
2026-02-07 20:41:53,707 - INFO: Using pseudo-label file: runs/I love my family/exp_video/result/self_supervised/baseline_sc/exp0/round7/pseudo_label/pseudo_labels_audio_baseline_sc.json
2026-02-07 20:41:53,761 - INFO: Fine-tuning speaker embedding model for 20 epochs...
2026-02-07 20:41:54,168 - INFO: Epoch: [0][  0/301]	Time  0.379 ( 0.379)	Loss 5.7907e+00 (5.7907e+00)	Acc pseudo  54.69 ( 54.69)	Lr 1.000e-03 (1.000e-03)
2026-02-07 20:41:54,341 - INFO: Epoch: [0][ 50/301]	Time  0.003 ( 0.011)	Loss 1.0392e+00 (2.9033e+00)	Acc pseudo  71.88 ( 63.88)	Lr 1.000e-03 (1.000e-03)
2026-02-07 20:41:54,497 - INFO: Epoch: [0][100/301]	Time  0.003 ( 0.007)	Loss 4.9422e-01 (1.9528e+00)	Acc pseudo  87.50 ( 68.46)	Lr 1.000e-03 (1.000e-03)
2026-02-07 20:41:54,651 - INFO: Epoch: [0][150/301]	Time  0.003 ( 0.006)	Loss 5.4016e-01 (1.5675e+00)	Acc pseudo  82.81 ( 71.77)	Lr 1.000e-03 (1.000e-03)
2026-02-07 20:41:54,803 - INFO: Epoch: [0][200/301]	Time  0.003 ( 0.005)	Loss 6.7856e-01 (1.3386e+00)	Acc pseudo  82.81 ( 73.83)	Lr 1.000e-03 (1.000e-03)
2026-02-07 20:41:54,981 - INFO: Epoch: [0][250/301]	Time  0.004 ( 0.005)	Loss 6.7649e-01 (1.2065e+00)	Acc pseudo  85.94 ( 75.17)	Lr 1.000e-03 (1.000e-03)
2026-02-07 20:41:55,137 - INFO: Epoch: [0][300/301]	Time  0.003 ( 0.004)	Loss 4.3851e-01 (1.0992e+00)	Acc pseudo  84.00 ( 76.43)	Lr 1.000e-03 (1.000e-03)
2026-02-07 20:41:55,195 - INFO: Round 8, Fine-tune Epoch 0: loss=1.0992, acc(pseudo)=76.43%
2026-02-07 20:42:03,124 - INFO: Round 8, Fine-tune Epoch 0: acc(valid_pseudo): 0.3910, acc: 0.3910
2026-02-07 20:42:04,174 - INFO: Epoch: [1][  0/301]	Time  0.214 ( 0.214)	Loss 2.5565e-01 (2.5565e-01)	Acc pseudo  92.19 ( 92.19)	Lr 1.000e-03 (1.000e-03)
2026-02-07 20:42:04,360 - INFO: Epoch: [1][ 50/301]	Time  0.003 ( 0.008)	Loss 3.9091e-01 (4.5628e-01)	Acc pseudo  87.50 ( 84.59)	Lr 1.000e-03 (1.000e-03)
2026-02-07 20:42:04,517 - INFO: Epoch: [1][100/301]	Time  0.003 ( 0.005)	Loss 4.4722e-01 (4.8902e-01)	Acc pseudo  84.38 ( 84.38)	Lr 1.000e-03 (1.000e-03)
2026-02-07 20:42:04,674 - INFO: Epoch: [1][150/301]	Time  0.003 ( 0.005)	Loss 4.6368e-01 (4.9452e-01)	Acc pseudo  82.81 ( 84.24)	Lr 1.000e-03 (1.000e-03)
2026-02-07 20:42:04,826 - INFO: Epoch: [1][200/301]	Time  0.003 ( 0.004)	Loss 5.1608e-01 (4.9238e-01)	Acc pseudo  81.25 ( 84.42)	Lr 1.000e-03 (1.000e-03)
2026-02-07 20:42:04,971 - INFO: Epoch: [1][250/301]	Time  0.003 ( 0.004)	Loss 3.8264e-01 (4.8554e-01)	Acc pseudo  89.06 ( 84.69)	Lr 1.000e-03 (1.000e-03)
2026-02-07 20:42:05,113 - INFO: Epoch: [1][300/301]	Time  0.002 ( 0.004)	Loss 4.3985e-01 (4.7585e-01)	Acc pseudo  88.00 ( 84.80)	Lr 1.000e-03 (1.000e-03)
2026-02-07 20:42:05,170 - INFO: Round 8, Fine-tune Epoch 1: loss=0.4758, acc(pseudo)=84.80%
2026-02-07 20:42:13,197 - INFO: Round 8, Fine-tune Epoch 1: acc(valid_pseudo): 0.3820, acc: 0.3820
2026-02-07 20:42:13,197 - INFO: Round 8, Speaker Fine-tune Epoch 1: No improvement in validation accuracy. Patience(epoch): 1/3
2026-02-07 20:42:13,449 - INFO: Epoch: [2][  0/301]	Time  0.245 ( 0.245)	Loss 4.9209e-01 (4.9209e-01)	Acc pseudo  81.25 ( 81.25)	Lr 1.000e-03 (1.000e-03)
2026-02-07 20:42:13,622 - INFO: Epoch: [2][ 50/301]	Time  0.003 ( 0.008)	Loss 5.5933e-01 (4.2607e-01)	Acc pseudo  84.38 ( 85.94)	Lr 1.000e-03 (1.000e-03)
2026-02-07 20:42:13,790 - INFO: Epoch: [2][100/301]	Time  0.003 ( 0.006)	Loss 3.2073e-01 (4.0797e-01)	Acc pseudo  84.38 ( 85.92)	Lr 1.000e-03 (1.000e-03)
2026-02-07 20:42:13,942 - INFO: Epoch: [2][150/301]	Time  0.002 ( 0.005)	Loss 2.4452e-01 (4.2021e-01)	Acc pseudo  85.94 ( 85.85)	Lr 1.000e-03 (1.000e-03)
2026-02-07 20:42:14,088 - INFO: Epoch: [2][200/301]	Time  0.003 ( 0.004)	Loss 4.4176e-01 (4.2874e-01)	Acc pseudo  85.94 ( 85.56)	Lr 1.000e-03 (1.000e-03)
2026-02-07 20:42:14,233 - INFO: Epoch: [2][250/301]	Time  0.003 ( 0.004)	Loss 5.3252e-01 (4.2699e-01)	Acc pseudo  87.50 ( 85.57)	Lr 1.000e-03 (1.000e-03)
2026-02-07 20:42:14,370 - INFO: Epoch: [2][300/301]	Time  0.002 ( 0.004)	Loss 3.5697e-01 (4.2114e-01)	Acc pseudo  80.00 ( 85.68)	Lr 1.000e-03 (1.000e-03)
2026-02-07 20:42:14,429 - INFO: Round 8, Fine-tune Epoch 2: loss=0.4211, acc(pseudo)=85.68%
2026-02-07 20:42:23,089 - INFO: Round 8, Fine-tune Epoch 2: acc(valid_pseudo): 0.4000, acc: 0.4000
2026-02-07 20:42:24,183 - INFO: Epoch: [3][  0/301]	Time  0.212 ( 0.212)	Loss 5.3538e-01 (5.3538e-01)	Acc pseudo  85.94 ( 85.94)	Lr 1.000e-03 (1.000e-03)
2026-02-07 20:42:24,357 - INFO: Epoch: [3][ 50/301]	Time  0.003 ( 0.007)	Loss 2.5350e-01 (4.1261e-01)	Acc pseudo  92.19 ( 85.81)	Lr 1.000e-03 (1.000e-03)
2026-02-07 20:42:24,511 - INFO: Epoch: [3][100/301]	Time  0.003 ( 0.005)	Loss 4.6023e-01 (3.8468e-01)	Acc pseudo  82.81 ( 86.43)	Lr 1.000e-03 (1.000e-03)
2026-02-07 20:42:24,669 - INFO: Epoch: [3][150/301]	Time  0.003 ( 0.005)	Loss 2.2422e-01 (3.7584e-01)	Acc pseudo  84.38 ( 86.82)	Lr 1.000e-03 (1.000e-03)
2026-02-07 20:42:24,861 - INFO: Epoch: [3][200/301]	Time  0.004 ( 0.004)	Loss 2.7659e-01 (3.7204e-01)	Acc pseudo  90.62 ( 87.19)	Lr 1.000e-03 (1.000e-03)
2026-02-07 20:42:25,051 - INFO: Epoch: [3][250/301]	Time  0.004 ( 0.004)	Loss 2.7151e-01 (3.7938e-01)	Acc pseudo  90.62 ( 86.82)	Lr 1.000e-03 (1.000e-03)
2026-02-07 20:42:25,235 - INFO: Epoch: [3][300/301]	Time  0.003 ( 0.004)	Loss 3.1647e-01 (3.7881e-01)	Acc pseudo  88.00 ( 86.90)	Lr 1.000e-03 (1.000e-03)
2026-02-07 20:42:25,292 - INFO: Round 8, Fine-tune Epoch 3: loss=0.3788, acc(pseudo)=86.90%
2026-02-07 20:42:34,787 - INFO: Round 8, Fine-tune Epoch 3: acc(valid_pseudo): 0.3920, acc: 0.3920
2026-02-07 20:42:34,787 - INFO: Round 8, Speaker Fine-tune Epoch 3: No improvement in validation accuracy. Patience(epoch): 1/3
2026-02-07 20:42:35,008 - INFO: Epoch: [4][  0/301]	Time  0.216 ( 0.216)	Loss 3.5352e-01 (3.5352e-01)	Acc pseudo  95.31 ( 95.31)	Lr 1.000e-03 (1.000e-03)
2026-02-07 20:42:35,185 - INFO: Epoch: [4][ 50/301]	Time  0.003 ( 0.008)	Loss 5.2456e-01 (4.1175e-01)	Acc pseudo  87.50 ( 85.60)	Lr 1.000e-03 (1.000e-03)
2026-02-07 20:42:35,339 - INFO: Epoch: [4][100/301]	Time  0.003 ( 0.005)	Loss 3.3609e-01 (3.8275e-01)	Acc pseudo  89.06 ( 86.45)	Lr 1.000e-03 (1.000e-03)
2026-02-07 20:42:35,499 - INFO: Epoch: [4][150/301]	Time  0.003 ( 0.005)	Loss 4.5393e-01 (3.8499e-01)	Acc pseudo  84.38 ( 86.39)	Lr 1.000e-03 (1.000e-03)
2026-02-07 20:42:35,653 - INFO: Epoch: [4][200/301]	Time  0.003 ( 0.004)	Loss 3.1577e-01 (3.7711e-01)	Acc pseudo  84.38 ( 86.65)	Lr 1.000e-03 (1.000e-03)
2026-02-07 20:42:35,807 - INFO: Epoch: [4][250/301]	Time  0.003 ( 0.004)	Loss 2.5699e-01 (3.7398e-01)	Acc pseudo  89.06 ( 86.77)	Lr 1.000e-03 (1.000e-03)
2026-02-07 20:42:35,947 - INFO: Epoch: [4][300/301]	Time  0.002 ( 0.004)	Loss 2.6599e-01 (3.6610e-01)	Acc pseudo  92.00 ( 87.06)	Lr 1.000e-03 (1.000e-03)
2026-02-07 20:42:36,003 - INFO: Round 8, Fine-tune Epoch 4: loss=0.3661, acc(pseudo)=87.06%
2026-02-07 20:42:44,414 - INFO: Round 8, Fine-tune Epoch 4: acc(valid_pseudo): 0.3905, acc: 0.3905
2026-02-07 20:42:44,415 - INFO: Round 8, Speaker Fine-tune Epoch 4: No improvement in validation accuracy. Patience(epoch): 2/3
2026-02-07 20:42:44,653 - INFO: Epoch: [5][  0/301]	Time  0.233 ( 0.233)	Loss 4.0988e-01 (4.0988e-01)	Acc pseudo  82.81 ( 82.81)	Lr 1.000e-03 (1.000e-03)
2026-02-07 20:42:44,842 - INFO: Epoch: [5][ 50/301]	Time  0.003 ( 0.008)	Loss 4.3538e-01 (3.4751e-01)	Acc pseudo  79.69 ( 87.99)	Lr 1.000e-03 (1.000e-03)
2026-02-07 20:42:45,006 - INFO: Epoch: [5][100/301]	Time  0.004 ( 0.006)	Loss 4.9371e-01 (3.3449e-01)	Acc pseudo  82.81 ( 88.06)	Lr 1.000e-03 (1.000e-03)
2026-02-07 20:42:45,165 - INFO: Epoch: [5][150/301]	Time  0.003 ( 0.005)	Loss 1.9764e-01 (3.3942e-01)	Acc pseudo  92.19 ( 88.06)	Lr 1.000e-03 (1.000e-03)
2026-02-07 20:42:45,319 - INFO: Epoch: [5][200/301]	Time  0.003 ( 0.004)	Loss 3.0439e-01 (3.4344e-01)	Acc pseudo  89.06 ( 87.94)	Lr 1.000e-03 (1.000e-03)
2026-02-07 20:42:45,474 - INFO: Epoch: [5][250/301]	Time  0.003 ( 0.004)	Loss 4.4225e-01 (3.5571e-01)	Acc pseudo  85.94 ( 87.64)	Lr 1.000e-03 (1.000e-03)
2026-02-07 20:42:45,622 - INFO: Epoch: [5][300/301]	Time  0.002 ( 0.004)	Loss 4.7419e-01 (3.5493e-01)	Acc pseudo  84.00 ( 87.64)	Lr 1.000e-03 (1.000e-03)
2026-02-07 20:42:45,680 - INFO: Round 8, Fine-tune Epoch 5: loss=0.3549, acc(pseudo)=87.64%
2026-02-07 20:42:55,290 - INFO: Round 8, Fine-tune Epoch 5: acc(valid_pseudo): 0.3960, acc: 0.3960
2026-02-07 20:42:55,291 - INFO: Round 8, Speaker Fine-tune Epoch 5: No improvement in validation accuracy. Patience(epoch): 3/3
2026-02-07 20:42:55,291 - INFO: Early stopping at epoch 5 due to no improvement in validation accuracy for 3 epochs.
2026-02-07 20:42:55,292 - INFO: Round 8: Best speaker fine-tuned epoch=2, acc(valid_pseudo)=0.4000
2026-02-07 20:47:45,756 - INFO: Round 8: speaker_acc=0.3960
2026-02-07 20:47:45,759 - INFO: ====================
2026-02-07 20:47:45,759 - INFO: Round 9: Fine-tuning iteration
2026-02-07 20:47:45,759 - INFO: ====================
2026-02-07 20:47:45,821 - INFO: Round 9 Part 1: Fine-tuning embedding model
2026-02-07 20:47:45,822 - INFO: Using pseudo-label file: runs/I love my family/exp_video/result/self_supervised/baseline_sc/exp0/round8/pseudo_label/pseudo_labels_audio_baseline_sc.json
2026-02-07 20:47:45,859 - INFO: Fine-tuning speaker embedding model for 20 epochs...
2026-02-07 20:47:46,058 - INFO: Epoch: [0][  0/301]	Time  0.195 ( 0.195)	Loss 6.7951e+00 (6.7951e+00)	Acc pseudo  53.12 ( 53.12)	Lr 1.000e-03 (1.000e-03)
2026-02-07 20:47:46,232 - INFO: Epoch: [0][ 50/301]	Time  0.003 ( 0.007)	Loss 1.4772e+00 (3.8692e+00)	Acc pseudo  65.62 ( 63.48)	Lr 1.000e-03 (1.000e-03)
2026-02-07 20:47:46,408 - INFO: Epoch: [0][100/301]	Time  0.004 ( 0.005)	Loss 1.0317e+00 (2.5725e+00)	Acc pseudo  78.12 ( 66.38)	Lr 1.000e-03 (1.000e-03)
2026-02-07 20:47:46,566 - INFO: Epoch: [0][150/301]	Time  0.003 ( 0.005)	Loss 5.6729e-01 (2.0229e+00)	Acc pseudo  78.12 ( 69.19)	Lr 1.000e-03 (1.000e-03)
2026-02-07 20:47:46,716 - INFO: Epoch: [0][200/301]	Time  0.003 ( 0.004)	Loss 5.2933e-01 (1.7162e+00)	Acc pseudo  81.25 ( 71.02)	Lr 1.000e-03 (1.000e-03)
2026-02-07 20:47:46,865 - INFO: Epoch: [0][250/301]	Time  0.003 ( 0.004)	Loss 5.6280e-01 (1.5163e+00)	Acc pseudo  84.38 ( 72.58)	Lr 1.000e-03 (1.000e-03)
2026-02-07 20:47:47,003 - INFO: Epoch: [0][300/301]	Time  0.002 ( 0.004)	Loss 3.0284e-01 (1.3834e+00)	Acc pseudo  84.00 ( 73.78)	Lr 1.000e-03 (1.000e-03)
2026-02-07 20:47:47,056 - INFO: Round 9, Fine-tune Epoch 0: loss=1.3834, acc(pseudo)=73.78%
2026-02-07 20:47:55,564 - INFO: Round 9, Fine-tune Epoch 0: acc(valid_pseudo): 0.4025, acc: 0.4025
2026-02-07 20:47:56,444 - INFO: Epoch: [1][  0/301]	Time  0.196 ( 0.196)	Loss 7.6556e-01 (7.6556e-01)	Acc pseudo  79.69 ( 79.69)	Lr 1.000e-03 (1.000e-03)
2026-02-07 20:47:56,636 - INFO: Epoch: [1][ 50/301]	Time  0.003 ( 0.008)	Loss 5.6646e-01 (5.7771e-01)	Acc pseudo  82.81 ( 81.86)	Lr 1.000e-03 (1.000e-03)
2026-02-07 20:47:56,800 - INFO: Epoch: [1][100/301]	Time  0.003 ( 0.005)	Loss 5.3064e-01 (5.6920e-01)	Acc pseudo  85.94 ( 82.12)	Lr 1.000e-03 (1.000e-03)
2026-02-07 20:47:56,959 - INFO: Epoch: [1][150/301]	Time  0.003 ( 0.005)	Loss 5.6897e-01 (5.5325e-01)	Acc pseudo  84.38 ( 82.53)	Lr 1.000e-03 (1.000e-03)
2026-02-07 20:47:57,116 - INFO: Epoch: [1][200/301]	Time  0.003 ( 0.004)	Loss 6.7488e-01 (5.4818e-01)	Acc pseudo  75.00 ( 82.52)	Lr 1.000e-03 (1.000e-03)
2026-02-07 20:47:57,273 - INFO: Epoch: [1][250/301]	Time  0.003 ( 0.004)	Loss 4.1332e-01 (5.3404e-01)	Acc pseudo  84.38 ( 83.04)	Lr 1.000e-03 (1.000e-03)
2026-02-07 20:47:57,423 - INFO: Epoch: [1][300/301]	Time  0.002 ( 0.004)	Loss 4.6942e-01 (5.2663e-01)	Acc pseudo  84.00 ( 83.22)	Lr 1.000e-03 (1.000e-03)
2026-02-07 20:47:57,477 - INFO: Round 9, Fine-tune Epoch 1: loss=0.5266, acc(pseudo)=83.22%
2026-02-07 20:48:04,698 - INFO: Round 9, Fine-tune Epoch 1: acc(valid_pseudo): 0.3945, acc: 0.3945
2026-02-07 20:48:04,698 - INFO: Round 9, Speaker Fine-tune Epoch 1: No improvement in validation accuracy. Patience(epoch): 1/3
2026-02-07 20:48:04,912 - INFO: Epoch: [2][  0/301]	Time  0.209 ( 0.209)	Loss 3.9215e-01 (3.9215e-01)	Acc pseudo  87.50 ( 87.50)	Lr 1.000e-03 (1.000e-03)
2026-02-07 20:48:05,073 - INFO: Epoch: [2][ 50/301]	Time  0.003 ( 0.007)	Loss 5.4713e-01 (5.1243e-01)	Acc pseudo  82.81 ( 84.04)	Lr 1.000e-03 (1.000e-03)
2026-02-07 20:48:05,222 - INFO: Epoch: [2][100/301]	Time  0.003 ( 0.005)	Loss 1.6464e-01 (4.8004e-01)	Acc pseudo  89.06 ( 83.93)	Lr 1.000e-03 (1.000e-03)
2026-02-07 20:48:05,368 - INFO: Epoch: [2][150/301]	Time  0.003 ( 0.004)	Loss 2.7792e-01 (4.8219e-01)	Acc pseudo  85.94 ( 84.01)	Lr 1.000e-03 (1.000e-03)
2026-02-07 20:48:05,516 - INFO: Epoch: [2][200/301]	Time  0.003 ( 0.004)	Loss 5.3741e-01 (4.8879e-01)	Acc pseudo  82.81 ( 83.77)	Lr 1.000e-03 (1.000e-03)
2026-02-07 20:48:05,663 - INFO: Epoch: [2][250/301]	Time  0.003 ( 0.004)	Loss 2.8772e-01 (4.8941e-01)	Acc pseudo  90.62 ( 83.83)	Lr 1.000e-03 (1.000e-03)
2026-02-07 20:48:05,802 - INFO: Epoch: [2][300/301]	Time  0.002 ( 0.004)	Loss 3.2840e-01 (4.7868e-01)	Acc pseudo  84.00 ( 84.03)	Lr 1.000e-03 (1.000e-03)
2026-02-07 20:48:05,856 - INFO: Round 9, Fine-tune Epoch 2: loss=0.4787, acc(pseudo)=84.03%
2026-02-07 20:48:13,112 - INFO: Round 9, Fine-tune Epoch 2: acc(valid_pseudo): 0.3980, acc: 0.3980
2026-02-07 20:48:13,113 - INFO: Round 9, Speaker Fine-tune Epoch 2: No improvement in validation accuracy. Patience(epoch): 2/3
2026-02-07 20:48:13,312 - INFO: Epoch: [3][  0/301]	Time  0.194 ( 0.194)	Loss 5.1677e-01 (5.1677e-01)	Acc pseudo  87.50 ( 87.50)	Lr 1.000e-03 (1.000e-03)
2026-02-07 20:48:13,496 - INFO: Epoch: [3][ 50/301]	Time  0.003 ( 0.007)	Loss 3.1404e-01 (3.9815e-01)	Acc pseudo  90.62 ( 86.58)	Lr 1.000e-03 (1.000e-03)
2026-02-07 20:48:13,653 - INFO: Epoch: [3][100/301]	Time  0.003 ( 0.005)	Loss 5.0523e-01 (4.1538e-01)	Acc pseudo  82.81 ( 85.75)	Lr 1.000e-03 (1.000e-03)
2026-02-07 20:48:13,814 - INFO: Epoch: [3][150/301]	Time  0.003 ( 0.005)	Loss 3.4749e-01 (4.0893e-01)	Acc pseudo  84.38 ( 85.98)	Lr 1.000e-03 (1.000e-03)
2026-02-07 20:48:13,974 - INFO: Epoch: [3][200/301]	Time  0.003 ( 0.004)	Loss 2.8108e-01 (3.9885e-01)	Acc pseudo  92.19 ( 86.21)	Lr 1.000e-03 (1.000e-03)
2026-02-07 20:48:14,133 - INFO: Epoch: [3][250/301]	Time  0.003 ( 0.004)	Loss 2.4560e-01 (4.1011e-01)	Acc pseudo  90.62 ( 85.86)	Lr 1.000e-03 (1.000e-03)
2026-02-07 20:48:14,290 - INFO: Epoch: [3][300/301]	Time  0.003 ( 0.004)	Loss 3.8497e-01 (4.1782e-01)	Acc pseudo  84.00 ( 85.92)	Lr 1.000e-03 (1.000e-03)
2026-02-07 20:48:14,348 - INFO: Round 9, Fine-tune Epoch 3: loss=0.4178, acc(pseudo)=85.92%
2026-02-07 20:48:21,499 - INFO: Round 9, Fine-tune Epoch 3: acc(valid_pseudo): 0.3995, acc: 0.3995
2026-02-07 20:48:21,499 - INFO: Round 9, Speaker Fine-tune Epoch 3: No improvement in validation accuracy. Patience(epoch): 3/3
2026-02-07 20:48:21,500 - INFO: Early stopping at epoch 3 due to no improvement in validation accuracy for 3 epochs.
2026-02-07 20:48:21,501 - INFO: Round 9: Best speaker fine-tuned epoch=0, acc(valid_pseudo)=0.4025
2026-02-07 20:53:23,692 - INFO: Round 9: speaker_acc=0.3585
2026-02-07 20:53:23,694 - INFO: ====================
2026-02-07 20:53:23,694 - INFO: Self-supervised fine-tuning completed!
2026-02-07 20:53:23,694 - INFO: Initial speaker: acc=0.6880
2026-02-07 20:53:23,694 - INFO: Final speaker at round 9: acc=0.3585
2026-02-07 20:53:23,695 - INFO: Speaker improvement: -0.3295 (-47.89%)
2026-02-07 20:53:23,695 - INFO: ====================
